==============================================================================================================
BidiagonalSVD_TGK (DBDSVDMR3) -- suite=379
==============================================================================================================
Binary:     /home/saisurya/MRRR/xmr-evolve/python_fortran/BidiagonalSVD_TGK/test_stcoll_alloc
Source:     python_fortran/BidiagonalSVD_TGK/  (advisor's code, origin/main 15a946d)
Driver:     DBDSVDMR3  (dbdsvdmr3.f)
Generator:  full_eval.{make,adv_names} + stcollection/B_*.dat  (lapack-dbdsvr/full_eval.py:23, evaluate.py:30)
Thresholds: res<=7 n.eps,  ortU/ortV<=5 n.eps
Timeout:    600.0s/matrix
==============================================================================================================

Matrix                                                      n        res       ortU       ortV    dt(s)  status  note
----------------------------------------------------------------------------------------------------------------------------------
adv:exponential_graded@10                                  10      0.100      0.300      0.200    0.004  PASS  
adv:glued_repeated@10                                      10      0.500      1.100      1.100    0.004  PASS  
adv:saw_tooth@10                                           10      0.200      0.200      0.300    0.005  PASS  
adv:stemr_killer@10                                        10      0.100      0.100      0.200    0.003  PASS  
adv:huge_condition@10                                      10      0.100      0.300      0.400    0.003  PASS  
adv:spike@10                                               10      0.200      0.400      0.300    0.003  PASS  
adv:wilkinson_like@10                                      10      3.900     13.900     14.000    0.003  FAIL  
adv:two_clusters@10                                        10      0.200     13.500     13.500    0.002  FAIL  
adv:random_uniform@10                                      10      0.800      0.800      0.800    0.002  PASS  
adv:diagonal_only@10                                       10      0.200      0.200      0.200    0.002  PASS  
adv:constant@10                                            10      0.300      0.200      0.200    0.002  PASS  
adv:all_equal_nontrivial@10                                10      0.600      0.800      0.900    0.003  PASS  
adv:one_big_cluster@10                                     10      0.300      0.700      0.600    0.003  PASS  
adv:arithmetic_progression@10                              10      0.200      0.200      0.300    0.002  PASS  
adv:many_near_zero@10                                      10      0.000      0.200      0.300    0.003  PASS  
adv:random_dense_clusters@10                               10      0.300      0.400      0.400    0.003  PASS  
adv:constant_d_graded_e@10                                 10      0.600      0.500      0.700    0.003  PASS  
adv:random_clustered_5@10                                  10      0.100      0.200      0.200    0.003  PASS  
adv:alternating_sign@10                                    10      0.500      1.200      1.100    0.002  PASS  
adv:step_function@10                                       10      1.500      1.600      1.600    0.002  PASS  
adv:three_clusters@10                                      10      0.100      8.500      8.400    0.002  FAIL  
adv:random_sparse_e@10                                     10      0.200      0.200      0.200    0.002  PASS  
adv:chkbd@10                                               10      0.100      0.200      0.100    0.002  PASS  
adv:marques_graded@10                                      10      0.200      0.300      0.300    0.002  PASS  
adv:gl_abcon0@10                                           10      0.500      1.100      1.100    0.002  PASS  
adv:gl_abcon1@10                                           10      0.600      1.000      0.900    0.002  PASS  
adv:gl_abcon2@10                                           10      0.300      0.700      0.700    0.002  PASS  
adv:gl_abcon3@10                                           10      0.400      0.700      0.800    0.002  PASS  
adv:gl_random@10                                           10      0.700      1.600      1.400    0.002  PASS  
adv:gl_gradp@10                                            10      0.100      0.300      0.300    0.002  PASS  
adv:gl_gradm@10                                            10      0.100      0.500      0.400    0.002  PASS  
adv:gl_wilkp@10                                            10      0.200      0.300      0.300    0.002  PASS  
adv:gl_wilkm@10                                            10      0.200      1.100      1.100    0.003  PASS  
adv:gl_wilkw@10                                            10      6.000      4.500      4.700    0.003  PASS  
adv:gl_wilk2w@10                                           10      0.600      0.900      1.000    0.002  PASS  
adv:gl_clement@10                                          10      0.200      0.200      0.200    0.002  PASS  
adv:gl_gro0@10                                             10      0.300      0.500      0.500    0.002  PASS  
adv:gl_gro1@10                                             10      0.200      0.500      0.400    0.003  PASS  
adv:gl_gro2@10                                             10      0.200      0.400      0.300    0.005  PASS  
adv:gl_gro3@10                                             10      0.100      0.200      0.300    0.006  PASS  
adv:gl_bwilkp@10                                           10      0.500      1.100      1.100    0.002  PASS  
adv:gl_ones@10                                             10      0.200      0.200      0.200    0.003  PASS  
adv:gl_uniform_eps@10                                      10      0.200      0.200      0.200    0.002  PASS  
adv:gl_uniform_sqrteps@10                                  10      0.200      0.200      0.200    0.005  PASS  
adv:gl_uniform_eps_to_1@10                                 10      0.300      0.200      0.200    0.005  PASS  
adv:gl_geometric_eps_to_1@10                               10      0.200      0.200      0.200    0.005  PASS  
adv:gl_random_spectrum@10                                  10      0.500      0.700      0.600    0.005  PASS  
adv:gl_clustered_at_1@10                                   10      0.200      0.200      0.200    0.005  PASS  
adv:gl_clustered_at_pm1@10                                 10      0.200      0.200      0.200    0.005  PASS  
adv:gl_clustered_at_eps@10                                 10      0.200      0.200      0.200    0.005  PASS  
adv:gl_clustered_at_pmeps@10                               10      0.200      0.200      0.200    0.005  PASS  
adv:demmel_S1pe@10                                         10      0.200      0.200      0.200    0.003  PASS  
adv:demmel_S1ps@10                                         10      0.100      4.300      4.400    0.003  PASS  
adv:demmel_S2pe@10                                         10      0.600      0.700      0.600    0.002  PASS  
adv:demmel_S2ps@10                                         10      1.300      2.300      2.200    0.002  PASS  
adv:demmel_W1@10                                           10      0.200      0.200      0.200    0.005  PASS  
adv:demmel_W2@10                                           10      0.100      0.300      0.200    0.003  PASS  
adv:demmel_W3@10                                           10      0.100      0.200      0.300    0.004  PASS  
adv:demmel_G1@10                                           10      0.100      0.200      0.200    0.002  PASS  
adv:demmel_G1s@10                                          10      0.200      0.300      0.200    0.004  PASS  
adv:demmel_U1@10                                           10      0.300      0.400      0.400    0.004  PASS  
adv:demmel_U1s@10                                          10      0.100      0.200      0.300    0.005  PASS  
adv:wilkinson_exact@10                                     10      0.200      0.400      0.400    0.005  PASS  
adv:glued_wilkinson@10                                     10      0.600      0.400      0.500    0.005  PASS  
adv:glued_wilkinson_tight@10                               10      0.100      0.200      0.200    0.004  PASS  
adv:wl_example48@10                                        10      0.100      0.200      0.300    0.005  PASS  
adv:pd_T0@10                                               10      1.500      1.900      2.000    0.003  PASS  
adv:pd_T1@10                                               10      0.000      0.200      0.400    0.003  PASS  
adv:zero_diagonal@10                                       10      0.200      0.200      0.200    0.004  PASS  
adv:near_overflow@10                                       10      0.500      0.500      0.400    0.005  PASS  
adv:near_underflow@10                                      10      0.300      0.700      0.600    0.004  PASS  
adv:mixed_signs@10                                         10      0.300      0.600      0.500    0.004  PASS  
adv:checkerboard@10                                        10      0.300      0.300      0.300    0.004  PASS  
adv:exponential_graded_k4@10                               10      0.000      0.200      0.400    0.003  PASS  
adv:exponential_graded_k8@10                               10      0.100      0.200      0.300    0.004  PASS  
adv:exponential_graded_k12@10                              10      0.000      0.300      0.200    0.004  PASS  
adv:stemr_killer_k5@10                                     10      0.000      0.500      0.200    0.004  PASS  
adv:stemr_killer_k10@10                                    10      0.200      0.300      0.200    0.004  PASS  
adv:huge_condition_k5@10                                   10      0.000      0.300      0.400    0.003  PASS  
adv:huge_condition_k10@10                                  10      0.200      0.200      0.300    0.003  PASS  
adv:demmel_G1_k4@10                                        10      0.100      0.300      0.200    0.004  PASS  
adv:demmel_G1_k8@10                                        10      0.100      0.200      0.100    0.004  PASS  
adv:demmel_G1_k12@10                                       10      0.000      0.200      0.200    0.004  PASS  
adv:demmel_S1pe_k4@10                                      10      0.000      2.800      2.800    0.004  PASS  
adv:demmel_S1pe_k8@10                                      10      0.100      3.400      3.400    0.004  PASS  
adv:chkbd_4@10                                              4      0.200      0.500      0.500    0.004  PASS  
adv:chkbd_16@10                                            16      0.000      0.100      0.100    0.003  PASS  
adv:marques_graded_k4@10                                   10      0.200      0.300      0.300    0.004  PASS  
adv:marques_graded_k8@10                                   10      0.000      0.300      0.200    0.004  PASS  
adv:exponential_graded@100                                100      0.000      0.100      0.100    0.016  PASS  
adv:glued_repeated@100                                    100      0.100      0.100      0.100    0.021  PASS  
adv:saw_tooth@100                                         100      0.000      0.400      0.400    0.014  PASS  
adv:stemr_killer@100                                      100      0.000      0.100      0.100    0.011  PASS  
adv:huge_condition@100                                    100      0.000      0.100      0.100    0.010  PASS  
adv:spike@100                                             100      5.000 146007.200 147090.400    0.009  FAIL  
adv:wilkinson_like@100                                    100      0.600      0.800      0.800    0.011  PASS  
adv:two_clusters@100                                      100      0.100      3.100      3.100    0.016  PASS  
adv:random_uniform@100                                    100      0.300      0.600      0.600    0.017  PASS  
adv:diagonal_only@100                                     100      0.000      0.000      0.000    0.012  PASS  
adv:constant@100                                          100      0.000      0.000      0.000    0.011  PASS  
adv:all_equal_nontrivial@100                              100      0.700      4.800      4.800    0.012  PASS  
adv:one_big_cluster@100                                   100      0.400      0.600      0.600    0.012  PASS  
adv:arithmetic_progression@100                            100      0.400      1.700      1.700    0.019  PASS  
adv:many_near_zero@100                                    100      0.000      0.000      0.000    0.024  PASS  
adv:random_dense_clusters@100                             100      3.900      9.300      9.300    0.012  FAIL  
adv:constant_d_graded_e@100                               100      1.100      2.100      2.100    0.012  PASS  
adv:random_clustered_5@100                                100      0.600      2.200      2.200    0.030  PASS  
adv:alternating_sign@100                                  100      0.500      2.600      2.600    0.008  PASS  
adv:step_function@100                                     100      1.100      6.300      6.300    0.008  FAIL  
adv:three_clusters@100                                    100      0.300      2.000      2.000    0.015  PASS  
adv:random_sparse_e@100                                   100      0.000      0.000      0.000    0.017  PASS  
adv:chkbd@100                                             100      0.000      0.000      0.000    0.007  PASS  
adv:marques_graded@100                                    100      0.100      0.300      0.300    0.023  PASS  
adv:gl_abcon0@100                                         100      0.700      3.600      3.600    0.015  PASS  
adv:gl_abcon1@100                                         100      0.400      2.200      2.300    0.008  PASS  
adv:gl_abcon2@100                                         100      2.700      3.400      3.400    0.008  PASS  
adv:gl_abcon3@100                                         100      1.300      3.300      3.300    0.015  PASS  
adv:gl_random@100                                         100      0.100      0.300      0.300    0.012  PASS  
adv:gl_gradp@100                                          100      0.000      0.000      0.000    0.007  PASS  
adv:gl_gradm@100                                          100      0.000      0.000      0.000    0.009  PASS  
adv:gl_wilkp@100                                          100      0.900      1.400      1.400    0.009  PASS  
adv:gl_wilkm@100                                          100      1.036 14591662792680.408      6.260    0.009  FAIL  
adv:gl_wilkw@100                                          100      3.800      9.800      9.800    0.016  FAIL  
adv:gl_wilk2w@100                                         100      3.400      4.200      4.200    0.010  PASS  
adv:gl_clement@100                                        100      0.000      0.000      0.000    0.008  PASS  
adv:gl_gro0@100                                           100      0.600      2.300      2.300    0.009  PASS  
adv:gl_gro1@100                                           100      0.300      1.700      1.700    0.009  PASS  
adv:gl_gro2@100                                           100      0.000      0.000      0.000    0.008  PASS  
adv:gl_gro3@100                                           100      0.000      0.100      0.100    0.010  PASS  
adv:gl_bwilkp@100                                         100      2.909 14591662792680.408 14591662792680.408    0.008  FAIL  
adv:gl_ones@100                                           100      0.000      0.000      0.000    0.007  PASS  
adv:gl_uniform_eps@100                                    100      0.000      0.000      0.000    0.007  PASS  
adv:gl_uniform_sqrteps@100                                100      0.000      0.000      0.000    0.007  PASS  
adv:gl_uniform_eps_to_1@100                               100      0.000      0.000      0.000    0.007  PASS  
adv:gl_geometric_eps_to_1@100                             100      0.000      0.000      0.000    0.007  PASS  
adv:gl_random_spectrum@100                                100      0.300      0.600      0.700    0.008  PASS  
adv:gl_clustered_at_1@100                                 100      0.000      0.000      0.000    0.006  PASS  
adv:gl_clustered_at_pm1@100                               100      0.000      0.000      0.000    0.006  PASS  
adv:gl_clustered_at_eps@100                               100      0.000      0.000      0.000    0.006  PASS  
adv:gl_clustered_at_pmeps@100                             100      0.000      0.000      0.000    0.006  PASS  
adv:demmel_S1pe@100                                       100      0.000      0.000      0.000    0.007  PASS  
adv:demmel_S1ps@100                                       100      0.000      4.700      4.700    0.028  PASS  
adv:demmel_S2pe@100                                       100      0.649      2.599 44990960277431.258    0.007  FAIL  
adv:demmel_S2ps@100                                       100      1.100      7.500      7.500    0.008  FAIL  
adv:demmel_W1@100                                         100      0.000      2.500      2.400    0.007  PASS  
adv:demmel_W2@100                                         100      0.000      2.000      2.000    0.007  PASS  
adv:demmel_W3@100                                         100      0.100      1.400      1.400    0.007  PASS  
adv:demmel_G1@100                                         100      0.000      0.100      0.100    0.008  PASS  
adv:demmel_G1s@100                                        100      0.100      0.100      0.100    0.009  PASS  
adv:demmel_U1@100                                         100      0.800      2.300      2.300    0.007  PASS  
adv:demmel_U1s@100                                        100      0.900      1.700      1.700    0.007  PASS  
adv:wilkinson_exact@100                                   100      1.000      1.400      1.400    0.006  PASS  
adv:glued_wilkinson@100                                   100      0.300      0.400      0.400    0.010  PASS  
adv:glued_wilkinson_tight@100                             100      0.700      1.300      1.300    0.006  PASS  
adv:wl_example48@100                                      100      0.000      0.100      0.000    0.012  PASS  
adv:pd_T0@100                                             100      0.900      2.600      2.600    0.008  PASS  
adv:pd_T1@100                                             100      0.000      1.100      1.100    0.007  PASS  
adv:zero_diagonal@100                                     100      0.000      0.000      0.000    0.006  PASS  
adv:near_overflow@100                                     100      0.100      0.600      0.600    0.008  PASS  
adv:near_underflow@100                                    100      0.100      0.600      0.600    0.009  PASS  
adv:mixed_signs@100                                       100      3.400      4.700      4.700    0.007  PASS  
adv:checkerboard@100                                      100      0.000      0.000      0.000    0.011  PASS  
adv:exponential_graded_k4@100                             100      0.100      0.500      0.600    0.024  PASS  
adv:exponential_graded_k8@100                             100      0.100      0.300      0.400    0.020  PASS  
adv:exponential_graded_k12@100                            100      0.000      0.100      0.100    0.009  PASS  
adv:stemr_killer_k5@100                                   100      0.100      0.500      0.500    0.023  PASS  
adv:stemr_killer_k10@100                                  100      0.000      0.100      0.100    0.020  PASS  
adv:huge_condition_k5@100                                 100      0.100      0.500      0.600    0.017  PASS  
adv:huge_condition_k10@100                                100      0.000      0.200      0.100    0.016  PASS  
adv:demmel_G1_k4@100                                      100      0.300      0.600      0.600    0.015  PASS  
adv:demmel_G1_k8@100                                      100      0.000      0.100      0.100    0.020  PASS  
adv:demmel_G1_k12@100                                     100      0.000      0.100      0.100    0.017  PASS  
adv:demmel_S1pe_k4@100                                    100      0.000      8.600      8.600    0.013  FAIL  
adv:demmel_S1pe_k8@100                                    100      0.000      4.200      4.200    0.011  PASS  
adv:chkbd_4@100                                             4      0.200      0.500      0.500    0.003  PASS  
adv:chkbd_16@100                                           16      0.000      0.100      0.100    0.005  PASS  
adv:marques_graded_k4@100                                 100      0.300      0.600      0.600    0.023  PASS  
adv:marques_graded_k8@100                                 100      0.100      0.200      0.200    0.020  PASS  
adv:exponential_graded@200                                200      0.000      0.100      0.100    0.089  PASS  
adv:glued_repeated@200                                    200      0.000      0.000      0.100    0.047  PASS  
adv:saw_tooth@200                                         200      0.000    522.000    522.000    0.044  FAIL  
adv:stemr_killer@200                                      200      0.000      0.100      0.100    0.045  PASS  
adv:huge_condition@200                                    200      0.000      0.100      0.100    0.107  PASS  
adv:spike@200                                             200      4.900  60252.600  60547.300    0.097  FAIL  
adv:wilkinson_like@200                                    200      0.600      1.000      1.000    0.127  PASS  
adv:two_clusters@200                                      200      0.100      8.400      8.400    0.087  FAIL  
adv:random_uniform@200                                    200      0.200      0.600      0.600    0.062  PASS  
adv:diagonal_only@200                                     200      0.000      0.000      0.000    0.089  PASS  
adv:constant@200                                          200      0.000      0.000      0.000    0.061  PASS  
adv:all_equal_nontrivial@200                              200      0.700      4.800      4.900    0.053  PASS  
adv:one_big_cluster@200                                   200      0.500      1.000      1.000    0.051  PASS  
adv:arithmetic_progression@200                            200      0.300      2.600      2.600    0.060  PASS  
adv:many_near_zero@200                                    200      0.000      0.000      0.000    0.039  PASS  
adv:random_dense_clusters@200                             200      5.100      6.400      6.400    0.094  FAIL  
adv:constant_d_graded_e@200                               200      1.500      2.200      2.200    0.076  PASS  
adv:random_clustered_5@200                                200      0.200      0.700      0.700    0.058  PASS  
adv:alternating_sign@200                                  200      0.800      5.300      5.300    0.042  FAIL  
adv:step_function@200                                     200      0.800     10.800     10.800    0.062  FAIL  
adv:three_clusters@200                                    200      0.200      3.100      3.100    0.062  PASS  
adv:random_sparse_e@200                                   200      0.000      0.000      0.000    0.038  PASS  
adv:chkbd@200                                             200      0.000      0.000      0.000    0.043  PASS  
adv:marques_graded@200                                    200      0.100      0.300      0.300    0.057  PASS  
adv:gl_abcon0@200                                         200      0.400      4.100      4.100    0.042  PASS  
adv:gl_abcon1@200                                         200      0.400      3.100      3.100    0.092  PASS  
adv:gl_abcon2@200                                         200      2.400      2.700      2.700    0.117  PASS  
adv:gl_abcon3@200                                         200      0.000      5.800      5.800    0.093  FAIL  
adv:gl_random@200                                         200      0.200      0.700      0.700    0.097  PASS  
adv:gl_gradp@200                                          200      0.000      0.000      0.000    0.058  PASS  
adv:gl_gradm@200                                          200      0.000      0.000      0.000    0.038  PASS  
adv:gl_wilkp@200                                          200      1.200      1.425 22517998136852.480    0.040  FAIL  
adv:gl_wilkm@200                                          200      0.430 6147413491360.728 1695605259704.992    0.084  FAIL  
adv:gl_wilkw@200                                          200      0.500      2.800      2.800    0.083  PASS  
adv:gl_wilk2w@200                                         200      2.300      4.200      4.200    0.058  PASS  
adv:gl_clement@200                                        200      0.000      0.000      0.000    0.086  PASS  
adv:gl_gro0@200                                           200      1.000      3.200      3.200    0.066  PASS  
adv:gl_gro1@200                                           200      0.300      1.900      1.900    0.052  PASS  
adv:gl_gro2@200                                           200      0.000      0.000      0.000    0.041  PASS  
adv:gl_gro3@200                                           200      0.000      0.100      0.100    0.065  PASS  
adv:gl_bwilkp@200                                         200      1.238 6147413491360.728 6147413491360.728    0.040  FAIL  
adv:gl_ones@200                                           200      0.000      0.000      0.000    0.084  PASS  
adv:gl_uniform_eps@200                                    200      0.000      0.000      0.000    0.095  PASS  
adv:gl_uniform_sqrteps@200                                200      0.000      0.000      0.000    0.085  PASS  
adv:gl_uniform_eps_to_1@200                               200      0.000      0.000      0.000    0.082  PASS  
adv:gl_geometric_eps_to_1@200                             200      0.000      0.000      0.000    0.057  PASS  
adv:gl_random_spectrum@200                                200      0.200      0.300      0.300    0.125  PASS  
adv:gl_clustered_at_1@200                                 200      0.000      0.000      0.000    0.056  PASS  
adv:gl_clustered_at_pm1@200                               200      0.000      0.000      0.000    0.087  PASS  
adv:gl_clustered_at_eps@200                               200      0.000      0.000      0.000    0.062  PASS  
adv:gl_clustered_at_pmeps@200                             200      0.000      0.000      0.000    0.056  PASS  
adv:demmel_S1pe@200                                       200      0.000      0.000      0.000    0.039  PASS  
adv:demmel_S1ps@200                                       200      0.000      3.600      3.600    0.042  PASS  
adv:demmel_S2pe@200                                       200      0.399      2.364 22495480138715.629    0.038  FAIL  
adv:demmel_S2ps@200                                       200      0.400      2.300      2.300    0.045  PASS  
adv:demmel_W1@200                                         200      0.000      2.600      2.600    0.059  PASS  
adv:demmel_W2@200                                         200      0.000      2.300      2.300    0.052  PASS  
adv:demmel_W3@200                                         200      0.000      1.500      1.500    0.074  PASS  
adv:demmel_G1@200                                         200      0.000      0.100      0.100    0.114  PASS  
adv:demmel_G1s@200                                        200      0.100      0.400      0.400    0.116  PASS  
adv:demmel_U1@200                                         200      0.900      3.200      3.200    0.067  PASS  
adv:demmel_U1s@200                                        200      0.700      2.500      2.500    0.108  PASS  
adv:wilkinson_exact@200                                   200      0.957      1.360 22517998136852.480    0.043  FAIL  
adv:glued_wilkinson@200                                   200      0.300      0.400      0.400    0.117  PASS  
adv:glued_wilkinson_tight@200                             200      1.300      1.700      1.700    0.041  PASS  
adv:wl_example48@200                                      200      0.000      0.000      0.000    0.054  PASS  
adv:pd_T0@200                                             200      0.700      2.000      2.000    0.043  PASS  
adv:pd_T1@200                                             200      0.000      1.300      1.300    0.055  PASS  
adv:zero_diagonal@200                                     200      0.000      0.000      0.000    0.070  PASS  
adv:near_overflow@200                                     200      0.100      0.400      0.400    0.095  PASS  
adv:near_underflow@200                                    200      0.000      0.300      0.300    0.075  PASS  
adv:mixed_signs@200                                       200      0.200      0.500      0.500    0.098  PASS  
adv:checkerboard@200                                      200      0.000      0.000      0.000    0.048  PASS  
adv:exponential_graded_k4@200                             200      0.100      0.600      0.600    0.117  PASS  
adv:exponential_graded_k8@200                             200      0.100      0.400      0.400    0.064  PASS  
adv:exponential_graded_k12@200                            200      0.000      0.200      0.200    0.054  PASS  
adv:stemr_killer_k5@200                                   200      0.100      0.600      0.600    0.054  PASS  
adv:stemr_killer_k10@200                                  200      0.000      0.300      0.300    0.057  PASS  
adv:huge_condition_k5@200                                 200      0.100      0.600      0.600    0.112  PASS  
adv:huge_condition_k10@200                                200      0.000      0.300      0.300    0.053  PASS  
adv:demmel_G1_k4@200                                      200      0.200      0.600      0.600    0.128  PASS  
adv:demmel_G1_k8@200                                      200      0.100      0.400      0.400    0.063  PASS  
adv:demmel_G1_k12@200                                     200      0.000      0.100      0.100    0.069  PASS  
adv:demmel_S1pe_k4@200                                    200      0.000      4.900      4.900    0.046  PASS  
adv:demmel_S1pe_k8@200                                    200      0.000      5.900      5.900    0.042  FAIL  
adv:chkbd_4@200                                             4      0.200      0.500      0.500    0.006  PASS  
adv:chkbd_16@200                                           16      0.000      0.100      0.100    0.006  PASS  
adv:marques_graded_k4@200                                 200      0.200      0.700      0.700    0.111  PASS  
adv:marques_graded_k8@200                                 200      0.100      0.300      0.300    0.069  PASS  
adv:exponential_graded@400                                400      0.000      0.200      0.200    0.390  PASS  
adv:glued_repeated@400                                    400      0.000      0.000      0.000    0.338  PASS  
adv:saw_tooth@400                                         400      0.000  23178.600  23178.600    0.400  FAIL  
adv:stemr_killer@400                                      400      0.000      0.200      0.200    0.351  PASS  
adv:huge_condition@400                                    400      0.000      0.200      0.200    0.422  PASS  
adv:spike@400                                             400      1.300  75302.300  75202.300    0.389  FAIL  
adv:wilkinson_like@400                                    400      0.700      0.900      0.900    0.664  PASS  
adv:two_clusters@400                                      400      0.100      1.000      1.000    0.326  PASS  
adv:random_uniform@400                                    400      0.100      0.200      0.200    0.947  PASS  
adv:diagonal_only@400                                     400      0.000      0.000      0.000    0.366  PASS  
adv:constant@400                                          400      0.000      0.000      0.000    0.311  PASS  
adv:all_equal_nontrivial@400                              400      0.100      1.800      1.700    0.400  PASS  
adv:one_big_cluster@400                                   400      0.200      0.200      0.200    0.379  PASS  
adv:arithmetic_progression@400                            400      0.300      2.800      2.800    0.533  PASS  
adv:many_near_zero@400                                    400      0.000      0.000      0.000    0.432  PASS  
adv:random_dense_clusters@400                             400      4.400      9.600      9.600    0.710  FAIL  
adv:constant_d_graded_e@400                               400      0.800      1.800      1.800    0.524  PASS  
adv:random_clustered_5@400                                400      0.300      0.700      0.700    0.436  PASS  
adv:alternating_sign@400                                  400      0.200      2.600      2.600    0.392  PASS  
adv:step_function@400                                     400      0.300      3.200      3.200    0.546  PASS  
adv:three_clusters@400                                    400      0.900 197528.500 197528.500    0.436  FAIL  
adv:random_sparse_e@400                                   400      0.000      0.000      0.000    0.326  PASS  
adv:chkbd@400                                             400      0.000      0.000      0.000    0.311  PASS  
adv:marques_graded@400                                    400      0.100      0.600      0.600    0.564  PASS  
adv:gl_abcon0@400                                         400      0.300      1.900      1.900    0.692  PASS  
adv:gl_abcon1@400                                         400      0.300      1.700      1.700    0.312  PASS  
adv:gl_abcon2@400                                         400      2.900      3.600      3.600    0.976  PASS  
adv:gl_abcon3@400                                         400      0.000     15.300     15.300    0.560  FAIL  
adv:gl_random@400                                         400      0.200      0.400      0.400    0.839  PASS  
adv:gl_gradp@400                                          400      0.000      0.000      0.000    0.368  PASS  
adv:gl_gradm@400                                          400      0.000      0.000      0.000    0.549  PASS  
adv:gl_wilkp@400                                          400      1.300      1.800      1.800    0.666  PASS  
adv:gl_wilkm@400                                          400      0.395 2589569785738.035 607985949695.017    0.490  FAIL  
adv:gl_wilkw@400                                          400      0.400      1.800      1.800    0.749  PASS  
adv:gl_wilk2w@400                                         400      2.600      5.100      5.100    0.369  FAIL  
adv:gl_clement@400                                        400      0.000      0.000      0.000    0.486  PASS  
adv:gl_gro0@400                                           400      0.400      3.000      3.100    0.563  PASS  
adv:gl_gro1@400                                           400      0.300      2.600      2.600    0.442  PASS  
adv:gl_gro2@400                                           400      0.000      0.000      0.000    0.638  PASS  
adv:gl_gro3@400                                           400      0.000      0.200      0.200    0.581  PASS  
adv:gl_bwilkp@400                                         400      0.525 2589569785738.035 2589569785738.035    0.396  FAIL  
adv:gl_ones@400                                           400      0.000      0.000      0.000    0.639  PASS  
adv:gl_uniform_eps@400                                    400      0.000      0.000      0.000    0.444  PASS  
adv:gl_uniform_sqrteps@400                                400      0.000      0.000      0.000    0.633  PASS  
adv:gl_uniform_eps_to_1@400                               400      0.000      0.000      0.000    0.468  PASS  
adv:gl_geometric_eps_to_1@400                             400      0.000      0.000      0.000    0.377  PASS  
adv:gl_random_spectrum@400                                400      0.400      0.600      0.600    1.175  PASS  
adv:gl_clustered_at_1@400                                 400      0.000      0.000      0.000    0.495  PASS  
adv:gl_clustered_at_pm1@400                               400      0.000      0.000      0.000    0.388  PASS  
adv:gl_clustered_at_eps@400                               400      0.000      0.000      0.000    0.544  PASS  
adv:gl_clustered_at_pmeps@400                             400      0.000      0.000      0.000    0.502  PASS  
adv:demmel_S1pe@400                                       400      0.000      0.000      0.000    0.498  PASS  
adv:demmel_S1ps@400                                       400      0.000      5.400      5.400    0.741  FAIL  
adv:demmel_S2pe@400                                       400      0.243      1.959 11247740069357.814    0.523  FAIL  
adv:demmel_S2ps@400                                       400      0.200   2728.200   2728.000    0.610  FAIL  
adv:demmel_W1@400                                         400      0.000      2.800      2.800    0.951  PASS  
adv:demmel_W2@400                                         400      0.000      2.800      2.800    1.124  PASS  
adv:demmel_W3@400                                         400      0.000      2.500      2.500    0.972  PASS  
adv:demmel_G1@400                                         400      0.100      0.200      0.200    0.699  PASS  
adv:demmel_G1s@400                                        400      0.100      0.400      0.400    0.958  PASS  
adv:demmel_U1@400                                         400      0.700      2.800      2.800    0.993  PASS  
adv:demmel_U1s@400                                        400      0.600      2.900      2.900    0.770  PASS  
adv:wilkinson_exact@400                                   400      1.100      1.700      1.700    0.779  PASS  
adv:glued_wilkinson@400                                   400      0.300      0.400      0.400    0.780  PASS  
adv:glued_wilkinson_tight@400                             400      1.200      1.600      1.600    0.561  PASS  
adv:wl_example48@400                                      400      0.000      0.000      0.000    0.633  PASS  
adv:pd_T0@400                                             400      0.700      8.200      8.200    0.470  FAIL  
adv:pd_T1@400                                             400      0.000      1.600      1.600    0.391  PASS  
adv:zero_diagonal@400                                     400      0.000      0.000      0.000    0.295  PASS  
adv:near_overflow@400                                     400      0.000      0.200      0.200    0.332  PASS  
adv:near_underflow@400                                    400      0.000      0.200      0.200    0.496  PASS  
adv:mixed_signs@400                                       400      0.200      0.500      0.500    0.427  PASS  
adv:checkerboard@400                                      400      0.000      0.000      0.000    0.351  PASS  
adv:exponential_graded_k4@400                             400      0.100      0.600      0.600    0.481  PASS  
adv:exponential_graded_k8@400                             400      0.100      0.600      0.600    0.480  PASS  
adv:exponential_graded_k12@400                            400      0.100      0.300      0.300    0.465  PASS  
adv:stemr_killer_k5@400                                   400      0.100      0.600      0.600    0.485  PASS  
adv:stemr_killer_k10@400                                  400      0.000      0.400      0.400    0.385  PASS  
adv:huge_condition_k5@400                                 400      0.100      0.700      0.700    0.378  PASS  
adv:huge_condition_k10@400                                400      0.000      0.400      0.400    0.365  PASS  
adv:demmel_G1_k4@400                                      400      0.200      0.800      0.800    0.558  PASS  
adv:demmel_G1_k8@400                                      400      0.200      0.500      0.500    0.523  PASS  
adv:demmel_G1_k12@400                                     400      0.200      0.400      0.400    0.505  PASS  
adv:demmel_S1pe_k4@400                                    400      0.000      7.100      7.100    0.400  FAIL  
adv:demmel_S1pe_k8@400                                    400      0.000      5.300      5.300    0.368  FAIL  
adv:chkbd_4@400                                             4      0.200      0.500      0.500    0.006  PASS  
adv:chkbd_16@400                                           16      0.000      0.100      0.100    0.005  PASS  
adv:marques_graded_k4@400                                 400      0.100      0.700      0.700    0.534  PASS  
adv:marques_graded_k8@400                                 400      0.100      0.500      0.500    0.533  PASS  
stcoll:B_03                                                 3      0.200      0.500      0.200    0.006  PASS  
stcoll:B_05_2                                               5      0.100      0.400      0.400    0.005  PASS  
stcoll:B_05_d3eq0                                           5      0.100      0.400      0.400    0.006  PASS  
stcoll:B_05_d5eq0                                           5      0.200      0.300      0.200    0.005  PASS  
stcoll:B_05_eye                                             5      0.400      0.400      0.400    0.006  PASS  
stcoll:B_11_splits_a                                       11      0.200      0.200      0.300    0.006  PASS  
stcoll:B_11_splits_b                                       11      0.100      0.300      0.200    0.006  PASS  
stcoll:B_12_splits_a                                       12      0.100      0.200      0.200    0.006  PASS  
stcoll:B_16                                                16      0.100      0.100      0.100    0.006  PASS  
stcoll:B_16_smallsv                                        16      0.100      0.200      0.200    0.006  PASS  
stcoll:B_20_graded                                         20      0.200      0.300      0.200    0.006  PASS  
stcoll:B_40_graded                                         40      0.100      0.500      0.500    0.008  PASS  
stcoll:B_Kimura_429                                       429    252.000   1017.000   1017.000    0.505  FAIL  
stcoll:B_bug316_gesdd                                      26      0.100      0.100      0.100    0.004  PASS  
stcoll:B_bug414                                             4      0.200      0.200      0.200    0.004  PASS  
stcoll:B_gg_30_1D-5                                       330      0.400      1.600      1.600    0.193  PASS  
stcoll:B_glued_09b                                          9      0.100      2.100      0.400    0.006  PASS  
stcoll:B_glued_09c                                          9      0.100      0.200      0.200    0.005  PASS  
stcoll:B_glued_09d                                          9      0.100      1.700      0.500    0.003  PASS  
----------------------------------------------------------------------------------------------------------------------------------
PASS: 335/375    (56.1s wall)

Failing (40), sorted by max(ortU,ortV) desc:
  adv:demmel_S2pe@100                                    n=   100  res=     0.649  ortU=     2.599  ortV=44990960277431.258  
  adv:gl_wilkp@200                                       n=   200  res=     1.200  ortU=     1.425  ortV=22517998136852.480  
  adv:wilkinson_exact@200                                n=   200  res=     0.957  ortU=     1.360  ortV=22517998136852.480  
  adv:demmel_S2pe@200                                    n=   200  res=     0.399  ortU=     2.364  ortV=22495480138715.629  
  adv:gl_wilkm@100                                       n=   100  res=     1.036  ortU=14591662792680.408  ortV=     6.260  
  adv:gl_bwilkp@100                                      n=   100  res=     2.909  ortU=14591662792680.408  ortV=14591662792680.408  
  adv:demmel_S2pe@400                                    n=   400  res=     0.243  ortU=     1.959  ortV=11247740069357.814  
  adv:gl_wilkm@200                                       n=   200  res=     0.430  ortU=6147413491360.728  ortV=1695605259704.992  
  adv:gl_bwilkp@200                                      n=   200  res=     1.238  ortU=6147413491360.728  ortV=6147413491360.728  
  adv:gl_wilkm@400                                       n=   400  res=     0.395  ortU=2589569785738.035  ortV=607985949695.017  
  adv:gl_bwilkp@400                                      n=   400  res=     0.525  ortU=2589569785738.035  ortV=2589569785738.035  
  adv:three_clusters@400                                 n=   400  res=     0.900  ortU=197528.500  ortV=197528.500  
  adv:spike@100                                          n=   100  res=     5.000  ortU=146007.200  ortV=147090.400  
  adv:spike@400                                          n=   400  res=     1.300  ortU= 75302.300  ortV= 75202.300  
  adv:spike@200                                          n=   200  res=     4.900  ortU= 60252.600  ortV= 60547.300  
  adv:saw_tooth@400                                      n=   400  res=     0.000  ortU= 23178.600  ortV= 23178.600  
  adv:demmel_S2ps@400                                    n=   400  res=     0.200  ortU=  2728.200  ortV=  2728.000  
  stcoll:B_Kimura_429                                    n=   429  res=   252.000  ortU=  1017.000  ortV=  1017.000  
  adv:saw_tooth@200                                      n=   200  res=     0.000  ortU=   522.000  ortV=   522.000  
  adv:gl_abcon3@400                                      n=   400  res=     0.000  ortU=    15.300  ortV=    15.300  
  adv:wilkinson_like@10                                  n=    10  res=     3.900  ortU=    13.900  ortV=    14.000  
  adv:two_clusters@10                                    n=    10  res=     0.200  ortU=    13.500  ortV=    13.500  
  adv:step_function@200                                  n=   200  res=     0.800  ortU=    10.800  ortV=    10.800  
  adv:gl_wilkw@100                                       n=   100  res=     3.800  ortU=     9.800  ortV=     9.800  
  adv:random_dense_clusters@400                          n=   400  res=     4.400  ortU=     9.600  ortV=     9.600  
  adv:random_dense_clusters@100                          n=   100  res=     3.900  ortU=     9.300  ortV=     9.300  
  adv:demmel_S1pe_k4@100                                 n=   100  res=     0.000  ortU=     8.600  ortV=     8.600  
  adv:three_clusters@10                                  n=    10  res=     0.100  ortU=     8.500  ortV=     8.400  
  adv:two_clusters@200                                   n=   200  res=     0.100  ortU=     8.400  ortV=     8.400  
  adv:pd_T0@400                                          n=   400  res=     0.700  ortU=     8.200  ortV=     8.200  
  adv:demmel_S2ps@100                                    n=   100  res=     1.100  ortU=     7.500  ortV=     7.500  
  adv:demmel_S1pe_k4@400                                 n=   400  res=     0.000  ortU=     7.100  ortV=     7.100  
  adv:random_dense_clusters@200                          n=   200  res=     5.100  ortU=     6.400  ortV=     6.400  
  adv:step_function@100                                  n=   100  res=     1.100  ortU=     6.300  ortV=     6.300  
  adv:demmel_S1pe_k8@200                                 n=   200  res=     0.000  ortU=     5.900  ortV=     5.900  
  adv:gl_abcon3@200                                      n=   200  res=     0.000  ortU=     5.800  ortV=     5.800  
  adv:demmel_S1ps@400                                    n=   400  res=     0.000  ortU=     5.400  ortV=     5.400  
  adv:alternating_sign@200                               n=   200  res=     0.800  ortU=     5.300  ortV=     5.300  
  adv:demmel_S1pe_k8@400                                 n=   400  res=     0.000  ortU=     5.300  ortV=     5.300  
  adv:gl_wilk2w@400                                      n=   400  res=     2.600  ortU=     5.100  ortV=     5.100  
