==============================================================================================================
BidiagonalSVD evaluation -- suite=379  solver=selfcontained  norms=paper
==============================================================================================================
Solver:     self-contained-fortran-bidiagsvd / mr3gk_run (lab)
Source:     python_fortran/self-contained-fortran-bidiagsvd/
Metric:     Willems-Lang 2012 paper-norm (res=per-triplet 2-norm)
Generator:  full_eval.{make,adv_names} + stcollection/B_*.dat  (lapack-dbdsvr/full_eval.py:23, evaluate.py:30)
Thresholds: res<=7 n.eps,  ortU/ortV<=5 n.eps
Timeout:    600.0s/matrix
==============================================================================================================

Matrix                                                      n        res       ortU       ortV    dt(s)  status  note
----------------------------------------------------------------------------------------------------------------------------------
adv:exponential_graded@10                                  10      0.845      0.226      0.100    0.004  PASS  
adv:glued_repeated@10                                      10      0.502      0.484      0.479    0.003  PASS  
adv:saw_tooth@10                                           10      0.656      0.206      0.195    0.003  PASS  
adv:stemr_killer@10                                        10      0.893      0.100      0.450    0.003  PASS  
adv:huge_condition@10                                      10      0.936      0.400      0.200    0.003  PASS  
adv:spike@10                                               10      0.882      0.296      0.300    0.003  PASS  
adv:wilkinson_like@10                                      10      0.523      0.337      0.364    0.004  PASS  
adv:two_clusters@10                                        10      0.716      0.154      0.101    0.003  PASS  
adv:random_uniform@10                                      10      0.931      0.200      0.250    0.004  PASS  
adv:diagonal_only@10                                       10      0.000      0.000      0.000    0.003  PASS  
adv:constant@10                                            10      0.000      0.000      0.000    0.003  PASS  
adv:all_equal_nontrivial@10                                10      0.377      0.571      0.552    0.003  PASS  
adv:one_big_cluster@10                                     10      0.806      0.728      0.801    0.004  PASS  
adv:arithmetic_progression@10                              10      0.498      0.270      0.300    0.005  PASS  
adv:many_near_zero@10                                      10      0.622      0.150      0.150    0.004  PASS  
adv:random_dense_clusters@10                               10      0.944      0.201      0.300    0.003  PASS  
adv:constant_d_graded_e@10                                 10      0.622      0.150      0.100    0.003  PASS  
adv:random_clustered_5@10                                  10      0.866      0.200      0.150    0.003  PASS  
adv:alternating_sign@10                                    10      0.459      1.135      1.139    0.004  PASS  
adv:step_function@10                                       10      0.916      0.986      0.970    0.005  PASS  
adv:three_clusters@10                                      10      0.876      5.083      5.078    0.004  FAIL  
adv:random_sparse_e@10                                     10      0.494      0.150      0.200    0.004  PASS  
adv:chkbd@10                                               10      0.893      0.100      0.450    0.004  PASS  
adv:marques_graded@10                                      10      0.888      0.100      0.200    0.004  PASS  
adv:gl_abcon0@10                                           10      0.502      0.484      0.479    0.004  PASS  
adv:gl_abcon1@10                                           10      0.399      1.186      1.095    0.004  PASS  
adv:gl_abcon2@10                                           10      0.604      0.188      0.154    0.004  PASS  
adv:gl_abcon3@10                                           10      0.406      1.207      1.204    0.004  PASS  
adv:gl_random@10                                           10      0.339      0.103      0.250    0.004  PASS  
adv:gl_gradp@10                                            10      0.752      0.200      0.200    0.004  PASS  
adv:gl_gradm@10                                            10      0.811      0.200      0.150    0.004  PASS  
adv:gl_wilkp@10                                            10      0.714      0.250      0.200    0.004  PASS  
adv:gl_wilkm@10                                            10      0.416      0.667      0.698    0.004  PASS  
adv:gl_wilkw@10                                            10      0.546      0.664      0.696    0.004  PASS  
adv:gl_wilk2w@10                                           10      0.622      0.143      0.150    0.003  PASS  
adv:gl_clement@10                                          10      0.040      0.000      0.000    0.003  PASS  
adv:gl_gro0@10                                             10      0.491      0.300      0.194    0.004  PASS  
adv:gl_gro1@10                                             10      0.628      0.205      0.383    0.004  PASS  
adv:gl_gro2@10                                             10      0.414      0.150      0.102    0.005  PASS  
adv:gl_gro3@10                                             10      0.944      0.150      0.200    0.004  PASS  
adv:gl_bwilkp@10                                           10      0.383      0.462      0.510    0.004  PASS  
adv:gl_ones@10                                             10      0.000      0.000      0.000    0.003  PASS  
adv:gl_uniform_eps@10                                      10      0.000      0.000      0.000    0.003  PASS  
adv:gl_uniform_sqrteps@10                                  10      0.000      0.000      0.000    0.003  PASS  
adv:gl_uniform_eps_to_1@10                                 10      0.000      0.000      0.000    0.003  PASS  
adv:gl_geometric_eps_to_1@10                               10      0.000      0.000      0.000    0.003  PASS  
adv:gl_random_spectrum@10                                  10      0.889      0.250      0.300    0.003  PASS  
adv:gl_clustered_at_1@10                                   10      0.000      0.000      0.000    0.003  PASS  
adv:gl_clustered_at_pm1@10                                 10      0.000      0.000      0.000    0.003  PASS  
adv:gl_clustered_at_eps@10                                 10      0.000      0.000      0.000    0.003  PASS  
adv:gl_clustered_at_pmeps@10                               10      0.000      0.000      0.000    0.002  PASS  
adv:demmel_S1pe@10                                         10      0.010      0.000      0.000    0.005  PASS  
adv:demmel_S1ps@10                                         10      0.770      1.473      1.489    0.003  PASS  
adv:demmel_S2pe@10                                         10      0.694      1.010      0.942    0.004  PASS  
adv:demmel_S2ps@10                                         10      0.751      0.829      0.777    0.003  PASS  
adv:demmel_W1@10                                           10      0.956      0.000      0.000    0.004  PASS  
adv:demmel_W2@10                                           10      1.027      0.190      0.150    0.004  PASS  
adv:demmel_W3@10                                           10      0.613      0.218      0.248    0.004  PASS  
adv:demmel_G1@10                                           10      0.940      0.200      0.250    0.003  PASS  
adv:demmel_G1s@10                                          10      0.896      0.200      0.100    0.004  PASS  
adv:demmel_U1@10                                           10      0.818      0.200      0.350    0.004  PASS  
adv:demmel_U1s@10                                          10      0.895      0.150      0.200    0.005  PASS  
adv:wilkinson_exact@10                                     10      0.464      0.150      0.250    0.003  PASS  
adv:glued_wilkinson@10                                     10      0.618      0.104      0.150    0.005  PASS  
adv:glued_wilkinson_tight@10                               10      0.480      0.104      0.147    0.004  PASS  
adv:wl_example48@10                                        10      0.959      0.273      0.224    0.004  PASS  
adv:pd_T0@10                                               10      0.614      1.266      1.293    0.003  PASS  
adv:pd_T1@10                                               10      0.412      0.150      0.150    0.003  PASS  
adv:zero_diagonal@10                                       10      0.000      0.000      0.000    0.004  PASS  
adv:near_overflow@10                                       10      0.398      0.225      0.233    0.003  PASS  
adv:near_underflow@10                                      10      0.000      0.292      0.324    0.005  PASS  
adv:mixed_signs@10                                         10      0.636      0.274      0.295    0.004  PASS  
adv:checkerboard@10                                        10      0.100      0.200      0.300    0.003  PASS  
adv:exponential_graded_k4@10                               10      0.829      0.104      0.150    0.004  PASS  
adv:exponential_graded_k8@10                               10      0.844      0.200      0.150    0.003  PASS  
adv:exponential_graded_k12@10                              10      0.845      0.200      0.101    0.003  PASS  
adv:stemr_killer_k5@10                                     10      0.816      0.200      0.100    0.006  PASS  
adv:stemr_killer_k10@10                                    10      0.852      0.150      0.150    0.003  PASS  
adv:huge_condition_k5@10                                   10      0.846      0.200      0.200    0.004  PASS  
adv:huge_condition_k10@10                                  10      0.865      0.150      0.250    0.005  PASS  
adv:demmel_G1_k4@10                                        10      0.900      0.200      0.526    0.004  PASS  
adv:demmel_G1_k8@10                                        10      0.896      0.100      0.100    0.004  PASS  
adv:demmel_G1_k12@10                                       10      0.944      0.200      0.100    0.004  PASS  
adv:demmel_S1pe_k4@10                                      10      0.770      1.744      1.765    0.004  PASS  
adv:demmel_S1pe_k8@10                                      10      0.770      2.454      2.478    0.006  PASS  
adv:chkbd_4@10                                              4      1.578      0.250      0.250    0.004  PASS  
adv:chkbd_16@10                                            16      0.558      0.062      0.281    0.004  PASS  
adv:marques_graded_k4@10                                   10      0.856      0.200      0.200    0.004  PASS  
adv:marques_graded_k8@10                                   10      0.888      0.200      0.250    0.004  PASS  
adv:exponential_graded@100                                100      0.998      0.181      0.305    0.014  PASS  
adv:glued_repeated@100                                    100      0.054      0.117      0.116    0.008  PASS  
adv:saw_tooth@100                                         100      0.069      0.654      0.662    0.015  PASS  
adv:stemr_killer@100                                      100      1.048      0.028      0.055    0.011  PASS  
adv:huge_condition@100                                    100      1.162      0.355      0.279    0.015  PASS  
adv:spike@100                                             100      0.080      0.432      0.431    0.020  PASS  
adv:wilkinson_like@100                                    100      0.096      0.364      0.357    0.039  PASS  
adv:two_clusters@100                                      100      0.081      0.617      0.616    0.029  PASS  
adv:random_uniform@100                                    100      0.101      0.096      0.092    0.025  PASS  
adv:diagonal_only@100                                     100      0.000      0.000      0.000    0.006  PASS  
adv:constant@100                                          100      0.000      0.000      0.000    0.010  PASS  
adv:all_equal_nontrivial@100                              100      0.049      0.942      0.929    0.029  PASS  
adv:one_big_cluster@100                                   100      0.306      0.420      0.423    0.012  PASS  
adv:arithmetic_progression@100                            100      0.054      0.257      0.256    0.023  PASS  
adv:many_near_zero@100                                    100      0.062      0.015      0.015    0.005  PASS  
adv:random_dense_clusters@100                             100      0.106      3.302      3.312    0.026  PASS  
adv:constant_d_graded_e@100                               100      1.020      1.581      1.583    0.039  PASS  
adv:random_clustered_5@100                                100      0.113      0.256      0.259    0.021  PASS  
adv:alternating_sign@100                                  100      0.083      2.410      2.398    0.049  PASS  
adv:step_function@100                                     100      0.096      2.536      2.540    0.028  PASS  
adv:three_clusters@100                                    100      0.085      0.301      0.294    0.024  PASS  
adv:random_sparse_e@100                                   100      0.069      0.013      0.020    0.006  PASS  
adv:chkbd@100                                             100      0.094      0.025      0.020    0.006  PASS  
adv:marques_graded@100                                    100      0.121      0.182      0.214    0.020  PASS  
adv:gl_abcon0@100                                         100      0.131      3.691      3.696    0.025  PASS  
adv:gl_abcon1@100                                         100      0.062      1.729      1.745    0.023  PASS  
adv:gl_abcon2@100                                         100      0.103      0.439      0.445    0.024  PASS  
adv:gl_abcon3@100                                         100      0.081      1.309      1.313    0.023  PASS  
adv:gl_random@100                                         100      0.057      0.115      0.091    0.025  PASS  
adv:gl_gradp@100                                          100      0.559      0.084      0.020    0.019  PASS  
adv:gl_gradm@100                                          100      1.117      0.030      0.091    0.008  PASS  
adv:gl_wilkp@100                                          100      0.091      0.179      0.177    0.022  PASS  
adv:gl_wilkm@100                                          100      0.050      1.056      1.047    0.015  PASS  
adv:gl_wilkw@100                                          100      0.074      2.716      2.705    0.023  PASS  
adv:gl_wilk2w@100                                         100      0.073      0.546      0.545    0.023  PASS  
adv:gl_clement@100                                        100      0.003      0.000      0.000    0.006  PASS  
adv:gl_gro0@100                                           100      0.054      1.171      1.165    0.023  PASS  
adv:gl_gro1@100                                           100      0.046      0.185      0.181    0.023  PASS  
adv:gl_gro2@100                                           100      0.041      0.015      0.010    0.005  PASS  
adv:gl_gro3@100                                           100      1.242      0.297      0.201    0.014  PASS  
adv:gl_bwilkp@100                                         100      0.062      1.436      1.440    0.026  PASS  
adv:gl_ones@100                                           100      0.000      0.000      0.000    0.005  PASS  
adv:gl_uniform_eps@100                                    100      0.000      0.000      0.000    0.005  PASS  
adv:gl_uniform_sqrteps@100                                100      0.000      0.000      0.000    0.006  PASS  
adv:gl_uniform_eps_to_1@100                               100      0.005      0.000      0.000    0.008  PASS  
adv:gl_geometric_eps_to_1@100                             100      0.000      0.000      0.000    0.008  PASS  
adv:gl_random_spectrum@100                                100      0.108      0.098      0.096    0.042  PASS  
adv:gl_clustered_at_1@100                                 100      0.000      0.000      0.000    0.006  PASS  
adv:gl_clustered_at_pm1@100                               100      0.000      0.000      0.000    0.005  PASS  
adv:gl_clustered_at_eps@100                               100      0.003      0.000      0.000    0.006  PASS  
adv:gl_clustered_at_pmeps@100                             100      0.003      0.000      0.000    0.006  PASS  
adv:demmel_S1pe@100                                       100      0.001      0.000      0.000    0.006  PASS  
adv:demmel_S1ps@100                                       100      0.073      5.608      5.620    0.037  FAIL  
adv:demmel_S2pe@100                                       100      0.096      3.961      3.969    0.012  PASS  
adv:demmel_S2ps@100                                       100      0.067      1.461      1.477    0.021  PASS  
adv:demmel_W1@100                                         100      0.099      0.010      0.000    0.006  PASS  
adv:demmel_W2@100                                         100      0.104      0.648      0.643    0.018  PASS  
adv:demmel_W3@100                                         100      0.123      0.402      0.401    0.022  PASS  
adv:demmel_G1@100                                         100      0.836      0.070      0.030    0.014  PASS  
adv:demmel_G1s@100                                        100      0.116      0.185      0.159    0.021  PASS  
adv:demmel_U1@100                                         100      0.099      0.564      0.572    0.024  PASS  
adv:demmel_U1s@100                                        100      0.097      0.398      0.419    0.038  PASS  
adv:wilkinson_exact@100                                   100      0.090      0.185      0.193    0.027  PASS  
adv:glued_wilkinson@100                                   100      0.101      0.154      0.156    0.037  PASS  
adv:glued_wilkinson_tight@100                             100      0.091      0.175      0.173    0.019  PASS  
adv:wl_example48@100                                      100      0.094      0.320      0.315    0.063  PASS  
adv:pd_T0@100                                             100      0.068      1.156      1.155    0.059  PASS  
adv:pd_T1@100                                             100      0.283      0.300      0.305    0.059  PASS  
adv:zero_diagonal@100                                     100      0.000      0.000      0.000    0.009  PASS  
adv:near_overflow@100                                     100      0.068      0.053      0.048    0.037  PASS  
adv:near_underflow@100                                    100      0.076      0.060      0.064    0.050  PASS  
adv:mixed_signs@100                                       100      0.071      0.588      0.580    0.048  PASS  
adv:checkerboard@100                                      100      0.548      0.050      0.095    0.026  PASS  
adv:exponential_graded_k4@100                             100      0.064      0.059      0.064    0.049  PASS  
adv:exponential_graded_k8@100                             100      0.078      0.034      0.036    0.035  PASS  
adv:exponential_graded_k12@100                            100      0.087      0.080      0.051    0.028  PASS  
adv:stemr_killer_k5@100                                   100      0.094      0.045      0.046    0.030  PASS  
adv:stemr_killer_k10@100                                  100      0.120      1.193      0.734    0.024  PASS  
adv:huge_condition_k5@100                                 100      0.070      0.192      0.212    0.025  PASS  
adv:huge_condition_k10@100                                100      0.088      0.108      0.085    0.021  PASS  
adv:demmel_G1_k4@100                                      100      0.096      0.069      0.067    0.023  PASS  
adv:demmel_G1_k8@100                                      100      0.119      0.257      0.226    0.019  PASS  
adv:demmel_G1_k12@100                                     100      0.136      0.213      0.160    0.017  PASS  
adv:demmel_S1pe_k4@100                                    100      0.073      2.966      2.952    0.018  PASS  
adv:demmel_S1pe_k8@100                                    100      0.073      3.372      3.383    0.015  PASS  
adv:chkbd_4@100                                             4      1.578      0.250      0.250    0.003  PASS  
adv:chkbd_16@100                                           16      0.558      0.062      0.281    0.004  PASS  
adv:marques_graded_k4@100                                 100      0.073      0.333      0.307    0.019  PASS  
adv:marques_graded_k8@100                                 100      0.093      0.053      0.043    0.018  PASS  
adv:exponential_graded@200                                200      1.194      0.301      0.362    0.038  PASS  
adv:glued_repeated@200                                    200      0.026      0.067      0.069    0.024  PASS  
adv:saw_tooth@200                                         200      0.035      0.962      0.962    0.063  PASS  
adv:stemr_killer@200                                      200      1.055      0.210      0.259    0.034  PASS  
adv:huge_condition@200                                    200      1.133      0.370      0.307    0.047  PASS  
adv:spike@200                                             200      0.042      0.369      0.370    0.078  PASS  
adv:wilkinson_like@200                                    200      0.055      0.150      0.152    0.085  PASS  
adv:two_clusters@200                                      200      0.038      0.512      0.509    0.090  PASS  
adv:random_uniform@200                                    200      0.053      0.206      0.210    0.146  PASS  
adv:diagonal_only@200                                     200      0.000      0.000      0.000    0.016  PASS  
adv:constant@200                                          200      0.000      0.000      0.000    0.014  PASS  
adv:all_equal_nontrivial@200                              200      0.091      2.426      2.431    0.102  PASS  
adv:one_big_cluster@200                                   200      0.786      0.593      0.589    0.048  PASS  
adv:arithmetic_progression@200                            200      0.034      0.456      0.482    0.185  PASS  
adv:many_near_zero@200                                    200      0.031      0.007      0.007    0.028  PASS  
adv:random_dense_clusters@200                             200      0.054      1.251      1.255    0.093  PASS  
adv:constant_d_graded_e@200                               200      1.001      0.656      0.655    0.051  PASS  
adv:random_clustered_5@200                                200      0.882      0.487      0.489    0.020  PASS  
adv:alternating_sign@200                                  200      0.090      1.807      1.816    0.089  PASS  
adv:step_function@200                                     200      0.060      2.998      2.994    0.121  PASS  
adv:three_clusters@200                                    200      0.040      0.491      0.491    0.080  PASS  
adv:random_sparse_e@200                                   200      0.036      0.007      0.010    0.016  PASS  
adv:chkbd@200                                             200      0.047      0.013      0.010    0.014  PASS  
adv:marques_graded@200                                    200      0.054      0.441      0.400    0.072  PASS  
adv:gl_abcon0@200                                         200      0.067      1.457      1.463    0.088  PASS  
adv:gl_abcon1@200                                         200      0.092      3.041      3.037    0.156  PASS  
adv:gl_abcon2@200                                         200      0.057      1.044      1.047    0.086  PASS  
adv:gl_abcon3@200                                         200      0.040      0.905      0.902    0.085  PASS  
adv:gl_random@200                                         200      0.053      0.147      0.144    0.100  PASS  
adv:gl_gradp@200                                          200      0.559      0.064      0.118    0.016  PASS  
adv:gl_gradm@200                                          200      1.117      0.015      0.046    0.015  PASS  
adv:gl_wilkp@200                                          200      0.051      0.367      0.367    0.050  PASS  
adv:gl_wilkm@200                                          200      0.024      1.038      1.043    0.054  PASS  
adv:gl_wilkw@200                                          200      0.073 22517998136852.480      1.690    0.083  FAIL  
adv:gl_wilk2w@200                                         200      0.108 22517998136852.480      1.153    0.091  FAIL  
adv:gl_clement@200                                        200      0.002      0.000      0.000    0.019  PASS  
adv:gl_gro0@200                                           200      0.022      0.773      0.766    0.091  PASS  
adv:gl_gro1@200                                           200      0.022      0.429      0.429    0.161  PASS  
adv:gl_gro2@200                                           200      0.021      0.007      0.005    0.012  PASS  
adv:gl_gro3@200                                           200      1.066      0.201      0.237    0.048  PASS  
adv:gl_bwilkp@200                                         200      0.036      0.826      0.826    0.055  PASS  
adv:gl_ones@200                                           200      0.000      0.000      0.000    0.012  PASS  
adv:gl_uniform_eps@200                                    200      0.000      0.000      0.000    0.027  PASS  
adv:gl_uniform_sqrteps@200                                200      0.000      0.000      0.000    0.027  PASS  
adv:gl_uniform_eps_to_1@200                               200      0.003      0.000      0.000    0.022  PASS  
adv:gl_geometric_eps_to_1@200                             200      0.000      0.000      0.000    0.027  PASS  
adv:gl_random_spectrum@200                                200      0.059      0.124      0.123    0.163  PASS  
adv:gl_clustered_at_1@200                                 200      0.000      0.000      0.000    0.013  PASS  
adv:gl_clustered_at_pm1@200                               200      0.000      0.000      0.000    0.018  PASS  
adv:gl_clustered_at_eps@200                               200      0.002      0.000      0.000    0.017  PASS  
adv:gl_clustered_at_pmeps@200                             200      0.002      0.000      0.000    0.015  PASS  
adv:demmel_S1pe@200                                       200      0.001      0.000      0.000    0.014  PASS  
adv:demmel_S1ps@200                                       200      0.036      5.760      5.761    0.120  FAIL  
adv:demmel_S2pe@200                                       200      0.066      2.012      2.007    0.074  PASS  
adv:demmel_S2ps@200                                       200      0.050      3.057      3.051    0.111  PASS  
adv:demmel_W1@200                                         200      0.099      0.000      0.000    0.014  PASS  
adv:demmel_W2@200                                         200      0.052      0.521      0.521    0.126  PASS  
adv:demmel_W3@200                                         200      0.098      0.603      0.601    0.150  PASS  
adv:demmel_G1@200                                         200      0.907      0.158      0.139    0.058  PASS  
adv:demmel_G1s@200                                        200      0.066      0.508      0.467    0.076  PASS  
adv:demmel_U1@200                                         200      0.053      0.444      0.477    0.085  PASS  
adv:demmel_U1s@200                                        200      0.053      0.474      0.469    0.158  PASS  
adv:wilkinson_exact@200                                   200      0.051      0.419      0.426    0.066  PASS  
adv:glued_wilkinson@200                                   200      0.058      0.078      0.082    0.086  PASS  
adv:glued_wilkinson_tight@200                             200      0.050      0.258      0.260    0.044  PASS  
adv:wl_example48@200                                      200      0.050      0.076      0.074    0.179  PASS  
adv:pd_T0@200                                             200      0.216      1.480      1.477    0.148  PASS  
adv:pd_T1@200                                             200      0.142      0.340      0.340    0.157  PASS  
adv:zero_diagonal@200                                     200      0.000      0.000      0.000    0.012  PASS  
adv:near_overflow@200                                     200      0.064      0.372      0.331    0.059  PASS  
adv:near_underflow@200                                    200      0.041      0.269      0.291    0.140  PASS  
adv:mixed_signs@200                                       200      0.039      0.115      0.116    0.131  PASS  
adv:checkerboard@200                                      200      0.823      0.035      0.045    0.087  PASS  
adv:exponential_graded_k4@200                             200      0.034      0.303      0.319    0.101  PASS  
adv:exponential_graded_k8@200                             200      0.061      0.489      0.535    0.072  PASS  
adv:exponential_graded_k12@200                            200      0.076      0.408      0.468    0.065  PASS  
adv:stemr_killer_k5@200                                   200      0.034      0.414      0.391    0.079  PASS  
adv:stemr_killer_k10@200                                  200      0.045      0.151      0.135    0.069  PASS  
adv:huge_condition_k5@200                                 200      0.041      0.334      0.317    0.141  PASS  
adv:huge_condition_k10@200                                200      0.039      0.386      0.435    0.073  PASS  
adv:demmel_G1_k4@200                                      200      0.050      0.405      0.423    0.080  PASS  
adv:demmel_G1_k8@200                                      200      0.055      0.639      0.597    0.073  PASS  
adv:demmel_G1_k12@200                                     200      0.069      0.463      0.411    0.066  PASS  
adv:demmel_S1pe_k4@200                                    200      0.036      1.543      1.546    0.080  PASS  
adv:demmel_S1pe_k8@200                                    200      0.036      3.377      3.379    0.121  PASS  
adv:chkbd_4@200                                             4      1.578      0.250      0.250    0.006  PASS  
adv:chkbd_16@200                                           16      0.558      0.062      0.281    0.005  PASS  
adv:marques_graded_k4@200                                 200      0.042      0.399      0.417    0.080  PASS  
adv:marques_graded_k8@200                                 200      0.045      0.387      0.351    0.090  PASS  
adv:exponential_graded@400                                400      1.085      0.346      0.379    0.217  PASS  
adv:glued_repeated@400                                    400      0.014      0.040      0.041    0.070  PASS  
adv:saw_tooth@400                                         400      0.021      1.863      1.861    0.206  PASS  
adv:stemr_killer@400                                      400      1.149      0.291      0.261    0.137  PASS  
adv:huge_condition@400                                    400      1.086      0.393      0.431    0.196  PASS  
adv:spike@400                                             400      0.027      0.378      0.377    0.323  PASS  
adv:wilkinson_like@400                                    400      0.030      0.570      0.194    0.365  PASS  
adv:two_clusters@400                                      400      0.019      1.200      1.203    0.169  PASS  
adv:random_uniform@400                                    400      0.026      0.053      0.052    0.411  PASS  
adv:diagonal_only@400                                     400      0.000      0.000      0.000    0.054  PASS  
adv:constant@400                                          400      0.000      0.000      0.000    0.039  PASS  
adv:all_equal_nontrivial@400                              400      0.053      0.838      0.839    0.335  PASS  
adv:one_big_cluster@400                                   400      0.959      0.226      0.228    0.105  PASS  
adv:arithmetic_progression@400                            400      0.017      0.563      0.562    0.423  PASS  
adv:many_near_zero@400                                    400      0.016      0.004      0.004    0.062  PASS  
adv:random_dense_clusters@400                             400      0.025      0.807      0.807    0.401  PASS  
adv:constant_d_graded_e@400                               400      0.997      0.757      0.757    0.213  PASS  
adv:random_clustered_5@400                                400      0.999      0.027      0.029    0.072  PASS  
adv:alternating_sign@400                                  400      0.055      1.437      1.437    0.500  PASS  
adv:step_function@400                                     400      0.018      1.629      1.637    0.407  PASS  
adv:three_clusters@400                                    400      0.019      0.511      0.511    0.181  PASS  
adv:random_sparse_e@400                                   400      0.018      0.008      0.007    0.041  PASS  
adv:chkbd@400                                             400      0.024      0.006      0.005    0.073  PASS  
adv:marques_graded@400                                    400      0.021      0.428      0.450    0.357  PASS  
adv:gl_abcon0@400                                         400      0.059      1.637      1.636    0.365  PASS  
adv:gl_abcon1@400                                         400      0.053      1.282      1.278    0.379  PASS  
adv:gl_abcon2@400                                         400      0.030      0.958      0.955    0.347  PASS  
adv:gl_abcon3@400                                         400      0.022      1.592      1.592    0.419  PASS  
adv:gl_random@400                                         400      0.017      0.266      0.178    0.406  PASS  
adv:gl_gradp@400                                          400      0.559      0.023      0.007    0.041  PASS  
adv:gl_gradm@400                                          400      1.117      0.007      0.023    0.054  PASS  
adv:gl_wilkp@400                                          400      0.028      0.516      0.515    0.197  PASS  
adv:gl_wilkm@400                                          400      0.017      1.195      1.189    0.207  PASS  
adv:gl_wilkw@400                                          400      0.053 11258999068426.240      0.614    0.412  FAIL  
adv:gl_wilk2w@400                                         400      0.040      0.904 11258999068426.240    0.412  FAIL  
adv:gl_clement@400                                        400      0.001      0.000      0.000    0.089  PASS  
adv:gl_gro0@400                                           400      0.018      1.071      1.075    0.348  PASS  
adv:gl_gro1@400                                           400      0.018      0.362      0.369    0.323  PASS  
adv:gl_gro2@400                                           400      0.010      0.004      0.003    0.035  PASS  
adv:gl_gro3@400                                           400      1.065      0.388      0.426    0.243  PASS  
adv:gl_bwilkp@400                                         400      0.019      0.892      0.891    0.201  PASS  
adv:gl_ones@400                                           400      0.000      0.000      0.000    0.034  PASS  
adv:gl_uniform_eps@400                                    400      0.000      0.000      0.000    0.035  PASS  
adv:gl_uniform_sqrteps@400                                400      0.000      0.000      0.000    0.035  PASS  
adv:gl_uniform_eps_to_1@400                               400      0.001      0.000      0.000    0.034  PASS  
adv:gl_geometric_eps_to_1@400                             400      0.000      0.000      0.000    0.033  PASS  
adv:gl_random_spectrum@400                                400      0.026      0.070      0.070    0.348  PASS  
adv:gl_clustered_at_1@400                                 400      0.000      0.000      0.000    0.046  PASS  
adv:gl_clustered_at_pm1@400                               400      0.000      0.000      0.000    0.070  PASS  
adv:gl_clustered_at_eps@400                               400      0.001      0.000      0.000    0.077  PASS  
adv:gl_clustered_at_pmeps@400                             400      0.001      0.000      0.000    0.078  PASS  
adv:demmel_S1pe@400                                       400      0.000      0.000      0.000    0.055  PASS  
adv:demmel_S1ps@400                                       400      0.018      1.993      1.991    0.288  PASS  
adv:demmel_S2pe@400                                       400      0.018      0.378      0.376    0.155  PASS  
adv:demmel_S2ps@400                                       400      0.016      1.344      1.343    0.340  PASS  
adv:demmel_W1@400                                         400      0.100      0.000      0.000    0.078  PASS  
adv:demmel_W2@400                                         400      0.026      0.945      0.946    0.295  PASS  
adv:demmel_W3@400                                         400      0.050      0.892      0.891    0.380  PASS  
adv:demmel_G1@400                                         400      1.039      0.596      0.569    0.198  PASS  
adv:demmel_G1s@400                                        400      0.054      0.499      0.522    0.290  PASS  
adv:demmel_U1@400                                         400      0.024      0.786      0.785    0.397  PASS  
adv:demmel_U1s@400                                        400      0.024      0.809      0.813    0.409  PASS  
adv:wilkinson_exact@400                                   400      0.030      0.522      0.523    0.226  PASS  
adv:glued_wilkinson@400                                   400      0.027      0.117      0.098    0.346  PASS  
adv:glued_wilkinson_tight@400                             400      0.029      0.557      0.557    0.216  PASS  
adv:wl_example48@400                                      400      0.027      0.078      0.078    0.434  PASS  
adv:pd_T0@400                                             400      0.119      0.715      0.713    0.374  PASS  
adv:pd_T1@400                                             400      0.071      0.690      0.689    0.355  PASS  
adv:zero_diagonal@400                                     400      0.000      0.000      0.000    0.089  PASS  
adv:near_overflow@400                                     400      1.137      0.366      0.413    0.202  PASS  
adv:near_underflow@400                                    400      1.056      0.331      0.328    0.243  PASS  
adv:mixed_signs@400                                       400      0.018      0.079      0.081    0.516  PASS  
adv:checkerboard@400                                      400      0.817      0.024      0.029    0.297  PASS  
adv:exponential_graded_k4@400                             400      0.029      0.378      0.368    0.386  PASS  
adv:exponential_graded_k8@400                             400      0.048      0.411      0.430    0.252  PASS  
adv:exponential_graded_k12@400                            400      0.039      0.530      0.506    0.253  PASS  
adv:stemr_killer_k5@400                                   400      0.047      0.351      0.343    0.387  PASS  
adv:stemr_killer_k10@400                                  400      0.088      0.379      0.359    0.328  PASS  
adv:huge_condition_k5@400                                 400      0.027      0.354      0.371    0.334  PASS  
adv:huge_condition_k10@400                                400      0.048      0.437      0.445    0.262  PASS  
adv:demmel_G1_k4@400                                      400      0.039      0.410      0.401    0.310  PASS  
adv:demmel_G1_k8@400                                      400      0.026      0.493      0.517    0.271  PASS  
adv:demmel_G1_k12@400                                     400      0.030      1.295      1.292    0.246  PASS  
adv:demmel_S1pe_k4@400                                    400      0.018      1.836      1.835    0.342  PASS  
adv:demmel_S1pe_k8@400                                    400      0.018      1.395      1.392    0.278  PASS  
adv:chkbd_4@400                                             4      1.578      0.250      0.250    0.007  PASS  
adv:chkbd_16@400                                           16      0.558      0.062      0.281    0.005  PASS  
adv:marques_graded_k4@400                                 400      0.018      0.381      0.379    0.363  PASS  
adv:marques_graded_k8@400                                 400      0.109      0.493      0.516    0.280  PASS  
stcoll:B_03                                                 3      2.006      0.360      0.167    0.008  PASS  
stcoll:B_05_2                                               5      1.602      0.000      0.200    0.004  PASS  
stcoll:B_05_d3eq0                                           5      0.895      0.300      0.300    0.004  PASS  
stcoll:B_05_d5eq0                                           5      0.855      0.400      0.355    0.004  PASS  
stcoll:B_05_eye                                             5      0.000      0.000      0.000    0.006  PASS  
stcoll:B_11_splits_a                                       11      0.767      0.227      0.182    0.005  PASS  
stcoll:B_11_splits_b                                       11      0.474      0.227      0.263    0.005  PASS  
stcoll:B_12_splits_a                                       12      0.360      0.167      0.167    0.005  PASS  
stcoll:B_16                                                16      0.063      0.125      0.062    0.005  PASS  
stcoll:B_16_smallsv                                        16      0.634      0.671      0.188    0.006  PASS  
stcoll:B_20_graded                                         20      0.255      0.237      0.261    0.007  PASS  
stcoll:B_40_graded                                         40      0.241      0.093      0.090    0.012  PASS  
stcoll:B_Kimura_429                                       429      0.028      0.757      0.757    0.257  PASS  
stcoll:B_bug316_gesdd                                      26      0.039      0.038      0.000    0.008  PASS  
stcoll:B_bug414                                             4      1.019      0.086      0.011    0.006  PASS  
stcoll:B_gg_30_1D-5                                       330      0.033      0.665      0.660    0.116  PASS  
stcoll:B_glued_09b                                          9      1.035      0.222      0.333    0.007  PASS  
stcoll:B_glued_09c                                          9      0.962      0.333      0.278    0.005  PASS  
stcoll:B_glued_09d                                          9      1.023      0.111      0.111    0.005  PASS  
----------------------------------------------------------------------------------------------------------------------------------
PASS: 368/375    (33.5s wall)

Failing (7), sorted by max(ortU,ortV) desc:
  adv:gl_wilkw@200                                       n=   200  res=     0.073  ortU=22517998136852.480  ortV=     1.690  
  adv:gl_wilk2w@200                                      n=   200  res=     0.108  ortU=22517998136852.480  ortV=     1.153  
  adv:gl_wilkw@400                                       n=   400  res=     0.053  ortU=11258999068426.240  ortV=     0.614  
  adv:gl_wilk2w@400                                      n=   400  res=     0.040  ortU=     0.904  ortV=11258999068426.240  
  adv:demmel_S1ps@200                                    n=   200  res=     0.036  ortU=     5.760  ortV=     5.761  
  adv:demmel_S1ps@100                                    n=   100  res=     0.073  ortU=     5.608  ortV=     5.620  
  adv:three_clusters@10                                  n=    10  res=     0.876  ortU=     5.083  ortV=     5.078  

