==============================================================================================================
BidiagonalSVD evaluation -- suite=379  solver=advisor  norms=paper
==============================================================================================================
Solver:     BidiagonalSVD_TGK / DBDSVDMR3 (advisor)
Source:     python_fortran/BidiagonalSVD_TGK/  (advisor, origin/main 15a946d)
Metric:     Willems-Lang 2012 paper-norm (res=per-triplet 2-norm)
Generator:  full_eval.{make,adv_names} + stcollection/B_*.dat  (lapack-dbdsvr/full_eval.py:23, evaluate.py:30)
Thresholds: res<=7 n.eps,  ortU/ortV<=5 n.eps
Timeout:    600.0s/matrix
==============================================================================================================

Matrix                                                      n        res       ortU       ortV    dt(s)  status  note
----------------------------------------------------------------------------------------------------------------------------------
adv:exponential_graded@10                                  10      0.100      0.300      0.300    0.004  PASS  
adv:glued_repeated@10                                      10      0.200      1.900      2.000    0.003  PASS  
adv:saw_tooth@10                                           10      0.100      0.300      0.400    0.003  PASS  
adv:stemr_killer@10                                        10      0.100      0.100      0.200    0.002  PASS  
adv:huge_condition@10                                      10      0.100      0.300      0.400    0.003  PASS  
adv:spike@10                                               10      0.000      0.800      0.600    0.003  PASS  
adv:wilkinson_like@10                                      10      0.200     14.000     14.000    0.003  FAIL  
adv:two_clusters@10                                        10      0.100     17.500     17.400    0.003  FAIL  
adv:random_uniform@10                                      10      0.200      1.300      1.200    0.003  PASS  
adv:diagonal_only@10                                       10      0.000      0.200      0.200    0.003  PASS  
adv:constant@10                                            10      0.000      0.200      0.200    0.003  PASS  
adv:all_equal_nontrivial@10                                10      0.500      1.800      1.600    0.003  PASS  
adv:one_big_cluster@10                                     10      0.500      0.900      0.800    0.003  PASS  
adv:arithmetic_progression@10                              10      0.200      0.600      0.600    0.003  PASS  
adv:many_near_zero@10                                      10      0.200      0.200      0.300    0.004  PASS  
adv:random_dense_clusters@10                               10      0.300      0.700      0.400    0.004  PASS  
adv:constant_d_graded_e@10                                 10      0.600      0.700      0.800    0.004  PASS  
adv:random_clustered_5@10                                  10      0.100      0.300      0.300    0.004  PASS  
adv:alternating_sign@10                                    10      0.300      1.900      1.900    0.003  PASS  
adv:step_function@10                                       10      0.200      2.100      2.200    0.004  PASS  
adv:three_clusters@10                                      10      0.100     11.800     11.900    0.003  FAIL  
adv:random_sparse_e@10                                     10      0.100      0.200      0.300    0.003  PASS  
adv:chkbd@10                                               10      0.100      0.200      0.100    0.003  PASS  
adv:marques_graded@10                                      10      0.100      0.300      0.300    0.003  PASS  
adv:gl_abcon0@10                                           10      0.200      1.900      2.000    0.004  PASS  
adv:gl_abcon1@10                                           10      0.400      1.700      1.800    0.003  PASS  
adv:gl_abcon2@10                                           10      0.300      0.900      0.900    0.003  PASS  
adv:gl_abcon3@10                                           10      0.100      1.200      1.200    0.003  PASS  
adv:gl_random@10                                           10      0.600      1.800      1.700    0.004  PASS  
adv:gl_gradp@10                                            10      0.100      0.300      0.500    0.003  PASS  
adv:gl_gradm@10                                            10      0.100      0.600      0.400    0.003  PASS  
adv:gl_wilkp@10                                            10      0.200      0.400      0.400    0.003  PASS  
adv:gl_wilkm@10                                            10      0.100      1.200      1.100    0.003  PASS  
adv:gl_wilkw@10                                            10      0.500      6.500      7.000    0.003  FAIL  
adv:gl_wilk2w@10                                           10      0.200      1.100      1.200    0.003  PASS  
adv:gl_clement@10                                          10      0.000      0.200      0.200    0.003  PASS  
adv:gl_gro0@10                                             10      0.200      0.900      0.800    0.003  PASS  
adv:gl_gro1@10                                             10      0.200      0.600      0.900    0.003  PASS  
adv:gl_gro2@10                                             10      0.200      0.600      0.600    0.003  PASS  
adv:gl_gro3@10                                             10      0.100      0.200      0.300    0.003  PASS  
adv:gl_bwilkp@10                                           10      0.200      1.200      1.200    0.003  PASS  
adv:gl_ones@10                                             10      0.000      0.200      0.200    0.003  PASS  
adv:gl_uniform_eps@10                                      10      0.000      0.200      0.200    0.003  PASS  
adv:gl_uniform_sqrteps@10                                  10      0.000      0.200      0.200    0.003  PASS  
adv:gl_uniform_eps_to_1@10                                 10      0.000      0.200      0.200    0.003  PASS  
adv:gl_geometric_eps_to_1@10                               10      0.100      0.200      0.200    0.003  PASS  
adv:gl_random_spectrum@10                                  10      0.200      1.000      0.900    0.003  PASS  
adv:gl_clustered_at_1@10                                   10      0.000      0.200      0.200    0.003  PASS  
adv:gl_clustered_at_pm1@10                                 10      0.000      0.200      0.200    0.003  PASS  
adv:gl_clustered_at_eps@10                                 10      0.000      0.200      0.200    0.003  PASS  
adv:gl_clustered_at_pmeps@10                               10      0.000      0.200      0.200    0.003  PASS  
adv:demmel_S1pe@10                                         10      0.100      0.200      0.200    0.003  PASS  
adv:demmel_S1ps@10                                         10      0.100      4.600      4.800    0.003  PASS  
adv:demmel_S2pe@10                                         10      0.100      0.900      1.000    0.003  PASS  
adv:demmel_S2ps@10                                         10      0.200      2.700      2.600    0.003  PASS  
adv:demmel_W1@10                                           10      0.100      0.200      0.200    0.003  PASS  
adv:demmel_W2@10                                           10      0.100      0.300      0.300    0.003  PASS  
adv:demmel_W3@10                                           10      0.100      0.300      0.400    0.003  PASS  
adv:demmel_G1@10                                           10      0.100      0.200      0.200    0.003  PASS  
adv:demmel_G1s@10                                          10      0.200      0.300      0.200    0.003  PASS  
adv:demmel_U1@10                                           10      0.100      0.600      0.500    0.003  PASS  
adv:demmel_U1s@10                                          10      0.100      0.300      0.300    0.003  PASS  
adv:wilkinson_exact@10                                     10      0.200      0.500      0.600    0.003  PASS  
adv:glued_wilkinson@10                                     10      0.400      0.500      0.700    0.003  PASS  
adv:glued_wilkinson_tight@10                               10      0.200      0.300      0.300    0.003  PASS  
adv:wl_example48@10                                        10      0.300      0.200      0.300    0.005  PASS  
adv:pd_T0@10                                               10      0.200      3.200      3.200    0.003  PASS  
adv:pd_T1@10                                               10      0.200      0.400      0.500    0.003  PASS  
adv:zero_diagonal@10                                       10      0.000      0.200      0.200    0.002  PASS  
adv:near_overflow@10                                       10      0.200      0.700      0.800    0.003  PASS  
adv:near_underflow@10                                      10      0.300      1.100      1.000    0.003  PASS  
adv:mixed_signs@10                                         10      0.300      0.700      0.600    0.005  PASS  
adv:checkerboard@10                                        10      0.100      0.300      0.300    0.002  PASS  
adv:exponential_graded_k4@10                               10      0.200      0.200      0.400    0.003  PASS  
adv:exponential_graded_k8@10                               10      0.000      0.200      0.300    0.003  PASS  
adv:exponential_graded_k12@10                              10      0.100      0.300      0.200    0.003  PASS  
adv:stemr_killer_k5@10                                     10      0.000      0.500      0.200    0.003  PASS  
adv:stemr_killer_k10@10                                    10      0.100      0.300      0.200    0.003  PASS  
adv:huge_condition_k5@10                                   10      0.100      0.300      0.400    0.003  PASS  
adv:huge_condition_k10@10                                  10      0.100      0.200      0.300    0.003  PASS  
adv:demmel_G1_k4@10                                        10      0.000      0.300      0.200    0.003  PASS  
adv:demmel_G1_k8@10                                        10      0.100      0.200      0.200    0.003  PASS  
adv:demmel_G1_k12@10                                       10      0.100      0.200      0.200    0.003  PASS  
adv:demmel_S1pe_k4@10                                      10      0.100      4.200      4.200    0.003  PASS  
adv:demmel_S1pe_k8@10                                      10      0.100      4.200      4.100    0.003  PASS  
adv:chkbd_4@10                                              4      0.200      0.500      0.500    0.003  PASS  
adv:chkbd_16@10                                            16      0.000      0.100      0.100    0.004  PASS  
adv:marques_graded_k4@10                                   10      0.100      0.300      0.300    0.003  PASS  
adv:marques_graded_k8@10                                   10      0.100      0.300      0.200    0.003  PASS  
adv:exponential_graded@100                                100      0.000      0.100      0.100    0.019  PASS  
adv:glued_repeated@100                                    100      0.000      0.100      0.200    0.015  PASS  
adv:saw_tooth@100                                         100      0.000      0.400      0.400    0.025  FAIL  INFO=99
adv:stemr_killer@100                                      100      0.000      0.100      0.100    0.014  PASS  
adv:huge_condition@100                                    100      0.000      0.100      0.100    0.016  PASS  
adv:spike@100                                             100      4.400 257601.600 263488.400    0.013  FAIL  
adv:wilkinson_like@100                                    100      0.100      0.900      0.800    0.028  PASS  
adv:two_clusters@100                                      100      0.000      4.700      4.700    0.018  PASS  
adv:random_uniform@100                                    100      0.100      0.600      0.600    0.018  PASS  
adv:diagonal_only@100                                     100      0.000      0.000      0.000    0.013  PASS  
adv:constant@100                                          100      0.000      0.000      0.000    0.012  PASS  
adv:all_equal_nontrivial@100                              100      0.200      9.400      9.400    0.014  FAIL  
adv:one_big_cluster@100                                   100      0.400      0.600      0.600    0.025  PASS  
adv:arithmetic_progression@100                            100      0.200      2.600      2.700    0.024  PASS  
adv:many_near_zero@100                                    100      0.000      0.000      0.000    0.010  PASS  
adv:random_dense_clusters@100                             100      0.000     10.000     10.000    0.024  FAIL  
adv:constant_d_graded_e@100                               100      0.200      2.900      2.900    0.018  PASS  
adv:random_clustered_5@100                                100      0.200      2.300      2.300    0.018  PASS  
adv:alternating_sign@100                                  100      0.100      4.400      4.300    0.030  PASS  
adv:step_function@100                                     100      0.100      9.400      9.400    0.014  FAIL  
adv:three_clusters@100                                    100      0.000      2.700      2.700    0.048  PASS  
adv:random_sparse_e@100                                   100      0.000      0.000      0.000    0.019  PASS  
adv:chkbd@100                                             100      0.000      0.000      0.000    0.016  PASS  
adv:marques_graded@100                                    100      0.000      0.400      0.500    0.023  PASS  
adv:gl_abcon0@100                                         100      0.200      7.000      7.000    0.016  FAIL  
adv:gl_abcon1@100                                         100      0.200      3.800      3.800    0.015  PASS  
adv:gl_abcon2@100                                         100      0.100      4.400      4.400    0.015  PASS  
adv:gl_abcon3@100                                         100      0.000      7.400      7.300    0.015  FAIL  
adv:gl_random@100                                         100      0.100      0.400      0.400    0.014  PASS  
adv:gl_gradp@100                                          100      0.000      0.000      0.000    0.012  PASS  
adv:gl_gradm@100                                          100      0.000      0.000      0.000    0.010  PASS  
adv:gl_wilkp@100                                          100      0.100      1.900      1.800    0.011  PASS  
adv:gl_wilkm@100                                          100 9547631210025.451 39991964691050.008      8.782    0.020  FAIL  
adv:gl_wilkw@100                                          100      0.100     15.600     15.600    0.020  FAIL  
adv:gl_wilk2w@100                                         100      0.100      6.100      6.100    0.018  FAIL  
adv:gl_clement@100                                        100      0.000      0.000      0.000    0.014  PASS  
adv:gl_gro0@100                                           100      0.200      3.700      3.800    0.016  PASS  
adv:gl_gro1@100                                           100      0.200      2.300      2.300    0.025  PASS  
adv:gl_gro2@100                                           100      0.000      0.100      0.100    0.025  PASS  
adv:gl_gro3@100                                           100      0.000      0.200      0.200    0.032  PASS  
adv:gl_bwilkp@100                                         100 26841453779128.156 39991964691050.008 39991964691050.008    0.021  FAIL  
adv:gl_ones@100                                           100      0.000      0.000      0.000    0.017  PASS  
adv:gl_uniform_eps@100                                    100      0.000      0.000      0.000    0.025  PASS  
adv:gl_uniform_sqrteps@100                                100      0.000      0.000      0.000    0.016  PASS  
adv:gl_uniform_eps_to_1@100                               100      0.000      0.000      0.000    0.022  PASS  
adv:gl_geometric_eps_to_1@100                             100      0.000      0.000      0.000    0.019  PASS  
adv:gl_random_spectrum@100                                100      0.100      0.700      0.700    0.017  PASS  
adv:gl_clustered_at_1@100                                 100      0.000      0.000      0.000    0.013  PASS  
adv:gl_clustered_at_pm1@100                               100      0.000      0.000      0.000    0.009  PASS  
adv:gl_clustered_at_eps@100                               100      0.000      0.000      0.000    0.010  PASS  
adv:gl_clustered_at_pmeps@100                             100      0.000      0.000      0.000    0.014  PASS  
adv:demmel_S1pe@100                                       100      0.000      0.000      0.000    0.013  PASS  
adv:demmel_S1ps@100                                       100      0.000      7.700      7.700    0.020  FAIL  
adv:demmel_S2pe@100                                       100 36884480948164.359      4.684 45035996273704.961    0.016  FAIL  
adv:demmel_S2ps@100                                       100      0.100     10.800     10.800    0.014  FAIL  
adv:demmel_W1@100                                         100      0.000      3.800      3.700    0.011  PASS  
adv:demmel_W2@100                                         100      0.000      3.300      3.300    0.012  PASS  
adv:demmel_W3@100                                         100      0.000      2.000      2.000    0.012  PASS  
adv:demmel_G1@100                                         100      0.000      0.100      0.100    0.023  PASS  
adv:demmel_G1s@100                                        100      0.100      0.100      0.200    0.021  PASS  
adv:demmel_U1@100                                         100      0.100      3.100      3.100    0.015  PASS  
adv:demmel_U1s@100                                        100      0.100      3.200      3.100    0.014  PASS  
adv:wilkinson_exact@100                                   100      0.100      1.900      1.800    0.013  PASS  
adv:glued_wilkinson@100                                   100      0.100      0.400      0.400    0.018  PASS  
adv:glued_wilkinson_tight@100                             100      0.100      1.600      1.500    0.012  PASS  
adv:wl_example48@100                                      100      0.100      0.100      0.000    0.021  PASS  
adv:pd_T0@100                                             100      0.000      4.400      4.400    0.014  PASS  
adv:pd_T1@100                                             100      0.000      1.500      1.600    0.012  PASS  
adv:zero_diagonal@100                                     100      0.000      0.000      0.000    0.011  PASS  
adv:near_overflow@100                                     100      0.100      1.000      0.900    0.014  PASS  
adv:near_underflow@100                                    100      0.100      0.900      1.000    0.015  PASS  
adv:mixed_signs@100                                       100      0.100      4.700      4.800    0.013  PASS  
adv:checkerboard@100                                      100      0.000      0.000      0.000    0.011  PASS  
adv:exponential_graded_k4@100                             100      0.100      0.800      0.800    0.034  PASS  
adv:exponential_graded_k8@100                             100      0.100      0.400      0.500    0.028  PASS  
adv:exponential_graded_k12@100                            100      0.000      0.200      0.200    0.016  PASS  
adv:stemr_killer_k5@100                                   100      0.100      0.800      0.800    0.014  PASS  
adv:stemr_killer_k10@100                                  100      0.000      0.200      0.300    0.015  PASS  
adv:huge_condition_k5@100                                 100      0.100      0.800      0.800    0.015  PASS  
adv:huge_condition_k10@100                                100      0.000      0.300      0.300    0.026  PASS  
adv:demmel_G1_k4@100                                      100      0.100      0.800      0.800    0.015  PASS  
adv:demmel_G1_k8@100                                      100      0.100      0.200      0.200    0.017  PASS  
adv:demmel_G1_k12@100                                     100      0.000      0.100      0.100    0.039  PASS  
adv:demmel_S1pe_k4@100                                    100      0.000     12.600     12.600    0.012  FAIL  
adv:demmel_S1pe_k8@100                                    100      0.000      6.600      6.600    0.012  FAIL  
adv:chkbd_4@100                                             4      0.200      0.500      0.500    0.003  PASS  
adv:chkbd_16@100                                           16      0.000      0.100      0.100    0.003  PASS  
adv:marques_graded_k4@100                                 100      0.200      1.000      1.100    0.016  PASS  
adv:marques_graded_k8@100                                 100      0.100      0.300      0.400    0.015  PASS  
adv:exponential_graded@200                                200      0.000      0.200      0.200    0.089  PASS  
adv:glued_repeated@200                                    200      0.000      0.100      0.100    0.077  PASS  
adv:saw_tooth@200                                         200      0.000    522.000    522.000    0.114  FAIL  INFO=199
adv:stemr_killer@200                                      200      0.000      0.100      0.100    0.081  PASS  
adv:huge_condition@200                                    200      0.000      0.200      0.200    0.095  PASS  
adv:spike@200                                             200      1.800 143643.600 149271.500    0.132  FAIL  
adv:wilkinson_like@200                                    200      0.000      1.000      1.000    0.206  PASS  
adv:two_clusters@200                                      200      0.000     11.100     11.100    0.136  FAIL  
adv:random_uniform@200                                    200      0.000      0.700      0.600    0.120  PASS  
adv:diagonal_only@200                                     200      0.000      0.000      0.000    0.067  PASS  
adv:constant@200                                          200      0.000      0.000      0.000    0.062  PASS  
adv:all_equal_nontrivial@200                              200      0.200     10.600     10.600    0.070  FAIL  
adv:one_big_cluster@200                                   200      0.200      1.000      1.000    0.149  PASS  
adv:arithmetic_progression@200                            200      0.100      4.200      4.200    0.160  PASS  
adv:many_near_zero@200                                    200      0.000      0.000      0.000    0.112  PASS  
adv:random_dense_clusters@200                             200      0.100      7.700      7.700    0.158  FAIL  
adv:constant_d_graded_e@200                               200      0.100      5.000      5.000    0.116  PASS  
adv:random_clustered_5@200                                200      0.100      0.700      0.700    0.091  PASS  
adv:alternating_sign@200                                  200      0.200     13.600     13.600    0.073  FAIL  
adv:step_function@200                                     200      0.100     11.400     11.400    0.097  FAIL  
adv:three_clusters@200                                    200      0.000      3.500      3.500    0.175  PASS  
adv:random_sparse_e@200                                   200      0.000      0.000      0.000    0.069  PASS  
adv:chkbd@200                                             200      0.000      0.000      0.000    0.061  PASS  
adv:marques_graded@200                                    200      0.000      0.600      0.600    0.145  PASS  
adv:gl_abcon0@200                                         200      0.100      6.000      6.000    0.071  FAIL  
adv:gl_abcon1@200                                         200      0.100      6.800      6.800    0.071  FAIL  
adv:gl_abcon2@200                                         200      0.000      4.000      4.000    0.234  PASS  
adv:gl_abcon3@200                                         200      0.000      5.800      5.800    0.113  FAIL  INFO=199
adv:gl_random@200                                         200      0.000      0.700      0.700    0.073  PASS  
adv:gl_gradp@200                                          200      0.000      0.000      0.000    0.121  PASS  
adv:gl_gradm@200                                          200      0.000      0.000      0.000    0.103  PASS  
adv:gl_wilkp@200                                          200      0.045      2.223 22517998136852.480    0.079  FAIL  
adv:gl_wilkm@200                                          200 7498493379571.876 20761594282177.988 10921229096373.453    0.067  FAIL  
adv:gl_wilkw@200                                          200      0.100      4.900      4.900    0.070  PASS  
adv:gl_wilk2w@200                                         200      0.100      7.200      7.200    0.101  FAIL  
adv:gl_clement@200                                        200      0.000      0.000      0.000    0.065  PASS  
adv:gl_gro0@200                                           200      0.100      4.800      4.900    0.139  PASS  
adv:gl_gro1@200                                           200      0.100      2.600      2.600    0.081  PASS  
adv:gl_gro2@200                                           200      0.000      0.000      0.000    0.062  PASS  
adv:gl_gro3@200                                           200      0.000      0.200      0.200    0.088  PASS  
adv:gl_bwilkp@200                                         200 13600870874658.898 20761594282177.988 20761594282177.988    0.069  FAIL  
adv:gl_ones@200                                           200      0.000      0.000      0.000    0.061  PASS  
adv:gl_uniform_eps@200                                    200      0.000      0.000      0.000    0.061  PASS  
adv:gl_uniform_sqrteps@200                                200      0.000      0.000      0.000    0.062  PASS  
adv:gl_uniform_eps_to_1@200                               200      0.000      0.000      0.000    0.101  PASS  
adv:gl_geometric_eps_to_1@200                             200      0.000      0.000      0.000    0.062  PASS  
adv:gl_random_spectrum@200                                200      0.000      0.300      0.300    0.168  PASS  
adv:gl_clustered_at_1@200                                 200      0.000      0.000      0.000    0.089  PASS  
adv:gl_clustered_at_pm1@200                               200      0.000      0.000      0.000    0.065  PASS  
adv:gl_clustered_at_eps@200                               200      0.000      0.000      0.000    0.064  PASS  
adv:gl_clustered_at_pmeps@200                             200      0.000      0.000      0.000    0.075  PASS  
adv:demmel_S1pe@200                                       200      0.000      0.000      0.000    0.061  PASS  
adv:demmel_S1ps@200                                       200      0.000      5.900      5.900    0.063  FAIL  
adv:demmel_S2pe@200                                       200 18419722475945.328      3.603 22517998136852.480    0.057  FAIL  
adv:demmel_S2ps@200                                       200      0.000      3.600      3.600    0.065  PASS  
adv:demmel_W1@200                                         200      0.000      3.700      3.700    0.069  PASS  
adv:demmel_W2@200                                         200      0.000      4.000      4.000    0.075  PASS  
adv:demmel_W3@200                                         200      0.000      2.200      2.200    0.166  PASS  
adv:demmel_G1@200                                         200      0.000      0.100      0.100    0.115  PASS  
adv:demmel_G1s@200                                        200      0.000      0.600      0.600    0.170  PASS  
adv:demmel_U1@200                                         200      0.100      5.000      5.000    0.165  PASS  
adv:demmel_U1s@200                                        200      0.100      3.700      3.800    0.154  PASS  
adv:wilkinson_exact@200                                   200      0.045      1.844 22517998136852.480    0.137  FAIL  
adv:glued_wilkinson@200                                   200      0.000      0.400      0.400    0.202  PASS  
adv:glued_wilkinson_tight@200                             200      0.100      2.600      2.600    0.070  PASS  
adv:wl_example48@200                                      200      0.000      0.000      0.000    0.099  PASS  
adv:pd_T0@200                                             200      0.000      3.000      3.100    0.145  PASS  
adv:pd_T1@200                                             200      0.000      2.100      2.100    0.083  PASS  
adv:zero_diagonal@200                                     200      0.000      0.000      0.000    0.125  PASS  
adv:near_overflow@200                                     200      0.000      0.600      0.600    0.101  PASS  
adv:near_underflow@200                                    200      0.000      0.500      0.600    0.190  PASS  
adv:mixed_signs@200                                       200      0.100      0.500      0.500    0.073  PASS  
adv:checkerboard@200                                      200      0.000      0.000      0.000    0.062  PASS  
adv:exponential_graded_k4@200                             200      0.100      0.900      0.900    0.126  PASS  
adv:exponential_graded_k8@200                             200      0.000      0.600      0.600    0.169  PASS  
adv:exponential_graded_k12@200                            200      0.000      0.300      0.300    0.098  PASS  
adv:stemr_killer_k5@200                                   200      0.100      0.800      0.900    0.091  PASS  
adv:stemr_killer_k10@200                                  200      0.000      0.500      0.500    0.088  PASS  
adv:huge_condition_k5@200                                 200      0.100      0.900      0.900    0.092  PASS  
adv:huge_condition_k10@200                                200      0.000      0.400      0.500    0.122  PASS  
adv:demmel_G1_k4@200                                      200      0.100      1.000      1.000    0.155  PASS  
adv:demmel_G1_k8@200                                      200      0.000      0.600      0.600    0.109  PASS  
adv:demmel_G1_k12@200                                     200      0.000      0.100      0.200    0.113  PASS  
adv:demmel_S1pe_k4@200                                    200      0.000      6.200      6.200    0.134  FAIL  
adv:demmel_S1pe_k8@200                                    200      0.000      9.500      9.500    0.140  FAIL  
adv:chkbd_4@200                                             4      0.200      0.500      0.500    0.006  PASS  
adv:chkbd_16@200                                           16      0.000      0.100      0.100    0.006  PASS  
adv:marques_graded_k4@200                                 200      0.100      0.900      1.000    0.156  PASS  
adv:marques_graded_k8@200                                 200      0.100      0.500      0.500    0.099  PASS  
adv:exponential_graded@400                                400      0.000      0.300      0.300    0.640  PASS  
adv:glued_repeated@400                                    400      0.000      0.000      0.100    0.578  PASS  
adv:saw_tooth@400                                         400      0.000  23178.600  23178.600    0.613  FAIL  INFO=399
adv:stemr_killer@400                                      400      0.000      0.300      0.300    0.480  PASS  
adv:huge_condition@400                                    400      0.000      0.400      0.400    0.777  PASS  
adv:spike@400                                             400      0.800 120024.100 119977.900    0.627  FAIL  
adv:wilkinson_like@400                                    400      0.000      1.000      1.000    1.080  PASS  
adv:two_clusters@400                                      400      0.000      1.700      1.700    0.767  PASS  
adv:random_uniform@400                                    400      0.000      0.200      0.200    1.533  PASS  
adv:diagonal_only@400                                     400      0.000      0.000      0.000    0.583  PASS  
adv:constant@400                                          400      0.000      0.000      0.000    0.539  PASS  
adv:all_equal_nontrivial@400                              400      0.100      3.100      3.100    0.517  PASS  
adv:one_big_cluster@400                                   400      0.100      0.300      0.200    0.497  PASS  
adv:arithmetic_progression@400                            400      0.100      4.000      4.000    0.538  PASS  
adv:many_near_zero@400                                    400      0.000      0.000      0.000    0.578  PASS  
adv:random_dense_clusters@400                             400      0.000     10.200     10.200    1.228  FAIL  
adv:constant_d_graded_e@400                               400      0.100      3.200      3.200    0.842  PASS  
adv:random_clustered_5@400                                400      0.000      0.800      0.800    0.699  PASS  
adv:alternating_sign@400                                  400      0.100      6.100      6.100    0.620  FAIL  
adv:step_function@400                                     400      0.000      5.600      5.600    0.866  FAIL  
adv:three_clusters@400                                    400      0.000 332229.100 332229.100    0.725  FAIL  
adv:random_sparse_e@400                                   400      0.000      0.000      0.000    0.491  PASS  
adv:chkbd@400                                             400      0.000      0.000      0.000    0.579  PASS  
adv:marques_graded@400                                    400      0.000      0.900      1.000    0.849  PASS  
adv:gl_abcon0@400                                         400      0.100      4.700      4.700    0.614  PASS  
adv:gl_abcon1@400                                         400      0.100      4.300      4.300    0.623  PASS  
adv:gl_abcon2@400                                         400      0.000      4.700      4.700    1.186  PASS  
adv:gl_abcon3@400                                         400      0.000     15.300     15.300    0.865  FAIL  INFO=399
adv:gl_random@400                                         400      0.000      0.400      0.400    0.784  PASS  
adv:gl_gradp@400                                          400      0.000      0.000      0.000    0.543  PASS  
adv:gl_gradm@400                                          400      0.000      0.000      0.000    0.524  PASS  
adv:gl_wilkp@400                                          400        inf        inf        inf  600.000  FAIL  TIMEOUT
adv:gl_wilkm@400                                          400 3726728691649.085 10639754119662.797 5494391545392.005    0.579  FAIL  
adv:gl_wilkw@400                                          400      0.000      3.400      3.400    0.677  PASS  
adv:gl_wilk2w@400                                         400      0.100      7.600      7.600    0.684  FAIL  
adv:gl_clement@400                                        400      0.000      0.000      0.000    0.510  PASS  
adv:gl_gro0@400                                           400      0.100      4.500      4.500    0.516  PASS  
adv:gl_gro1@400                                           400      0.100      4.300      4.300    0.544  PASS  
adv:gl_gro2@400                                           400      0.000      0.000      0.000    0.430  PASS  
adv:gl_gro3@400                                           400      0.000      0.300      0.300    0.542  PASS  
adv:gl_bwilkp@400                                         400 6845471433603.153 10639754119662.797 10639754119662.797    0.458  FAIL  
adv:gl_ones@400                                           400      0.000      0.000      0.000    0.606  PASS  
adv:gl_uniform_eps@400                                    400      0.000      0.000      0.000    1.432  PASS  
adv:gl_uniform_sqrteps@400                                400      0.000      0.000      0.000    1.045  PASS  
adv:gl_uniform_eps_to_1@400                               400      0.000      0.000      0.000    0.674  PASS  
adv:gl_geometric_eps_to_1@400                             400      0.000      0.000      0.000    1.371  PASS  
adv:gl_random_spectrum@400                                400      0.000      0.600      0.600    1.912  PASS  
adv:gl_clustered_at_1@400                                 400      0.000      0.000      0.000    0.549  PASS  
adv:gl_clustered_at_pm1@400                               400      0.000      0.000      0.000    0.564  PASS  
adv:gl_clustered_at_eps@400                               400      0.000      0.000      0.000    0.665  PASS  
adv:gl_clustered_at_pmeps@400                             400      0.000      0.000      0.000    0.632  PASS  
adv:demmel_S1pe@400                                       400      0.000      0.000      0.000    0.581  PASS  
adv:demmel_S1ps@400                                       400      0.000      8.000      8.000    0.529  FAIL  
adv:demmel_S2pe@400                                       400 9209861237972.664      3.614 11258999068426.240    0.444  FAIL  
adv:demmel_S2ps@400                                       400      0.000   3795.500   3795.600    0.531  FAIL  
adv:demmel_W1@400                                         400      0.000      4.700      4.700    0.824  PASS  
adv:demmel_W2@400                                         400      0.000      4.100      4.100    1.116  PASS  
adv:demmel_W3@400                                         400      0.000      3.600      3.600    0.990  PASS  
adv:demmel_G1@400                                         400      0.000      0.300      0.300    0.806  PASS  
adv:demmel_G1s@400                                        400      0.000      0.600      0.600    0.846  PASS  
adv:demmel_U1@400                                         400      0.100      4.300      4.300    1.176  PASS  
adv:demmel_U1s@400                                        400      0.100      4.300      4.400    1.074  PASS  
adv:wilkinson_exact@400                                   400        inf        inf        inf  600.000  FAIL  TIMEOUT
adv:glued_wilkinson@400                                   400      0.000      0.400      0.400    1.149  PASS  
adv:glued_wilkinson_tight@400                             400      0.000      2.000      2.000    0.800  PASS  
adv:wl_example48@400                                      400      0.000      0.000      0.000    0.704  PASS  
adv:pd_T0@400                                             400      0.100     14.700     14.700    0.753  FAIL  
adv:pd_T1@400                                             400      0.000      2.500      2.500    0.552  PASS  
adv:zero_diagonal@400                                     400      0.000      0.000      0.000    0.429  PASS  
adv:near_overflow@400                                     400      0.000      0.300      0.300    0.506  PASS  
adv:near_underflow@400                                    400      0.000      0.200      0.300    0.573  PASS  
adv:mixed_signs@400                                       400      0.000      0.500      0.500    0.548  PASS  
adv:checkerboard@400                                      400      0.000      0.000      0.000    0.430  PASS  
adv:exponential_graded_k4@400                             400      0.100      1.000      1.000    0.602  PASS  
adv:exponential_graded_k8@400                             400      0.000      0.900      1.000    0.586  PASS  
adv:exponential_graded_k12@400                            400      0.000      0.500      0.500    0.564  PASS  
adv:stemr_killer_k5@400                                   400      0.100      1.000      1.000    0.567  PASS  
adv:stemr_killer_k10@400                                  400      0.000      0.600      0.700    0.553  PASS  
adv:huge_condition_k5@400                                 400      0.100      1.100      1.100    0.779  PASS  
adv:huge_condition_k10@400                                400      0.000      0.600      0.700    0.807  PASS  
adv:demmel_G1_k4@400                                      400      0.000      1.200      1.200    1.103  PASS  
adv:demmel_G1_k8@400                                      400      0.100      0.800      0.800    0.901  PASS  
adv:demmel_G1_k12@400                                     400      0.000      0.600      0.600    1.089  PASS  
adv:demmel_S1pe_k4@400                                    400      0.000     13.500     13.500    0.476  FAIL  
adv:demmel_S1pe_k8@400                                    400      0.000      8.200      8.200    0.482  FAIL  
adv:chkbd_4@400                                             4      0.200      0.500      0.500    0.004  PASS  
adv:chkbd_16@400                                           16      0.000      0.100      0.100    0.004  PASS  
adv:marques_graded_k4@400                                 400      0.100      1.000      1.000    0.672  PASS  
adv:marques_graded_k8@400                                 400      0.000      0.700      0.700    0.673  PASS  
stcoll:B_03                                                 3      0.500      0.600      0.600    0.004  PASS  
stcoll:B_05_2                                               5      0.100      0.400      0.400    0.004  PASS  
stcoll:B_05_d3eq0                                           5      0.200      0.400      0.400    0.004  PASS  
stcoll:B_05_d5eq0                                           5      0.200      0.400      0.400    0.004  PASS  
stcoll:B_05_eye                                             5      0.000      0.400      0.400    0.003  PASS  
stcoll:B_11_splits_a                                       11      0.200      0.200      0.300    0.003  PASS  
stcoll:B_11_splits_b                                       11      0.200      0.400      0.300    0.005  PASS  
stcoll:B_12_splits_a                                       12      0.100      0.300      0.300    0.006  PASS  
stcoll:B_16                                                16      0.100      0.100      0.100    0.012  PASS  
stcoll:B_16_smallsv                                        16      0.100      0.300      0.300    0.005  PASS  
stcoll:B_20_graded                                         20      0.200      0.400      0.300    0.004  PASS  
stcoll:B_40_graded                                         40      0.100      0.500      0.600    0.004  PASS  
stcoll:B_Kimura_429                                       429     11.700   1017.300   1017.100    0.641  FAIL  
stcoll:B_bug316_gesdd                                      26      0.000      0.100      0.100    0.004  PASS  
stcoll:B_bug414                                             4      0.100      0.400      0.200    0.003  PASS  
stcoll:B_gg_30_1D-5                                       330      0.000      2.900      2.900    0.271  PASS  
stcoll:B_glued_09b                                          9      0.200      2.300      0.500    0.004  PASS  
stcoll:B_glued_09c                                          9      0.100      0.200      0.300    0.004  PASS  
stcoll:B_glued_09d                                          9      0.100      2.500      0.600    0.004  PASS  
----------------------------------------------------------------------------------------------------------------------------------
PASS: 317/375    (1275.1s wall)

Failing (58), sorted by max(ortU,ortV) desc:
  adv:gl_wilkp@400                                       n=   400  res=       inf  ortU=       inf  ortV=       inf  TIMEOUT
  adv:wilkinson_exact@400                                n=   400  res=       inf  ortU=       inf  ortV=       inf  TIMEOUT
  adv:demmel_S2pe@100                                    n=   100  res=36884480948164.359  ortU=     4.684  ortV=45035996273704.961  
  adv:gl_wilkm@100                                       n=   100  res=9547631210025.451  ortU=39991964691050.008  ortV=     8.782  
  adv:gl_bwilkp@100                                      n=   100  res=26841453779128.156  ortU=39991964691050.008  ortV=39991964691050.008  
  adv:gl_wilkp@200                                       n=   200  res=     0.045  ortU=     2.223  ortV=22517998136852.480  
  adv:demmel_S2pe@200                                    n=   200  res=18419722475945.328  ortU=     3.603  ortV=22517998136852.480  
  adv:wilkinson_exact@200                                n=   200  res=     0.045  ortU=     1.844  ortV=22517998136852.480  
  adv:gl_wilkm@200                                       n=   200  res=7498493379571.876  ortU=20761594282177.988  ortV=10921229096373.453  
  adv:gl_bwilkp@200                                      n=   200  res=13600870874658.898  ortU=20761594282177.988  ortV=20761594282177.988  
  adv:demmel_S2pe@400                                    n=   400  res=9209861237972.664  ortU=     3.614  ortV=11258999068426.240  
  adv:gl_wilkm@400                                       n=   400  res=3726728691649.085  ortU=10639754119662.797  ortV=5494391545392.005  
  adv:gl_bwilkp@400                                      n=   400  res=6845471433603.153  ortU=10639754119662.797  ortV=10639754119662.797  
  adv:three_clusters@400                                 n=   400  res=     0.000  ortU=332229.100  ortV=332229.100  
  adv:spike@100                                          n=   100  res=     4.400  ortU=257601.600  ortV=263488.400  
  adv:spike@200                                          n=   200  res=     1.800  ortU=143643.600  ortV=149271.500  
  adv:spike@400                                          n=   400  res=     0.800  ortU=120024.100  ortV=119977.900  
  adv:saw_tooth@400                                      n=   400  res=     0.000  ortU= 23178.600  ortV= 23178.600  INFO=399
  adv:demmel_S2ps@400                                    n=   400  res=     0.000  ortU=  3795.500  ortV=  3795.600  
  stcoll:B_Kimura_429                                    n=   429  res=    11.700  ortU=  1017.300  ortV=  1017.100  
  adv:saw_tooth@200                                      n=   200  res=     0.000  ortU=   522.000  ortV=   522.000  INFO=199
  adv:two_clusters@10                                    n=    10  res=     0.100  ortU=    17.500  ortV=    17.400  
  adv:gl_wilkw@100                                       n=   100  res=     0.100  ortU=    15.600  ortV=    15.600  
  adv:gl_abcon3@400                                      n=   400  res=     0.000  ortU=    15.300  ortV=    15.300  INFO=399
  adv:pd_T0@400                                          n=   400  res=     0.100  ortU=    14.700  ortV=    14.700  
  adv:wilkinson_like@10                                  n=    10  res=     0.200  ortU=    14.000  ortV=    14.000  
  adv:alternating_sign@200                               n=   200  res=     0.200  ortU=    13.600  ortV=    13.600  
  adv:demmel_S1pe_k4@400                                 n=   400  res=     0.000  ortU=    13.500  ortV=    13.500  
  adv:demmel_S1pe_k4@100                                 n=   100  res=     0.000  ortU=    12.600  ortV=    12.600  
  adv:three_clusters@10                                  n=    10  res=     0.100  ortU=    11.800  ortV=    11.900  
  adv:step_function@200                                  n=   200  res=     0.100  ortU=    11.400  ortV=    11.400  
  adv:two_clusters@200                                   n=   200  res=     0.000  ortU=    11.100  ortV=    11.100  
  adv:demmel_S2ps@100                                    n=   100  res=     0.100  ortU=    10.800  ortV=    10.800  
  adv:all_equal_nontrivial@200                           n=   200  res=     0.200  ortU=    10.600  ortV=    10.600  
  adv:random_dense_clusters@400                          n=   400  res=     0.000  ortU=    10.200  ortV=    10.200  
  adv:random_dense_clusters@100                          n=   100  res=     0.000  ortU=    10.000  ortV=    10.000  
  adv:demmel_S1pe_k8@200                                 n=   200  res=     0.000  ortU=     9.500  ortV=     9.500  
  adv:all_equal_nontrivial@100                           n=   100  res=     0.200  ortU=     9.400  ortV=     9.400  
  adv:step_function@100                                  n=   100  res=     0.100  ortU=     9.400  ortV=     9.400  
  adv:demmel_S1pe_k8@400                                 n=   400  res=     0.000  ortU=     8.200  ortV=     8.200  
  adv:demmel_S1ps@400                                    n=   400  res=     0.000  ortU=     8.000  ortV=     8.000  
  adv:demmel_S1ps@100                                    n=   100  res=     0.000  ortU=     7.700  ortV=     7.700  
  adv:random_dense_clusters@200                          n=   200  res=     0.100  ortU=     7.700  ortV=     7.700  
  adv:gl_wilk2w@400                                      n=   400  res=     0.100  ortU=     7.600  ortV=     7.600  
  adv:gl_abcon3@100                                      n=   100  res=     0.000  ortU=     7.400  ortV=     7.300  
  adv:gl_wilk2w@200                                      n=   200  res=     0.100  ortU=     7.200  ortV=     7.200  
  adv:gl_wilkw@10                                        n=    10  res=     0.500  ortU=     6.500  ortV=     7.000  
  adv:gl_abcon0@100                                      n=   100  res=     0.200  ortU=     7.000  ortV=     7.000  
  adv:gl_abcon1@200                                      n=   200  res=     0.100  ortU=     6.800  ortV=     6.800  
  adv:demmel_S1pe_k8@100                                 n=   100  res=     0.000  ortU=     6.600  ortV=     6.600  
  adv:demmel_S1pe_k4@200                                 n=   200  res=     0.000  ortU=     6.200  ortV=     6.200  
  adv:gl_wilk2w@100                                      n=   100  res=     0.100  ortU=     6.100  ortV=     6.100  
  adv:alternating_sign@400                               n=   400  res=     0.100  ortU=     6.100  ortV=     6.100  
  adv:gl_abcon0@200                                      n=   200  res=     0.100  ortU=     6.000  ortV=     6.000  
  adv:demmel_S1ps@200                                    n=   200  res=     0.000  ortU=     5.900  ortV=     5.900  
  adv:gl_abcon3@200                                      n=   200  res=     0.000  ortU=     5.800  ortV=     5.800  INFO=199
  adv:step_function@400                                  n=   400  res=     0.000  ortU=     5.600  ortV=     5.600  
  adv:saw_tooth@100                                      n=   100  res=     0.000  ortU=     0.400  ortV=     0.400  INFO=99

