==============================================================================================================
BidiagonalSVD evaluation -- suite=pract  solver=advisor  norms=paper
==============================================================================================================
Solver:     BidiagonalSVD_TGK / DBDSVDMR3 (advisor)
Source:     python_fortran/BidiagonalSVD_TGK/  (advisor, origin/main 15a946d)
Metric:     Willems-Lang 2012 paper-norm (res=per-triplet 2-norm)
Generator:  generate_pract  (self-contained-fortran-bidiagsvd/test_synth_pract.py:358)
Thresholds: res<=7 n.eps,  ortU/ortV<=5 n.eps
Timeout:    600.0s/matrix
==============================================================================================================

Matrix                                                      n        res       ortU       ortV    dt(s)  status  note
----------------------------------------------------------------------------------------------------------------------------------

=== Adversarial Matrices (n=10) ===
  exponential_graded                  n=  10  res=382914629798792.312  ortU=11284047871893966.000  ortV=300230318766236.062  t=0.0085s  FAIL
  glued_repeated                      n=  10  ERROR: cannot reshape array of size 95 into shape (10,10)
  saw_tooth                           n=  10  res=758407320855166.500  ortU=5295157803226154.000  ortV=449097243465100.875  t=0.0059s  FAIL
  stemr_killer                        n=  10  res=   0.754  ortU=   0.100  ortV=   0.450  t=0.0038s  PASS
  huge_condition                      n=  10  res=534640976392604.812  ortU=13170443607123096.000  ortV=369627080833066.875  t=0.0068s  FAIL
  spike                               n=  10  res=   0.768  ortU=   0.296  ortV=   0.300  t=0.0048s  PASS
  wilkinson_like                      n=  10  res=469861360012353.750  ortU=6557655038790692.000  ortV=450359962737049.625  t=0.0047s  FAIL
  two_clusters                        n=  10  res=576285223587688.750  ortU=11448814159705828.000  ortV=375299968791086.750  t=0.0048s  FAIL
  random_uniform                      n=  10  ERROR: cannot reshape array of size 61 into shape (10,10)
  diagonal_only                       n=  10  res=520640866408733.625  ortU=7619331345784216.000  ortV=449934906426553.625  t=0.0062s  FAIL
  constant                            n=  10  res=479900265735188.125  ortU=11147019092917732.000  ortV=371565647600360.500  t=0.0079s  FAIL
  all_equal_nontrivial                n=  10  res=186704410909028.812  ortU=   0.579  ortV=   0.530  t=0.0045s  FAIL
  one_big_cluster                     n=  10  res=609320301219498.625  ortU=8561342891631312.000  ortV=450359962737049.625  t=0.0047s  FAIL
  arithmetic_progression              n=  10  res=438589651519437.875  ortU=15570958611414788.000  ortV=450359962737041.062  t=0.0053s  FAIL
  many_near_zero                      n=  10  res=444195175030052.875  ortU=1607094637765592.500  ortV=290183842798141.938  t=0.0039s  FAIL
  random_dense_clusters               n=  10  res=439189103580223.500  ortU=7781296554475912.000  ortV=398660306489771.250  t=0.0076s  FAIL
  constant_d_graded_e                 n=  10  res=524608652243591.625  ortU=14396400796550308.000  ortV=417746274949462.688  t=0.0059s  FAIL
  random_clustered_5                  n=  10  res=501184085796792.000  ortU=3179857482721364.000  ortV=332491917019295.625  t=0.0064s  FAIL
  alternating_sign                    n=  10  res=696033478764977.250  ortU=7375477109981923.000  ortV=450359962737049.625  t=0.0075s  FAIL
  step_function                       n=  10  res=   1.353  ortU=   0.986  ortV=   0.970  t=0.0043s  PASS
  three_clusters                      n=  10  res=650674864369705.375  ortU=4721558668135387.000  ortV=324297636868711.250  t=0.0055s  FAIL
  random_sparse_e                     n=  10  res=554813578609796.438  ortU=8512568895621939.000  ortV=450359962737049.625  t=0.0090s  FAIL
  chkbd                               n=  10  res=   0.754  ortU=   0.100  ortV=   0.450  t=0.0056s  PASS
  marques_graded                      n=  10  res=   0.754  ortU=   0.100  ortV=   0.200  t=0.0054s  PASS
  gl_abcon0                           n=  10  res=518025712584746.125  ortU=10523506928582338.000  ortV=450359962737049.625  t=0.0086s  FAIL
  gl_abcon1                           n=  10  res=   0.850  ortU=   1.186  ortV=   1.095  t=0.0064s  PASS
  gl_abcon2                           n=  10  res=   0.640  ortU=   0.188  ortV=   0.154  t=0.0063s  PASS
  gl_abcon3                           n=  10  res=511998010228457.500  ortU=15052218370172198.000  ortV=450359962737047.688  t=0.0182s  FAIL
  gl_random                           n=  10  res=521767959276427.000  ortU=9992790463606174.000  ortV=450359962737049.625  t=0.0052s  FAIL
  gl_gradp                            n=  10  res=   0.725  ortU=   0.200  ortV=   0.200  t=0.0041s  PASS
  gl_gradm                            n=  10  res=   0.753  ortU=   0.200  ortV=   0.150  t=0.0069s  PASS
  gl_wilkp                            n=  10  res=440280490543754.375  ortU=10399643787394672.000  ortV=236377056652429.938  t=0.0048s  FAIL
  gl_wilkm                            n=  10  res=440924029215376.062  ortU=10588730313983800.000  ortV=450359962737049.625  t=0.0112s  FAIL
  gl_wilkw                            n=  10  res=445830932082557.625  ortU=11688091033697460.000  ortV=223577962246857.938  t=0.0090s  FAIL
  gl_wilk2w                           n=  10  res=447729296813711.438  ortU=11749913857667644.000  ortV=450359962737049.625  t=0.0111s  FAIL
  gl_clement                          n=  10  res=455867594831837.062  ortU=15994120129025436.000  ortV=450359962737047.500  t=0.0244s  FAIL
  gl_gro0                             n=  10  res=   0.700  ortU=   0.300  ortV=   0.194  t=0.0070s  PASS
  gl_gro1                             n=  10  res=   0.750  ortU=   0.205  ortV=   0.383  t=0.0072s  PASS
  gl_gro2                             n=  10  res=532642577437596.000  ortU=14587830229242026.000  ortV=450359962737049.625  t=0.0121s  FAIL
  gl_gro3                             n=  10  res=431327261575361.938  ortU=16994203748534950.000  ortV=450359962737049.250  t=0.0166s  FAIL
  gl_bwilkp                           n=  10  res=   0.480  ortU=   0.462  ortV=   0.510  t=0.0054s  PASS
  gl_ones                             n=  10  res=   0.000  ortU=   0.000  ortV=   0.000  t=0.0071s  PASS
  gl_uniform_eps                      n=  10  res=372735517580371803824564731904.000  ortU=13516286100027898.000  ortV=450359962737049.625  t=0.0135s  FAIL
  gl_uniform_sqrteps                  n=  10  res=2516027015790111752192.000  ortU=16565937373904964.000  ortV=450359962737047.562  t=0.0305s  FAIL
  gl_uniform_eps_to_1                 n=  10  res=408237533549373.562  ortU=12269381132982400.000  ortV=288200680182434.938  t=0.0299s  FAIL
  gl_geometric_eps_to_1               n=  10  res=374989146112644.500  ortU=12269381132982400.000  ortV=450359962737049.625  t=0.0085s  FAIL
  gl_random_spectrum                  n=  10  res=   0.746  ortU=   0.250  ortV=   0.300  t=0.0051s  PASS
  gl_clustered_at_1                   n=  10  res=545494548380614.312  ortU=15504288461347172.000  ortV=450359962737048.875  t=0.0178s  FAIL
  gl_clustered_at_pm1                 n=  10  res=   0.000  ortU=   0.000  ortV=   0.000  t=0.0055s  PASS
  gl_clustered_at_eps                 n=  10  res=   0.000  ortU=   0.000  ortV=   0.000  t=0.0041s  PASS
  gl_clustered_at_pmeps               n=  10  res=   0.000  ortU=   0.000  ortV=   0.000  t=0.0044s  PASS
  demmel_S1pe                         n=  10  res=332392013872006.500  ortU=11665253201568854.000  ortV=283672920203992.375  t=0.0060s  FAIL
  demmel_S1ps                         n=  10  res=448687121207257.625  ortU=12593925455082816.000  ortV=450359962737049.625  t=0.0078s  FAIL
  demmel_S2pe                         n=  10  res=500594763345626.625  ortU=16952552112865540.000  ortV=450359962737048.562  t=0.0169s  FAIL
  demmel_S2ps                         n=  10  res=   0.754  ortU=   0.829  ortV=   0.777  t=0.0044s  PASS
  demmel_W1                           n=  10  res=   0.702  ortU=   0.000  ortV=   0.000  t=0.0042s  PASS
  demmel_W2                           n=  10  ERROR: mr3gk_run failed (rc=2): At line 34 of file mr3gk_run.f90 (unit = 10, file = '/tmp/_mr3gk_in.bin')
Fortran runtime error: End of file

  demmel_W3                           n=  10  res=458374335049702.125  ortU=15232194489657094.000  ortV=450359962737049.625  t=0.0161s  FAIL
  demmel_G1                           n=  10  res=505247235894748.625  ortU=16578930367631724.000  ortV=450359962737048.938  t=0.0178s  FAIL
  demmel_G1s                          n=  10  res=   0.754  ortU=   0.200  ortV=   0.100  t=0.0073s  PASS
  demmel_U1                           n=  10  res=   0.597  ortU=   0.200  ortV=   0.350  t=0.0072s  PASS
  demmel_U1s                          n=  10  res=   0.806  ortU=   0.150  ortV=   0.200  t=0.0071s  PASS
  wilkinson_exact                     n=  10  res=   0.400  ortU=   0.150  ortV=   0.250  t=0.0075s  PASS
  glued_wilkinson                     n=  10  res=   0.533  ortU=   0.104  ortV=   0.150  t=0.0067s  PASS
  glued_wilkinson_tight               n=  10  res=   0.600  ortU=   0.104  ortV=   0.147  t=0.0066s  PASS
  wl_example48                        n=  10  res=   0.742  ortU=   0.273  ortV=   0.224  t=0.0065s  PASS
  pd_T0                               n=  10  res=   1.800  ortU=   1.266  ortV=   1.293  t=0.0058s  PASS
  pd_T1                               n=  10  res=588564626018339.000  ortU=17159431454446304.000  ortV=450359962737048.500  t=0.0318s  FAIL
  zero_diagonal                       n=  10  res=   0.000  ortU=   0.000  ortV=   0.000  t=0.0058s  PASS
  single_element                      n=   1  res=   0.000  ortU=   0.000  ortV=   0.000  t=0.0056s  PASS
  near_overflow                       n=  10  res=   0.573  ortU=   0.225  ortV=   0.233  t=0.0056s  PASS
  near_underflow                      n=  10  res=24704717534656736603448803461413026454479961480641275495105930245924583248107772960733689424054616050803587082556615191062949843913506457525854304975643580087402496.000  ortU=16877366825984048.000  ortV=450359962737047.500  t=0.0432s  FAIL
  mixed_signs                         n=  10  res=   0.912  ortU=   0.274  ortV=   0.295  t=0.0083s  PASS
  checkerboard                        n=  10  res=   0.100  ortU=   0.200  ortV=   0.300  t=0.0071s  PASS
  exponential_graded_k4               n=  10  res=444005181155700.812  ortU=14432102651059184.000  ortV=450359962737049.625  t=0.0187s  FAIL
  exponential_graded_k8               n=  10  res=   0.754  ortU=   0.200  ortV=   0.150  t=0.0076s  PASS
  exponential_graded_k12              n=  10  res=   0.754  ortU=   0.200  ortV=   0.101  t=0.0071s  PASS
  stemr_killer_k5                     n=  10  res=439176868796199.875  ortU=16335818139587764.000  ortV=450359962737049.625  t=0.0177s  FAIL
  stemr_killer_k10                    n=  10  res=   0.754  ortU=   0.150  ortV=   0.150  t=0.0070s  PASS
  huge_condition_k5                   n=  10  res=   0.754  ortU=   0.200  ortV=   0.200  t=0.0067s  PASS
  huge_condition_k10                  n=  10  res=465746189454925.875  ortU=15689931767103626.000  ortV=450359962737049.625  t=0.0173s  FAIL
  demmel_G1_k4                        n=  10  res=433813253025939.125  ortU=15116845269129008.000  ortV=353172564860608.688  t=0.0133s  FAIL
  demmel_G1_k8                        n=  10  res=494534403441050.000  ortU=15116845269129008.000  ortV=450359962737049.625  t=0.0127s  FAIL
  demmel_G1_k12                       n=  10  res=   0.754  ortU=   0.200  ortV=   0.100  t=0.0052s  PASS
  demmel_S1pe_k4                      n=  10  res=556053666907721.500  ortU=16822153924378652.000  ortV=448496006741163.625  t=0.0446s  FAIL
  demmel_S1pe_k8                      n=  10  res=   0.754  ortU=   2.454  ortV=   2.478  t=0.0059s  PASS
  chkbd_4                             n=   4  res=26838997709278000.000  ortU=9123574222215216.000  ortV=16685306812133976.000  t=0.0145s  FAIL
  chkbd_16                            n=  16  res=   0.471  ortU=   0.062  ortV=   0.281  t=0.0062s  PASS
  marques_graded_k4                   n=  10  res=343327920551042.062  ortU=16516118658045830.000  ortV=443292828402133.750  t=0.0395s  FAIL
  marques_graded_k8                   n=  10  res=   0.754  ortU=   0.200  ortV=   0.250  t=0.0060s  PASS

=== Adversarial Matrices (n=100) ===
  exponential_graded                  n= 100  SKIPPED
  glued_repeated                      n= 100  SKIPPED
  saw_tooth                           n= 100  SKIPPED
  stemr_killer                        n= 100  res=   1.424  ortU=   0.028  ortV=   0.055  t=0.0166s  PASS
  huge_condition                      n= 100  SKIPPED
  spike                               n= 100  ERROR: cannot reshape array of size 9216 into shape (100,100)
  wilkinson_like                      n= 100  SKIPPED
  two_clusters                        n= 100  SKIPPED
  random_uniform                      n= 100  SKIPPED
  diagonal_only                       n= 100  SKIPPED
  constant                            n= 100  SKIPPED
  all_equal_nontrivial                n= 100  SKIPPED
  one_big_cluster                     n= 100  SKIPPED
  arithmetic_progression              n= 100  SKIPPED
  many_near_zero                      n= 100  SKIPPED
  random_dense_clusters               n= 100  SKIPPED
  constant_d_graded_e                 n= 100  SKIPPED
  random_clustered_5                  n= 100  SKIPPED
  alternating_sign                    n= 100  SKIPPED
  step_function                       n= 100  res=   0.744  ortU=   2.536  ortV=   2.540  t=0.0353s  PASS
  three_clusters                      n= 100  SKIPPED
  random_sparse_e                     n= 100  SKIPPED
  chkbd                               n= 100  ERROR: cannot reshape array of size 3995 into shape (100,100)
  marques_graded                      n= 100  ERROR: cannot reshape array of size 2385 into shape (100,100)
  gl_abcon0                           n= 100  SKIPPED
  gl_abcon1                           n= 100  res=   0.410  ortU=   1.729  ortV=   1.745  t=0.0336s  PASS
  gl_abcon2                           n= 100  res=   0.279  ortU=   0.439  ortV=   0.445  t=0.0294s  PASS
  gl_abcon3                           n= 100  SKIPPED
  gl_random                           n= 100  SKIPPED
  gl_gradp                            n= 100  ERROR: cannot reshape array of size 340 into shape (100,100)
  gl_gradm                            n= 100  ERROR: cannot reshape array of size 1947 into shape (100,100)
  gl_wilkp                            n= 100  SKIPPED
  gl_wilkm                            n= 100  SKIPPED
  gl_wilkw                            n= 100  SKIPPED
  gl_wilk2w                           n= 100  SKIPPED
  gl_clement                          n= 100  SKIPPED
  gl_gro0                             n= 100  res=61131108501756.188  ortU=1421553188981342.500  ortV=32761188393190.105  t=0.0365s  FAIL
  gl_gro1                             n= 100  res=   0.120  ortU=   0.185  ortV=   0.181  t=0.0309s  PASS
  gl_gro2                             n= 100  SKIPPED
  gl_gro3                             n= 100  SKIPPED
  gl_bwilkp                           n= 100  res=44974879836548.984  ortU=1948741332703257.000  ortV=37181456418115.766  t=0.0336s  FAIL
  gl_ones                             n= 100  res=   0.000  ortU=   0.000  ortV=   0.000  t=0.0077s  PASS
  gl_uniform_eps                      n= 100  SKIPPED
  gl_uniform_sqrteps                  n= 100  SKIPPED
  gl_uniform_eps_to_1                 n= 100  SKIPPED
  gl_geometric_eps_to_1               n= 100  SKIPPED
  gl_random_spectrum                  n= 100  res=   0.081  ortU=   0.098  ortV=   0.096  t=0.0287s  PASS
  gl_clustered_at_1                   n= 100  SKIPPED
  gl_clustered_at_pm1                 n= 100  res=55839280914513.391  ortU=2470926228512893.000  ortV=33332242953679.863  t=0.0563s  FAIL
  gl_clustered_at_eps                 n= 100  ERROR: cannot reshape array of size 2981 into shape (100,100)
  gl_clustered_at_pmeps               n= 100  ERROR: cannot reshape array of size 2146 into shape (100,100)
  demmel_S1pe                         n= 100  SKIPPED
  demmel_S1ps                         n= 100  SKIPPED
  demmel_S2pe                         n= 100  SKIPPED
  demmel_S2ps                         n= 100  res=   0.500  ortU=   1.461  ortV=   1.477  t=0.0438s  PASS
  demmel_W1                           n= 100  res=   0.098  ortU=   0.010  ortV=   0.000  t=0.0108s  PASS
  demmel_W2                           n= 100  SKIPPED
  demmel_W3                           n= 100  SKIPPED
  demmel_G1                           n= 100  SKIPPED
  demmel_G1s                          n= 100  ERROR: cannot reshape array of size 3140 into shape (100,100)
  demmel_U1                           n= 100  ERROR: cannot reshape array of size 2780 into shape (100,100)
  demmel_U1s                          n= 100  res=   0.145  ortU=   0.398  ortV=   0.419  t=0.0580s  PASS
  wilkinson_exact                     n= 100  res=45058461097373.070  ortU=3992377628006772.500  ortV=32270431006653.789  t=0.0569s  FAIL
  glued_wilkinson                     n= 100  res=   0.176  ortU=   0.154  ortV=   0.156  t=0.0577s  PASS
  glued_wilkinson_tight               n= 100  res=   0.137  ortU=   0.175  ortV=   0.173  t=0.0281s  PASS
  wl_example48                        n= 100  res=   0.216  ortU=   0.320  ortV=   0.315  t=0.0461s  PASS
  pd_T0                               n= 100  ERROR: cannot reshape array of size 4778 into shape (100,100)
  pd_T1                               n= 100  SKIPPED
  zero_diagonal                       n= 100  res=   0.000  ortU=   0.000  ortV=   0.000  t=0.0071s  PASS
  single_element                      n=   1  res=   0.000  ortU=   0.000  ortV=   0.000  t=0.0074s  PASS
  near_overflow                       n= 100  res=   0.080  ortU=   0.053  ortV=   0.048  t=0.0239s  PASS
  near_underflow                      n= 100  SKIPPED
  mixed_signs                         n= 100  res=   0.313  ortU=   0.588  ortV=   0.580  t=0.0287s  PASS
  checkerboard                        n= 100  res=56614503450153.031  ortU=61824353115111.883  ortV=45035996273704.961  t=0.0227s  FAIL
  exponential_graded_k4               n= 100  SKIPPED
  exponential_graded_k8               n= 100  res=   0.080  ortU=   0.034  ortV=   0.036  t=0.0369s  PASS
  exponential_graded_k12              n= 100  res=   0.080  ortU=   0.080  ortV=   0.051  t=0.0470s  PASS
  stemr_killer_k5                     n= 100  SKIPPED
  stemr_killer_k10                    n= 100  ERROR: cannot reshape array of size 6920 into shape (100,100)
  huge_condition_k5                   n= 100  res=   0.080  ortU=   0.192  ortV=   0.212  t=0.0552s  PASS
  huge_condition_k10                  n= 100  SKIPPED
  demmel_G1_k4                        n= 100  SKIPPED
  demmel_G1_k8                        n= 100  SKIPPED
  demmel_G1_k12                       n= 100  ERROR: cannot reshape array of size 7666 into shape (100,100)
  demmel_S1pe_k4                      n= 100  SKIPPED
  demmel_S1pe_k8                      n= 100  res=42435100969321.633  ortU=6827749846554962.000  ortV=27696578383332.141  t=0.0715s  FAIL
  chkbd_4                             n= 100  SKIPPED
  chkbd_16                            n=  16  res=592752031543168.125  ortU=16100620001790814.000  ortV=196701004524301.500  t=0.0136s  FAIL
  marques_graded_k4                   n= 100  SKIPPED
  marques_graded_k8                   n= 100  res=   0.080  ortU=   0.053  ortV=   0.043  t=0.0497s  PASS

=== Adversarial Matrices (n=200) ===
  exponential_graded                  n= 200  SKIPPED
  glued_repeated                      n= 200  SKIPPED
  saw_tooth                           n= 200  SKIPPED
  stemr_killer                        n= 200  res=22453818060654.184  ortU=44466823723135.508  ortV=   0.259  t=0.0777s  FAIL
  huge_condition                      n= 200  SKIPPED
  spike                               n= 200  SKIPPED
  wilkinson_like                      n= 200  SKIPPED
  two_clusters                        n= 200  SKIPPED
  random_uniform                      n= 200  SKIPPED
  diagonal_only                       n= 200  SKIPPED
  constant                            n= 200  SKIPPED
  all_equal_nontrivial                n= 200  SKIPPED
  one_big_cluster                     n= 200  SKIPPED
  arithmetic_progression              n= 200  SKIPPED
  many_near_zero                      n= 200  SKIPPED
  random_dense_clusters               n= 200  SKIPPED
  constant_d_graded_e                 n= 200  SKIPPED
  random_clustered_5                  n= 200  SKIPPED
  alternating_sign                    n= 200  SKIPPED
  step_function                       n= 200  res=   0.449  ortU=   2.998  ortV=   2.994  t=0.0987s  PASS
  three_clusters                      n= 200  SKIPPED
  random_sparse_e                     n= 200  SKIPPED
  chkbd                               n= 200  SKIPPED
  marques_graded                      n= 200  SKIPPED
  gl_abcon0                           n= 200  SKIPPED
  gl_abcon1                           n= 200  res=   0.249  ortU=   3.041  ortV=   3.037  t=0.0910s  PASS
  gl_abcon2                           n= 200  res=22505591787587.391  ortU=87195037996631.859  ortV=   1.047  t=0.0856s  FAIL
  gl_abcon3                           n= 200  SKIPPED
  gl_random                           n= 200  SKIPPED
  gl_gradp                            n= 200  SKIPPED
  gl_gradm                            n= 200  SKIPPED
  gl_wilkp                            n= 200  SKIPPED
  gl_wilkm                            n= 200  SKIPPED
  gl_wilkw                            n= 200  SKIPPED
  gl_wilk2w                           n= 200  SKIPPED
  gl_clement                          n= 200  SKIPPED
  gl_gro0                             n= 200  SKIPPED
  gl_gro1                             n= 200  res=22517998136852.480  ortU=66974882555050.430  ortV=22517998136852.480  t=0.1505s  FAIL
  gl_gro2                             n= 200  SKIPPED
  gl_gro3                             n= 200  SKIPPED
  gl_bwilkp                           n= 200  SKIPPED
  gl_ones                             n= 200  res=31137870872261.449  ortU=30413112969745.410  ortV=   0.000  t=0.0257s  FAIL
  gl_uniform_eps                      n= 200  SKIPPED
  gl_uniform_sqrteps                  n= 200  SKIPPED
  gl_uniform_eps_to_1                 n= 200  SKIPPED
  gl_geometric_eps_to_1               n= 200  SKIPPED
  gl_random_spectrum                  n= 200  res=   0.072  ortU=   0.124  ortV=   0.123  t=0.1414s  PASS
  gl_clustered_at_1                   n= 200  SKIPPED
  gl_clustered_at_pm1                 n= 200  SKIPPED
  gl_clustered_at_eps                 n= 200  SKIPPED
  gl_clustered_at_pmeps               n= 200  SKIPPED
  demmel_S1pe                         n= 200  SKIPPED
  demmel_S1ps                         n= 200  SKIPPED
  demmel_S2pe                         n= 200  SKIPPED
  demmel_S2ps                         n= 200  res=   0.280  ortU=   3.057  ortV=   3.051  t=0.1365s  PASS
  demmel_W1                           n= 200  res=   0.099  ortU=   0.000  ortV=   0.000  t=0.0274s  PASS
  demmel_W2                           n= 200  SKIPPED
  demmel_W3                           n= 200  SKIPPED
  demmel_G1                           n= 200  SKIPPED
  demmel_G1s                          n= 200  SKIPPED
  demmel_U1                           n= 200  SKIPPED
  demmel_U1s                          n= 200  res=22517998136852.480  ortU=60890640677755.469  ortV=22517998136852.480  t=0.1528s  FAIL
  wilkinson_exact                     n= 200  SKIPPED
  glued_wilkinson                     n= 200  res=   0.089  ortU=   0.078  ortV=   0.082  t=0.1533s  PASS
  glued_wilkinson_tight               n= 200  res=   0.165  ortU=   0.258  ortV=   0.260  t=0.1011s  PASS
  wl_example48                        n= 200  res=   0.044  ortU=   0.076  ortV=   0.074  t=0.1684s  PASS
  pd_T0                               n= 200  SKIPPED
  pd_T1                               n= 200  SKIPPED
  zero_diagonal                       n= 200  ERROR: cannot reshape array of size 25906 into shape (200,200)
  single_element                      n=   1  res=   0.000  ortU=   0.000  ortV=   0.000  t=0.0070s  PASS
  near_overflow                       n= 200  res=   0.057  ortU=   0.372  ortV=   0.331  t=0.1237s  PASS
  near_underflow                      n= 200  SKIPPED
  mixed_signs                         n= 200  res=   0.048  ortU=   0.115  ortV=   0.116  t=0.1070s  PASS
  checkerboard                        n= 200  SKIPPED
  exponential_graded_k4               n= 200  SKIPPED
  exponential_graded_k8               n= 200  res=   0.078  ortU=   0.489  ortV=   0.535  t=0.1342s  PASS
  exponential_graded_k12              n= 200  res=22517998136852.480  ortU=32580168969573.148  ortV=   0.468  t=0.0782s  FAIL
  stemr_killer_k5                     n= 200  SKIPPED
  stemr_killer_k10                    n= 200  SKIPPED
  huge_condition_k5                   n= 200  res=   0.040  ortU=   0.334  ortV=   0.317  t=0.0807s  PASS
  huge_condition_k10                  n= 200  SKIPPED
  demmel_G1_k4                        n= 200  SKIPPED
  demmel_G1_k8                        n= 200  SKIPPED
  demmel_G1_k12                       n= 200  SKIPPED
  demmel_S1pe_k4                      n= 200  SKIPPED
  demmel_S1pe_k8                      n= 200  SKIPPED
  chkbd_4                             n= 200  SKIPPED
  chkbd_16                            n= 200  SKIPPED
  marques_graded_k4                   n= 200  SKIPPED
  marques_graded_k8                   n= 200  res=   0.072  ortU=   0.387  ortV=   0.351  t=0.0736s  PASS

============================================================
TOTAL: 75/286 passed (26.2%)
STColl_B_03                                                 3      0.500      0.600      0.600    0.005  PASS  
STColl_B_05_2                                               5      0.100      0.400      0.400    0.004  PASS  
STColl_B_05_d3eq0                                           5      0.200      0.400      0.400    0.004  PASS  
STColl_B_05_d5eq0                                           5      0.200      0.400      0.400    0.004  PASS  
STColl_B_05_eye                                             5      0.000      0.400      0.400    0.004  PASS  
STColl_B_11_splits_a                                       11      0.200      0.200      0.300    0.004  PASS  
STColl_B_11_splits_b                                       11      0.200      0.400      0.300    0.004  PASS  
STColl_B_12_splits_a                                       12      0.100      0.300      0.300    0.004  PASS  
STColl_B_16                                                16      0.100      0.100      0.100    0.004  PASS  
STColl_B_16_smallsv                                        16      0.100      0.300      0.300    0.004  PASS  
STColl_B_20_graded                                         20      0.200      0.400      0.300    0.007  PASS  
STColl_B_40_graded                                         40      0.100      0.500      0.600    0.007  PASS  
STColl_B_Kimura_429                                       429     11.700   1017.300   1017.100    0.738  FAIL  
STColl_B_bug316_gesdd                                      26      0.000      0.100      0.100    0.005  PASS  
STColl_B_bug414                                             4      0.100      0.400      0.200    0.005  PASS  
STColl_B_gg_30_1D-5                                       330      0.000      2.900      2.900    0.320  PASS  
STColl_B_glued_09b                                          9      0.200      2.300      0.500    0.007  PASS  
STColl_B_glued_09c                                          9      0.100      0.200      0.300    0.004  PASS  
STColl_B_glued_09d                                          9      0.100      2.500      0.600    0.005  PASS  
Barlow_4                                                    4      0.200      0.500      0.300    0.006  PASS  
Fann04                                                    300      0.200      7.100      7.100    0.393  FAIL  
Fann06                                                    180      0.000      0.900      0.800    0.054  PASS  
Fann07                                                    120      0.000      2.600      2.600    0.020  PASS  
Fann08                                                    180      0.000      2.000      2.000    0.053  PASS  
Fann09                                                    120      0.100      0.900      1.000    0.055  PASS  
Fann11                                                    120      0.100      1.600      1.600    0.028  PASS  
Fournier_100                                              100      0.200     12.200     12.200    0.015  FAIL  
Julien_30                                                  30      0.100      1.100      1.100    0.005  PASS  
Lipshitz_3                                               1087      0.100      7.800      7.800   24.392  FAIL  
Lipshitz_4                                               1088      0.100    206.000    206.000   21.293  FAIL  
Moler_200                                                 200      0.000      3.400      3.400    0.086  PASS  
Moler_200_flipped                                         200      0.000      3.300      3.300    0.085  PASS  
Orti                                                       10      0.300      0.400      0.400    0.004  PASS  
Parlett_560b                                              560      0.000      0.000      0.000    1.392  PASS  
T_0003c                                                     3      0.700      0.300      0.900    0.007  PASS  
T_0007a                                                     7      0.100    288.100    288.200    0.004  FAIL  
T_0010                                                     10      0.200      3.800      3.800    0.004  PASS  
T_0010_stexrfailure_TGK                                    20      0.200     37.100     37.300    0.004  FAIL  
T_0016_smalleig                                            16      0.500     73.000     73.200    0.004  FAIL  
T_0125b                                                   125      0.000      9.300      9.300    0.032  FAIL  
T_1000                                                   1000      0.000      8.300      8.300   14.498  FAIL  
T_339                                                     339      0.100      6.500      6.500    0.483  FAIL  
T_494_bus                                                 494      0.000      4.300      4.300    1.085  PASS  
T_685_bus                                                 685      0.000      4.100      4.100    2.764  PASS  
T_Alemdar_1                                              6245        inf        inf        inf  600.000  FAIL  TIMEOUT
T_Godunov_073                                              73      0.000      3.100      3.100    0.021  PASS  
T_Godunov_113                                             113      0.000      2.000      2.000    0.031  PASS  
T_Godunov_147                                             147      0.000      1.500      1.500    0.063  PASS  
T_Godunov_169                                             169      0.000      1.300      1.300    0.088  PASS  
T_Godunov_1e-2                                           2500      0.000      5.600      5.600  371.740  FAIL  
T_Godunov_1e-4                                           2500      0.000      9.000      9.000  371.371  FAIL  
T_Godunov_1e-5                                           2500      0.000      6.300      6.300  378.891  FAIL  
T_Godunov_1e-6                                           2500      0.000      7.400      7.400  378.740  FAIL  
T_Godunov_1e-7                                           2500      0.000     13.900     13.900  376.383  FAIL  
T_Laguerre_064b                                            64      0.200      2.400      2.400    0.006  PASS  
T_Laguerre_128a                                           128      0.200      3.800      3.700    0.053  PASS  
T_Laguerre_128b                                           128      0.200      3.300      3.200    0.054  PASS  
T_MathWorks_202                                           202      0.000      2.000      2.000    0.163  PASS  
T_SkewW21gve+3                                           2100      0.700    661.300    660.900  215.321  FAIL  
T_SkewW21gve+6                                           2100      0.000     11.400     11.400  217.187  FAIL  
T_TSC_OPF_300                                            9774        inf        inf        inf  600.000  FAIL  TIMEOUT
T_W21_g_1e+00                                            2100      0.000      5.800      5.800  216.762  FAIL  
T_W21_g_1e+02                                            2100      0.000  72265.300  72265.300  222.564  FAIL  
T_W21_g_1e+04                                            2100      0.000    713.100    713.100  219.942  FAIL  
T_W21_g_1e+06                                            2100      0.000   8783.000   8783.000  219.166  FAIL  
T_W21_g_1e+12                                            2100      0.000 8306929.600 8306929.600  244.779  FAIL  
T_W21_g_1e+14                                            2100      0.000   8580.800   8580.800  268.267  FAIL  
T_W21_g_1e-04                                            2100      0.100     30.600     30.600  212.732  FAIL  
T_W21_g_1e-07                                            2100      0.000      5.900      5.900  212.090  FAIL  
T_W21_g_1e-08                                            2100      0.000      8.400      8.400  215.399  FAIL  
T_W21_g_1e-09                                            2100      0.000      6.100      6.100  212.226  FAIL  
T_W21_g_1e-13                                            2100      0.000     10.300     10.300  213.421  FAIL  
T_W21_g_1e-14                                            2100      0.000     79.800     79.800  217.707  FAIL  
T_bcsstkm01_3                                             144      0.100     13.700     13.700    0.082  FAIL  
T_bcsstkm02_1                                              66      0.100      0.800      0.700    0.007  PASS  
T_bcsstkm03_1                                             112      0.100      1.000      0.900    0.016  PASS  
T_bcsstkm03_2                                             224      0.000      2.800      2.900    0.190  PASS  
T_bcsstkm03_3                                             336      0.100      0.900      0.900    0.414  PASS  
T_bcsstkm04_2                                             264      0.100      2.300      2.300    0.172  PASS  
T_bcsstkm04_3                                             396      0.000      1.800      1.700    0.539  PASS  
T_bcsstkm05_2                                             306      0.100      1.700      1.700    0.212  PASS  
T_bcsstkm07_1                                             420      0.100      3.000      3.000    0.548  PASS  
T_bcsstkm07_3                                            1260      0.000      4.800      4.800   34.155  PASS  
T_bcsstkm09_1                                            1083      0.000      0.500      0.500   22.606  PASS  
T_bcsstkm10_2                                            2172      0.000    151.300    151.300  248.994  FAIL  
T_bcsstkm10_3                                            3258        inf        inf        inf  600.000  FAIL  TIMEOUT
T_bcsstkm10_4                                            4344        inf        inf        inf  600.000  FAIL  TIMEOUT
T_bcsstkm11_3                                            4419        inf        inf        inf  600.000  FAIL  TIMEOUT
T_bcsstkm11_4                                            5892        inf        inf        inf  600.000  FAIL  TIMEOUT
T_bcsstkm12_1                                            1473      0.000     15.000     15.000   64.826  FAIL  
T_bcsstkm12_3                                            4419        inf        inf        inf  600.000  FAIL  TIMEOUT
T_bcsstkm13_3                                            6009        inf        inf        inf  600.000  FAIL  TIMEOUT
T_bug032_4                                                 60      0.000      6.400      6.400    0.014  FAIL  
T_bug056                                                   75      0.100      6.000      6.000    0.018  FAIL  
T_bug113_38-47                                             10      0.300      1.200      1.700    0.006  PASS  
T_bug113_49-74                                             26      1.000      1.200      1.000    0.007  PASS  
T_bug126_U                                                  9      0.300      0.800      0.500    0.006  PASS  
T_bug414                                                    8      0.200      0.800      1.000    0.005  PASS  
T_bug999_stemr                                            600      0.000      0.700      0.800    1.828  PASS  
T_c-40                                                   9941        inf        inf        inf  600.000  FAIL  TIMEOUT
T_intel_57                                                 57      0.000      5.000      5.000    0.015  PASS  
T_matlab_nd_0500                                          500      0.100      5.700      5.700    1.095  FAIL  
T_matlab_nd_0750                                          750      0.100     12.100     12.100    3.364  FAIL  
T_matlab_nd_1250                                         1250      0.000     16.900     16.900   35.963  FAIL  
T_matlab_nd_1500                                         1500      0.000     12.600     12.600   70.179  FAIL  
T_matlab_nd_1750                                         1750      0.000     10.300     10.300  124.983  FAIL  
T_matlab_ud_0250                                          250      0.100      9.100      9.200    0.217  FAIL  
T_matlab_ud_0500                                          500      0.000      3.800      3.800    1.002  PASS  
T_matlab_ud_1000                                         1000      0.000      9.500      9.500   14.316  FAIL  
T_matlab_ud_1250                                         1250      0.100     20.800     20.800   36.252  FAIL  
T_matlab_ud_1750                                         1750      0.100     20.700     20.700  131.876  FAIL  
T_matlab_ud_2000                                         2000      0.100     32.500     32.600  197.622  FAIL  
T_matlab_ud_2250                                         2250      0.000     25.900     25.900  291.528  FAIL  
T_nasa1824                                               1824      0.000     11.100     11.100  151.949  FAIL  
T_nasa1824_1                                             1824      0.000     83.500     83.500  143.883  FAIL  
T_nasa1824_3                                             5472        inf        inf        inf  600.000  FAIL  TIMEOUT
T_nasa2146                                               2146      0.000     10.500     10.500  262.741  FAIL  
T_nasa2910                                               2910        inf        inf        inf  600.000  FAIL  TIMEOUT
T_nasa4704_1                                             4704        inf        inf        inf  600.000  FAIL  TIMEOUT
T_nos6                                                    675      0.000      3.100      3.100    2.806  PASS  
T_nos7                                                    729      0.000      2.500      2.500    3.253  PASS  
T_plat1919                                               1919      0.100      4.800      4.800  181.973  PASS  
T_sts4098_1                                              4098        inf        inf        inf  600.000  FAIL  TIMEOUT
T_zenios                                                 2873        inf        inf        inf  600.000  FAIL  TIMEOUT
Z_297                                                     297      0.000      0.400      0.400    0.340  PASS  
Z_297_flipped                                             297      0.000      1.200      1.200    0.334  PASS  
  SKIP plot_eig (tridiag): invalid literal for int() with base 10: 'T_bug414.eig'
sinc41                                                     41      0.300      1.300      1.300    0.010  PASS  
----------------------------------------------------------------------------------------------------------------------------------
PASS: 64/127    (15492.1s wall)

Failing (63), sorted by max(ortU,ortV) desc:
  T_Alemdar_1                                            n=  6245  res=       inf  ortU=       inf  ortV=       inf  TIMEOUT
  T_TSC_OPF_300                                          n=  9774  res=       inf  ortU=       inf  ortV=       inf  TIMEOUT
  T_bcsstkm10_3                                          n=  3258  res=       inf  ortU=       inf  ortV=       inf  TIMEOUT
  T_bcsstkm10_4                                          n=  4344  res=       inf  ortU=       inf  ortV=       inf  TIMEOUT
  T_bcsstkm11_3                                          n=  4419  res=       inf  ortU=       inf  ortV=       inf  TIMEOUT
  T_bcsstkm11_4                                          n=  5892  res=       inf  ortU=       inf  ortV=       inf  TIMEOUT
  T_bcsstkm12_3                                          n=  4419  res=       inf  ortU=       inf  ortV=       inf  TIMEOUT
  T_bcsstkm13_3                                          n=  6009  res=       inf  ortU=       inf  ortV=       inf  TIMEOUT
  T_c-40                                                 n=  9941  res=       inf  ortU=       inf  ortV=       inf  TIMEOUT
  T_nasa1824_3                                           n=  5472  res=       inf  ortU=       inf  ortV=       inf  TIMEOUT
  T_nasa2910                                             n=  2910  res=       inf  ortU=       inf  ortV=       inf  TIMEOUT
  T_nasa4704_1                                           n=  4704  res=       inf  ortU=       inf  ortV=       inf  TIMEOUT
  T_sts4098_1                                            n=  4098  res=       inf  ortU=       inf  ortV=       inf  TIMEOUT
  T_zenios                                               n=  2873  res=       inf  ortU=       inf  ortV=       inf  TIMEOUT
  T_W21_g_1e+12                                          n=  2100  res=     0.000  ortU=8306929.600  ortV=8306929.600  
  T_W21_g_1e+02                                          n=  2100  res=     0.000  ortU= 72265.300  ortV= 72265.300  
  T_W21_g_1e+06                                          n=  2100  res=     0.000  ortU=  8783.000  ortV=  8783.000  
  T_W21_g_1e+14                                          n=  2100  res=     0.000  ortU=  8580.800  ortV=  8580.800  
  STColl_B_Kimura_429                                    n=   429  res=    11.700  ortU=  1017.300  ortV=  1017.100  
  T_W21_g_1e+04                                          n=  2100  res=     0.000  ortU=   713.100  ortV=   713.100  
  T_SkewW21gve+3                                         n=  2100  res=     0.700  ortU=   661.300  ortV=   660.900  
  T_0007a                                                n=     7  res=     0.100  ortU=   288.100  ortV=   288.200  
  Lipshitz_4                                             n=  1088  res=     0.100  ortU=   206.000  ortV=   206.000  
  T_bcsstkm10_2                                          n=  2172  res=     0.000  ortU=   151.300  ortV=   151.300  
  T_nasa1824_1                                           n=  1824  res=     0.000  ortU=    83.500  ortV=    83.500  
  T_W21_g_1e-14                                          n=  2100  res=     0.000  ortU=    79.800  ortV=    79.800  
  T_0016_smalleig                                        n=    16  res=     0.500  ortU=    73.000  ortV=    73.200  
  T_0010_stexrfailure_TGK                                n=    20  res=     0.200  ortU=    37.100  ortV=    37.300  
  T_matlab_ud_2000                                       n=  2000  res=     0.100  ortU=    32.500  ortV=    32.600  
  T_W21_g_1e-04                                          n=  2100  res=     0.100  ortU=    30.600  ortV=    30.600  
  T_matlab_ud_2250                                       n=  2250  res=     0.000  ortU=    25.900  ortV=    25.900  
  T_matlab_ud_1250                                       n=  1250  res=     0.100  ortU=    20.800  ortV=    20.800  
  T_matlab_ud_1750                                       n=  1750  res=     0.100  ortU=    20.700  ortV=    20.700  
  T_matlab_nd_1250                                       n=  1250  res=     0.000  ortU=    16.900  ortV=    16.900  
  T_bcsstkm12_1                                          n=  1473  res=     0.000  ortU=    15.000  ortV=    15.000  
  T_Godunov_1e-7                                         n=  2500  res=     0.000  ortU=    13.900  ortV=    13.900  
  T_bcsstkm01_3                                          n=   144  res=     0.100  ortU=    13.700  ortV=    13.700  
  T_matlab_nd_1500                                       n=  1500  res=     0.000  ortU=    12.600  ortV=    12.600  
  Fournier_100                                           n=   100  res=     0.200  ortU=    12.200  ortV=    12.200  
  T_matlab_nd_0750                                       n=   750  res=     0.100  ortU=    12.100  ortV=    12.100  
  T_SkewW21gve+6                                         n=  2100  res=     0.000  ortU=    11.400  ortV=    11.400  
  T_nasa1824                                             n=  1824  res=     0.000  ortU=    11.100  ortV=    11.100  
  T_nasa2146                                             n=  2146  res=     0.000  ortU=    10.500  ortV=    10.500  
  T_W21_g_1e-13                                          n=  2100  res=     0.000  ortU=    10.300  ortV=    10.300  
  T_matlab_nd_1750                                       n=  1750  res=     0.000  ortU=    10.300  ortV=    10.300  
  T_matlab_ud_1000                                       n=  1000  res=     0.000  ortU=     9.500  ortV=     9.500  
  T_0125b                                                n=   125  res=     0.000  ortU=     9.300  ortV=     9.300  
  T_matlab_ud_0250                                       n=   250  res=     0.100  ortU=     9.100  ortV=     9.200  
  T_Godunov_1e-4                                         n=  2500  res=     0.000  ortU=     9.000  ortV=     9.000  
  T_W21_g_1e-08                                          n=  2100  res=     0.000  ortU=     8.400  ortV=     8.400  
  T_1000                                                 n=  1000  res=     0.000  ortU=     8.300  ortV=     8.300  
  Lipshitz_3                                             n=  1087  res=     0.100  ortU=     7.800  ortV=     7.800  
  T_Godunov_1e-6                                         n=  2500  res=     0.000  ortU=     7.400  ortV=     7.400  
  Fann04                                                 n=   300  res=     0.200  ortU=     7.100  ortV=     7.100  
  T_339                                                  n=   339  res=     0.100  ortU=     6.500  ortV=     6.500  
  T_bug032_4                                             n=    60  res=     0.000  ortU=     6.400  ortV=     6.400  
  T_Godunov_1e-5                                         n=  2500  res=     0.000  ortU=     6.300  ortV=     6.300  
  T_W21_g_1e-09                                          n=  2100  res=     0.000  ortU=     6.100  ortV=     6.100  
  T_bug056                                               n=    75  res=     0.100  ortU=     6.000  ortV=     6.000  
  T_W21_g_1e-07                                          n=  2100  res=     0.000  ortU=     5.900  ortV=     5.900  
  T_W21_g_1e+00                                          n=  2100  res=     0.000  ortU=     5.800  ortV=     5.800  
  T_matlab_nd_0500                                       n=   500  res=     0.100  ortU=     5.700  ortV=     5.700  
  T_Godunov_1e-2                                         n=  2500  res=     0.000  ortU=     5.600  ortV=     5.600  

