==============================================================================================================
BidiagonalSVD evaluation -- suite=pract  solver=selfcontained  norms=paper
==============================================================================================================
Solver:     self-contained-fortran-bidiagsvd / mr3gk_run (lab)
Source:     python_fortran/self-contained-fortran-bidiagsvd/
Metric:     Willems-Lang 2012 paper-norm (res=per-triplet 2-norm)
Generator:  generate_pract  (self-contained-fortran-bidiagsvd/test_synth_pract.py:358)
Thresholds: res<=7 n.eps,  ortU/ortV<=5 n.eps
Timeout:    600.0s/matrix
==============================================================================================================

Matrix                                                      n        res       ortU       ortV    dt(s)  status  note
----------------------------------------------------------------------------------------------------------------------------------

=== Adversarial Matrices (n=10) ===
  exponential_graded                  n=  10  res=   0.754  ortU=   0.226  ortV=   0.100  t=0.0059s  PASS
  glued_repeated                      n=  10  res=   0.800  ortU=   0.484  ortV=   0.479  t=0.0070s  PASS
  saw_tooth                           n=  10  res=   0.784  ortU=   0.206  ortV=   0.195  t=0.0039s  PASS
  stemr_killer                        n=  10  res=   0.754  ortU=   0.100  ortV=   0.450  t=0.0042s  PASS
  huge_condition                      n=  10  res=   0.778  ortU=   0.400  ortV=   0.200  t=0.0059s  PASS
  spike                               n=  10  res=   0.768  ortU=   0.296  ortV=   0.300  t=0.0055s  PASS
  wilkinson_like                      n=  10  res=   0.600  ortU=   0.337  ortV=   0.364  t=0.0040s  PASS
  two_clusters                        n=  10  res=   0.750  ortU=   0.154  ortV=   0.101  t=0.0059s  PASS
  random_uniform                      n=  10  res=   0.743  ortU=   0.200  ortV=   0.250  t=0.0038s  PASS
  diagonal_only                       n=  10  res=   0.000  ortU=   0.000  ortV=   0.000  t=0.0038s  PASS
  constant                            n=  10  res=   0.000  ortU=   0.000  ortV=   0.000  t=0.0039s  PASS
  all_equal_nontrivial                n=  10  res=   0.950  ortU=   0.571  ortV=   0.552  t=0.0044s  PASS
  one_big_cluster                     n=  10  res=   1.100  ortU=   0.728  ortV=   0.801  t=0.0042s  PASS
  arithmetic_progression              n=  10  res=   0.537  ortU=   0.270  ortV=   0.300  t=0.0063s  PASS
  many_near_zero                      n=  10  res=   0.607  ortU=   0.150  ortV=   0.150  t=0.0035s  PASS
  random_dense_clusters               n=  10  res=   0.905  ortU=   0.201  ortV=   0.300  t=0.0045s  PASS
  constant_d_graded_e                 n=  10  res=   0.750  ortU=   0.150  ortV=   0.100  t=0.0043s  PASS
  random_clustered_5                  n=  10  res=   0.707  ortU=   0.200  ortV=   0.150  t=0.0060s  PASS
  alternating_sign                    n=  10  res=   1.150  ortU=   1.135  ortV=   1.139  t=0.0038s  PASS
  step_function                       n=  10  res=   1.353  ortU=   0.986  ortV=   0.970  t=0.0044s  PASS
  three_clusters                      n=  10  res=   0.795  ortU=   5.083  ortV=   5.078  t=0.0059s  FAIL
  random_sparse_e                     n=  10  res=   0.799  ortU=   0.150  ortV=   0.200  t=0.0036s  PASS
  chkbd                               n=  10  res=   0.754  ortU=   0.100  ortV=   0.450  t=0.0062s  PASS
  marques_graded                      n=  10  res=   0.754  ortU=   0.100  ortV=   0.200  t=0.0039s  PASS
  gl_abcon0                           n=  10  res=   0.800  ortU=   0.484  ortV=   0.479  t=0.0043s  PASS
  gl_abcon1                           n=  10  res=   0.850  ortU=   1.186  ortV=   1.095  t=0.0043s  PASS
  gl_abcon2                           n=  10  res=   0.640  ortU=   0.188  ortV=   0.154  t=0.0041s  PASS
  gl_abcon3                           n=  10  res=   0.850  ortU=   1.207  ortV=   1.204  t=0.0042s  PASS
  gl_random                           n=  10  res=   0.603  ortU=   0.103  ortV=   0.250  t=0.0041s  PASS
  gl_gradp                            n=  10  res=   0.725  ortU=   0.200  ortV=   0.200  t=0.0041s  PASS
  gl_gradm                            n=  10  res=   0.753  ortU=   0.200  ortV=   0.150  t=0.0041s  PASS
  gl_wilkp                            n=  10  res=   0.550  ortU=   0.250  ortV=   0.200  t=0.0040s  PASS
  gl_wilkm                            n=  10  res=   0.578  ortU=   0.667  ortV=   0.698  t=0.0039s  PASS
  gl_wilkw                            n=  10  res=   0.960  ortU=   0.664  ortV=   0.696  t=0.0041s  PASS
  gl_wilk2w                           n=  10  res=   0.674  ortU=   0.143  ortV=   0.150  t=0.0041s  PASS
  gl_clement                          n=  10  res=   0.040  ortU=   0.000  ortV=   0.000  t=0.0039s  PASS
  gl_gro0                             n=  10  res=   0.700  ortU=   0.300  ortV=   0.194  t=0.0040s  PASS
  gl_gro1                             n=  10  res=   0.750  ortU=   0.205  ortV=   0.383  t=0.0041s  PASS
  gl_gro2                             n=  10  res=   0.600  ortU=   0.150  ortV=   0.102  t=0.0063s  PASS
  gl_gro3                             n=  10  res=   0.754  ortU=   0.150  ortV=   0.200  t=0.0036s  PASS
  gl_bwilkp                           n=  10  res=   0.480  ortU=   0.462  ortV=   0.510  t=0.0040s  PASS
  gl_ones                             n=  10  res=   0.000  ortU=   0.000  ortV=   0.000  t=0.0037s  PASS
  gl_uniform_eps                      n=  10  res=   0.000  ortU=   0.000  ortV=   0.000  t=0.0038s  PASS
  gl_uniform_sqrteps                  n=  10  res=   0.000  ortU=   0.000  ortV=   0.000  t=0.0038s  PASS
  gl_uniform_eps_to_1                 n=  10  res=   0.000  ortU=   0.000  ortV=   0.000  t=0.0038s  PASS
  gl_geometric_eps_to_1               n=  10  res=   0.000  ortU=   0.000  ortV=   0.000  t=0.0037s  PASS
  gl_random_spectrum                  n=  10  res=   0.746  ortU=   0.250  ortV=   0.300  t=0.0041s  PASS
  gl_clustered_at_1                   n=  10  res=   0.000  ortU=   0.000  ortV=   0.000  t=0.0038s  PASS
  gl_clustered_at_pm1                 n=  10  res=   0.000  ortU=   0.000  ortV=   0.000  t=0.0039s  PASS
  gl_clustered_at_eps                 n=  10  res=   0.000  ortU=   0.000  ortV=   0.000  t=0.0040s  PASS
  gl_clustered_at_pmeps               n=  10  res=   0.000  ortU=   0.000  ortV=   0.000  t=0.0039s  PASS
  demmel_S1pe                         n=  10  res=   0.010  ortU=   0.000  ortV=   0.000  t=0.0041s  PASS
  demmel_S1ps                         n=  10  res=   0.754  ortU=   1.473  ortV=   1.489  t=0.0041s  PASS
  demmel_S2pe                         n=  10  res=   0.963  ortU=   1.010  ortV=   0.942  t=0.0065s  PASS
  demmel_S2ps                         n=  10  res=   0.754  ortU=   0.829  ortV=   0.777  t=0.0038s  PASS
  demmel_W1                           n=  10  res=   0.702  ortU=   0.000  ortV=   0.000  t=0.0042s  PASS
  demmel_W2                           n=  10  res=   0.754  ortU=   0.190  ortV=   0.150  t=0.0044s  PASS
  demmel_W3                           n=  10  res=   0.684  ortU=   0.218  ortV=   0.248  t=0.0043s  PASS
  demmel_G1                           n=  10  res=   0.754  ortU=   0.200  ortV=   0.250  t=0.0044s  PASS
  demmel_G1s                          n=  10  res=   0.754  ortU=   0.200  ortV=   0.100  t=0.0042s  PASS
  demmel_U1                           n=  10  res=   0.597  ortU=   0.200  ortV=   0.350  t=0.0044s  PASS
  demmel_U1s                          n=  10  res=   0.806  ortU=   0.150  ortV=   0.200  t=0.0044s  PASS
  wilkinson_exact                     n=  10  res=   0.400  ortU=   0.150  ortV=   0.250  t=0.0043s  PASS
  glued_wilkinson                     n=  10  res=   0.533  ortU=   0.104  ortV=   0.150  t=0.0042s  PASS
  glued_wilkinson_tight               n=  10  res=   0.600  ortU=   0.104  ortV=   0.147  t=0.0042s  PASS
  wl_example48                        n=  10  res=   0.742  ortU=   0.273  ortV=   0.224  t=0.0043s  PASS
  pd_T0                               n=  10  res=   1.800  ortU=   1.266  ortV=   1.293  t=0.0044s  PASS
  pd_T1                               n=  10  res=   0.450  ortU=   0.150  ortV=   0.150  t=0.0044s  PASS
  zero_diagonal                       n=  10  res=   0.000  ortU=   0.000  ortV=   0.000  t=0.0040s  PASS
  single_element                      n=   1  res=   0.000  ortU=   0.000  ortV=   0.000  t=0.0040s  PASS
  near_overflow                       n=  10  res=   0.573  ortU=   0.225  ortV=   0.233  t=0.0045s  PASS
  near_underflow                      n=  10  res=   0.726  ortU=   0.292  ortV=   0.324  t=0.0044s  PASS
  mixed_signs                         n=  10  res=   0.912  ortU=   0.274  ortV=   0.295  t=0.0048s  PASS
  checkerboard                        n=  10  res=   0.100  ortU=   0.200  ortV=   0.300  t=0.0042s  PASS
  exponential_graded_k4               n=  10  res=   0.754  ortU=   0.104  ortV=   0.150  t=0.0045s  PASS
  exponential_graded_k8               n=  10  res=   0.754  ortU=   0.200  ortV=   0.150  t=0.0045s  PASS
  exponential_graded_k12              n=  10  res=   0.754  ortU=   0.200  ortV=   0.101  t=0.0063s  PASS
  stemr_killer_k5                     n=  10  res=   0.754  ortU=   0.200  ortV=   0.100  t=0.0039s  PASS
  stemr_killer_k10                    n=  10  res=   0.754  ortU=   0.150  ortV=   0.150  t=0.0043s  PASS
  huge_condition_k5                   n=  10  res=   0.754  ortU=   0.200  ortV=   0.200  t=0.0044s  PASS
  huge_condition_k10                  n=  10  res=   0.754  ortU=   0.150  ortV=   0.250  t=0.0043s  PASS
  demmel_G1_k4                        n=  10  res=   0.754  ortU=   0.200  ortV=   0.526  t=0.0043s  PASS
  demmel_G1_k8                        n=  10  res=   0.754  ortU=   0.100  ortV=   0.100  t=0.0042s  PASS
  demmel_G1_k12                       n=  10  res=   0.754  ortU=   0.200  ortV=   0.100  t=0.0044s  PASS
  demmel_S1pe_k4                      n=  10  res=   0.754  ortU=   1.744  ortV=   1.765  t=0.0043s  PASS
  demmel_S1pe_k8                      n=  10  res=   0.754  ortU=   2.454  ortV=   2.478  t=0.0044s  PASS
  chkbd_4                             n=   4  res=   1.567  ortU=   0.250  ortV=   0.250  t=0.0060s  PASS
  chkbd_16                            n=  16  res=   0.471  ortU=   0.062  ortV=   0.281  t=0.0040s  PASS
  marques_graded_k4                   n=  10  res=   0.754  ortU=   0.200  ortV=   0.200  t=0.0043s  PASS
  marques_graded_k8                   n=  10  res=   0.754  ortU=   0.200  ortV=   0.250  t=0.0062s  PASS

=== Adversarial Matrices (n=100) ===
  exponential_graded                  n= 100  res=   1.182  ortU=   0.181  ortV=   0.305  t=0.0145s  PASS
  glued_repeated                      n= 100  res=   0.150  ortU=   0.117  ortV=   0.116  t=0.0092s  PASS
  saw_tooth                           n= 100  res=   0.120  ortU=   0.654  ortV=   0.662  t=0.0185s  PASS
  stemr_killer                        n= 100  res=   1.424  ortU=   0.028  ortV=   0.055  t=0.0134s  PASS
  huge_condition                      n= 100  res=   1.580  ortU=   0.355  ortV=   0.279  t=0.0176s  PASS
  spike                               n= 100  res=   0.080  ortU=   0.432  ortV=   0.431  t=0.0237s  PASS
  wilkinson_like                      n= 100  res=   0.107  ortU=   0.364  ortV=   0.357  t=0.0250s  PASS
  two_clusters                        n= 100  res=   0.160  ortU=   0.617  ortV=   0.616  t=0.0141s  PASS
  random_uniform                      n= 100  res=   0.079  ortU=   0.096  ortV=   0.092  t=0.0275s  PASS
  diagonal_only                       n= 100  res=   0.000  ortU=   0.000  ortV=   0.000  t=0.0124s  PASS
  constant                            n= 100  res=   0.000  ortU=   0.000  ortV=   0.000  t=0.0104s  PASS
  all_equal_nontrivial                n= 100  res=   0.334  ortU=   0.942  ortV=   0.929  t=0.0533s  PASS
  one_big_cluster                     n= 100  res=   0.398  ortU=   0.420  ortV=   0.423  t=0.0209s  PASS
  arithmetic_progression              n= 100  res=   0.098  ortU=   0.257  ortV=   0.256  t=0.0294s  PASS
  many_near_zero                      n= 100  res=   0.061  ortU=   0.015  ortV=   0.015  t=0.0072s  PASS
  random_dense_clusters               n= 100  res=   0.854  ortU=   3.302  ortV=   3.312  t=0.0260s  PASS
  constant_d_graded_e                 n= 100  res=   1.735  ortU=   1.581  ortV=   1.583  t=0.0170s  PASS
  random_clustered_5                  n= 100  res=   0.113  ortU=   0.256  ortV=   0.259  t=0.0146s  PASS
  alternating_sign                    n= 100  res=   0.418  ortU=   2.410  ortV=   2.398  t=0.0269s  PASS
  step_function                       n= 100  res=   0.744  ortU=   2.536  ortV=   2.540  t=0.0262s  PASS
  three_clusters                      n= 100  res=   0.105  ortU=   0.301  ortV=   0.294  t=0.0176s  PASS
  random_sparse_e                     n= 100  res=   0.066  ortU=   0.013  ortV=   0.020  t=0.0068s  PASS
  chkbd                               n= 100  res=   0.077  ortU=   0.025  ortV=   0.020  t=0.0064s  PASS
  marques_graded                      n= 100  res=   0.108  ortU=   0.182  ortV=   0.214  t=0.0216s  PASS
  gl_abcon0                           n= 100  res=   0.583  ortU=   3.691  ortV=   3.696  t=0.0261s  PASS
  gl_abcon1                           n= 100  res=   0.410  ortU=   1.729  ortV=   1.745  t=0.0266s  PASS
  gl_abcon2                           n= 100  res=   0.279  ortU=   0.439  ortV=   0.445  t=0.0244s  PASS
  gl_abcon3                           n= 100  res=   0.504  ortU=   1.309  ortV=   1.313  t=0.0260s  PASS
  gl_random                           n= 100  res=   0.115  ortU=   0.115  ortV=   0.091  t=0.0291s  PASS
  gl_gradp                            n= 100  res=   0.640  ortU=   0.084  ortV=   0.020  t=0.0211s  PASS
  gl_gradm                            n= 100  res=   1.280  ortU=   0.030  ortV=   0.091  t=0.0093s  PASS
  gl_wilkp                            n= 100  res=   0.150  ortU=   0.179  ortV=   0.177  t=0.0163s  PASS
  gl_wilkm                            n= 100  res=   0.229  ortU=   1.056  ortV=   1.047  t=0.0169s  PASS
  gl_wilkw                            n= 100  res=   0.525  ortU=   2.716  ortV=   2.705  t=0.0270s  PASS
  gl_wilk2w                           n= 100  res=   0.264  ortU=   0.546  ortV=   0.545  t=0.0258s  PASS
  gl_clement                          n= 100  res=   0.003  ortU=   0.000  ortV=   0.000  t=0.0068s  PASS
  gl_gro0                             n= 100  res=   0.578  ortU=   1.171  ortV=   1.165  t=0.0261s  PASS
  gl_gro1                             n= 100  res=   0.120  ortU=   0.185  ortV=   0.181  t=0.0261s  PASS
  gl_gro2                             n= 100  res=   0.060  ortU=   0.015  ortV=   0.010  t=0.0062s  PASS
  gl_gro3                             n= 100  res=   1.412  ortU=   0.297  ortV=   0.201  t=0.0157s  PASS
  gl_bwilkp                           n= 100  res=   0.571  ortU=   1.436  ortV=   1.440  t=0.0168s  PASS
  gl_ones                             n= 100  res=   0.000  ortU=   0.000  ortV=   0.000  t=0.0051s  PASS
  gl_uniform_eps                      n= 100  res=   0.000  ortU=   0.000  ortV=   0.000  t=0.0048s  PASS
  gl_uniform_sqrteps                  n= 100  res=   0.000  ortU=   0.000  ortV=   0.000  t=0.0047s  PASS
  gl_uniform_eps_to_1                 n= 100  res=   0.005  ortU=   0.000  ortV=   0.000  t=0.0048s  PASS
  gl_geometric_eps_to_1               n= 100  res=   0.000  ortU=   0.000  ortV=   0.000  t=0.0100s  PASS
  gl_random_spectrum                  n= 100  res=   0.081  ortU=   0.098  ortV=   0.096  t=0.0476s  PASS
  gl_clustered_at_1                   n= 100  res=   0.000  ortU=   0.000  ortV=   0.000  t=0.0068s  PASS
  gl_clustered_at_pm1                 n= 100  res=   0.000  ortU=   0.000  ortV=   0.000  t=0.0067s  PASS
  gl_clustered_at_eps                 n= 100  res=   0.003  ortU=   0.000  ortV=   0.000  t=0.0063s  PASS
  gl_clustered_at_pmeps               n= 100  res=   0.003  ortU=   0.000  ortV=   0.000  t=0.0062s  PASS
  demmel_S1pe                         n= 100  res=   0.001  ortU=   0.000  ortV=   0.000  t=0.0058s  PASS
  demmel_S1ps                         n= 100  res=   0.080  ortU=   5.608  ortV=   5.620  t=0.0355s  FAIL
  demmel_S2pe                         n= 100  res=   0.754  ortU=   3.961  ortV=   3.969  t=0.0260s  PASS
  demmel_S2ps                         n= 100  res=   0.500  ortU=   1.461  ortV=   1.477  t=0.0226s  PASS
  demmel_W1                           n= 100  res=   0.098  ortU=   0.010  ortV=   0.000  t=0.0067s  PASS
  demmel_W2                           n= 100  res=   0.080  ortU=   0.648  ortV=   0.643  t=0.0199s  PASS
  demmel_W3                           n= 100  res=   0.107  ortU=   0.402  ortV=   0.401  t=0.0237s  PASS
  demmel_G1                           n= 100  res=   0.842  ortU=   0.070  ortV=   0.030  t=0.0155s  PASS
  demmel_G1s                          n= 100  res=   0.110  ortU=   0.185  ortV=   0.159  t=0.0387s  PASS
  demmel_U1                           n= 100  res=   0.183  ortU=   0.564  ortV=   0.572  t=0.0377s  PASS
  demmel_U1s                          n= 100  res=   0.145  ortU=   0.398  ortV=   0.419  t=0.0332s  PASS
  wilkinson_exact                     n= 100  res=   0.173  ortU=   0.185  ortV=   0.193  t=0.0199s  PASS
  glued_wilkinson                     n= 100  res=   0.176  ortU=   0.154  ortV=   0.156  t=0.0255s  PASS
  glued_wilkinson_tight               n= 100  res=   0.137  ortU=   0.175  ortV=   0.173  t=0.0160s  PASS
  wl_example48                        n= 100  res=   0.216  ortU=   0.320  ortV=   0.315  t=0.0290s  PASS
  pd_T0                               n= 100  res=   0.529  ortU=   1.156  ortV=   1.155  t=0.0261s  PASS
  pd_T1                               n= 100  res=   0.271  ortU=   0.300  ortV=   0.305  t=0.0504s  PASS
  zero_diagonal                       n= 100  res=   0.000  ortU=   0.000  ortV=   0.000  t=0.0097s  PASS
  single_element                      n=   1  res=   0.000  ortU=   0.000  ortV=   0.000  t=0.0059s  PASS
  near_overflow                       n= 100  res=   0.080  ortU=   0.053  ortV=   0.048  t=0.0487s  PASS
  near_underflow                      n= 100  res=   0.079  ortU=   0.060  ortV=   0.064  t=0.0298s  PASS
  mixed_signs                         n= 100  res=   0.313  ortU=   0.588  ortV=   0.580  t=0.0334s  PASS
  checkerboard                        n= 100  res=   0.279  ortU=   0.050  ortV=   0.095  t=0.0134s  PASS
  exponential_graded_k4               n= 100  res=   0.080  ortU=   0.059  ortV=   0.064  t=0.0239s  PASS
  exponential_graded_k8               n= 100  res=   0.080  ortU=   0.034  ortV=   0.036  t=0.0448s  PASS
  exponential_graded_k12              n= 100  res=   0.080  ortU=   0.080  ortV=   0.051  t=0.0293s  PASS
  stemr_killer_k5                     n= 100  res=   0.099  ortU=   0.045  ortV=   0.046  t=0.0321s  PASS
  stemr_killer_k10                    n= 100  res=   0.128  ortU=   1.193  ortV=   0.734  t=0.0512s  PASS
  huge_condition_k5                   n= 100  res=   0.080  ortU=   0.192  ortV=   0.212  t=0.0537s  PASS
  huge_condition_k10                  n= 100  res=   0.080  ortU=   0.108  ortV=   0.085  t=0.0368s  PASS
  demmel_G1_k4                        n= 100  res=   0.080  ortU=   0.069  ortV=   0.067  t=0.0346s  PASS
  demmel_G1_k8                        n= 100  res=   0.080  ortU=   0.257  ortV=   0.226  t=0.0302s  PASS
  demmel_G1_k12                       n= 100  res=   0.112  ortU=   0.213  ortV=   0.160  t=0.0474s  PASS
  demmel_S1pe_k4                      n= 100  res=   0.080  ortU=   2.966  ortV=   2.952  t=0.0520s  PASS
  demmel_S1pe_k8                      n= 100  res=   0.080  ortU=   3.372  ortV=   3.383  t=0.0421s  PASS
  chkbd_4                             n=   4  res=   1.567  ortU=   0.250  ortV=   0.250  t=0.0068s  PASS
  chkbd_16                            n=  16  res=   0.471  ortU=   0.062  ortV=   0.281  t=0.0059s  PASS
  marques_graded_k4                   n= 100  res=   0.082  ortU=   0.333  ortV=   0.307  t=0.0417s  PASS
  marques_graded_k8                   n= 100  res=   0.080  ortU=   0.053  ortV=   0.043  t=0.0326s  PASS

=== Adversarial Matrices (n=200) ===
  exponential_graded                  n= 200  res=   1.484  ortU=   0.301  ortV=   0.362  t=0.0606s  PASS
  glued_repeated                      n= 200  res=   0.065  ortU=   0.067  ortV=   0.069  t=0.0228s  PASS
  saw_tooth                           n= 200  res=   0.082  ortU=   0.962  ortV=   0.962  t=0.0657s  PASS
  stemr_killer                        n= 200  res=   1.594  ortU=   0.210  ortV=   0.259  t=0.0379s  PASS
  huge_condition                      n= 200  res=   1.694  ortU=   0.370  ortV=   0.307  t=0.0526s  PASS
  spike                               n= 200  res=   0.040  ortU=   0.369  ortV=   0.370  t=0.0779s  PASS
  wilkinson_like                      n= 200  res=   0.136  ortU=   0.150  ortV=   0.152  t=0.0839s  PASS
  two_clusters                        n= 200  res=   0.063  ortU=   0.512  ortV=   0.509  t=0.0414s  PASS
  random_uniform                      n= 200  res=   0.114  ortU=   0.206  ortV=   0.210  t=0.0977s  PASS
  diagonal_only                       n= 200  res=   0.000  ortU=   0.000  ortV=   0.000  t=0.0265s  PASS
  constant                            n= 200  res=   0.000  ortU=   0.000  ortV=   0.000  t=0.0255s  PASS
  all_equal_nontrivial                n= 200  res=   0.258  ortU=   2.426  ortV=   2.431  t=0.1214s  PASS
  one_big_cluster                     n= 200  res=   0.856  ortU=   0.593  ortV=   0.589  t=0.0490s  PASS
  arithmetic_progression              n= 200  res=   0.058  ortU=   0.456  ortV=   0.482  t=0.1074s  PASS
  many_near_zero                      n= 200  res=   0.030  ortU=   0.007  ortV=   0.007  t=0.0141s  PASS
  random_dense_clusters               n= 200  res=   0.560  ortU=   1.251  ortV=   1.255  t=0.0911s  PASS
  constant_d_graded_e                 n= 200  res=   1.766  ortU=   0.656  ortV=   0.655  t=0.0520s  PASS
  random_clustered_5                  n= 200  res=   0.952  ortU=   0.487  ortV=   0.489  t=0.0205s  PASS
  alternating_sign                    n= 200  res=   0.231  ortU=   1.807  ortV=   1.816  t=0.0890s  PASS
  step_function                       n= 200  res=   0.449  ortU=   2.998  ortV=   2.994  t=0.0879s  PASS
  three_clusters                      n= 200  res=   0.080  ortU=   0.491  ortV=   0.491  t=0.0503s  PASS
  random_sparse_e                     n= 200  res=   0.040  ortU=   0.007  ortV=   0.010  t=0.0144s  PASS
  chkbd                               n= 200  res=   0.038  ortU=   0.013  ortV=   0.010  t=0.0131s  PASS
  marques_graded                      n= 200  res=   0.041  ortU=   0.441  ortV=   0.400  t=0.0732s  PASS
  gl_abcon0                           n= 200  res=   0.215  ortU=   1.457  ortV=   1.463  t=0.0900s  PASS
  gl_abcon1                           n= 200  res=   0.249  ortU=   3.041  ortV=   3.037  t=0.1595s  PASS
  gl_abcon2                           n= 200  res=   0.612  ortU=   1.044  ortV=   1.047  t=0.0926s  PASS
  gl_abcon3                           n= 200  res=   0.313  ortU=   0.905  ortV=   0.902  t=0.1561s  PASS
  gl_random                           n= 200  res=   0.100  ortU=   0.147  ortV=   0.144  t=0.1648s  PASS
  gl_gradp                            n= 200  res=   0.640  ortU=   0.064  ortV=   0.118  t=0.0340s  PASS
  gl_gradm                            n= 200  res=   1.280  ortU=   0.015  ortV=   0.046  t=0.0275s  PASS
  gl_wilkp                            n= 200  res=   0.281  ortU=   0.367  ortV=   0.367  t=0.0613s  PASS
  gl_wilkm                            n= 200  res=   0.143  ortU=   1.038  ortV=   1.043  t=0.0573s  PASS
  gl_wilkw                            n= 200  res=   0.166  ortU=22517998136852.480  ortV=   1.690  t=0.0935s  FAIL
  gl_wilk2w                           n= 200  res=   0.876  ortU=22517998136852.480  ortV=   1.153  t=0.0909s  FAIL
  gl_clement                          n= 200  res=   0.002  ortU=   0.000  ortV=   0.000  t=0.0152s  PASS
  gl_gro0                             n= 200  res=   0.682  ortU=   0.773  ortV=   0.766  t=0.0906s  PASS
  gl_gro1                             n= 200  res=   0.075  ortU=   0.429  ortV=   0.429  t=0.1247s  PASS
  gl_gro2                             n= 200  res=   0.030  ortU=   0.007  ortV=   0.005  t=0.0188s  PASS
  gl_gro3                             n= 200  res=   1.293  ortU=   0.201  ortV=   0.237  t=0.0632s  PASS
  gl_bwilkp                           n= 200  res=   0.275  ortU=   0.826  ortV=   0.826  t=0.0598s  PASS
  gl_ones                             n= 200  res=   0.000  ortU=   0.000  ortV=   0.000  t=0.0135s  PASS
  gl_uniform_eps                      n= 200  res=   0.000  ortU=   0.000  ortV=   0.000  t=0.0129s  PASS
  gl_uniform_sqrteps                  n= 200  res=   0.000  ortU=   0.000  ortV=   0.000  t=0.0125s  PASS
  gl_uniform_eps_to_1                 n= 200  res=   0.003  ortU=   0.000  ortV=   0.000  t=0.0125s  PASS
  gl_geometric_eps_to_1               n= 200  res=   0.000  ortU=   0.000  ortV=   0.000  t=0.0125s  PASS
  gl_random_spectrum                  n= 200  res=   0.072  ortU=   0.124  ortV=   0.123  t=0.0983s  PASS
  gl_clustered_at_1                   n= 200  res=   0.000  ortU=   0.000  ortV=   0.000  t=0.0131s  PASS
  gl_clustered_at_pm1                 n= 200  res=   0.000  ortU=   0.000  ortV=   0.000  t=0.0127s  PASS
  gl_clustered_at_eps                 n= 200  res=   0.002  ortU=   0.000  ortV=   0.000  t=0.0124s  PASS
  gl_clustered_at_pmeps               n= 200  res=   0.002  ortU=   0.000  ortV=   0.000  t=0.0123s  PASS
  demmel_S1pe                         n= 200  res=   0.001  ortU=   0.000  ortV=   0.000  t=0.0126s  PASS
  demmel_S1ps                         n= 200  res=   0.040  ortU=   5.760  ortV=   5.761  t=0.0636s  FAIL
  demmel_S2pe                         n= 200  res=   0.296  ortU=   2.012  ortV=   2.007  t=0.0334s  PASS
  demmel_S2ps                         n= 200  res=   0.280  ortU=   3.057  ortV=   3.051  t=0.1223s  PASS
  demmel_W1                           n= 200  res=   0.099  ortU=   0.000  ortV=   0.000  t=0.0258s  PASS
  demmel_W2                           n= 200  res=   0.040  ortU=   0.521  ortV=   0.521  t=0.1107s  PASS
  demmel_W3                           n= 200  res=   0.098  ortU=   0.603  ortV=   0.601  t=0.0927s  PASS
  demmel_G1                           n= 200  res=   0.919  ortU=   0.158  ortV=   0.139  t=0.0930s  PASS
  demmel_G1s                          n= 200  res=   0.260  ortU=   0.508  ortV=   0.467  t=0.1351s  PASS
  demmel_U1                           n= 200  res=   0.134  ortU=   0.444  ortV=   0.477  t=0.1008s  PASS
  demmel_U1s                          n= 200  res=   0.117  ortU=   0.474  ortV=   0.469  t=0.0849s  PASS
  wilkinson_exact                     n= 200  res=   0.290  ortU=   0.419  ortV=   0.426  t=0.0515s  PASS
  glued_wilkinson                     n= 200  res=   0.089  ortU=   0.078  ortV=   0.082  t=0.0981s  PASS
  glued_wilkinson_tight               n= 200  res=   0.165  ortU=   0.258  ortV=   0.260  t=0.0484s  PASS
  wl_example48                        n= 200  res=   0.044  ortU=   0.076  ortV=   0.074  t=0.1037s  PASS
  pd_T0                               n= 200  res=   0.393  ortU=   1.480  ortV=   1.477  t=0.1495s  PASS
  pd_T1                               n= 200  res=   0.135  ortU=   0.340  ortV=   0.340  t=0.1279s  PASS
  zero_diagonal                       n= 200  res=   0.000  ortU=   0.000  ortV=   0.000  t=0.0172s  PASS
  single_element                      n=   1  res=   0.000  ortU=   0.000  ortV=   0.000  t=0.0057s  PASS
  near_overflow                       n= 200  res=   0.057  ortU=   0.372  ortV=   0.331  t=0.0691s  PASS
  near_underflow                      n= 200  res=   0.040  ortU=   0.269  ortV=   0.291  t=0.0731s  PASS
  mixed_signs                         n= 200  res=   0.048  ortU=   0.115  ortV=   0.116  t=0.1013s  PASS
  checkerboard                        n= 200  res=   0.393  ortU=   0.035  ortV=   0.045  t=0.0441s  PASS
  exponential_graded_k4               n= 200  res=   0.040  ortU=   0.303  ortV=   0.319  t=0.0801s  PASS
  exponential_graded_k8               n= 200  res=   0.078  ortU=   0.489  ortV=   0.535  t=0.0731s  PASS
  exponential_graded_k12              n= 200  res=   0.090  ortU=   0.408  ortV=   0.468  t=0.1246s  PASS
  stemr_killer_k5                     n= 200  res=   0.048  ortU=   0.414  ortV=   0.391  t=0.1215s  PASS
  stemr_killer_k10                    n= 200  res=   0.050  ortU=   0.151  ortV=   0.135  t=0.0698s  PASS
  huge_condition_k5                   n= 200  res=   0.040  ortU=   0.334  ortV=   0.317  t=0.0786s  PASS
  huge_condition_k10                  n= 200  res=   0.040  ortU=   0.386  ortV=   0.435  t=0.0696s  PASS
  demmel_G1_k4                        n= 200  res=   0.066  ortU=   0.405  ortV=   0.423  t=0.0796s  PASS
  demmel_G1_k8                        n= 200  res=   0.042  ortU=   0.639  ortV=   0.597  t=0.0732s  PASS
  demmel_G1_k12                       n= 200  res=   0.049  ortU=   0.463  ortV=   0.411  t=0.0662s  PASS
  demmel_S1pe_k4                      n= 200  res=   0.040  ortU=   1.543  ortV=   1.546  t=0.0803s  PASS
  demmel_S1pe_k8                      n= 200  res=   0.040  ortU=   3.377  ortV=   3.379  t=0.0636s  PASS
  chkbd_4                             n=   4  res=   1.567  ortU=   0.250  ortV=   0.250  t=0.0063s  PASS
  chkbd_16                            n=  16  res=   0.471  ortU=   0.062  ortV=   0.281  t=0.0048s  PASS
  marques_graded_k4                   n= 200  res=   0.040  ortU=   0.399  ortV=   0.417  t=0.1423s  PASS
  marques_graded_k8                   n= 200  res=   0.072  ortU=   0.387  ortV=   0.351  t=0.0929s  PASS

============================================================
TOTAL: 265/270 passed (98.1%)
STColl_B_03                                                 3      2.006      0.360      0.167    0.006  PASS  
STColl_B_05_2                                               5      1.602      0.000      0.200    0.005  PASS  
STColl_B_05_d3eq0                                           5      0.895      0.300      0.300    0.004  PASS  
STColl_B_05_d5eq0                                           5      0.855      0.400      0.355    0.004  PASS  
STColl_B_05_eye                                             5      0.000      0.000      0.000    0.007  PASS  
STColl_B_11_splits_a                                       11      0.767      0.227      0.182    0.004  PASS  
STColl_B_11_splits_b                                       11      0.474      0.227      0.263    0.004  PASS  
STColl_B_12_splits_a                                       12      0.360      0.167      0.167    0.005  PASS  
STColl_B_16                                                16      0.063      0.125      0.062    0.004  PASS  
STColl_B_16_smallsv                                        16      0.634      0.671      0.188    0.005  PASS  
STColl_B_20_graded                                         20      0.255      0.237      0.261    0.005  PASS  
STColl_B_40_graded                                         40      0.241      0.093      0.090    0.008  PASS  
STColl_B_Kimura_429                                       429      0.028      0.757      0.757    0.201  PASS  
STColl_B_bug316_gesdd                                      26      0.039      0.038      0.000    0.007  PASS  
STColl_B_bug414                                             4      1.019      0.086      0.011    0.005  PASS  
STColl_B_gg_30_1D-5                                       330      0.033      0.665      0.660    0.112  PASS  
STColl_B_glued_09b                                          9      1.035      0.222      0.333    0.007  PASS  
STColl_B_glued_09c                                          9      0.962      0.333      0.278    0.005  PASS  
STColl_B_glued_09d                                          9      1.023      0.111      0.111    0.008  PASS  
Barlow_4                                                    4      2.584      0.375      0.250    0.005  PASS  
Fann04                                                    300      0.028      8.326      8.326    0.155  FAIL  
Fann06                                                    180      0.057      2.508      2.508    0.086  PASS  
Fann07                                                    120      0.074      2.165      2.159    0.031  PASS  
Fann08                                                    180      0.069      4.405      4.403    0.106  PASS  
Fann09                                                    120      0.080      4.480      4.488    0.048  PASS  
Fann11                                                    120      0.068      3.498      3.501    0.036  PASS  
Fournier_100                                              100      0.076      2.236      2.221    0.064  PASS  
Julien_30                                                  30      0.228      0.258      0.282    0.007  PASS  
Lipshitz_3                                               1087      1.025      0.290      0.289    0.677  PASS  
Lipshitz_4                                               1088      0.912      1.857      1.858    2.125  PASS  
Moler_200                                                 200      0.045      0.508      0.511    0.085  PASS  
Moler_200_flipped                                         200      0.055      0.835      0.833    0.147  PASS  
Orti                                                       10      0.702      0.150      0.100    0.006  PASS  
Parlett_560b                                              560      0.146      0.002      0.004    0.103  PASS  
T_0003c                                                     3      2.963      0.333      0.333    0.008  PASS  
T_0007a                                                     7      1.044      0.313      0.294    0.006  PASS  
T_0010                                                     10      0.605      2.684      2.615    0.006  PASS  
T_0010_stexrfailure_TGK                                    20      0.308      6.931      6.934    0.007  FAIL  
T_0016_smalleig                                            16      0.507      3.172      3.242    0.006  PASS  
T_0125b                                                   125      0.070      1.150      1.148    0.051  PASS  
T_1000                                                   1000      1.065      0.942      0.942    1.214  PASS  
T_339                                                     339      1.103      2.078      2.075    0.147  PASS  
T_494_bus                                                 494      0.047      0.653      0.652    0.592  PASS  
T_685_bus                                                 685      0.064      0.797      0.799    1.022  PASS  
T_Alemdar_1                                              6245      0.005      8.072      8.073   65.003  FAIL  
T_Godunov_073                                              73      0.107      0.087      0.085    0.146  PASS  
T_Godunov_113                                             113      0.069      0.056      0.055    0.018  PASS  
T_Godunov_147                                             147      0.053      0.043      0.042    0.022  PASS  
T_Godunov_169                                             169      0.046      0.038      0.037    0.022  PASS  
T_Godunov_1e-2                                           2500      0.006      4.500      4.501    8.775  PASS  
T_Godunov_1e-4                                           2500      0.007    469.676    469.675    8.330  FAIL  
T_Godunov_1e-5                                           2500      0.007    339.309    339.309    8.292  FAIL  
T_Godunov_1e-6                                           2500      0.006      0.529      0.530    6.476  PASS  
T_Godunov_1e-7                                           2500      0.007      0.240      0.240    5.887  PASS  
T_Laguerre_064b                                            64      0.069      0.314      0.302    0.061  PASS  
T_Laguerre_128a                                           128      0.032      0.342      0.340    0.092  PASS  
T_Laguerre_128b                                           128      0.029      0.465      0.451    0.064  PASS  
T_MathWorks_202                                           202      0.815      1.291      1.290    0.082  PASS  
T_SkewW21gve+3                                           2100      0.006      0.977      0.978    3.611  PASS  
T_SkewW21gve+6                                           2100      0.004      0.164      0.164    3.148  PASS  
T_TSC_OPF_300                                            9774        inf        inf        inf  120.232  FAIL  TIMEOUT
T_W21_g_1e+00                                            2100      0.008      1.319      1.320    4.875  PASS  
T_W21_g_1e+02                                            2100      0.006      8.047      8.048    4.422  FAIL  
T_W21_g_1e+04                                            2100      0.005      0.934      0.933    3.547  PASS  
T_W21_g_1e+06                                            2100      0.005      0.711      0.711    3.268  PASS  
T_W21_g_1e+12                                            2100      0.004      0.050      0.050    3.376  PASS  
T_W21_g_1e+14                                            2100      0.339      0.000      0.000    1.012  PASS  
T_W21_g_1e-04                                            2100      0.009      0.753      0.752    4.032  PASS  
T_W21_g_1e-07                                            2100      0.009      0.481      0.481    3.610  PASS  
T_W21_g_1e-08                                            2100      0.009      0.348      0.347    3.445  PASS  
T_W21_g_1e-09                                            2100      0.008      1.021      1.021    3.453  PASS  
T_W21_g_1e-13                                            2100      0.013      0.016      0.016    1.458  PASS  
T_W21_g_1e-14                                            2100      0.004      0.016      0.016    1.404  PASS  
T_bcsstkm01_3                                             144      0.060      4.639      4.639    0.087  PASS  
T_bcsstkm02_1                                              66      0.165      1.281      1.266    0.022  PASS  
T_bcsstkm03_1                                             112      0.094      4.726      4.724    0.036  PASS  
T_bcsstkm03_2                                             224      0.055      0.636      0.635    0.081  PASS  
T_bcsstkm03_3                                             336      0.036      0.948      0.950    0.229  PASS  
T_bcsstkm04_2                                             264      0.033      2.609      2.606    0.149  PASS  
T_bcsstkm04_3                                             396      0.027      1.342      1.345    0.364  PASS  
T_bcsstkm05_2                                             306      0.037      1.906      1.909    0.223  PASS  
T_bcsstkm07_1                                             420      0.021      4.627      4.629    0.403  PASS  
T_bcsstkm07_3                                            1260      0.012      1.388      1.388    1.926  PASS  
T_bcsstkm09_1                                            1083      0.015      0.492      0.490    1.256  PASS  
T_bcsstkm10_2                                            2172      0.007      0.951      0.950    4.654  PASS  
T_bcsstkm10_3                                            3258      0.007      2.616      2.616    9.934  PASS  
T_bcsstkm10_4                                            4344      0.006      3.636      3.636   16.963  PASS  
T_bcsstkm11_3                                            4419      0.009      1.856      1.856   21.980  PASS  
T_bcsstkm11_4                                            5892      0.004      6.034      6.034   37.414  FAIL  
T_bcsstkm12_1                                            1473      0.010      3.260      3.260    2.702  PASS  
T_bcsstkm12_3                                            4419      0.007     28.330     28.330   20.348  FAIL  
T_bcsstkm13_3                                            6009      0.004      5.023      5.022   36.148  FAIL  
T_bug032_4                                                 60      0.124      0.441      0.433    0.140  PASS  
T_bug056                                                   75      0.227      3.047      3.048    0.034  PASS  
T_bug113_38-47                                             10      0.748      2.120      2.190    0.007  PASS  
T_bug113_49-74                                             26      1.312      0.058      0.077    0.008  PASS  
T_bug126_U                                                  9      0.563      0.222      0.111    0.007  PASS  
T_bug414                                                    8      0.539      0.125      0.125    0.007  PASS  
T_bug999_stemr                                            600      0.015      3.418      3.418    0.960  PASS  
T_c-40                                                   9941      0.381      3.803      3.803   76.409  PASS  
T_intel_57                                                 57      0.115      0.803      0.801    0.341  PASS  
T_matlab_nd_0500                                          500      0.021      0.923      0.922    0.691  PASS  
T_matlab_nd_0750                                          750      0.017      1.644      1.640    1.322  PASS  
T_matlab_nd_1250                                         1250      0.011      2.037      2.039    3.270  PASS  
T_matlab_nd_1500                                         1500      0.012      2.736      2.734    4.651  PASS  
T_matlab_nd_1750                                         1750      0.045      3.692      3.691    6.365  PASS  
T_matlab_ud_0250                                          250      0.034      0.878      0.878    0.226  PASS  
T_matlab_ud_0500                                          500      0.019      0.681      0.679    0.604  PASS  
T_matlab_ud_1000                                         1000      0.012      0.875      0.876    2.095  PASS  
T_matlab_ud_1250                                         1250      0.016      2.735      2.736    3.137  PASS  
T_matlab_ud_1750                                         1750      0.031      2.119      2.118    6.365  PASS  
T_matlab_ud_2000                                         2000      0.017      1.022      1.023    8.416  PASS  
T_matlab_ud_2250                                         2250      0.017      0.855      0.856   10.571  PASS  
T_nasa1824                                               1824      0.024      3.060      3.059    6.226  PASS  
T_nasa1824_1                                             1824      0.009      1.140      1.140    4.501  PASS  
T_nasa1824_3                                             5472      0.006      6.996      6.996   33.421  FAIL  
T_nasa2146                                               2146      0.010      1.770      1.769    9.034  PASS  
T_nasa2910                                               2910      0.004      3.469      3.469   15.631  PASS  
T_nasa4704_1                                             4704      0.005      3.300      3.301   23.724  PASS  
T_nos6                                                    675      0.505      0.728      0.728    0.923  PASS  
T_nos7                                                    729      0.011      0.945      0.943    0.991  PASS  
T_plat1919                                               1919      0.007     13.822     13.823    6.330  FAIL  
T_sts4098_1                                              4098      0.004      3.317      3.317   18.255  PASS  
T_zenios                                                 2873      0.003      0.036      0.036    1.927  PASS  
Z_297                                                     297      0.356      0.297      0.295    0.146  PASS  
Z_297_flipped                                             297      0.356      0.273      0.277    0.124  PASS  
  SKIP plot_eig (tridiag): invalid literal for int() with base 10: 'T_bug414.eig'
sinc41                                                     41      0.213      1.077      1.068    0.017  PASS  
----------------------------------------------------------------------------------------------------------------------------------
PASS: 115/127    (753.9s wall)

Failing (12), sorted by max(ortU,ortV) desc:
  T_TSC_OPF_300                                          n=  9774  res=       inf  ortU=       inf  ortV=       inf  TIMEOUT
  T_Godunov_1e-4                                         n=  2500  res=     0.007  ortU=   469.676  ortV=   469.675  
  T_Godunov_1e-5                                         n=  2500  res=     0.007  ortU=   339.309  ortV=   339.309  
  T_bcsstkm12_3                                          n=  4419  res=     0.007  ortU=    28.330  ortV=    28.330  
  T_plat1919                                             n=  1919  res=     0.007  ortU=    13.822  ortV=    13.823  
  Fann04                                                 n=   300  res=     0.028  ortU=     8.326  ortV=     8.326  
  T_Alemdar_1                                            n=  6245  res=     0.005  ortU=     8.072  ortV=     8.073  
  T_W21_g_1e+02                                          n=  2100  res=     0.006  ortU=     8.047  ortV=     8.048  
  T_nasa1824_3                                           n=  5472  res=     0.006  ortU=     6.996  ortV=     6.996  
  T_0010_stexrfailure_TGK                                n=    20  res=     0.308  ortU=     6.931  ortV=     6.934  
  T_bcsstkm11_4                                          n=  5892  res=     0.004  ortU=     6.034  ortV=     6.034  
  T_bcsstkm13_3                                          n=  6009  res=     0.004  ortU=     5.023  ortV=     5.022  

