==============================================================================================================
BidiagonalSVD_TGK (DBDSVDMR3) -- suite=synth  synth-mode=paper
==============================================================================================================
Binary:     /home/saisurya/MRRR/xmr-evolve/python_fortran/BidiagonalSVD_TGK/test_stcoll_alloc
Source:     python_fortran/BidiagonalSVD_TGK/  (advisor's code, origin/main 15a946d)
Driver:     DBDSVDMR3  (dbdsvdmr3.f)
Generator:  generate_synth  (self-contained-fortran-bidiagsvd/test_synth_pract.py:268)
Thresholds: res<=7 n.eps,  ortU/ortV<=5 n.eps
Timeout:    600.0s/matrix
==============================================================================================================

Matrix                                                      n        res       ortU       ortV    dt(s)  status  note
----------------------------------------------------------------------------------------------------------------------------------

=== Adversarial Matrices (n=10) ===
  exponential_graded                  n=  10  res=   0.754  ortU=   0.226  ortV=   0.100  t=0.0081s  PASS
  glued_repeated                      n=  10  res=   0.800  ortU=   0.484  ortV=   0.479  t=0.0066s  PASS
  saw_tooth                           n=  10  res=   0.784  ortU=   0.206  ortV=   0.195  t=0.0047s  PASS
  stemr_killer                        n=  10  res=   0.754  ortU=   0.100  ortV=   0.450  t=0.0043s  PASS
  huge_condition                      n=  10  res=   0.778  ortU=   0.400  ortV=   0.200  t=0.0043s  PASS
  spike                               n=  10  res=   0.768  ortU=   0.296  ortV=   0.300  t=0.0061s  PASS
  wilkinson_like                      n=  10  res=   0.600  ortU=   0.337  ortV=   0.364  t=0.0055s  PASS
  two_clusters                        n=  10  res=   0.750  ortU=   0.154  ortV=   0.101  t=0.0040s  PASS
  random_uniform                      n=  10  res=   0.743  ortU=   0.200  ortV=   0.250  t=0.0042s  PASS
  diagonal_only                       n=  10  res=   0.000  ortU=   0.000  ortV=   0.000  t=0.0037s  PASS
  constant                            n=  10  res=   0.000  ortU=   0.000  ortV=   0.000  t=0.0037s  PASS
  all_equal_nontrivial                n=  10  res=   0.950  ortU=   0.571  ortV=   0.552  t=0.0040s  PASS
  one_big_cluster                     n=  10  res=   1.100  ortU=   0.728  ortV=   0.801  t=0.0039s  PASS
  arithmetic_progression              n=  10  res=   0.537  ortU=   0.270  ortV=   0.300  t=0.0039s  PASS
  many_near_zero                      n=  10  res=   0.607  ortU=   0.150  ortV=   0.150  t=0.0037s  PASS
  random_dense_clusters               n=  10  res=   0.905  ortU=   0.201  ortV=   0.300  t=0.0039s  PASS
  constant_d_graded_e                 n=  10  res=   0.750  ortU=   0.150  ortV=   0.100  t=0.0038s  PASS
  random_clustered_5                  n=  10  res=   0.707  ortU=   0.200  ortV=   0.150  t=0.0057s  PASS
  alternating_sign                    n=  10  res=   1.150  ortU=   1.135  ortV=   1.139  t=0.0049s  PASS
  step_function                       n=  10  res=   1.353  ortU=   0.986  ortV=   0.970  t=0.0045s  PASS
  three_clusters                      n=  10  res=   0.795  ortU=   5.083  ortV=   5.078  t=0.0042s  FAIL
  random_sparse_e                     n=  10  res=   0.799  ortU=   0.150  ortV=   0.200  t=0.0030s  PASS
  chkbd                               n=  10  res=   0.754  ortU=   0.100  ortV=   0.450  t=0.0046s  PASS
  marques_graded                      n=  10  res=   0.754  ortU=   0.100  ortV=   0.200  t=0.0043s  PASS
  gl_abcon0                           n=  10  res=   0.800  ortU=   0.484  ortV=   0.479  t=0.0043s  PASS
  gl_abcon1                           n=  10  res=   0.850  ortU=   1.186  ortV=   1.095  t=0.0041s  PASS
  gl_abcon2                           n=  10  res=   0.640  ortU=   0.188  ortV=   0.154  t=0.0040s  PASS
  gl_abcon3                           n=  10  res=   0.850  ortU=   1.207  ortV=   1.204  t=0.0041s  PASS
  gl_random                           n=  10  res=   0.603  ortU=   0.103  ortV=   0.250  t=0.0058s  PASS
  gl_gradp                            n=  10  res=   0.725  ortU=   0.200  ortV=   0.200  t=0.0055s  PASS
  gl_gradm                            n=  10  res=   0.753  ortU=   0.200  ortV=   0.150  t=0.0051s  PASS
  gl_wilkp                            n=  10  res=   0.550  ortU=   0.250  ortV=   0.200  t=0.0050s  PASS
  gl_wilkm                            n=  10  res=   0.578  ortU=   0.667  ortV=   0.698  t=0.0045s  PASS
  gl_wilkw                            n=  10  res=   0.960  ortU=   0.664  ortV=   0.696  t=0.0050s  PASS
  gl_wilk2w                           n=  10  res=   0.674  ortU=   0.143  ortV=   0.150  t=0.0049s  PASS
  gl_clement                          n=  10  res=   0.040  ortU=   0.000  ortV=   0.000  t=0.0044s  PASS
  gl_gro0                             n=  10  res=   0.700  ortU=   0.300  ortV=   0.194  t=0.0048s  PASS
  gl_gro1                             n=  10  res=   0.750  ortU=   0.205  ortV=   0.383  t=0.0044s  PASS
  gl_gro2                             n=  10  res=   0.600  ortU=   0.150  ortV=   0.102  t=0.0043s  PASS
  gl_gro3                             n=  10  res=   0.754  ortU=   0.150  ortV=   0.200  t=0.0045s  PASS
  gl_bwilkp                           n=  10  res=   0.480  ortU=   0.462  ortV=   0.510  t=0.0045s  PASS
  gl_ones                             n=  10  res=   0.000  ortU=   0.000  ortV=   0.000  t=0.0041s  PASS
  gl_uniform_eps                      n=  10  res=   0.000  ortU=   0.000  ortV=   0.000  t=0.0041s  PASS
  gl_uniform_sqrteps                  n=  10  res=   0.000  ortU=   0.000  ortV=   0.000  t=0.0042s  PASS
  gl_uniform_eps_to_1                 n=  10  res=   0.000  ortU=   0.000  ortV=   0.000  t=0.0047s  PASS
  gl_geometric_eps_to_1               n=  10  res=   0.000  ortU=   0.000  ortV=   0.000  t=0.0039s  PASS
  gl_random_spectrum                  n=  10  res=   0.746  ortU=   0.250  ortV=   0.300  t=0.0044s  PASS
  gl_clustered_at_1                   n=  10  res=   0.000  ortU=   0.000  ortV=   0.000  t=0.0039s  PASS
  gl_clustered_at_pm1                 n=  10  res=   0.000  ortU=   0.000  ortV=   0.000  t=0.0039s  PASS
  gl_clustered_at_eps                 n=  10  res=   0.000  ortU=   0.000  ortV=   0.000  t=0.0049s  PASS
  gl_clustered_at_pmeps               n=  10  res=   0.000  ortU=   0.000  ortV=   0.000  t=0.0037s  PASS
  demmel_S1pe                         n=  10  res=   0.010  ortU=   0.000  ortV=   0.000  t=0.0038s  PASS
  demmel_S1ps                         n=  10  res=   0.754  ortU=   1.473  ortV=   1.489  t=0.0040s  PASS
  demmel_S2pe                         n=  10  res=   0.963  ortU=   1.010  ortV=   0.942  t=0.0046s  PASS
  demmel_S2ps                         n=  10  res=   0.754  ortU=   0.829  ortV=   0.777  t=0.0044s  PASS
  demmel_W1                           n=  10  res=   0.702  ortU=   0.000  ortV=   0.000  t=0.0036s  PASS
  demmel_W2                           n=  10  res=   0.754  ortU=   0.190  ortV=   0.150  t=0.0039s  PASS
  demmel_W3                           n=  10  res=   0.684  ortU=   0.218  ortV=   0.248  t=0.0047s  PASS
  demmel_G1                           n=  10  res=   0.754  ortU=   0.200  ortV=   0.250  t=0.0041s  PASS
  demmel_G1s                          n=  10  res=   0.754  ortU=   0.200  ortV=   0.100  t=0.0038s  PASS
  demmel_U1                           n=  10  res=   0.597  ortU=   0.200  ortV=   0.350  t=0.0039s  PASS
  demmel_U1s                          n=  10  res=   0.806  ortU=   0.150  ortV=   0.200  t=0.0040s  PASS
  wilkinson_exact                     n=  10  res=   0.400  ortU=   0.150  ortV=   0.250  t=0.0039s  PASS
  glued_wilkinson                     n=  10  res=   0.533  ortU=   0.104  ortV=   0.150  t=0.0039s  PASS
  glued_wilkinson_tight               n=  10  res=   0.600  ortU=   0.104  ortV=   0.147  t=0.0037s  PASS
  wl_example48                        n=  10  res=   0.742  ortU=   0.273  ortV=   0.224  t=0.0038s  PASS
  pd_T0                               n=  10  res=   1.800  ortU=   1.266  ortV=   1.293  t=0.0059s  PASS
  pd_T1                               n=  10  res=   0.450  ortU=   0.150  ortV=   0.150  t=0.0035s  PASS
  zero_diagonal                       n=  10  res=   0.000  ortU=   0.000  ortV=   0.000  t=0.0050s  PASS
  single_element                      n=   1  res=   0.000  ortU=   0.000  ortV=   0.000  t=0.0042s  PASS
  near_overflow                       n=  10  res=   0.573  ortU=   0.225  ortV=   0.233  t=0.0051s  PASS
  near_underflow                      n=  10  res=   0.726  ortU=   0.292  ortV=   0.324  t=0.0034s  PASS
  mixed_signs                         n=  10  res=   0.912  ortU=   0.274  ortV=   0.295  t=0.0036s  PASS
  checkerboard                        n=  10  res=   0.100  ortU=   0.200  ortV=   0.300  t=0.0033s  PASS
  exponential_graded_k4               n=  10  res=   0.754  ortU=   0.104  ortV=   0.150  t=0.0035s  PASS
  exponential_graded_k8               n=  10  res=   0.754  ortU=   0.200  ortV=   0.150  t=0.0035s  PASS
  exponential_graded_k12              n=  10  res=   0.754  ortU=   0.200  ortV=   0.101  t=0.0036s  PASS
  stemr_killer_k5                     n=  10  res=   0.754  ortU=   0.200  ortV=   0.100  t=0.0035s  PASS
  stemr_killer_k10                    n=  10  res=   0.754  ortU=   0.150  ortV=   0.150  t=0.0036s  PASS
  huge_condition_k5                   n=  10  res=   0.754  ortU=   0.200  ortV=   0.200  t=0.0035s  PASS
  huge_condition_k10                  n=  10  res=   0.754  ortU=   0.150  ortV=   0.250  t=0.0059s  PASS
  demmel_G1_k4                        n=  10  res=   0.754  ortU=   0.200  ortV=   0.526  t=0.0056s  PASS
  demmel_G1_k8                        n=  10  res=   0.754  ortU=   0.100  ortV=   0.100  t=0.0053s  PASS
  demmel_G1_k12                       n=  10  res=   0.754  ortU=   0.200  ortV=   0.100  t=0.0035s  PASS
  demmel_S1pe_k4                      n=  10  res=   0.754  ortU=   1.744  ortV=   1.765  t=0.0054s  PASS
  demmel_S1pe_k8                      n=  10  res=   0.754  ortU=   2.454  ortV=   2.478  t=0.0049s  PASS
  chkbd_4                             n=   4  res=   1.567  ortU=   0.250  ortV=   0.250  t=0.0044s  PASS
  chkbd_16                            n=  16  res=   0.471  ortU=   0.062  ortV=   0.281  t=0.0046s  PASS
  marques_graded_k4                   n=  10  res=   0.754  ortU=   0.200  ortV=   0.200  t=0.0047s  PASS
  marques_graded_k8                   n=  10  res=   0.754  ortU=   0.200  ortV=   0.250  t=0.0048s  PASS

=== Adversarial Matrices (n=100) ===
  exponential_graded                  n= 100  res=   1.182  ortU=   0.181  ortV=   0.305  t=0.0298s  PASS
  glued_repeated                      n= 100  res=   0.150  ortU=   0.117  ortV=   0.116  t=0.0208s  PASS
  saw_tooth                           n= 100  res=   0.120  ortU=   0.654  ortV=   0.662  t=0.0385s  PASS
  stemr_killer                        n= 100  res=   1.424  ortU=   0.028  ortV=   0.055  t=0.0217s  PASS
  huge_condition                      n= 100  res=   1.580  ortU=   0.355  ortV=   0.279  t=0.0205s  PASS
  spike                               n= 100  res=   0.080  ortU=   0.432  ortV=   0.431  t=0.0470s  PASS
  wilkinson_like                      n= 100  res=   0.107  ortU=   0.364  ortV=   0.357  t=0.0356s  PASS
  two_clusters                        n= 100  res=   0.160  ortU=   0.617  ortV=   0.616  t=0.0333s  PASS
  random_uniform                      n= 100  res=   0.079  ortU=   0.096  ortV=   0.092  t=0.0506s  PASS
  diagonal_only                       n= 100  res=   0.000  ortU=   0.000  ortV=   0.000  t=0.0082s  PASS
  constant                            n= 100  res=   0.000  ortU=   0.000  ortV=   0.000  t=0.0062s  PASS
  all_equal_nontrivial                n= 100  res=   0.334  ortU=   0.942  ortV=   0.929  t=0.0454s  PASS
  one_big_cluster                     n= 100  res=   0.398  ortU=   0.420  ortV=   0.423  t=0.0145s  PASS
  arithmetic_progression              n= 100  res=   0.098  ortU=   0.257  ortV=   0.256  t=0.0263s  PASS
  many_near_zero                      n= 100  res=   0.061  ortU=   0.015  ortV=   0.015  t=0.0062s  PASS
  random_dense_clusters               n= 100  res=   0.854  ortU=   3.302  ortV=   3.312  t=0.0253s  PASS
  constant_d_graded_e                 n= 100  res=   1.735  ortU=   1.581  ortV=   1.583  t=0.0264s  PASS
  random_clustered_5                  n= 100  res=   0.113  ortU=   0.256  ortV=   0.259  t=0.0204s  PASS
  alternating_sign                    n= 100  res=   0.418  ortU=   2.410  ortV=   2.398  t=0.0320s  PASS
  step_function                       n= 100  res=   0.744  ortU=   2.536  ortV=   2.540  t=0.0356s  PASS
  three_clusters                      n= 100  res=   0.105  ortU=   0.301  ortV=   0.294  t=0.0222s  PASS
  random_sparse_e                     n= 100  res=   0.066  ortU=   0.013  ortV=   0.020  t=0.0089s  PASS
  chkbd                               n= 100  res=   0.077  ortU=   0.025  ortV=   0.020  t=0.0123s  PASS
  marques_graded                      n= 100  res=   0.108  ortU=   0.182  ortV=   0.214  t=0.0269s  PASS
  gl_abcon0                           n= 100  res=   0.583  ortU=   3.691  ortV=   3.696  t=0.0313s  PASS
  gl_abcon1                           n= 100  res=   0.410  ortU=   1.729  ortV=   1.745  t=0.0622s  PASS
  gl_abcon2                           n= 100  res=   0.279  ortU=   0.439  ortV=   0.445  t=0.0541s  PASS
  gl_abcon3                           n= 100  res=   0.504  ortU=   1.309  ortV=   1.313  t=0.0575s  PASS
  gl_random                           n= 100  res=   0.115  ortU=   0.115  ortV=   0.091  t=0.0377s  PASS
  gl_gradp                            n= 100  res=   0.640  ortU=   0.084  ortV=   0.020  t=0.0220s  PASS
  gl_gradm                            n= 100  res=   1.280  ortU=   0.030  ortV=   0.091  t=0.0163s  PASS
  gl_wilkp                            n= 100  res=   0.150  ortU=   0.179  ortV=   0.177  t=0.0280s  PASS
  gl_wilkm                            n= 100  res=   0.229  ortU=   1.056  ortV=   1.047  t=0.0237s  PASS
  gl_wilkw                            n= 100  res=   0.525  ortU=   2.716  ortV=   2.705  t=0.0336s  PASS
  gl_wilk2w                           n= 100  res=   0.264  ortU=   0.546  ortV=   0.545  t=0.0606s  PASS
  gl_clement                          n= 100  res=   0.003  ortU=   0.000  ortV=   0.000  t=0.0148s  PASS
  gl_gro0                             n= 100  res=   0.578  ortU=   1.171  ortV=   1.165  t=0.0590s  PASS
  gl_gro1                             n= 100  res=   0.120  ortU=   0.185  ortV=   0.181  t=0.0460s  PASS
  gl_gro2                             n= 100  res=   0.060  ortU=   0.015  ortV=   0.010  t=0.0135s  PASS
  gl_gro3                             n= 100  res=   1.412  ortU=   0.297  ortV=   0.201  t=0.0191s  PASS
  gl_bwilkp                           n= 100  res=   0.571  ortU=   1.436  ortV=   1.440  t=0.0201s  PASS
  gl_ones                             n= 100  res=   0.000  ortU=   0.000  ortV=   0.000  t=0.0122s  PASS
  gl_uniform_eps                      n= 100  res=   0.000  ortU=   0.000  ortV=   0.000  t=0.0116s  PASS
  gl_uniform_sqrteps                  n= 100  res=   0.000  ortU=   0.000  ortV=   0.000  t=0.0108s  PASS
  gl_uniform_eps_to_1                 n= 100  res=   0.005  ortU=   0.000  ortV=   0.000  t=0.0099s  PASS
  gl_geometric_eps_to_1               n= 100  res=   0.000  ortU=   0.000  ortV=   0.000  t=0.0098s  PASS
  gl_random_spectrum                  n= 100  res=   0.081  ortU=   0.098  ortV=   0.096  t=0.0433s  PASS
  gl_clustered_at_1                   n= 100  res=   0.000  ortU=   0.000  ortV=   0.000  t=0.0084s  PASS
  gl_clustered_at_pm1                 n= 100  res=   0.000  ortU=   0.000  ortV=   0.000  t=0.0095s  PASS
  gl_clustered_at_eps                 n= 100  res=   0.003  ortU=   0.000  ortV=   0.000  t=0.0085s  PASS
  gl_clustered_at_pmeps               n= 100  res=   0.003  ortU=   0.000  ortV=   0.000  t=0.0076s  PASS
  demmel_S1pe                         n= 100  res=   0.001  ortU=   0.000  ortV=   0.000  t=0.0076s  PASS
  demmel_S1ps                         n= 100  res=   0.080  ortU=   5.608  ortV=   5.620  t=0.0322s  FAIL
  demmel_S2pe                         n= 100  res=   0.754  ortU=   3.961  ortV=   3.969  t=0.0217s  PASS
  demmel_S2ps                         n= 100  res=   0.500  ortU=   1.461  ortV=   1.477  t=0.0324s  PASS
  demmel_W1                           n= 100  res=   0.098  ortU=   0.010  ortV=   0.000  t=0.0075s  PASS
  demmel_W2                           n= 100  res=   0.080  ortU=   0.648  ortV=   0.643  t=0.0379s  PASS
  demmel_W3                           n= 100  res=   0.107  ortU=   0.402  ortV=   0.401  t=0.0552s  PASS
  demmel_G1                           n= 100  res=   0.842  ortU=   0.070  ortV=   0.030  t=0.0370s  PASS
  demmel_G1s                          n= 100  res=   0.110  ortU=   0.185  ortV=   0.159  t=0.0374s  PASS
  demmel_U1                           n= 100  res=   0.183  ortU=   0.564  ortV=   0.572  t=0.0576s  PASS
  demmel_U1s                          n= 100  res=   0.145  ortU=   0.398  ortV=   0.419  t=0.0572s  PASS
  wilkinson_exact                     n= 100  res=   0.173  ortU=   0.185  ortV=   0.193  t=0.0288s  PASS
  glued_wilkinson                     n= 100  res=   0.176  ortU=   0.154  ortV=   0.156  t=0.0357s  PASS
  glued_wilkinson_tight               n= 100  res=   0.137  ortU=   0.175  ortV=   0.173  t=0.0204s  PASS
  wl_example48                        n= 100  res=   0.216  ortU=   0.320  ortV=   0.315  t=0.0304s  PASS
  pd_T0                               n= 100  res=   0.529  ortU=   1.156  ortV=   1.155  t=0.0588s  PASS
  pd_T1                               n= 100  res=   0.271  ortU=   0.300  ortV=   0.305  t=0.0455s  PASS
  zero_diagonal                       n= 100  res=   0.000  ortU=   0.000  ortV=   0.000  t=0.0106s  PASS
  single_element                      n=   1  res=   0.000  ortU=   0.000  ortV=   0.000  t=0.0064s  PASS
  near_overflow                       n= 100  res=   0.080  ortU=   0.053  ortV=   0.048  t=0.0497s  PASS
  near_underflow                      n= 100  res=   0.079  ortU=   0.060  ortV=   0.064  t=0.0551s  PASS
  mixed_signs                         n= 100  res=   0.313  ortU=   0.588  ortV=   0.580  t=0.0611s  PASS
  checkerboard                        n= 100  res=   0.279  ortU=   0.050  ortV=   0.095  t=0.0157s  PASS
  exponential_graded_k4               n= 100  res=   0.080  ortU=   0.059  ortV=   0.064  t=0.0322s  PASS
  exponential_graded_k8               n= 100  res=   0.080  ortU=   0.034  ortV=   0.036  t=0.0276s  PASS
  exponential_graded_k12              n= 100  res=   0.080  ortU=   0.080  ortV=   0.051  t=0.0236s  PASS
  stemr_killer_k5                     n= 100  res=   0.099  ortU=   0.045  ortV=   0.046  t=0.0436s  PASS
  stemr_killer_k10                    n= 100  res=   0.128  ortU=   1.193  ortV=   0.734  t=0.0500s  PASS
  huge_condition_k5                   n= 100  res=   0.080  ortU=   0.192  ortV=   0.212  t=0.0408s  PASS
  huge_condition_k10                  n= 100  res=   0.080  ortU=   0.108  ortV=   0.085  t=0.0305s  PASS
  demmel_G1_k4                        n= 100  res=   0.080  ortU=   0.069  ortV=   0.067  t=0.0548s  PASS
  demmel_G1_k8                        n= 100  res=   0.080  ortU=   0.257  ortV=   0.226  t=0.0372s  PASS
  demmel_G1_k12                       n= 100  res=   0.112  ortU=   0.213  ortV=   0.160  t=0.0287s  PASS
  demmel_S1pe_k4                      n= 100  res=   0.080  ortU=   2.966  ortV=   2.952  t=0.0277s  PASS
  demmel_S1pe_k8                      n= 100  res=   0.080  ortU=   3.372  ortV=   3.383  t=0.0208s  PASS
  chkbd_4                             n=   4  res=   1.567  ortU=   0.250  ortV=   0.250  t=0.0033s  PASS
  chkbd_16                            n=  16  res=   0.471  ortU=   0.062  ortV=   0.281  t=0.0029s  PASS
  marques_graded_k4                   n= 100  res=   0.082  ortU=   0.333  ortV=   0.307  t=0.0482s  PASS
  marques_graded_k8                   n= 100  res=   0.080  ortU=   0.053  ortV=   0.043  t=0.0356s  PASS

=== Adversarial Matrices (n=200) ===
  exponential_graded                  n= 200  res=   1.484  ortU=   0.301  ortV=   0.362  t=0.0983s  PASS
  glued_repeated                      n= 200  res=   0.065  ortU=   0.067  ortV=   0.069  t=0.0410s  PASS
  saw_tooth                           n= 200  res=   0.082  ortU=   0.962  ortV=   0.962  t=0.1124s  PASS
  stemr_killer                        n= 200  res=   1.594  ortU=   0.210  ortV=   0.259  t=0.0375s  PASS
  huge_condition                      n= 200  res=   1.694  ortU=   0.370  ortV=   0.307  t=0.1038s  PASS
  spike                               n= 200  res=   0.040  ortU=   0.369  ortV=   0.370  t=0.1168s  PASS
  wilkinson_like                      n= 200  res=   0.136  ortU=   0.150  ortV=   0.152  t=0.1557s  PASS
  two_clusters                        n= 200  res=   0.063  ortU=   0.512  ortV=   0.509  t=0.0853s  PASS
  random_uniform                      n= 200  res=   0.114  ortU=   0.206  ortV=   0.210  t=0.1629s  PASS
  diagonal_only                       n= 200  res=   0.000  ortU=   0.000  ortV=   0.000  t=0.0260s  PASS
  constant                            n= 200  res=   0.000  ortU=   0.000  ortV=   0.000  t=0.0139s  PASS
  all_equal_nontrivial                n= 200  res=   0.258  ortU=   2.426  ortV=   2.431  t=0.1312s  PASS
  one_big_cluster                     n= 200  res=   0.856  ortU=   0.593  ortV=   0.589  t=0.0235s  PASS
  arithmetic_progression              n= 200  res=   0.058  ortU=   0.456  ortV=   0.482  t=0.0887s  PASS
  many_near_zero                      n= 200  res=   0.030  ortU=   0.007  ortV=   0.007  t=0.0163s  PASS
  random_dense_clusters               n= 200  res=   0.560  ortU=   1.251  ortV=   1.255  t=0.1526s  PASS
  constant_d_graded_e                 n= 200  res=   1.766  ortU=   0.656  ortV=   0.655  t=0.0867s  PASS
  random_clustered_5                  n= 200  res=   0.952  ortU=   0.487  ortV=   0.489  t=0.0222s  PASS
  alternating_sign                    n= 200  res=   0.231  ortU=   1.807  ortV=   1.816  t=0.1531s  PASS
  step_function                       n= 200  res=   0.449  ortU=   2.998  ortV=   2.994  t=0.0977s  PASS
  three_clusters                      n= 200  res=   0.080  ortU=   0.491  ortV=   0.491  t=0.0498s  PASS
  random_sparse_e                     n= 200  res=   0.040  ortU=   0.007  ortV=   0.010  t=0.0138s  PASS
  chkbd                               n= 200  res=   0.038  ortU=   0.013  ortV=   0.010  t=0.0255s  PASS
  marques_graded                      n= 200  res=   0.041  ortU=   0.441  ortV=   0.400  t=0.1169s  PASS
  gl_abcon0                           n= 200  res=   0.215  ortU=   1.457  ortV=   1.463  t=0.1037s  PASS
  gl_abcon1                           n= 200  res=   0.249  ortU=   3.041  ortV=   3.037  t=0.0927s  PASS
  gl_abcon2                           n= 200  res=   0.612  ortU=   1.044  ortV=   1.047  t=0.1102s  PASS
  gl_abcon3                           n= 200  res=   0.313  ortU=   0.905  ortV=   0.902  t=0.1471s  PASS
  gl_random                           n= 200  res=   0.100  ortU=   0.147  ortV=   0.144  t=0.0999s  PASS
  gl_gradp                            n= 200  res=   0.640  ortU=   0.064  ortV=   0.118  t=0.0179s  PASS
  gl_gradm                            n= 200  res=   1.280  ortU=   0.015  ortV=   0.046  t=0.0166s  PASS
  gl_wilkp                            n= 200  res=   0.281  ortU=   0.367  ortV=   0.367  t=0.0941s  PASS
  gl_wilkm                            n= 200  res=   0.143  ortU=   1.038  ortV=   1.043  t=0.1123s  PASS
  gl_wilkw                            n= 200  res=   0.166  ortU=22517998136852.480  ortV=   1.690  t=0.1808s  FAIL
  gl_wilk2w                           n= 200  res=   0.876  ortU=22517998136852.480  ortV=   1.153  t=0.1019s  FAIL
  gl_clement                          n= 200  res=   0.002  ortU=   0.000  ortV=   0.000  t=0.0150s  PASS
  gl_gro0                             n= 200  res=   0.682  ortU=   0.773  ortV=   0.766  t=0.0963s  PASS
  gl_gro1                             n= 200  res=   0.075  ortU=   0.429  ortV=   0.429  t=0.1395s  PASS
  gl_gro2                             n= 200  res=   0.030  ortU=   0.007  ortV=   0.005  t=0.0185s  PASS
  gl_gro3                             n= 200  res=   1.293  ortU=   0.201  ortV=   0.237  t=0.0482s  PASS
  gl_bwilkp                           n= 200  res=   0.275  ortU=   0.826  ortV=   0.826  t=0.1060s  PASS
  gl_ones                             n= 200  res=   0.000  ortU=   0.000  ortV=   0.000  t=0.0150s  PASS
  gl_uniform_eps                      n= 200  res=   0.000  ortU=   0.000  ortV=   0.000  t=0.0139s  PASS
  gl_uniform_sqrteps                  n= 200  res=   0.000  ortU=   0.000  ortV=   0.000  t=0.0134s  PASS
  gl_uniform_eps_to_1                 n= 200  res=   0.003  ortU=   0.000  ortV=   0.000  t=0.0213s  PASS
  gl_geometric_eps_to_1               n= 200  res=   0.000  ortU=   0.000  ortV=   0.000  t=0.0194s  PASS
  gl_random_spectrum                  n= 200  res=   0.072  ortU=   0.124  ortV=   0.123  t=0.1258s  PASS
  gl_clustered_at_1                   n= 200  res=   0.000  ortU=   0.000  ortV=   0.000  t=0.0142s  PASS
  gl_clustered_at_pm1                 n= 200  res=   0.000  ortU=   0.000  ortV=   0.000  t=0.0165s  PASS
  gl_clustered_at_eps                 n= 200  res=   0.002  ortU=   0.000  ortV=   0.000  t=0.0146s  PASS
  gl_clustered_at_pmeps               n= 200  res=   0.002  ortU=   0.000  ortV=   0.000  t=0.0130s  PASS
  demmel_S1pe                         n= 200  res=   0.001  ortU=   0.000  ortV=   0.000  t=0.0139s  PASS
  demmel_S1ps                         n= 200  res=   0.040  ortU=   5.760  ortV=   5.761  t=0.0648s  FAIL
  demmel_S2pe                         n= 200  res=   0.296  ortU=   2.012  ortV=   2.007  t=0.0331s  PASS
  demmel_S2ps                         n= 200  res=   0.280  ortU=   3.057  ortV=   3.051  t=0.0756s  PASS
  demmel_W1                           n= 200  res=   0.099  ortU=   0.000  ortV=   0.000  t=0.0263s  PASS
  demmel_W2                           n= 200  res=   0.040  ortU=   0.521  ortV=   0.521  t=0.0685s  PASS
  demmel_W3                           n= 200  res=   0.098  ortU=   0.603  ortV=   0.601  t=0.1379s  PASS
  demmel_G1                           n= 200  res=   0.919  ortU=   0.158  ortV=   0.139  t=0.0466s  PASS
  demmel_G1s                          n= 200  res=   0.260  ortU=   0.508  ortV=   0.467  t=0.0789s  PASS
  demmel_U1                           n= 200  res=   0.134  ortU=   0.444  ortV=   0.477  t=0.0902s  PASS
  demmel_U1s                          n= 200  res=   0.117  ortU=   0.474  ortV=   0.469  t=0.1525s  PASS
  wilkinson_exact                     n= 200  res=   0.290  ortU=   0.419  ortV=   0.426  t=0.0537s  PASS
  glued_wilkinson                     n= 200  res=   0.089  ortU=   0.078  ortV=   0.082  t=0.0861s  PASS
  glued_wilkinson_tight               n= 200  res=   0.165  ortU=   0.258  ortV=   0.260  t=0.0512s  PASS
  wl_example48                        n= 200  res=   0.044  ortU=   0.076  ortV=   0.074  t=0.1691s  PASS
  pd_T0                               n= 200  res=   0.393  ortU=   1.480  ortV=   1.477  t=0.0913s  PASS
  pd_T1                               n= 200  res=   0.135  ortU=   0.340  ortV=   0.340  t=0.0843s  PASS
  zero_diagonal                       n= 200  res=   0.000  ortU=   0.000  ortV=   0.000  t=0.0160s  PASS
  single_element                      n=   1  res=   0.000  ortU=   0.000  ortV=   0.000  t=0.0058s  PASS
  near_overflow                       n= 200  res=   0.057  ortU=   0.372  ortV=   0.331  t=0.0703s  PASS
  near_underflow                      n= 200  res=   0.040  ortU=   0.269  ortV=   0.291  t=0.1290s  PASS
  mixed_signs                         n= 200  res=   0.048  ortU=   0.115  ortV=   0.116  t=0.1469s  PASS
  checkerboard                        n= 200  res=   0.393  ortU=   0.035  ortV=   0.045  t=0.0869s  PASS
  exponential_graded_k4               n= 200  res=   0.040  ortU=   0.303  ortV=   0.319  t=0.1461s  PASS
  exponential_graded_k8               n= 200  res=   0.078  ortU=   0.489  ortV=   0.535  t=0.0733s  PASS
  exponential_graded_k12              n= 200  res=   0.090  ortU=   0.408  ortV=   0.468  t=0.1242s  PASS
  stemr_killer_k5                     n= 200  res=   0.048  ortU=   0.414  ortV=   0.391  t=0.1309s  PASS
  stemr_killer_k10                    n= 200  res=   0.050  ortU=   0.151  ortV=   0.135  t=0.0693s  PASS
  huge_condition_k5                   n= 200  res=   0.040  ortU=   0.334  ortV=   0.317  t=0.1444s  PASS
  huge_condition_k10                  n= 200  res=   0.040  ortU=   0.386  ortV=   0.435  t=0.0825s  PASS
  demmel_G1_k4                        n= 200  res=   0.066  ortU=   0.405  ortV=   0.423  t=0.0764s  PASS
  demmel_G1_k8                        n= 200  res=   0.042  ortU=   0.639  ortV=   0.597  t=0.1288s  PASS
  demmel_G1_k12                       n= 200  res=   0.049  ortU=   0.463  ortV=   0.411  t=0.0790s  PASS
  demmel_S1pe_k4                      n= 200  res=   0.040  ortU=   1.543  ortV=   1.546  t=0.0722s  PASS
  demmel_S1pe_k8                      n= 200  res=   0.040  ortU=   3.377  ortV=   3.379  t=0.1176s  PASS
  chkbd_4                             n=   4  res=   1.567  ortU=   0.250  ortV=   0.250  t=0.0073s  PASS
  chkbd_16                            n=  16  res=   0.471  ortU=   0.062  ortV=   0.281  t=0.0036s  PASS
  marques_graded_k4                   n= 200  res=   0.040  ortU=   0.399  ortV=   0.417  t=0.1223s  PASS
  marques_graded_k8                   n= 200  res=   0.072  ortU=   0.387  ortV=   0.351  t=0.0726s  PASS

============================================================
TOTAL: 265/270 passed (98.1%)
ev1_ec1_n10_s1                                             10      0.100      0.300      0.200    0.005  PASS  
ev1_ec1_n18_s2_gs                                          36      0.000      0.100      0.100    0.004  PASS  
ev1_ec1_n26_s3_gm                                          78      0.100      0.400      0.400    0.005  PASS  
ev1_ec1_n35_s1                                             35      0.100      0.400      0.200    0.004  PASS  
ev1_ec1_n43_s2_gs                                          86      0.100      0.400      0.400    0.006  PASS  
ev1_ec1_n51_s3_gm                                         153      0.100      0.900      0.900    0.043  PASS  
ev1_ec1_n60_s1                                             60      0.000      0.100      0.100    0.007  PASS  
ev1_ec1_n68_s2_gs                                         136      0.100      1.100      1.100    0.028  PASS  
ev1_ec1_n76_s3_gm                                         228      0.000      0.800      0.800    0.055  PASS  
ev1_ec1_n85_s1                                             85      0.000      0.200      0.100    0.028  PASS  
ev1_ec1_n93_s2_gs                                         186      0.200      1.400      1.400    0.129  PASS  
ev1_ec4_n2_s3_gm                                            6      0.300      0.200      0.200    0.005  PASS  
ev1_ec4_n11_s1                                             11      0.100      0.200      0.200    0.004  PASS  
ev1_ec4_n19_s2_gs                                          38      0.100      0.300      0.400    0.005  PASS  
ev1_ec4_n27_s3_gm                                          81      0.000      0.100      0.100    0.007  PASS  
ev1_ec4_n36_s1                                             36      0.000      0.100      0.100    0.003  PASS  
ev1_ec4_n44_s2_gs                                          88      0.100      0.400      0.400    0.006  PASS  
ev1_ec4_n52_s3_gm                                         156      0.100      0.400      0.400    0.041  PASS  
ev1_ec4_n61_s1                                             61      0.000      0.100      0.000    0.009  PASS  
ev1_ec4_n69_s2_gs                                         138      0.000      0.100      0.100    0.014  PASS  
ev1_ec4_n77_s3_gm                                         231      0.300      1.300      1.300    0.087  PASS  
ev1_ec4_n86_s1                                             86      0.200      0.700      0.700    0.008  PASS  
ev1_ec4_n94_s2_gs                                         188      0.200      2.500      2.500    0.028  PASS  
ev2_ec1_n3_s3_gm                                            9      0.500      0.700      0.900    0.004  PASS  
ev2_ec1_n12_s1                                             12      0.700      0.700      0.500    0.005  PASS  
ev2_ec1_n20_s2_gs                                          40      0.300      0.300      0.300    0.007  PASS  
ev2_ec1_n28_s3_gm                                          84      0.400      1.000      1.000    0.010  PASS  
ev2_ec1_n37_s1                                             37      2.000      2.500      2.500    0.005  PASS  
ev2_ec1_n45_s2_gs                                          90      0.800      0.900      0.900    0.013  PASS  
ev2_ec1_n53_s3_gm                                         159      0.700      2.700      2.700    0.032  PASS  
ev2_ec1_n62_s1                                             62      0.600      1.300      1.300    0.006  PASS  
ev2_ec1_n70_s2_gs                                         140      0.500      0.800      0.800    0.017  PASS  
ev2_ec1_n78_s3_gm                                         234      0.400      0.600      0.600    0.061  PASS  
ev2_ec1_n87_s1                                             87      0.200      0.200      0.200    0.008  PASS  
ev2_ec1_n95_s2_gs                                         190      0.900      1.500      1.500    0.052  PASS  
ev2_ec4_n4_s3_gm                                           12      0.300      0.200      0.200    0.005  PASS  
ev2_ec4_n13_s1                                             13      0.900      0.800      0.900    0.003  PASS  
ev2_ec4_n21_s2_gs                                          42      0.400      0.500      0.500    0.007  PASS  
ev2_ec4_n29_s3_gm                                          87      0.500      0.600      0.500    0.007  PASS  
ev2_ec4_n38_s1                                             38      2.100      3.600      3.600    0.008  PASS  
ev2_ec4_n46_s2_gs                                          92      0.200      0.300      0.300    0.012  PASS  
ev2_ec4_n54_s3_gm                                         162      0.800      3.300      3.300    0.035  PASS  
ev2_ec4_n63_s1                                             63      0.600      0.900      0.900    0.010  PASS  
ev2_ec4_n71_s2_gs                                         142      0.300      0.800      0.800    0.016  PASS  
ev2_ec4_n79_s3_gm                                         237      0.600      0.700      0.700    0.064  PASS  
ev2_ec4_n88_s1                                             88      0.800      1.000      0.900    0.008  PASS  
ev2_ec4_n96_s2_gs                                         192      0.800      1.000      1.000    0.038  PASS  
ev3_ec1_n5_s3_gm                                           15      0.500      3.800      3.800    0.004  PASS  
ev3_ec1_n14_s1                                             14      0.500      1.800      1.700    0.004  PASS  
ev3_ec1_n22_s2_gs                                          44      0.100      0.700      0.600    0.007  PASS  
ev3_ec1_n30_s3_gm                                          90      0.700      4.600      4.600    0.011  PASS  
ev3_ec1_n39_s1                                             39      2.000      6.400      6.400    0.007  FAIL  
ev3_ec1_n47_s2_gs                                          94      0.200      1.000      1.000    0.032  PASS  
ev3_ec1_n55_s3_gm                                         165      0.100      0.400      0.400    0.103  PASS  
ev3_ec1_n64_s1                                             64      0.800      4.700      4.700    0.006  PASS  
ev3_ec1_n72_s2_gs                                         144      0.100      0.700      0.700    0.030  PASS  
ev3_ec1_n80_s3_gm                                         240      0.100      0.300      0.300    0.117  PASS  
ev3_ec1_n89_s1                                             89      0.500      2.900      2.900    0.019  PASS  
ev3_ec1_n97_s2_gs                                         194      0.100      0.400      0.400    0.125  PASS  
ev3_ec4_n6_s3_gm                                           18      1.800      4.400      4.400    0.004  PASS  
ev3_ec4_n15_s1                                             15      1.600      4.100      4.100    0.009  PASS  
ev3_ec4_n23_s2_gs                                          46      0.400      1.900      2.000    0.004  PASS  
ev3_ec4_n31_s3_gm                                          93      0.900      2.800      2.800    0.013  PASS  
ev3_ec4_n40_s1                                             40      0.300      0.900      0.900    0.004  PASS  
ev3_ec4_n48_s2_gs                                          96      0.200      0.600      0.700    0.017  PASS  
ev3_ec4_n56_s3_gm                                         168      0.400      1.000      1.000    0.088  PASS  
ev3_ec4_n65_s1                                             65      0.600      1.700      1.700    0.011  PASS  
ev3_ec4_n73_s2_gs                                         146      0.100      0.400      0.400    0.070  PASS  
ev3_ec4_n81_s3_gm                                         243      0.800      6.900      6.900    0.293  FAIL  
ev3_ec4_n90_s1                                             90      0.800      3.800      3.800    0.013  PASS  
ev3_ec4_n98_s2_gs                                         196      0.200      0.700      0.700    0.118  PASS  
ev4_ec1_n7_s3_gm                                           21      0.200      0.100      0.100    0.004  PASS  
ev4_ec1_n16_s1                                             16      0.800      2.100      2.100    0.004  PASS  
ev4_ec1_n24_s2_gs                                          48      1.100      5.400      5.300    0.004  FAIL  
ev4_ec1_n32_s3_gm                                          96      0.800      2.400      2.300    0.008  PASS  
ev4_ec1_n41_s1                                             41      0.600      2.000      2.100    0.006  PASS  
ev4_ec1_n49_s2_gs                                          98      1.800     11.200     11.200    0.029  FAIL  
ev4_ec1_n57_s3_gm                                         171      0.400      5.000      5.000    0.082  PASS  
ev4_ec1_n66_s1                                             66      1.000      2.500      2.600    0.008  PASS  
ev4_ec1_n74_s2_gs                                         148      1.000     26.100     26.000    0.060  FAIL  
ev4_ec1_n82_s3_gm                                         246      0.300      5.900      5.900    0.107  FAIL  
ev4_ec1_n91_s1                                             91      0.600      1.900      1.900    0.009  PASS  
ev4_ec1_n99_s2_gs                                         198      1.100     26.100     26.100    0.052  FAIL  
ev4_ec4_n8_s3_gm                                           24      0.100      0.200      0.200    0.003  PASS  
ev4_ec4_n17_s1                                             17      0.600      1.100      1.100    0.003  PASS  
ev4_ec4_n25_s2_gs                                          50      4.600     31.000     31.000    0.008  FAIL  
ev4_ec4_n33_s3_gm                                          99      0.200      0.600      0.600    0.016  PASS  
ev4_ec4_n42_s1                                             42      0.300      1.300      1.400    0.005  PASS  
ev4_ec4_n50_s2_gs                                         100      3.800     23.300     23.300    0.016  FAIL  
ev4_ec4_n58_s3_gm                                         174      0.300      2.500      2.500    0.084  PASS  
ev4_ec4_n67_s1                                             67      0.800      3.600      3.600    0.009  PASS  
ev4_ec4_n75_s2_gs                                         150      5.300     39.200     39.200    0.031  FAIL  
ev4_ec4_n83_s3_gm                                         249      0.500     12.400     12.400    0.113  FAIL  
ev4_ec4_n92_s1                                             92      0.500      1.500      1.500    0.011  PASS  
ev4_ec4_n100_s2_gs                                        200      2.300     43.200     43.200    0.107  FAIL  
ev5_ec1_n9_s3_gm                                           27      1.000      1.800      1.800    0.003  PASS  
ev5_ec1_n18_s1                                             18      0.200      0.300      0.300    0.005  PASS  
ev5_ec1_n26_s2_gs                                          52      0.300      1.600      1.700    0.008  PASS  
ev5_ec1_n34_s3_gm                                         102      0.300      1.900      1.900    0.025  PASS  
ev5_ec1_n43_s1                                             43      1.200      2.200      2.200    0.008  PASS  
ev5_ec1_n51_s2_gs                                         102      0.300      0.500      0.500    0.027  PASS  
ev5_ec1_n59_s3_gm                                         177      0.300      1.100      1.100    0.108  PASS  
ev5_ec1_n68_s1                                             68      2.200      9.400      9.400    0.006  FAIL  
ev5_ec1_n76_s2_gs                                         152      0.100      0.400      0.400    0.039  PASS  
ev5_ec1_n84_s3_gm                                         252     63.900    243.300    243.300    0.160  FAIL  
ev5_ec1_n93_s1                                             93      0.800      4.200      4.200    0.014  PASS  
ev5_ec4_n2_s2_gs                                            4      0.500      0.400      0.500    0.006  PASS  
ev5_ec4_n10_s3_gm                                          30      1.300      4.200      4.100    0.007  PASS  
ev5_ec4_n19_s1                                             19      0.100      0.200      0.200    0.006  PASS  
ev5_ec4_n27_s2_gs                                          54      0.100      0.400      0.400    0.013  PASS  
ev5_ec4_n35_s3_gm                                         105      0.500      1.900      1.900    0.012  PASS  
ev5_ec4_n44_s1                                             44      0.200      0.500      0.500    0.006  PASS  
ev5_ec4_n52_s2_gs                                         104      1.300      3.600      3.600    0.020  PASS  
ev5_ec4_n60_s3_gm                                         180      0.900      2.800      2.800    0.074  PASS  
ev5_ec4_n69_s1                                             69      1.400      5.400      5.400    0.007  FAIL  
ev5_ec4_n77_s2_gs                                         154      0.200      0.400      0.400    0.096  PASS  
ev5_ec4_n85_s3_gm                                         255      0.500      2.100      2.000    0.111  PASS  
ev5_ec4_n94_s1                                             94      0.400      2.100      2.100    0.018  PASS  
ev6_ec1_n3_s2_gs                                            6      2.000      1.600      2.000    0.004  PASS  
ev6_ec1_n11_s3_gm                                          33      0.300      0.300      0.300    0.005  PASS  
ev6_ec1_n20_s1                                             20      1.200      1.900      1.900    0.003  PASS  
ev6_ec1_n28_s2_gs                                          56      3.300     14.600     14.600    0.005  FAIL  
ev6_ec1_n36_s3_gm                                         108      4.300     28.900     28.900    0.012  FAIL  
ev6_ec1_n45_s1                                             45      1.800      6.600      6.500    0.009  FAIL  
ev6_ec1_n53_s2_gs                                         106      4.900     32.900     32.900    0.039  FAIL  
ev6_ec1_n61_s3_gm                                         183      1.400     13.600     13.600    0.101  FAIL  
ev6_ec1_n70_s1                                             70      2.900     14.500     14.500    0.010  FAIL  
ev6_ec1_n78_s2_gs                                         156      0.700      3.300      3.300    0.070  PASS  
ev6_ec1_n86_s3_gm                                         258      1.600      9.300      9.300    0.193  FAIL  
ev6_ec1_n95_s1                                             95      4.700      8.100      8.100    0.018  FAIL  
ev7_ec1_n4_s2_gs                                            8      0.300      0.400      0.300    0.006  PASS  
ev7_ec1_n12_s3_gm                                          36     24.300    101.800    101.800    0.009  FAIL  
ev7_ec1_n21_s1                                             21      0.300      0.600      0.500    0.005  PASS  
ev7_ec1_n29_s2_gs                                          58      0.500      2.100      2.200    0.013  PASS  
ev7_ec1_n37_s3_gm                                         111      0.700      5.700      5.700    0.040  FAIL  
ev7_ec1_n46_s1                                             46      0.300      0.600      0.700    0.010  PASS  
ev7_ec1_n54_s2_gs                                         108      0.400      2.300      2.300    0.018  PASS  
ev7_ec1_n62_s3_gm                                         186      1.600     22.200     22.200    0.107  FAIL  
ev7_ec1_n71_s1                                             71      0.000      1.400      1.400    0.013  PASS  
ev7_ec1_n79_s2_gs                                         158      0.100      1.100      1.100    0.028  PASS  
ev7_ec1_n87_s3_gm                                         261      0.500      3.200      3.200    0.118  PASS  
ev7_ec1_n96_s1                                             96      0.200      2.700      2.600    0.010  PASS  
ev8_ec1_n5_s2_gs                                           10      0.500      0.900      0.800    0.005  PASS  
ev8_ec1_n13_s3_gm                                          39      2.200      6.500      6.500    0.004  FAIL  
ev8_ec1_n22_s1                                             22      2.100      3.800      3.900    0.002  PASS  
ev8_ec1_n30_s2_gs                                          60      0.100      0.400      0.400    0.013  PASS  
ev8_ec1_n38_s3_gm                                         114      4.200     29.100     29.100    0.028  FAIL  
ev8_ec1_n47_s1                                             47      0.100      0.300      0.300    0.008  PASS  
ev8_ec1_n55_s2_gs                                         110      1.200      6.600      6.600    0.040  FAIL  
ev8_ec1_n63_s3_gm                                         189      0.900      3.800      3.800    0.106  PASS  
ev8_ec1_n72_s1                                             72      0.100      0.300      0.300    0.012  PASS  
ev8_ec1_n80_s2_gs                                         160      0.500      0.600      0.600    0.069  PASS  
ev8_ec1_n88_s3_gm                                         264      1.300     14.400     14.400    0.198  FAIL  
ev8_ec1_n97_s1                                             97      0.100      0.500      0.500    0.013  PASS  
ev9_ec1_n6_s2_gs                                           12      6.500     16.800     16.800    0.005  FAIL  
ev9_ec1_n14_s3_gm                                          42      1.000      1.500      1.500    0.008  PASS  
ev9_ec1_n23_s1                                             23      0.200      0.200      0.200    0.003  PASS  
ev9_ec1_n31_s2_gs                                          62      0.100      0.400      0.400    0.010  PASS  
ev9_ec1_n39_s3_gm                                         117      4.300     12.300     12.300    0.036  FAIL  
ev9_ec1_n48_s1                                             48      0.200      0.600      0.600    0.010  PASS  
ev9_ec1_n56_s2_gs                                         112      0.100      0.300      0.400    0.035  PASS  
ev9_ec1_n64_s3_gm                                         192      2.100      4.500      4.500    0.108  PASS  
ev9_ec1_n73_s1                                             73      0.100      0.400      0.400    0.006  PASS  
ev9_ec1_n81_s2_gs                                         162      0.100      0.400      0.400    0.044  PASS  
ev9_ec1_n89_s3_gm                                         267     76.400    182.000    182.000    0.208  FAIL  
ev9_ec1_n98_s1                                             98      0.400      1.500      1.500    0.009  PASS  
tri2_n24_gs                                                48      0.300      2.800      2.900    0.004  PASS  
tri2_n57_gm                                               171  26884.600 536311.600 529556.700    0.028  FAIL  
tri2_n91                                                   91      0.600      5.900      5.900    0.016  FAIL  
tri3_n25_gs                                                50      2.600     16.400     16.400    0.004  FAIL  
tri3_n58_gm                                               174      0.200      1.400      1.400    0.066  PASS  
tri3_n92                                                   92      0.200      0.700      0.700    0.024  PASS  
tri4_n26_gs                                                52      0.600      8.900      8.800    0.005  FAIL  
tri4_n59_gm                                               177  10321.400  85115.700  85115.700    0.078  FAIL  
tri4_n93                                                   93      0.300      2.100      2.000    0.017  PASS  
tri5_n27_gs                                                54      0.300      3.700      3.800    0.005  PASS  
tri5_n60_gm                                               180      0.000      0.100      0.100    0.032  PASS  
tri5_n94                                                   94      0.300      2.500      2.500    0.008  PASS  
tri6_n28_gs                                                56      0.200      4.900      4.900    0.013  PASS  
tri6_n61_gm                                               183      0.000      0.300      0.300    0.093  PASS  
tri6_n95                                                   95      0.600      2.000      2.000    0.019  PASS  
tri7_n29_gs                                                58      1.100      7.100      7.100    0.013  FAIL  
tri7_n62_gm                                               186      0.100      1.000      1.000    0.097  PASS  
tri7_n96                                                   96      0.400      2.300      2.300    0.019  PASS  
----------------------------------------------------------------------------------------------------------------------------------
PASS: 13960/18438    (788.9s wall)

Failing (4478), sorted by max(ortU,ortV) desc:
  ev2_ec1_n35_s0_gm                                      n=   105  res=       inf  ortU=       inf  ortV=       inf  parse-fail
  ev2_ec1_n75_s2_gm                                      n=   225  res=       inf  ortU=       inf  ortV=       inf  parse-fail
  ev2_ec4_n87_s1_gm                                      n=   261  res=       inf  ortU=       inf  ortV=       inf  parse-fail
  ev2_ec4_n92_s3_gm                                      n=   276  res=       inf  ortU=       inf  ortV=       inf  parse-fail
  ev5_ec4_n64_s2_gm                                      n=   192  res=       inf  ortU=       inf  ortV=       inf  parse-fail
  ev5_ec4_n88_s3_gm                                      n=   264  res=       inf  ortU=       inf  ortV=       inf  parse-fail
  ev5_ec4_n95_s2_gm                                      n=   285  res=       inf  ortU=       inf  ortV=       inf  parse-fail
  tri2_n23_gm                                            n=    69  res=333930.700  ortU=5489108.500  ortV=5489108.700  
  tri2_n65_gm                                            n=   195  res=148969.700  ortU=4586544.800  ortV=4586544.900  
  tri4_n3_gm                                             n=     9  res=1496656.400  ortU=2635344.600  ortV=2017422.900  
  tri2_n37_gm                                            n=   111  res=121781.200  ortU=2441703.500  ortV=2441703.600  
  tri3_n11_gm                                            n=    33  res=448489.400  ortU=1703296.100  ortV=1702454.900  
  tri2_n27_gm                                            n=    81  res= 94010.100  ortU=1683507.200  ortV=1683507.300  
  tri2_n17_gm                                            n=    51  res= 83723.400  ortU=1391564.700  ortV=1391564.800  
  tri2_n13_gm                                            n=    39  res=201640.300  ortU=1340102.500  ortV=1340102.500  
  tri2_n9_gm                                             n=    27  res=256085.500  ortU=1299637.300  ortV=1299637.300  
  tri2_n25_gm                                            n=    75  res= 63726.400  ortU=998668.700  ortV=1107382.000  
  tri3_n7_gm                                             n=    21  res=370053.800  ortU=1024279.600  ortV=980728.100  
  tri4_n57_gm                                            n=   171  res= 54777.000  ortU=957031.200  ortV=957031.200  
  tri4_n9_gm                                             n=    27  res=295054.400  ortU=875451.800  ortV=833045.200  
  tri2_n73_gm                                            n=   219  res= 26164.800  ortU=862360.700  ortV=856462.400  
  tri2_n3_gm                                             n=     9  res=369882.000  ortU=850080.900  ortV=650691.100  
  tri3_n9_gm                                             n=    27  res=297382.100  ortU=834790.700  ortV=834674.700  
  tri2_n55_gm                                            n=   165  res= 47409.200  ortU=824161.800  ortV=804472.000  
  tri2_n35_gm                                            n=   105  res= 46454.400  ortU=772393.800  ortV=773950.800  
  tri2_n7_gm                                             n=    21  res=258523.300  ortU=769611.300  ortV=769611.300  
  tri4_n55_gm                                            n=   165  res= 77277.300  ortU=719128.400  ortV=719128.400  
  tri2_n61_gm                                            n=   183  res= 22988.200  ortU=714308.500  ortV=714308.500  
  tri4_n19_gm                                            n=    57  res=174158.700  ortU=704238.900  ortV=704238.900  
  tri4_n43_gm                                            n=   129  res= 97660.000  ortU=688100.100  ortV=688100.100  
  tri2_n29_gm                                            n=    87  res= 26967.600  ortU=615023.700  ortV=684168.500  
  tri2_n93_gm                                            n=   279  res= 22110.800  ortU=650923.000  ortV=650923.100  
  tri4_n21_gm                                            n=    63  res= 95821.800  ortU=645642.000  ortV=645642.000  
  tri2_n33_gm                                            n=    99  res= 47605.600  ortU=610586.600  ortV=610586.600  
  tri2_n21_gm                                            n=    63  res= 76443.900  ortU=593382.900  ortV=593383.000  
  tri3_n5_gm                                             n=    15  res=242044.900  ortU=565199.600  ortV=565199.600  
  tri2_n57_gm                                            n=   171  res= 26884.600  ortU=536311.600  ortV=529556.700  
  tri2_n47_gm                                            n=   141  res= 27390.100  ortU=505329.700  ortV=505329.700  
  tri4_n35_gm                                            n=   105  res= 61061.000  ortU=476407.800  ortV=463360.400  
  tri4_n41_gm                                            n=   123  res= 93767.500  ortU=467361.400  ortV=456864.400  
  tri2_n51_gm                                            n=   153  res= 18706.100  ortU=463832.100  ortV=463832.200  
  tri4_n31_gm                                            n=    93  res= 80215.000  ortU=433793.800  ortV=433793.800  
  tri2_n19_gm                                            n=    57  res= 66382.200  ortU=432259.300  ortV=432259.300  
  tri2_n95_gm                                            n=   285  res= 14614.900  ortU=413613.300  ortV=409951.500  
  tri2_n53_gm                                            n=   159  res= 19377.500  ortU=408379.000  ortV=404380.200  
  tri2_n31_gm                                            n=    93  res= 56772.700  ortU=402029.700  ortV=401547.400  
  tri2_n45_gm                                            n=   135  res= 30907.400  ortU=393936.000  ortV=389554.500  
  tri3_n13_gm                                            n=    39  res= 98795.000  ortU=389470.300  ortV=389210.200  
  tri4_n15_gm                                            n=    45  res= 79248.500  ortU=385357.300  ortV=385357.300  
  tri2_n5_gm                                             n=    15  res= 92790.400  ortU=376179.400  ortV=363452.200  
