==================================================================================================================================
BidiagonalSVD evaluation -- suite=379  solver=selfcontained  norms=paper
==================================================================================================================================
Solver:     self-contained-fortran-bidiagsvd / mr3gk_run (lab)
Source:     python_fortran/self-contained-fortran-bidiagsvd/
Metric:     Willems-Lang 2012 paper-norm (res=per-triplet 2-norm)
Generator:  full_eval.{make,adv_names} + stcollection/B_*.dat  (lapack-dbdsvr/full_eval.py:23, evaluate.py:30)
Thresholds: res<=7 n.eps,  ortU/ortV<=5 n.eps
Timeout:    600.0s/matrix
Reference:  DBDSQR (singular values only)  -- min-of-N adaptive bench, cache-flushed (32 MiB scratch)
==================================================================================================================================

Matrix                                                n       res      ortU      ortV   sv_drift     t_eval   t_dbdsqr reps  status  note
-----------------------------------------------------------------------------------------------------------------------------------------
adv:exponential_graded@10                            10     0.845     0.226     0.100   2.96e-01  3.221e-03  3.392e-06 30/30  PASS  
adv:glued_repeated@10                                10     0.502     0.484     0.479   6.25e-16  3.152e-03  6.922e-06 30/30  PASS  
adv:saw_tooth@10                                     10     0.656     0.206     0.195   6.70e-16  3.182e-03  6.625e-06 30/30  PASS  
adv:stemr_killer@10                                  10     0.893     0.100     0.450   7.17e-02  3.196e-03  3.300e-06 30/30  PASS  
adv:huge_condition@10                                10     0.936     0.400     0.200   3.61e-04  3.191e-03  3.274e-06 30/30  PASS  
adv:spike@10                                         10     0.882     0.296     0.300   1.41e-11  3.074e-03  7.569e-06 30/30  PASS  
adv:wilkinson_like@10                                10     0.523     0.337     0.364   1.04e-15  3.260e-03  6.937e-06 30/30  PASS  
adv:two_clusters@10                                  10     0.716     0.154     0.101   1.15e-15  3.128e-03  5.368e-06 30/30  PASS  
adv:random_uniform@10                                10     0.931     0.200     0.250   1.60e-14  3.157e-03  7.066e-06 30/30  PASS  
adv:diagonal_only@10                                 10     0.000     0.000     0.000   0.00e+00  2.959e-03  5.140e-07 30/30  PASS  
adv:constant@10                                      10     0.000     0.000     0.000   0.00e+00  3.011e-03  4.470e-07 30/30  PASS  
adv:all_equal_nontrivial@10                          10     0.377     0.571     0.552   1.49e-15  3.176e-03  6.357e-06 30/30  PASS  
adv:one_big_cluster@10                               10     0.806     0.728     0.801   1.55e-15  3.040e-03  5.321e-06 30/30  PASS  
adv:arithmetic_progression@10                        10     0.498     0.270     0.300   1.19e-07  3.234e-03  5.120e-06 30/30  PASS  
adv:many_near_zero@10                                10     0.622     0.150     0.150   9.38e-02  3.132e-03  3.973e-06 30/30  PASS  
adv:random_dense_clusters@10                         10     0.944     0.201     0.300   5.87e-14  3.232e-03  5.191e-06 30/30  PASS  
adv:constant_d_graded_e@10                           10     0.622     0.150     0.100   2.44e-15  3.158e-03  9.759e-06 30/30  PASS  
adv:random_clustered_5@10                            10     0.866     0.200     0.150   1.49e-15  3.194e-03  3.161e-06 30/30  PASS  
adv:alternating_sign@10                              10     0.459     1.135     1.139   4.02e-16  3.144e-03  6.789e-06 30/30  PASS  
adv:step_function@10                                 10     0.916     0.986     0.970   6.23e-14  3.313e-03  5.236e-06 30/30  PASS  
adv:three_clusters@10                                10     0.876     5.083     5.078   8.16e-08  3.293e-03  4.077e-06 30/30  FAIL  
adv:random_sparse_e@10                               10     0.494     0.150     0.200   5.19e-16  3.041e-03  2.174e-06 30/30  PASS  
adv:chkbd@10                                         10     0.893     0.100     0.450   7.17e-02  3.098e-03  3.103e-06 30/30  PASS  
adv:marques_graded@10                                10     0.888     0.100     0.200   7.90e-08  3.023e-03  3.775e-06 30/30  PASS  
adv:gl_abcon0@10                                     10     0.502     0.484     0.479   6.25e-16  3.140e-03  6.415e-06 30/30  PASS  
adv:gl_abcon1@10                                     10     0.399     1.186     1.095   2.81e-15  3.118e-03  6.132e-06 30/30  PASS  
adv:gl_abcon2@10                                     10     0.604     0.188     0.154   8.42e-16  3.099e-03  5.468e-06 30/30  PASS  
adv:gl_abcon3@10                                     10     0.406     1.207     1.204   2.62e-15  3.109e-03  6.431e-06 30/30  PASS  
adv:gl_random@10                                     10     0.339     0.103     0.250   5.59e-14  3.144e-03  6.825e-06 30/30  PASS  
adv:gl_gradp@10                                      10     0.752     0.200     0.200   3.48e-13  3.220e-03  4.817e-06 30/30  PASS  
adv:gl_gradm@10                                      10     0.811     0.200     0.150   3.12e-13  3.076e-03  4.605e-06 30/30  PASS  
adv:gl_wilkp@10                                      10     0.714     0.250     0.200   1.57e-15  3.138e-03  3.759e-06 30/30  PASS  
adv:gl_wilkm@10                                      10     0.416     0.667     0.698   4.66e-16  3.107e-03  4.204e-06 30/30  PASS  
adv:gl_wilkw@10                                      10     0.546     0.664     0.696   3.90e-15  3.104e-03  6.001e-06 30/30  PASS  
adv:gl_wilk2w@10                                     10     0.622     0.143     0.150   7.64e-15  3.285e-03  5.372e-06 30/30  PASS  
adv:gl_clement@10                                    10     0.040     0.000     0.000   0.00e+00  2.925e-03  2.096e-06 30/30  PASS  
adv:gl_gro0@10                                       10     0.491     0.300     0.194   8.19e-16  3.258e-03  6.602e-06 30/30  PASS  
adv:gl_gro1@10                                       10     0.628     0.205     0.383   1.10e-15  3.166e-03  5.018e-06 30/30  PASS  
adv:gl_gro2@10                                       10     0.414     0.150     0.102   2.51e+00  3.089e-03  4.761e-06 30/30  PASS  
adv:gl_gro3@10                                       10     0.944     0.150     0.200   1.15e-01  3.160e-03  2.869e-06 30/30  PASS  
adv:gl_bwilkp@10                                     10     0.383     0.462     0.510   4.75e-16  3.127e-03  4.440e-06 30/30  PASS  
adv:gl_ones@10                                       10     0.000     0.000     0.000   0.00e+00  2.918e-03  5.840e-07 30/30  PASS  
adv:gl_uniform_eps@10                                10     0.000     0.000     0.000   0.00e+00  3.045e-03  5.490e-07 30/30  PASS  
adv:gl_uniform_sqrteps@10                            10     0.000     0.000     0.000   0.00e+00  2.881e-03  4.790e-07 30/30  PASS  
adv:gl_uniform_eps_to_1@10                           10     0.000     0.000     0.000   0.00e+00  3.012e-03  4.740e-07 30/30  PASS  
adv:gl_geometric_eps_to_1@10                         10     0.000     0.000     0.000   0.00e+00  3.063e-03  5.710e-07 30/30  PASS  
adv:gl_random_spectrum@10                            10     0.889     0.250     0.300   4.47e-14  3.130e-03  7.062e-06 30/30  PASS  
adv:gl_clustered_at_1@10                             10     0.000     0.000     0.000   0.00e+00  2.864e-03  5.130e-07 30/30  PASS  
adv:gl_clustered_at_pm1@10                           10     0.000     0.000     0.000   0.00e+00  2.894e-03  5.130e-07 30/30  PASS  
adv:gl_clustered_at_eps@10                           10     0.000     0.000     0.000   0.00e+00  2.917e-03  5.240e-07 30/30  PASS  
adv:gl_clustered_at_pmeps@10                         10     0.000     0.000     0.000   0.00e+00  2.988e-03  4.990e-07 30/30  PASS  
adv:demmel_S1pe@10                                   10     0.010     0.000     0.000   1.05e-01  2.982e-03  6.017e-06 30/30  PASS  
adv:demmel_S1ps@10                                   10     0.770     1.473     1.489   4.31e-08  3.125e-03  6.233e-06 30/30  PASS  
adv:demmel_S2pe@10                                   10     0.694     1.010     0.942   9.38e-02  3.095e-03  5.314e-06 30/30  PASS  
adv:demmel_S2ps@10                                   10     0.751     0.829     0.777   3.36e-08  3.163e-03  5.266e-06 30/30  PASS  
adv:demmel_W1@10                                     10     0.956     0.000     0.000   1.34e-01  3.027e-03  5.212e-06 30/30  PASS  
adv:demmel_W2@10                                     10     1.027     0.190     0.150   4.95e-08  3.121e-03  5.011e-06 30/30  PASS  
adv:demmel_W3@10                                     10     0.613     0.218     0.248   5.39e-15  3.180e-03  5.301e-06 30/30  PASS  
adv:demmel_G1@10                                     10     0.940     0.200     0.250   1.18e-01  3.139e-03  3.219e-06 30/30  PASS  
adv:demmel_G1s@10                                    10     0.896     0.200     0.100   7.97e-08  3.159e-03  3.648e-06 30/30  PASS  
adv:demmel_U1@10                                     10     0.818     0.200     0.350   1.84e-15  3.243e-03  5.601e-06 30/30  PASS  
adv:demmel_U1s@10                                    10     0.895     0.150     0.200   8.00e-08  3.153e-03  4.982e-06 30/30  PASS  
adv:wilkinson_exact@10                               10     0.464     0.150     0.250   1.71e-15  3.015e-03  4.191e-06 30/30  PASS  
adv:glued_wilkinson@10                               10     0.618     0.104     0.150   1.63e-15  3.241e-03  7.323e-06 30/30  PASS  
adv:glued_wilkinson_tight@10                         10     0.480     0.104     0.147   8.79e-16  3.193e-03  3.907e-06 30/30  PASS  
adv:wl_example48@10                                  10     0.959     0.273     0.224   1.73e-15  3.201e-03  5.502e-06 30/30  PASS  
adv:pd_T0@10                                         10     0.614     1.266     1.293   6.90e-16  3.225e-03  7.604e-06 30/30  PASS  
adv:pd_T1@10                                         10     0.412     0.150     0.150   9.08e-16  3.180e-03  5.593e-06 30/30  PASS  
adv:zero_diagonal@10                                 10     0.000     0.000     0.000   0.00e+00  3.057e-03  2.097e-06 30/30  PASS  
adv:near_overflow@10                                 10     0.398     0.225     0.233        inf  3.149e-03        inf 30/0   PASS  
adv:near_underflow@10                                10     0.000     0.292     0.324        inf  3.073e-03        inf 30/0   PASS  
adv:mixed_signs@10                                   10     0.636     0.274     0.295   3.34e-14  3.311e-03  6.873e-06 30/30  PASS  
adv:checkerboard@10                                  10     0.100     0.200     0.300   5.93e-02  3.099e-03  3.866e-06 30/30  PASS  
adv:exponential_graded_k4@10                         10     0.829     0.104     0.150   3.13e-12  3.182e-03  4.866e-06 30/30  PASS  
adv:exponential_graded_k8@10                         10     0.844     0.200     0.150   1.68e-08  3.259e-03  4.184e-06 30/30  PASS  
adv:exponential_graded_k12@10                        10     0.845     0.200     0.101   7.21e-05  3.144e-03  3.519e-06 30/30  PASS  
adv:stemr_killer_k5@10                               10     0.816     0.200     0.100   2.66e-11  3.109e-03  4.663e-06 30/30  PASS  
adv:stemr_killer_k10@10                              10     0.852     0.150     0.150   1.15e-06  3.153e-03  3.640e-06 30/30  PASS  
adv:huge_condition_k5@10                             10     0.846     0.200     0.200   9.60e-11  3.220e-03  4.296e-06 30/30  PASS  
adv:huge_condition_k10@10                            10     0.865     0.150     0.250   1.17e-05  3.297e-03  2.998e-06 30/30  PASS  
adv:demmel_G1_k4@10                                  10     0.900     0.200     0.526   1.17e-11  3.253e-03  4.255e-06 30/30  PASS  
adv:demmel_G1_k8@10                                  10     0.896     0.100     0.100   1.19e-07  3.105e-03  3.361e-06 30/30  PASS  
adv:demmel_G1_k12@10                                 10     0.944     0.200     0.100   1.19e-03  3.307e-03  3.416e-06 30/30  PASS  
adv:demmel_S1pe_k4@10                                10     0.770     1.744     1.765   6.42e-12  3.108e-03  5.992e-06 30/30  PASS  
adv:demmel_S1pe_k8@10                                10     0.770     2.454     2.478   6.42e-08  3.135e-03  5.855e-06 30/30  PASS  
adv:chkbd_4@10                                        4     1.578     0.250     0.250   5.55e-11  3.024e-03  2.465e-06 30/30  PASS  
adv:chkbd_16@10                                      16     0.558     0.062     0.281   7.17e-02  3.047e-03  4.255e-06 30/30  PASS  
adv:marques_graded_k4@10                             10     0.856     0.200     0.200   1.11e-11  3.076e-03  4.307e-06 30/30  PASS  
adv:marques_graded_k8@10                             10     0.888     0.200     0.250   1.18e-07  3.179e-03  4.162e-06 30/30  PASS  
adv:exponential_graded@100                          100     0.998     0.181     0.305   2.71e-01  1.160e-02  7.222e-05 17/30  PASS  
adv:glued_repeated@100                              100     0.054     0.117     0.116   6.25e-16  6.299e-03  4.699e-05 30/30  PASS  
adv:saw_tooth@100                                   100     0.069     0.654     0.662   8.04e-16  1.339e-02  1.919e-04 15/30  PASS  
adv:stemr_killer@100                                100     1.048     0.028     0.055   9.46e-01  9.212e-03  6.187e-05 22/30  PASS  
adv:huge_condition@100                              100     1.162     0.355     0.279   8.82e-01  1.255e-02  7.691e-05 16/30  PASS  
adv:spike@100                                       100     0.080     0.432     0.431   4.18e-11  1.760e-02  3.047e-04 12/30  PASS  
adv:wilkinson_like@100                              100     0.096     0.364     0.357   1.69e-14  1.912e-02  2.042e-04 11/30  PASS  
adv:two_clusters@100                                100     0.081     0.617     0.616   4.99e-16  1.031e-02  1.092e-04 19/30  PASS  
adv:random_uniform@100                              100     0.101     0.096     0.092   6.13e-14  2.121e-02  3.696e-04 10/30  PASS  
adv:diagonal_only@100                               100     0.000     0.000     0.000   0.00e+00  4.391e-03  9.680e-07 30/30  PASS  
adv:constant@100                                    100     0.000     0.000     0.000   0.00e+00  4.294e-03  1.060e-06 30/30  PASS  
adv:all_equal_nontrivial@100                        100     0.049     0.942     0.929   6.66e-15  2.013e-02  1.803e-04 10/30  PASS  
adv:one_big_cluster@100                             100     0.306     0.420     0.423   7.11e-15  9.614e-03  2.898e-04 21/30  PASS  
adv:arithmetic_progression@100                      100     0.054     0.257     0.256   6.99e-08  1.999e-02  1.643e-04 10/30  PASS  
adv:many_near_zero@100                              100     0.062     0.015     0.015   1.11e-01  4.498e-03  1.724e-04 30/30  PASS  
adv:random_dense_clusters@100                       100     0.106     3.302     3.312   3.48e-14  2.024e-02  1.234e-04 10/30  PASS  
adv:constant_d_graded_e@100                         100     1.020     1.581     1.583   1.78e-14  1.244e-02  5.191e-04 16/30  PASS  
adv:random_clustered_5@100                          100     0.113     0.256     0.259   4.81e-15  1.061e-02  7.581e-05 19/30  PASS  
adv:alternating_sign@100                            100     0.083     2.410     2.398   4.71e-16  2.034e-02  1.867e-04 10/30  PASS  
adv:step_function@100                               100     0.096     2.536     2.540   9.43e-15  1.943e-02  1.263e-04 11/30  PASS  
adv:three_clusters@100                              100     0.085     0.301     0.294   4.70e-08  1.268e-02  8.670e-05 16/30  PASS  
adv:random_sparse_e@100                             100     0.069     0.013     0.020   1.58e-15  4.585e-03  8.185e-06 30/30  PASS  
adv:chkbd@100                                       100     0.094     0.025     0.020        inf  4.348e-03        inf 30/0   PASS  
adv:marques_graded@100                              100     0.121     0.182     0.214   3.02e-08  1.730e-02  1.193e-04 12/30  PASS  
adv:gl_abcon0@100                                   100     0.131     3.691     3.696   4.40e-16  2.039e-02  1.755e-04 10/30  PASS  
adv:gl_abcon1@100                                   100     0.062     1.729     1.745   5.92e-16  2.025e-02  1.737e-04 10/30  PASS  
adv:gl_abcon2@100                                   100     0.103     0.439     0.445   6.19e-14  1.858e-02  1.424e-04 11/30  PASS  
adv:gl_abcon3@100                                   100     0.081     1.309     1.313        inf  2.019e-02        inf 10/0   PASS  
adv:gl_random@100                                   100     0.057     0.115     0.091   9.15e-14  2.187e-02  3.139e-04 10/30  PASS  
adv:gl_gradp@100                                    100     0.559     0.084     0.020   2.01e-01  6.630e-03  4.597e-05 30/30  PASS  
adv:gl_gradm@100                                    100     1.117     0.030     0.091   2.01e-01  6.728e-03  4.558e-05 29/30  PASS  
adv:gl_wilkp@100                                    100     0.091     0.179     0.177   3.55e-14  1.175e-02  8.450e-05 17/30  PASS  
adv:gl_wilkm@100                                    100     0.050     1.056     1.047   1.07e-15  1.270e-02  1.158e-04 16/30  PASS  
adv:gl_wilkw@100                                    100     0.074     2.716     2.705   3.01e-14  2.074e-02  2.160e-04 10/30  PASS  
adv:gl_wilk2w@100                                   100     0.073     0.546     0.545   3.39e-14  2.006e-02  1.972e-04 10/30  PASS  
adv:gl_clement@100                                  100     0.003     0.000     0.000   1.14e-16  4.716e-03  8.370e-06 30/30  PASS  
adv:gl_gro0@100                                     100     0.054     1.171     1.165   2.02e-15  2.031e-02  2.466e-04 10/30  PASS  
adv:gl_gro1@100                                     100     0.046     0.185     0.181   2.72e-14  2.007e-02  1.621e-04 10/30  PASS  
adv:gl_gro2@100                                     100     0.041     0.015     0.010   5.98e+01  4.465e-03  1.662e-04 30/30  PASS  
adv:gl_gro3@100                                     100     1.242     0.297     0.201   1.81e-01  1.172e-02  7.272e-05 17/30  PASS  
adv:gl_bwilkp@100                                   100     0.062     1.436     1.440   1.08e-15  1.267e-02  1.370e-04 16/30  PASS  
adv:gl_ones@100                                     100     0.000     0.000     0.000   0.00e+00  4.307e-03  8.230e-07 30/30  PASS  
adv:gl_uniform_eps@100                              100     0.000     0.000     0.000   0.00e+00  4.295e-03  1.307e-06 30/30  PASS  
adv:gl_uniform_sqrteps@100                          100     0.000     0.000     0.000   0.00e+00  4.266e-03  1.426e-06 30/30  PASS  
adv:gl_uniform_eps_to_1@100                         100     0.005     0.000     0.000   1.13e-16  4.322e-03  1.383e-06 30/30  PASS  
adv:gl_geometric_eps_to_1@100                       100     0.000     0.000     0.000   0.00e+00  4.310e-03  1.141e-06 30/30  PASS  
adv:gl_random_spectrum@100                          100     0.108     0.098     0.096   1.01e-13  2.128e-02  3.710e-04 10/30  PASS  
adv:gl_clustered_at_1@100                           100     0.000     0.000     0.000   0.00e+00  4.318e-03  1.278e-06 30/30  PASS  
adv:gl_clustered_at_pm1@100                         100     0.000     0.000     0.000   0.00e+00  4.348e-03  1.476e-06 30/30  PASS  
adv:gl_clustered_at_eps@100                         100     0.003     0.000     0.000   1.42e-16  4.324e-03  1.433e-06 30/30  PASS  
adv:gl_clustered_at_pmeps@100                       100     0.003     0.000     0.000   1.42e-16  4.435e-03  1.375e-06 30/30  PASS  
adv:demmel_S1pe@100                                 100     0.001     0.000     0.000   1.11e-01  4.350e-03  1.862e-04 30/30  PASS  
adv:demmel_S1ps@100                                 100     0.073     5.608     5.620   2.88e-08  1.418e-02  1.846e-04 14/30  FAIL  
adv:demmel_S2pe@100                                 100     0.096     3.961     3.969   1.11e-01  8.780e-03  1.083e-04 23/30  PASS  
adv:demmel_S2ps@100                                 100     0.067     1.461     1.477   2.56e-08  1.717e-02  1.200e-04 12/30  PASS  
adv:demmel_W1@100                                   100     0.099     0.010     0.000   5.19e-02  4.524e-03  1.545e-04 30/30  PASS  
adv:demmel_W2@100                                   100     0.104     0.648     0.643   4.95e-08  1.497e-02  1.541e-04 14/30  PASS  
adv:demmel_W3@100                                   100     0.123     0.402     0.401   7.02e-14  1.800e-02  1.482e-04 11/30  PASS  
adv:demmel_G1@100                                   100     0.836     0.070     0.030   9.21e-03  1.137e-02  7.000e-05 18/30  PASS  
adv:demmel_G1s@100                                  100     0.116     0.185     0.159   5.16e-08  1.665e-02  1.101e-04 12/30  PASS  
adv:demmel_U1@100                                   100     0.099     0.564     0.572   8.01e-14  1.883e-02  1.538e-04 11/30  PASS  
adv:demmel_U1s@100                                  100     0.097     0.398     0.419   4.69e-08  1.885e-02  1.538e-04 11/30  PASS  
adv:wilkinson_exact@100                             100     0.090     0.185     0.193   3.51e-14  1.187e-02  8.723e-05 17/30  PASS  
adv:glued_wilkinson@100                             100     0.101     0.154     0.156   1.93e-14  1.914e-02  1.269e-04 11/30  PASS  
adv:glued_wilkinson_tight@100                       100     0.091     0.175     0.173   1.89e-14  1.143e-02  8.655e-05 18/30  PASS  
adv:wl_example48@100                                100     0.094     0.320     0.315   2.30e-15  2.201e-02  7.598e-05  9/30  PASS  
adv:pd_T0@100                                       100     0.068     1.156     1.155   1.15e-15  1.924e-02  3.990e-04 11/30  PASS  
adv:pd_T1@100                                       100     0.283     0.300     0.305   2.35e-13  1.932e-02  1.532e-04 11/30  PASS  
adv:zero_diagonal@100                               100     0.000     0.000     0.000   0.00e+00  4.628e-03  7.803e-06 30/30  PASS  
adv:near_overflow@100                               100     0.068     0.053     0.048        inf  1.763e-02        inf 12/0   PASS  
adv:near_underflow@100                              100     0.076     0.060     0.064        inf  1.800e-02        inf 11/0   PASS  
adv:mixed_signs@100                                 100     0.071     0.588     0.580   8.75e-14  2.172e-02  3.546e-04 10/30  PASS  
adv:checkerboard@100                                100     0.548     0.050     0.095   2.26e-01  8.561e-03  8.266e-05 23/30  PASS  
adv:exponential_graded_k4@100                       100     0.064     0.059     0.064   4.84e-12  1.776e-02  1.445e-04 12/30  PASS  
adv:exponential_graded_k8@100                       100     0.078     0.034     0.036   5.12e-08  1.643e-02  1.141e-04 13/30  PASS  
adv:exponential_graded_k12@100                      100     0.087     0.080     0.051   4.03e-04  1.534e-02  8.914e-05 13/30  PASS  
adv:stemr_killer_k5@100                             100     0.094     0.045     0.046   4.41e-11  1.774e-02  1.336e-04 12/30  PASS  
adv:stemr_killer_k10@100                            100     0.120     1.193     0.734   3.95e-06  1.588e-02  1.007e-04 13/30  PASS  
adv:huge_condition_k5@100                           100     0.070     0.192     0.212   4.11e-11  1.750e-02  1.356e-04 12/30  PASS  
adv:huge_condition_k10@100                          100     0.088     0.108     0.085   4.09e-06  1.581e-02  1.004e-04 13/30  PASS  
adv:demmel_G1_k4@100                                100     0.096     0.069     0.067   1.01e-11  1.782e-02  1.420e-04 12/30  PASS  
adv:demmel_G1_k8@100                                100     0.119     0.257     0.226   7.67e-08  1.651e-02  1.103e-04 12/30  PASS  
adv:demmel_G1_k12@100                               100     0.136     0.213     0.160   7.00e-04  1.515e-02  8.594e-05 14/30  PASS  
adv:demmel_S1pe_k4@100                              100     0.073     2.966     2.952   4.29e-12  1.697e-02  1.847e-04 12/30  PASS  
adv:demmel_S1pe_k8@100                              100     0.073     3.372     3.383   4.29e-08  1.350e-02  1.845e-04 15/30  PASS  
adv:chkbd_4@100                                       4     1.578     0.250     0.250   5.55e-11  3.114e-03  2.287e-06 30/30  PASS  
adv:chkbd_16@100                                     16     0.558     0.062     0.281   7.17e-02  3.071e-03  3.951e-06 30/30  PASS  
adv:marques_graded_k4@100                           100     0.073     0.333     0.307   5.96e-12  1.794e-02  1.419e-04 12/30  PASS  
adv:marques_graded_k8@100                           100     0.093     0.053     0.043   4.63e-08  1.659e-02  1.116e-04 12/30  PASS  
adv:exponential_graded@200                          200     1.194     0.301     0.362   3.85e-01  3.594e-02  2.694e-04  6/30  PASS  
adv:glued_repeated@200                              200     0.026     0.067     0.069   6.25e-16  1.355e-02  9.189e-05 15/30  PASS  
adv:saw_tooth@200                                   200     0.035     0.962     0.962   5.96e-16  4.402e-02  5.770e-04  5/30  PASS  
adv:stemr_killer@200                                200     1.055     0.210     0.259   2.28e+00  2.684e-02  2.279e-04  8/30  PASS  
adv:huge_condition@200                              200     1.133     0.370     0.307   1.70e+00  4.021e-02  2.884e-04  5/30  PASS  
adv:spike@200                                       200     0.042     0.369     0.370   6.38e-11  6.354e-02  1.135e-03  4/30  PASS  
adv:wilkinson_like@200                              200     0.055     0.150     0.152   5.47e-14  6.854e-02  7.555e-04  3/30  PASS  
adv:two_clusters@200                                200     0.038     0.512     0.509   5.55e-16  3.137e-02  3.621e-04  7/30  PASS  
adv:random_uniform@200                              200     0.053     0.206     0.210   6.20e-14  7.657e-02  1.071e-03  3/30  PASS  
adv:diagonal_only@200                               200     0.000     0.000     0.000   0.00e+00  8.761e-03  1.544e-06 23/30  PASS  
adv:constant@200                                    200     0.000     0.000     0.000   0.00e+00  8.441e-03  1.447e-06 23/30  PASS  
adv:all_equal_nontrivial@200                        200     0.091     2.426     2.431   3.99e-15  6.930e-02  6.541e-04  3/30  PASS  
adv:one_big_cluster@200                             200     0.786     0.593     0.589   7.44e-15  1.725e-02  4.456e-04 12/30  PASS  
adv:arithmetic_progression@200                      200     0.034     0.456     0.482   9.17e-08  7.009e-02  6.073e-04  3/30  PASS  
adv:many_near_zero@200                              200     0.031     0.007     0.007   1.11e-01  8.570e-03  6.033e-04 23/30  PASS  
adv:random_dense_clusters@200                       200     0.054     1.251     1.255   3.32e-14  7.164e-02  4.100e-04  3/30  PASS  
adv:constant_d_graded_e@200                         200     1.001     0.656     0.655   3.35e-14  3.914e-02  1.969e-03  6/30  PASS  
adv:random_clustered_5@200                          200     0.882     0.487     0.489   4.28e-14  1.469e-02  2.677e-04 14/30  PASS  
adv:alternating_sign@200                            200     0.090     1.807     1.816   3.71e-16  7.020e-02  6.698e-04  3/30  PASS  
adv:step_function@200                               200     0.060     2.998     2.994   7.74e-15  6.919e-02  4.063e-04  3/30  PASS  
adv:three_clusters@200                              200     0.040     0.491     0.491   3.60e-08  3.862e-02  2.678e-04  6/30  PASS  
adv:random_sparse_e@200                             200     0.036     0.007     0.010   1.58e-15  8.986e-03  1.420e-05 22/30  PASS  
adv:chkbd@200                                       200     0.047     0.013     0.010        inf  8.565e-03        inf 23/0   PASS  
adv:marques_graded@200                              200     0.054     0.441     0.400   8.66e-08  5.699e-02  4.198e-04  4/30  PASS  
adv:gl_abcon0@200                                   200     0.067     1.457     1.463   4.16e-16  7.003e-02  6.672e-04  3/30  PASS  
adv:gl_abcon1@200                                   200     0.092     3.041     3.037   5.92e-16  7.184e-02  6.226e-04  3/30  PASS  
adv:gl_abcon2@200                                   200     0.057     1.044     1.047   1.24e-13  6.502e-02  5.075e-04  4/30  PASS  
adv:gl_abcon3@200                                   200     0.040     0.905     0.902   2.07e-15  6.735e-02  1.538e-03  3/30  PASS  
adv:gl_random@200                                   200     0.053     0.147     0.144   1.67e-13  7.812e-02  1.128e-03  3/30  PASS  
adv:gl_gradp@200                                    200     0.559     0.064     0.118   2.01e-01  1.095e-02  9.012e-05 18/30  PASS  
adv:gl_gradm@200                                    200     1.117     0.015     0.046   2.01e-01  1.089e-02  8.961e-05 18/30  PASS  
adv:gl_wilkp@200                                    200     0.051     0.367     0.367   5.75e-14  3.904e-02  2.798e-04  6/30  PASS  
adv:gl_wilkm@200                                    200     0.024     1.038     1.043   1.39e-15  4.254e-02  3.797e-04  5/30  PASS  
adv:gl_wilkw@200                                    200     0.073 22517998136852.480     1.690   4.99e+44  7.302e-02  7.595e-04  3/30  FAIL  
adv:gl_wilk2w@200                                   200     0.108 22517998136852.480     1.153   1.53e+21  7.116e-02  7.102e-04  3/30  FAIL  
adv:gl_clement@200                                  200     0.002     0.000     0.000   1.65e-16  9.862e-03  1.545e-05 20/30  PASS  
adv:gl_gro0@200                                     200     0.022     0.773     0.766   1.98e-15  7.096e-02  8.859e-04  3/30  PASS  
adv:gl_gro1@200                                     200     0.022     0.429     0.429   8.72e-14  7.123e-02  5.860e-04  3/30  PASS  
adv:gl_gro2@200                                     200     0.021     0.007     0.005   1.23e+02  8.601e-03  6.248e-04 23/30  PASS  
adv:gl_gro3@200                                     200     1.066     0.201     0.237   3.19e-01  3.718e-02  2.700e-04  6/30  PASS  
adv:gl_bwilkp@200                                   200     0.036     0.826     0.826   1.77e-15  4.290e-02  4.424e-04  5/30  PASS  
adv:gl_ones@200                                     200     0.000     0.000     0.000   0.00e+00  8.382e-03  1.706e-06 24/30  PASS  
adv:gl_uniform_eps@200                              200     0.000     0.000     0.000   0.00e+00  8.420e-03  2.338e-06 24/30  PASS  
adv:gl_uniform_sqrteps@200                          200     0.000     0.000     0.000   0.00e+00  8.399e-03  2.537e-06 24/30  PASS  
adv:gl_uniform_eps_to_1@200                         200     0.003     0.000     0.000   1.11e-16  8.366e-03  2.366e-06 23/30  PASS  
adv:gl_geometric_eps_to_1@200                       200     0.000     0.000     0.000   0.00e+00  8.537e-03  1.610e-06 23/30  PASS  
adv:gl_random_spectrum@200                          200     0.059     0.124     0.123   1.36e-13  7.707e-02  1.082e-03  3/30  PASS  
adv:gl_clustered_at_1@200                           200     0.000     0.000     0.000   0.00e+00  8.405e-03  2.476e-06 23/30  PASS  
adv:gl_clustered_at_pm1@200                         200     0.000     0.000     0.000   0.00e+00  8.643e-03  2.256e-06 23/30  PASS  
adv:gl_clustered_at_eps@200                         200     0.002     0.000     0.000   1.39e-16  8.418e-03  2.280e-06 24/30  PASS  
adv:gl_clustered_at_pmeps@200                       200     0.002     0.000     0.000   1.39e-16  8.615e-03  2.368e-06 23/30  PASS  
adv:demmel_S1pe@200                                 200     0.001     0.000     0.000   1.11e-01  8.415e-03  6.266e-04 24/30  PASS  
adv:demmel_S1ps@200                                 200     0.036     5.760     5.761   1.67e-08  4.978e-02  6.267e-04  4/30  FAIL  
adv:demmel_S2pe@200                                 200     0.066     2.012     2.007   1.11e-01  2.477e-02  3.726e-04  8/30  PASS  
adv:demmel_S2ps@200                                 200     0.050     3.057     3.051   2.23e-08  5.706e-02  3.670e-04  4/30  PASS  
adv:demmel_W1@200                                   200     0.099     0.000     0.000   6.71e-02  8.529e-03  5.442e-04 23/30  PASS  
adv:demmel_W2@200                                   200     0.052     0.521     0.521   4.95e-08  4.915e-02  5.430e-04  5/30  PASS  
adv:demmel_W3@200                                   200     0.098     0.603     0.601   1.47e-13  6.200e-02  5.281e-04  4/30  PASS  
adv:demmel_G1@200                                   200     0.907     0.158     0.139   1.35e-02  3.533e-02  2.623e-04  6/30  PASS  
adv:demmel_G1s@200                                  200     0.066     0.508     0.467   5.58e-08  5.763e-02  4.056e-04  4/30  PASS  
adv:demmel_U1@200                                   200     0.053     0.444     0.477   3.32e-13  6.696e-02  5.439e-04  3/30  PASS  
adv:demmel_U1s@200                                  200     0.053     0.474     0.469   6.16e-08  6.648e-02  5.432e-04  3/30  PASS  
adv:wilkinson_exact@200                             200     0.051     0.419     0.426   5.79e-14  3.974e-02  2.856e-04  6/30  PASS  
adv:glued_wilkinson@200                             200     0.058     0.078     0.082   4.69e-14  6.604e-02  6.704e-04  4/30  PASS  
adv:glued_wilkinson_tight@200                       200     0.050     0.258     0.260   4.66e-14  3.761e-02  2.820e-04  6/30  PASS  
adv:wl_example48@200                                200     0.050     0.076     0.074   2.57e-15  8.049e-02  1.503e-04  3/30  PASS  
adv:pd_T0@200                                       200     0.216     1.480     1.477   7.92e-15  6.490e-02  1.624e-03  4/30  PASS  
adv:pd_T1@200                                       200     0.142     0.340     0.340   3.19e-13  6.694e-02  5.847e-04  3/30  PASS  
adv:zero_diagonal@200                               200     0.000     0.000     0.000   0.00e+00  1.030e-02  1.505e-05 20/30  PASS  
adv:near_overflow@200                               200     0.064     0.372     0.331        inf  5.729e-02        inf  4/0   PASS  
adv:near_underflow@200                              200     0.041     0.269     0.291        inf  5.701e-02        inf  4/0   PASS  
adv:mixed_signs@200                                 200     0.039     0.115     0.116   7.54e-14  7.947e-02  1.241e-03  3/30  PASS  
adv:checkerboard@200                                200     0.823     0.035     0.045   2.40e-01  3.553e-02  2.884e-04  6/30  PASS  
adv:exponential_graded_k4@200                       200     0.034     0.303     0.319   1.13e-11  6.175e-02  5.309e-04  4/30  PASS  
adv:exponential_graded_k8@200                       200     0.061     0.489     0.535   5.42e-08  5.646e-02  4.183e-04  4/30  PASS  
adv:exponential_graded_k12@200                      200     0.076     0.408     0.468   1.04e-03  5.089e-02  3.320e-04  4/30  PASS  
adv:stemr_killer_k5@200                             200     0.034     0.414     0.391   1.83e-10  6.173e-02  4.971e-04  4/30  PASS  
adv:stemr_killer_k10@200                            200     0.045     0.151     0.135   6.49e-06  5.397e-02  3.707e-04  4/30  PASS  
adv:huge_condition_k5@200                           200     0.041     0.334     0.317   1.17e-10  6.157e-02  5.020e-04  4/30  PASS  
adv:huge_condition_k10@200                          200     0.039     0.386     0.435   1.39e-05  5.400e-02  3.725e-04  4/30  PASS  
adv:demmel_G1_k4@200                                200     0.050     0.405     0.423   1.14e-11  6.211e-02  5.219e-04  4/30  PASS  
adv:demmel_G1_k8@200                                200     0.055     0.639     0.597   8.20e-08  5.703e-02  4.054e-04  4/30  PASS  
adv:demmel_G1_k12@200                               200     0.069     0.463     0.411   7.44e-04  5.139e-02  3.167e-04  4/30  PASS  
adv:demmel_S1pe_k4@200                              200     0.036     1.543     1.546   2.49e-12  6.250e-02  6.263e-04  4/30  PASS  
adv:demmel_S1pe_k8@200                              200     0.036     3.377     3.379   2.49e-08  4.889e-02  6.275e-04  5/30  PASS  
adv:chkbd_4@200                                       4     1.578     0.250     0.250   5.55e-11  2.998e-03  2.443e-06 30/30  PASS  
adv:chkbd_16@200                                     16     0.558     0.062     0.281   7.17e-02  3.176e-03  4.415e-06 30/30  PASS  
adv:marques_graded_k4@200                           200     0.042     0.399     0.417   9.30e-12  6.222e-02  5.259e-04  4/30  PASS  
adv:marques_graded_k8@200                           200     0.045     0.387     0.351   1.28e-07  5.708e-02  4.201e-04  4/30  PASS  
adv:exponential_graded@400                          400     1.085     0.346     0.379   5.14e-01  1.307e-01  1.014e-03  3/30  PASS  
adv:glued_repeated@400                              400     0.014     0.040     0.041   8.33e-16  4.330e-02  1.835e-04  5/30  PASS  
adv:saw_tooth@400                                   400     0.021     1.863     1.861   9.93e-16  1.635e-01  2.122e-03  3/30  PASS  
adv:stemr_killer@400                                400     1.149     0.291     0.261   5.03e+00  9.721e-02  8.536e-04  3/30  PASS  
adv:huge_condition@400                              400     1.086     0.393     0.431   2.77e+00  1.526e-01  1.074e-03  3/30  PASS  
adv:spike@400                                       400     0.027     0.378     0.377   3.75e-11  2.297e-01  3.837e-03  3/30  PASS  
adv:wilkinson_like@400                              400     0.030     0.570     0.194   5.44e-13  2.561e-01  2.974e-03  3/30  PASS  
adv:two_clusters@400                                400     0.019     1.200     1.203   4.44e-16  1.164e-01  1.271e-03  3/30  PASS  
adv:random_uniform@400                              400     0.026     0.053     0.052   8.15e-14  3.094e-01  2.481e-03  3/30  PASS  
adv:diagonal_only@400                               400     0.000     0.000     0.000   0.00e+00  2.679e-02  2.672e-06  8/30  PASS  
adv:constant@400                                    400     0.000     0.000     0.000   0.00e+00  2.679e-02  2.808e-06  8/30  PASS  
adv:all_equal_nontrivial@400                        400     0.053     0.838     0.839   3.36e-15  2.673e-01  2.501e-03  3/30  PASS  
adv:one_big_cluster@400                             400     0.959     0.226     0.228   8.66e-15  4.328e-02  1.168e-03  5/30  PASS  
adv:arithmetic_progression@400                      400     0.017     0.563     0.562   3.31e-08  2.693e-01  2.279e-03  3/30  PASS  
adv:many_near_zero@400                              400     0.016     0.004     0.004   1.11e-01  2.710e-02  2.326e-03  8/30  PASS  
adv:random_dense_clusters@400                       400     0.025     0.807     0.807   7.36e-14  2.838e-01  1.399e-03  3/30  PASS  
adv:constant_d_graded_e@400                         400     0.997     0.757     0.757   7.63e-14  1.416e-01  7.576e-03  3/27  PASS  
adv:random_clustered_5@400                          400     0.999     0.027     0.029   1.91e-13  3.928e-02  9.374e-04  6/30  PASS  
adv:alternating_sign@400                            400     0.055     1.437     1.437   4.03e-16  2.719e-01  2.370e-03  3/30  PASS  
adv:step_function@400                               400     0.018     1.629     1.637   6.96e-15  2.705e-01  1.428e-03  3/30  PASS  
adv:three_clusters@400                              400     0.019     0.511     0.511   4.11e-08  1.414e-01  9.307e-04  3/30  PASS  
adv:random_sparse_e@400                             400     0.018     0.008     0.007   1.75e-15  3.026e-02  3.079e-05  7/30  PASS  
adv:chkbd@400                                       400     0.024     0.006     0.005        inf  2.711e-02        inf  8/0   PASS  
adv:marques_graded@400                              400     0.021     0.428     0.450   8.36e-08  2.199e-01  1.624e-03  3/30  PASS  
adv:gl_abcon0@400                                   400     0.059     1.637     1.636   5.22e-16  2.701e-01  2.370e-03  3/30  PASS  
adv:gl_abcon1@400                                   400     0.053     1.282     1.278        inf  2.750e-01        inf  3/0   PASS  
adv:gl_abcon2@400                                   400     0.030     0.958     0.955   2.47e-13  2.493e-01  1.986e-03  3/30  PASS  
adv:gl_abcon3@400                                   400     0.022     1.592     1.592   2.07e-15  2.714e-01  6.193e-03  3/30  PASS  
adv:gl_random@400                                   400     0.017     0.266     0.178   1.78e-13  3.105e-01  3.645e-03  3/30  PASS  
adv:gl_gradp@400                                    400     0.559     0.023     0.007        inf  3.019e-02        inf  7/0   PASS  
adv:gl_gradm@400                                    400     1.117     0.007     0.023        inf  3.037e-02        inf  7/0   PASS  
adv:gl_wilkp@400                                    400     0.028     0.516     0.515   2.56e-13  1.517e-01  1.009e-03  3/30  PASS  
adv:gl_wilkm@400                                    400     0.017     1.195     1.189   1.78e-15  1.644e-01  1.382e-03  3/30  PASS  
adv:gl_wilkw@400                                    400     0.053 11258999068426.240     0.614        inf  2.804e-01        inf  3/0   FAIL  
adv:gl_wilk2w@400                                   400     0.040     0.904 11258999068426.240   4.29e+55  2.884e-01  2.645e-03  3/30  FAIL  
adv:gl_clement@400                                  400     0.001     0.000     0.000   1.65e-16  3.491e-02  3.021e-05  6/30  PASS  
adv:gl_gro0@400                                     400     0.018     1.071     1.075   2.99e-15  2.777e-01  3.245e-03  3/30  PASS  
adv:gl_gro1@400                                     400     0.018     0.362     0.369   2.66e-13  2.722e-01  2.146e-03  3/30  PASS  
adv:gl_gro2@400                                     400     0.010     0.004     0.003   2.51e+02  2.711e-02  2.441e-03  8/30  PASS  
adv:gl_gro3@400                                     400     1.065     0.388     0.426   4.71e-01  1.358e-01  1.025e-03  3/30  PASS  
adv:gl_bwilkp@400                                   400     0.019     0.892     0.891   1.25e-15  1.640e-01  1.563e-03  3/30  PASS  
adv:gl_ones@400                                     400     0.000     0.000     0.000   0.00e+00  2.678e-02  2.588e-06  8/30  PASS  
adv:gl_uniform_eps@400                              400     0.000     0.000     0.000   0.00e+00  2.690e-02  4.766e-06  8/30  PASS  
adv:gl_uniform_sqrteps@400                          400     0.000     0.000     0.000   0.00e+00  2.687e-02  4.772e-06  8/30  PASS  
adv:gl_uniform_eps_to_1@400                         400     0.001     0.000     0.000   1.11e-16  2.703e-02  5.247e-06  8/30  PASS  
adv:gl_geometric_eps_to_1@400                       400     0.000     0.000     0.000   0.00e+00  2.679e-02  2.954e-06  8/30  PASS  
adv:gl_random_spectrum@400                          400     0.026     0.070     0.070   1.83e-13  3.124e-01  2.324e-03  3/30  PASS  
adv:gl_clustered_at_1@400                           400     0.000     0.000     0.000   0.00e+00  2.698e-02  5.275e-06  8/30  PASS  
adv:gl_clustered_at_pm1@400                         400     0.000     0.000     0.000   0.00e+00  2.688e-02  5.178e-06  8/30  PASS  
adv:gl_clustered_at_eps@400                         400     0.001     0.000     0.000   1.42e-16  2.703e-02  5.067e-06  8/30  PASS  
adv:gl_clustered_at_pmeps@400                       400     0.001     0.000     0.000   1.42e-16  2.696e-02  5.126e-06  8/30  PASS  
adv:demmel_S1pe@400                                 400     0.000     0.000     0.000   1.11e-01  2.696e-02  2.369e-03  8/30  PASS  
adv:demmel_S1ps@400                                 400     0.018     1.993     1.991   1.28e-08  1.732e-01  2.370e-03  3/30  PASS  
adv:demmel_S2pe@400                                 400     0.018     0.378     0.376   1.11e-01  9.397e-02  1.266e-03  3/30  PASS  
adv:demmel_S2ps@400                                 400     0.016     1.344     1.343   1.80e-08  2.295e-01  1.369e-03  3/30  PASS  
adv:demmel_W1@400                                   400     0.100     0.000     0.000   7.62e-02  2.700e-02  2.006e-03  8/30  PASS  
adv:demmel_W2@400                                   400     0.026     0.945     0.946   4.95e-08  1.951e-01  2.005e-03  3/30  PASS  
adv:demmel_W3@400                                   400     0.050     0.892     0.891   2.78e-13  2.343e-01  1.975e-03  3/30  PASS  
adv:demmel_G1@400                                   400     1.039     0.596     0.569   2.61e-02  1.287e-01  9.930e-04  3/30  PASS  
adv:demmel_G1s@400                                  400     0.054     0.499     0.522   5.95e-08  2.198e-01  1.581e-03  3/30  PASS  
adv:demmel_U1@400                                   400     0.024     0.786     0.785   2.82e-13  2.619e-01  2.004e-03  3/30  PASS  
adv:demmel_U1s@400                                  400     0.024     0.809     0.813   2.22e-08  2.570e-01  2.004e-03  3/30  PASS  
adv:wilkinson_exact@400                             400     0.030     0.522     0.523   2.56e-13  1.526e-01  1.017e-03  3/30  PASS  
adv:glued_wilkinson@400                             400     0.027     0.117     0.098   1.82e-13  2.545e-01  2.914e-03  3/30  PASS  
adv:glued_wilkinson_tight@400                       400     0.029     0.557     0.557   5.07e-14  1.447e-01  1.014e-03  3/30  PASS  
adv:wl_example48@400                                400     0.027     0.078     0.078   2.55e-15  3.172e-01  3.371e-04  3/30  PASS  
adv:pd_T0@400                                       400     0.119     0.715     0.713   9.35e-15  2.681e-01  6.433e-03  3/30  PASS  
adv:pd_T1@400                                       400     0.071     0.690     0.689   5.32e-13  2.488e-01  2.118e-03  3/30  PASS  
adv:zero_diagonal@400                               400     0.000     0.000     0.000   0.00e+00  3.493e-02  2.704e-05  6/30  PASS  
adv:near_overflow@400                               400     1.137     0.366     0.413        inf  1.079e-01        inf  3/0   PASS  
adv:near_underflow@400                              400     1.056     0.331     0.328        inf  1.262e-01        inf  3/0   PASS  
adv:mixed_signs@400                                 400     0.018     0.079     0.081   1.53e-13  3.162e-01  3.796e-03  3/30  PASS  
adv:checkerboard@400                                400     0.817     0.024     0.029   5.06e-01  1.836e-01  1.060e-03  3/30  PASS  
adv:exponential_graded_k4@400                       400     0.029     0.378     0.368   1.12e-11  2.397e-01  2.020e-03  3/30  PASS  
adv:exponential_graded_k8@400                       400     0.048     0.411     0.430   1.44e-07  2.169e-01  1.619e-03  3/30  PASS  
adv:exponential_graded_k12@400                      400     0.039     0.530     0.506   1.40e-03  1.935e-01  1.271e-03  3/30  PASS  
adv:stemr_killer_k5@400                             400     0.047     0.351     0.343   9.04e-11  2.411e-01  1.925e-03  3/30  PASS  
adv:stemr_killer_k10@400                            400     0.088     0.379     0.359   6.57e-06  2.080e-01  1.426e-03  3/30  PASS  
adv:huge_condition_k5@400                           400     0.027     0.354     0.371   9.42e-11  2.385e-01  1.905e-03  3/30  PASS  
adv:huge_condition_k10@400                          400     0.048     0.437     0.445   1.10e-05  2.076e-01  1.433e-03  3/30  PASS  
adv:demmel_G1_k4@400                                400     0.039     0.410     0.401   1.01e-11  2.412e-01  2.016e-03  3/30  PASS  
adv:demmel_G1_k8@400                                400     0.026     0.493     0.517   8.83e-08  2.187e-01  1.572e-03  3/30  PASS  
adv:demmel_G1_k12@400                               400     0.030     1.295     1.292   1.21e-03  1.953e-01  1.288e-03  3/30  PASS  
adv:demmel_S1pe_k4@400                              400     0.018     1.836     1.835   1.91e-12  2.277e-01  2.371e-03  3/30  PASS  
adv:demmel_S1pe_k8@400                              400     0.018     1.395     1.392   1.91e-08  1.715e-01  2.370e-03  3/30  PASS  
adv:chkbd_4@400                                       4     1.578     0.250     0.250   5.55e-11  2.973e-03  2.717e-06 30/30  PASS  
adv:chkbd_16@400                                     16     0.558     0.062     0.281   7.17e-02  3.195e-03  4.147e-06 30/30  PASS  
adv:marques_graded_k4@400                           400     0.018     0.381     0.379   1.33e-11  2.415e-01  2.012e-03  3/30  PASS  
adv:marques_graded_k8@400                           400     0.109     0.493     0.516   1.24e-07  2.178e-01  1.601e-03  3/30  PASS  
stcoll:B_03                                           3     2.006     0.360     0.167   1.11e-15  3.072e-03  2.472e-06 30/30  PASS  
stcoll:B_05_2                                         5     1.602     0.000     0.200   6.94e-11  3.034e-03  2.068e-06 30/30  PASS  
stcoll:B_05_d3eq0                                     5     0.895     0.300     0.300   1.03e-15  2.940e-03  1.813e-06 30/30  PASS  
stcoll:B_05_d5eq0                                     5     0.855     0.400     0.355   1.38e-15  3.202e-03  3.330e-06 30/30  PASS  
stcoll:B_05_eye                                       5     0.000     0.000     0.000   0.00e+00  2.870e-03  4.160e-07 30/30  PASS  
stcoll:B_11_splits_a                                 11     0.767     0.227     0.182   1.12e-15  3.190e-03  3.746e-06 30/30  PASS  
stcoll:B_11_splits_b                                 11     0.474     0.227     0.263   1.09e-15  3.034e-03  3.373e-06 30/30  PASS  
stcoll:B_12_splits_a                                 12     0.360     0.167     0.167   1.48e-15  3.116e-03  4.942e-06 30/30  PASS  
stcoll:B_16                                          16     0.063     0.125     0.062   1.06e+12  3.069e-03  5.447e-06 30/30  PASS  
stcoll:B_16_smallsv                                  16     0.634     0.671     0.188   9.77e-01  3.369e-03  5.304e-06 30/30  PASS  
stcoll:B_20_graded                                   20     0.255     0.237     0.261   1.09e-15  3.799e-03  1.630e-05 30/30  PASS  
stcoll:B_40_graded                                   40     0.241     0.093     0.090   8.97e-15  5.860e-03  4.901e-05 30/30  PASS  
stcoll:B_Kimura_429                                 429     0.028     0.757     0.757   2.30e-14  1.546e-01  3.016e-03  3/30  PASS  
stcoll:B_bug316_gesdd                                26     0.039     0.038     0.000   4.33e+09  3.107e-03  3.931e-06 30/30  PASS  
stcoll:B_bug414                                       4     1.019     0.086     0.011        inf  3.042e-03        inf 30/0   PASS  
stcoll:B_gg_30_1D-5                                 330     0.033     0.665     0.660   4.10e-14  7.856e-02  1.160e-03  3/30  PASS  
stcoll:B_glued_09b                                    9     1.035     0.222     0.333   6.77e-06  3.121e-03  5.075e-06 30/30  PASS  
stcoll:B_glued_09c                                    9     0.962     0.333     0.278   1.10e-05  3.112e-03  4.829e-06 30/30  PASS  
stcoll:B_glued_09d                                    9     1.023     0.111     0.111   9.19e-06  3.080e-03  4.294e-06 30/30  PASS  
-----------------------------------------------------------------------------------------------------------------------------------------
PASS: 368/375    (198.8s wall)

Failing (7), sorted by max(ortU,ortV) desc:
  adv:gl_wilkw@200                                 n=   200  res=     0.073  ortU=22517998136852.480  ortV=     1.690    drift=4.99e+44  t_eval=7.30e-02  t_dbdsqr=7.60e-04
  adv:gl_wilk2w@200                                n=   200  res=     0.108  ortU=22517998136852.480  ortV=     1.153    drift=1.53e+21  t_eval=7.12e-02  t_dbdsqr=7.10e-04
  adv:gl_wilkw@400                                 n=   400  res=     0.053  ortU=11258999068426.240  ortV=     0.614  
  adv:gl_wilk2w@400                                n=   400  res=     0.040  ortU=     0.904  ortV=11258999068426.240    drift=4.29e+55  t_eval=2.88e-01  t_dbdsqr=2.64e-03
  adv:demmel_S1ps@200                              n=   200  res=     0.036  ortU=     5.760  ortV=     5.761    drift=1.67e-08  t_eval=4.98e-02  t_dbdsqr=6.27e-04
  adv:demmel_S1ps@100                              n=   100  res=     0.073  ortU=     5.608  ortV=     5.620    drift=2.88e-08  t_eval=1.42e-02  t_dbdsqr=1.85e-04
  adv:three_clusters@10                            n=    10  res=     0.876  ortU=     5.083  ortV=     5.078    drift=8.16e-08  t_eval=3.29e-03  t_dbdsqr=4.08e-06

Scaling (per-pattern timing across sizes, 86 patterns paired @200/@400):
     ratio  pattern                                      t@200       t@400
      5.17  adv:checkerboard                         3.553e-02   1.836e-01
      4.13  adv:pd_T0                                6.490e-02   2.681e-01
      4.05  adv:gl_random_spectrum                   7.707e-02   3.124e-01
      4.04  adv:random_uniform                       7.657e-02   3.094e-01
      4.03  adv:gl_abcon3                            6.735e-02   2.714e-01
      4.02  adv:demmel_S2ps                          5.706e-02   2.295e-01
      3.98  adv:mixed_signs                          7.947e-02   3.162e-01
      3.97  adv:gl_random                            7.812e-02   3.105e-01
      3.97  adv:demmel_W2                            4.915e-02   1.951e-01
      3.96  adv:random_dense_clusters                7.164e-02   2.838e-01
      3.94  adv:wl_example48                         8.049e-02   3.172e-01
      3.91  adv:gl_gro0                              7.096e-02   2.777e-01
      3.91  adv:demmel_U1                            6.696e-02   2.619e-01
      3.91  adv:step_function                        6.919e-02   2.705e-01
      3.91  adv:stemr_killer_k5                      6.173e-02   2.411e-01
  worst_ratio=5.17  (adv:checkerboard)  (ideal MR^3 ~ 4.0, HARD GATE > 5.0)

