==================================================================================================================================
BidiagonalSVD evaluation -- suite=379  solver=advisor  norms=paper
==================================================================================================================================
Solver:     BidiagonalSVD_TGK / DBDSVDMR3 (advisor)
Source:     python_fortran/BidiagonalSVD_TGK/  (advisor, origin/main 15a946d)
Metric:     Willems-Lang 2012 paper-norm (res=per-triplet 2-norm)
Generator:  full_eval.{make,adv_names} + stcollection/B_*.dat  (lapack-dbdsvr/full_eval.py:23, evaluate.py:30)
Thresholds: res<=7 n.eps,  ortU/ortV<=5 n.eps
Timeout:    600.0s/matrix
Reference:  DBDSQR (singular values only)  -- min-of-N adaptive bench, cache-flushed (32 MiB scratch)
==================================================================================================================================

Matrix                                                n       res      ortU      ortV   sv_drift     t_eval   t_dbdsqr reps  status  note
-----------------------------------------------------------------------------------------------------------------------------------------
adv:exponential_graded@10                            10     0.100     0.300     0.300   0.00e+00  1.712e-05  7.378e-06 30/30  PASS  
adv:glued_repeated@10                                10     0.200     1.900     2.000   0.00e+00  1.505e-05  8.479e-06 30/30  PASS  
adv:saw_tooth@10                                     10     0.100     0.300     0.400   0.00e+00  2.969e-05  1.055e-05 30/30  PASS  
adv:stemr_killer@10                                  10     0.100     0.100     0.200   1.00e+00  1.059e-05  4.233e-06 30/30  PASS  
adv:huge_condition@10                                10     0.100     0.300     0.400   0.00e+00  1.139e-05  4.433e-06 30/30  PASS  
adv:spike@10                                         10     0.000     0.800     0.600   0.00e+00  1.644e-05  9.186e-06 30/30  PASS  
adv:wilkinson_like@10                                10     0.200    14.000    14.000   0.00e+00  1.840e-05  8.799e-06 30/30  FAIL  
adv:two_clusters@10                                  10     0.100    17.500    17.400   1.66e-16  1.780e-05  6.889e-06 30/30  FAIL  
adv:random_uniform@10                                10     0.200     1.300     1.200   0.00e+00  1.867e-05  9.945e-06 30/30  PASS  
adv:diagonal_only@10                                 10     0.000     0.200     0.200   0.00e+00  4.738e-06  6.890e-07 30/30  PASS  
adv:constant@10                                      10     0.000     0.200     0.200   0.00e+00  5.754e-06  7.370e-07 30/30  PASS  
adv:all_equal_nontrivial@10                          10     0.500     1.800     1.600   0.00e+00  1.602e-05  7.570e-06 30/30  PASS  
adv:one_big_cluster@10                               10     0.500     0.900     0.800   0.00e+00  2.745e-05  7.447e-06 30/30  PASS  
adv:arithmetic_progression@10                        10     0.200     0.600     0.600   0.00e+00  1.193e-05  6.508e-06 30/30  PASS  
adv:many_near_zero@10                                10     0.200     0.200     0.300   9.38e-02  8.887e-06  4.952e-06 30/30  PASS  
adv:random_dense_clusters@10                         10     0.300     0.700     0.400   0.00e+00  1.557e-05  6.114e-06 30/30  PASS  
adv:constant_d_graded_e@10                           10     0.600     0.700     0.800   0.00e+00  4.497e-05  1.146e-05 30/30  PASS  
adv:random_clustered_5@10                            10     0.100     0.300     0.300   0.00e+00  3.367e-05  4.248e-06 30/30  PASS  
adv:alternating_sign@10                              10     0.300     1.900     1.900   0.00e+00  1.498e-05  7.383e-06 30/30  PASS  
adv:step_function@10                                 10     0.200     2.100     2.200   0.00e+00  1.373e-05  5.153e-06 30/30  PASS  
adv:three_clusters@10                                10     0.100    11.800    11.900   0.00e+00  2.237e-05  5.543e-06 30/30  FAIL  
adv:random_sparse_e@10                               10     0.100     0.200     0.300   1.88e-16  6.714e-06  3.975e-06 30/30  PASS  
adv:chkbd@10                                         10     0.100     0.200     0.100   1.00e+00  1.126e-05  4.039e-06 30/30  PASS  
adv:marques_graded@10                                10     0.100     0.300     0.300   0.00e+00  1.316e-05  4.715e-06 30/30  PASS  
adv:gl_abcon0@10                                     10     0.200     1.900     2.000   0.00e+00  1.702e-05  7.623e-06 30/30  PASS  
adv:gl_abcon1@10                                     10     0.400     1.700     1.800   0.00e+00  1.485e-05  7.172e-06 30/30  PASS  
adv:gl_abcon2@10                                     10     0.300     0.900     0.900   0.00e+00  1.328e-05  6.529e-06 30/30  PASS  
adv:gl_abcon3@10                                     10     0.100     1.200     1.200   0.00e+00  1.557e-05  7.521e-06 30/30  PASS  
adv:gl_random@10                                     10     0.600     1.800     1.700   0.00e+00  1.389e-05  7.147e-06 30/30  PASS  
adv:gl_gradp@10                                      10     0.100     0.300     0.500   0.00e+00  1.234e-05  5.637e-06 30/30  PASS  
adv:gl_gradm@10                                      10     0.100     0.600     0.400   0.00e+00  1.309e-05  5.073e-06 30/30  PASS  
adv:gl_wilkp@10                                      10     0.200     0.400     0.400   1.73e-16  1.264e-05  4.511e-06 30/30  PASS  
adv:gl_wilkm@10                                      10     0.100     1.200     1.100   1.57e-16  1.004e-05  5.121e-06 30/30  PASS  
adv:gl_wilkw@10                                      10     0.500     6.500     7.000   0.00e+00  1.519e-05  8.039e-06 30/30  FAIL  
adv:gl_wilk2w@10                                     10     0.200     1.100     1.200   0.00e+00  1.311e-05  7.723e-06 30/30  PASS  
adv:gl_clement@10                                    10     0.000     0.200     0.200   1.48e-16  5.133e-06  2.586e-06 30/30  PASS  
adv:gl_gro0@10                                       10     0.200     0.900     0.800   0.00e+00  1.514e-05  8.123e-06 30/30  PASS  
adv:gl_gro1@10                                       10     0.200     0.600     0.900   0.00e+00  1.205e-05  6.280e-06 30/30  PASS  
adv:gl_gro2@10                                       10     0.200     0.600     0.600   1.00e+00  1.313e-05  5.295e-06 30/30  PASS  
adv:gl_gro3@10                                       10     0.100     0.200     0.300   1.00e+00  1.074e-05  3.592e-06 30/30  PASS  
adv:gl_bwilkp@10                                     10     0.200     1.200     1.200   3.14e-16  1.268e-05  5.335e-06 30/30  PASS  
adv:gl_ones@10                                       10     0.000     0.200     0.200   0.00e+00  5.243e-06  8.170e-07 30/30  PASS  
adv:gl_uniform_eps@10                                10     0.000     0.200     0.200   0.00e+00  4.703e-06  8.030e-07 30/30  PASS  
adv:gl_uniform_sqrteps@10                            10     0.000     0.200     0.200   0.00e+00  4.057e-06  5.980e-07 30/30  PASS  
adv:gl_uniform_eps_to_1@10                           10     0.000     0.200     0.200   0.00e+00  5.083e-06  7.290e-07 30/30  PASS  
adv:gl_geometric_eps_to_1@10                         10     0.100     0.200     0.200   1.00e+00  5.317e-06  6.820e-07 30/30  PASS  
adv:gl_random_spectrum@10                            10     0.200     1.000     0.900   0.00e+00  1.760e-05  8.466e-06 30/30  PASS  
adv:gl_clustered_at_1@10                             10     0.000     0.200     0.200   0.00e+00  6.130e-06  6.890e-07 30/30  PASS  
adv:gl_clustered_at_pm1@10                           10     0.000     0.200     0.200   0.00e+00  4.640e-06  6.200e-07 30/30  PASS  
adv:gl_clustered_at_eps@10                           10     0.000     0.200     0.200   0.00e+00  4.408e-06  8.550e-07 30/30  PASS  
adv:gl_clustered_at_pmeps@10                         10     0.000     0.200     0.200   0.00e+00  5.093e-06  8.640e-07 30/30  PASS  
adv:demmel_S1pe@10                                   10     0.100     0.200     0.200   1.00e+00  6.359e-06  6.755e-06 30/30  PASS  
adv:demmel_S1ps@10                                   10     0.100     4.600     4.800   0.00e+00  1.608e-05  6.366e-06 30/30  PASS  
adv:demmel_S2pe@10                                   10     0.100     0.900     1.000   1.00e+00  8.281e-06  5.997e-06 30/30  PASS  
adv:demmel_S2ps@10                                   10     0.200     2.700     2.600   0.00e+00  1.359e-05  7.194e-06 30/30  PASS  
adv:demmel_W1@10                                     10     0.100     0.200     0.200   1.00e+00  5.682e-06  5.699e-06 30/30  PASS  
adv:demmel_W2@10                                     10     0.100     0.300     0.300   0.00e+00  1.227e-05  6.000e-06 30/30  PASS  
adv:demmel_W3@10                                     10     0.100     0.300     0.400   0.00e+00  1.111e-05  6.081e-06 30/30  PASS  
adv:demmel_G1@10                                     10     0.100     0.200     0.200   1.00e+00  1.126e-05  4.878e-06 30/30  PASS  
adv:demmel_G1s@10                                    10     0.200     0.300     0.200   0.00e+00  1.032e-05  4.103e-06 30/30  PASS  
adv:demmel_U1@10                                     10     0.100     0.600     0.500   1.00e+00  1.359e-05  5.768e-06 30/30  PASS  
adv:demmel_U1s@10                                    10     0.100     0.300     0.300   0.00e+00  1.169e-05  6.218e-06 30/30  PASS  
adv:wilkinson_exact@10                               10     0.200     0.500     0.600   4.17e-16  1.069e-05  5.029e-06 30/30  PASS  
adv:glued_wilkinson@10                               10     0.400     0.500     0.700   0.00e+00  1.495e-05  8.374e-06 30/30  PASS  
adv:glued_wilkinson_tight@10                         10     0.200     0.300     0.300   4.32e-16  9.543e-06  5.217e-06 30/30  PASS  
adv:wl_example48@10                                  10     0.300     0.200     0.300   0.00e+00  1.392e-05  9.422e-06 30/30  PASS  
adv:pd_T0@10                                         10     0.200     3.200     3.200   0.00e+00  1.660e-05  8.493e-06 30/30  PASS  
adv:pd_T1@10                                         10     0.200     0.400     0.500   0.00e+00  1.689e-05  6.504e-06 30/30  PASS  
adv:zero_diagonal@10                                 10     0.000     0.200     0.200   0.00e+00  4.558e-06  2.760e-06 30/30  PASS  
adv:near_overflow@10                                 10     0.200     0.700     0.800   0.00e+00  1.322e-05  6.972e-06 30/30  PASS  
adv:near_underflow@10                                10     0.300     1.100     1.000   0.00e+00  1.208e-05  6.182e-06 30/30  PASS  
adv:mixed_signs@10                                   10     0.300     0.700     0.600   0.00e+00  1.656e-05  7.502e-06 30/30  PASS  
adv:checkerboard@10                                  10     0.100     0.300     0.300   1.00e+00  5.507e-06  4.878e-06 30/30  PASS  
adv:exponential_graded_k4@10                         10     0.200     0.200     0.400   0.00e+00  1.196e-05  5.419e-06 30/30  PASS  
adv:exponential_graded_k8@10                         10     0.000     0.200     0.300   0.00e+00  1.306e-05  5.029e-06 30/30  PASS  
adv:exponential_graded_k12@10                        10     0.100     0.300     0.200   0.00e+00  1.110e-05  5.091e-06 30/30  PASS  
adv:stemr_killer_k5@10                               10     0.000     0.500     0.200   0.00e+00  1.105e-05  5.448e-06 30/30  PASS  
adv:stemr_killer_k10@10                              10     0.100     0.300     0.200   0.00e+00  1.163e-05  5.870e-06 30/30  PASS  
adv:huge_condition_k5@10                             10     0.100     0.300     0.400   0.00e+00  1.185e-05  5.178e-06 30/30  PASS  
adv:huge_condition_k10@10                            10     0.100     0.200     0.300   0.00e+00  1.279e-05  5.120e-06 30/30  PASS  
adv:demmel_G1_k4@10                                  10     0.000     0.300     0.200   0.00e+00  1.274e-05  6.280e-06 30/30  PASS  
adv:demmel_G1_k8@10                                  10     0.100     0.200     0.200   0.00e+00  1.355e-05  6.964e-06 30/30  PASS  
adv:demmel_G1_k12@10                                 10     0.100     0.200     0.200   0.00e+00  1.121e-05  4.202e-06 30/30  PASS  
adv:demmel_S1pe_k4@10                                10     0.100     4.200     4.200   0.00e+00  1.412e-05  6.636e-06 30/30  PASS  
adv:demmel_S1pe_k8@10                                10     0.100     4.200     4.100   0.00e+00  1.303e-05  7.302e-06 30/30  PASS  
adv:chkbd_4@10                                        4     0.200     0.500     0.500   0.00e+00  5.582e-06  2.803e-06 30/30  PASS  
adv:chkbd_16@10                                      16     0.000     0.100     0.100   1.00e+00  1.275e-05  5.561e-06 30/30  PASS  
adv:marques_graded_k4@10                             10     0.100     0.300     0.300   0.00e+00  1.437e-05  5.045e-06 30/30  PASS  
adv:marques_graded_k8@10                             10     0.100     0.300     0.200   0.00e+00  1.631e-05  5.531e-06 30/30  PASS  
adv:exponential_graded@100                          100     0.000     0.100     0.100   1.00e+00  4.769e-04  8.192e-05 30/30  PASS  
adv:glued_repeated@100                              100     0.000     0.100     0.200   0.00e+00  2.105e-03  5.367e-05 30/30  PASS  
adv:saw_tooth@100                                   100     0.000     0.400     0.400   0.00e+00  1.370e-03  2.132e-04 30/30  FAIL  INFO=99
adv:stemr_killer@100                                100     0.000     0.100     0.100   1.00e+00  3.442e-04  6.979e-05 30/30  PASS  
adv:huge_condition@100                              100     0.000     0.100     0.100   0.00e+00  4.719e-04  8.667e-05 30/30  PASS  
adv:spike@100                                       100     4.400 257601.600 263488.400   0.00e+00  1.153e-03  3.384e-04 30/30  FAIL  
adv:wilkinson_like@100                              100     0.100     0.900     0.800   0.00e+00  2.874e-03  2.290e-04 30/30  PASS  
adv:two_clusters@100                                100     0.000     4.700     4.700   1.67e-16  7.273e-04  1.247e-04 30/30  PASS  
adv:random_uniform@100                              100     0.100     0.600     0.600   0.00e+00  9.737e-04  4.124e-04 30/30  PASS  
adv:diagonal_only@100                               100     0.000     0.000     0.000   0.00e+00  9.965e-05  1.478e-06 30/30  PASS  
adv:constant@100                                    100     0.000     0.000     0.000   0.00e+00  8.704e-05  1.387e-06 30/30  PASS  
adv:all_equal_nontrivial@100                        100     0.200     9.400     9.400   0.00e+00  6.850e-04  2.012e-04 30/30  FAIL  
adv:one_big_cluster@100                             100     0.400     0.600     0.600   0.00e+00  2.497e-03  3.240e-04 30/30  PASS  
adv:arithmetic_progression@100                      100     0.200     2.600     2.700   0.00e+00  5.898e-04  1.839e-04 30/30  PASS  
adv:many_near_zero@100                              100     0.000     0.000     0.000   1.11e-01  1.112e-04  1.938e-04 30/30  PASS  
adv:random_dense_clusters@100                       100     0.000    10.000    10.000   0.00e+00  9.400e-04  1.407e-04 30/30  FAIL  
adv:constant_d_graded_e@100                         100     0.200     2.900     2.900   0.00e+00  2.290e-03  5.775e-04 30/30  PASS  
adv:random_clustered_5@100                          100     0.200     2.300     2.300   0.00e+00  1.966e-03  8.494e-05 30/30  PASS  
adv:alternating_sign@100                            100     0.100     4.400     4.300   0.00e+00  7.450e-04  2.085e-04 30/30  PASS  
adv:step_function@100                               100     0.100     9.400     9.400   0.00e+00  6.249e-04  1.434e-04 30/30  FAIL  
adv:three_clusters@100                              100     0.000     2.700     2.700   0.00e+00  1.246e-03  9.702e-05 30/30  PASS  
adv:random_sparse_e@100                             100     0.000     0.000     0.000   3.83e-16  1.014e-04  9.021e-06 30/30  PASS  
adv:chkbd@100                                       100     0.000     0.000     0.000   1.00e+00  1.074e-04  1.827e-05 30/30  PASS  
adv:marques_graded@100                              100     0.000     0.400     0.500   0.00e+00  5.207e-04  1.286e-04 30/30  PASS  
adv:gl_abcon0@100                                   100     0.200     7.000     7.000   0.00e+00  6.835e-04  1.965e-04 30/30  FAIL  
adv:gl_abcon1@100                                   100     0.200     3.800     3.800   0.00e+00  6.800e-04  1.940e-04 30/30  PASS  
adv:gl_abcon2@100                                   100     0.100     4.400     4.400   0.00e+00  5.353e-04  1.599e-04 30/30  PASS  
adv:gl_abcon3@100                                   100     0.000     7.400     7.300   0.00e+00  1.203e-03  3.904e-04 30/30  FAIL  
adv:gl_random@100                                   100     0.100     0.400     0.400   0.00e+00  9.091e-04  3.490e-04 30/30  PASS  
adv:gl_gradp@100                                    100     0.000     0.000     0.000   1.00e+00  2.074e-04  5.203e-05 30/30  PASS  
adv:gl_gradm@100                                    100     0.000     0.000     0.000   1.00e+00  2.080e-04  5.175e-05 30/30  PASS  
adv:gl_wilkp@100                                    100     0.100     1.900     1.800   1.12e-15  3.291e-04  9.461e-05 30/30  PASS  
adv:gl_wilkm@100                                    100 9547631210025.451 39991964691050.008     8.782   3.74e-16  4.248e-04  1.297e-04 30/30  FAIL  
adv:gl_wilkw@100                                    100     0.100    15.600    15.600   0.00e+00  7.581e-04  2.424e-04 30/30  FAIL  
adv:gl_wilk2w@100                                   100     0.100     6.100     6.100   0.00e+00  6.258e-04  2.205e-04 30/30  FAIL  
adv:gl_clement@100                                  100     0.000     0.000     0.000   1.39e-16  9.742e-05  9.759e-06 30/30  PASS  
adv:gl_gro0@100                                     100     0.200     3.700     3.800   0.00e+00  7.163e-04  2.740e-04 30/30  PASS  
adv:gl_gro1@100                                     100     0.200     2.300     2.300   0.00e+00  5.994e-04  1.817e-04 30/30  PASS  
adv:gl_gro2@100                                     100     0.000     0.100     0.100   1.00e+00  1.063e-04  1.860e-04 30/30  PASS  
adv:gl_gro3@100                                     100     0.000     0.200     0.200   1.00e+00  4.791e-04  8.208e-05 30/30  PASS  
adv:gl_bwilkp@100                                   100 26841453779128.156 39991964691050.008 39991964691050.008   6.18e-16  4.584e-04  1.542e-04 30/30  FAIL  
adv:gl_ones@100                                     100     0.000     0.000     0.000   0.00e+00  8.611e-05  1.487e-06 30/30  PASS  
adv:gl_uniform_eps@100                              100     0.000     0.000     0.000   0.00e+00  1.022e-04  1.844e-06 30/30  PASS  
adv:gl_uniform_sqrteps@100                          100     0.000     0.000     0.000   0.00e+00  9.944e-05  1.910e-06 30/30  PASS  
adv:gl_uniform_eps_to_1@100                         100     0.000     0.000     0.000   0.00e+00  1.026e-04  1.930e-06 30/30  PASS  
adv:gl_geometric_eps_to_1@100                       100     0.000     0.000     0.000   1.00e+00  1.009e-04  1.413e-06 30/30  PASS  
adv:gl_random_spectrum@100                          100     0.100     0.700     0.700   0.00e+00  9.756e-04  4.140e-04 30/30  PASS  
adv:gl_clustered_at_1@100                           100     0.000     0.000     0.000   0.00e+00  1.110e-04  2.181e-06 30/30  PASS  
adv:gl_clustered_at_pm1@100                         100     0.000     0.000     0.000   0.00e+00  1.140e-04  2.036e-06 30/30  PASS  
adv:gl_clustered_at_eps@100                         100     0.000     0.000     0.000   0.00e+00  1.091e-04  1.940e-06 30/30  PASS  
adv:gl_clustered_at_pmeps@100                       100     0.000     0.000     0.000   0.00e+00  1.101e-04  1.855e-06 30/30  PASS  
adv:demmel_S1pe@100                                 100     0.000     0.000     0.000   1.00e+00  1.044e-04  2.062e-04 30/30  PASS  
adv:demmel_S1ps@100                                 100     0.000     7.700     7.700   0.00e+00  8.383e-04  2.060e-04 30/30  FAIL  
adv:demmel_S2pe@100                                 100 36884480948164.359     4.684 45035996273704.961   1.00e+00  2.824e-04  1.225e-04 30/30  FAIL  
adv:demmel_S2ps@100                                 100     0.100    10.800    10.800   0.00e+00  7.154e-04  1.335e-04 30/30  FAIL  
adv:demmel_W1@100                                   100     0.000     3.800     3.700   1.00e+00  4.974e-04  1.726e-04 30/30  PASS  
adv:demmel_W2@100                                   100     0.000     3.300     3.300   0.00e+00  5.483e-04  1.745e-04 30/30  PASS  
adv:demmel_W3@100                                   100     0.000     2.000     2.000   0.00e+00  5.626e-04  1.665e-04 30/30  PASS  
adv:demmel_G1@100                                   100     0.000     0.100     0.100   1.00e+00  4.442e-04  7.928e-05 30/30  PASS  
adv:demmel_G1s@100                                  100     0.100     0.100     0.200   0.00e+00  5.135e-04  1.236e-04 30/30  PASS  
adv:demmel_U1@100                                   100     0.100     3.100     3.100   0.00e+00  5.606e-04  1.713e-04 30/30  PASS  
adv:demmel_U1s@100                                  100     0.100     3.200     3.100   0.00e+00  5.556e-04  1.719e-04 30/30  PASS  
adv:wilkinson_exact@100                             100     0.100     1.900     1.800   1.52e-15  3.365e-04  9.980e-05 30/30  PASS  
adv:glued_wilkinson@100                             100     0.100     0.400     0.400   0.00e+00  2.688e-03  1.420e-04 30/30  PASS  
adv:glued_wilkinson_tight@100                       100     0.100     1.600     1.500   1.16e-15  3.357e-04  9.704e-05 30/30  PASS  
adv:wl_example48@100                                100     0.100     0.100     0.000   0.00e+00  1.099e-03  8.726e-05 30/30  PASS  
adv:pd_T0@100                                       100     0.000     4.400     4.400   0.00e+00  1.304e-03  4.475e-04 30/30  PASS  
adv:pd_T1@100                                       100     0.000     1.500     1.600   0.00e+00  6.083e-04  1.725e-04 30/30  PASS  
adv:zero_diagonal@100                               100     0.000     0.000     0.000   0.00e+00  8.975e-05  9.824e-06 30/30  PASS  
adv:near_overflow@100                               100     0.100     1.000     0.900   0.00e+00  5.515e-04  1.591e-04 30/30  PASS  
adv:near_underflow@100                              100     0.100     0.900     1.000   0.00e+00  5.476e-04  1.565e-04 30/30  PASS  
adv:mixed_signs@100                                 100     0.100     4.700     4.800   0.00e+00  9.157e-04  3.960e-04 30/30  PASS  
adv:checkerboard@100                                100     0.000     0.000     0.000   9.72e+00  9.871e-05  9.421e-05 30/30  PASS  
adv:exponential_graded_k4@100                       100     0.100     0.800     0.800   0.00e+00  5.553e-04  1.613e-04 30/30  PASS  
adv:exponential_graded_k8@100                       100     0.100     0.400     0.500   0.00e+00  5.189e-04  1.288e-04 30/30  PASS  
adv:exponential_graded_k12@100                      100     0.000     0.200     0.200   0.00e+00  4.882e-04  9.945e-05 30/30  PASS  
adv:stemr_killer_k5@100                             100     0.100     0.800     0.800   0.00e+00  5.558e-04  1.494e-04 30/30  PASS  
adv:stemr_killer_k10@100                            100     0.000     0.200     0.300   0.00e+00  5.105e-04  1.133e-04 30/30  PASS  
adv:huge_condition_k5@100                           100     0.100     0.800     0.800   0.00e+00  5.582e-04  1.525e-04 30/30  PASS  
adv:huge_condition_k10@100                          100     0.000     0.300     0.300   0.00e+00  5.151e-04  1.137e-04 30/30  PASS  
adv:demmel_G1_k4@100                                100     0.100     0.800     0.800   0.00e+00  5.524e-04  1.581e-04 30/30  PASS  
adv:demmel_G1_k8@100                                100     0.100     0.200     0.200   0.00e+00  5.150e-04  1.231e-04 30/30  PASS  
adv:demmel_G1_k12@100                               100     0.000     0.100     0.100   0.00e+00  4.899e-04  9.713e-05 30/30  PASS  
adv:demmel_S1pe_k4@100                              100     0.000    12.600    12.600   0.00e+00  8.455e-04  2.067e-04 30/30  FAIL  
adv:demmel_S1pe_k8@100                              100     0.000     6.600     6.600   0.00e+00  8.667e-04  2.059e-04 30/30  FAIL  
adv:chkbd_4@100                                       4     0.200     0.500     0.500   0.00e+00  4.977e-06  2.821e-06 30/30  PASS  
adv:chkbd_16@100                                     16     0.000     0.100     0.100   1.00e+00  1.097e-05  4.214e-06 30/30  PASS  
adv:marques_graded_k4@100                           100     0.200     1.000     1.100   0.00e+00  5.513e-04  1.589e-04 30/30  PASS  
adv:marques_graded_k8@100                           100     0.100     0.300     0.400   0.00e+00  5.269e-04  1.291e-04 30/30  PASS  
adv:exponential_graded@200                          200     0.000     0.200     0.200   1.00e+00  1.993e-03  3.026e-04 30/30  PASS  
adv:glued_repeated@200                              200     0.000     0.100     0.100   0.00e+00  8.056e-03  1.036e-04 25/30  PASS  
adv:saw_tooth@200                                   200     0.000   522.000   522.000   0.00e+00  5.517e-03  6.398e-04 30/30  FAIL  INFO=199
adv:stemr_killer@200                                200     0.000     0.100     0.100   1.00e+00  1.459e-03  2.559e-04 30/30  PASS  
adv:huge_condition@200                              200     0.000     0.200     0.200   0.00e+00  2.020e-03  3.222e-04 30/30  PASS  
adv:spike@200                                       200     1.800 143643.600 149271.500   0.00e+00  5.283e-03  1.202e-03 30/30  FAIL  
adv:wilkinson_like@200                              200     0.000     1.000     1.000   0.00e+00  1.227e-02  8.009e-04 17/30  PASS  
adv:two_clusters@200                                200     0.000    11.100    11.100   1.67e-16  3.086e-03  4.040e-04 30/30  FAIL  
adv:random_uniform@200                              200     0.000     0.700     0.600   0.00e+00  4.545e-03  1.194e-03 30/30  PASS  
adv:diagonal_only@200                               200     0.000     0.000     0.000   0.00e+00  5.122e-04  2.201e-06 30/30  PASS  
adv:constant@200                                    200     0.000     0.000     0.000   0.00e+00  4.734e-04  2.091e-06 30/30  PASS  
adv:all_equal_nontrivial@200                        200     0.200    10.600    10.600   0.00e+00  2.841e-03  7.309e-04 30/30  FAIL  
adv:one_big_cluster@200                             200     0.200     1.000     1.000   0.00e+00  1.078e-02  4.967e-04 19/30  PASS  
adv:arithmetic_progression@200                      200     0.100     4.200     4.200   0.00e+00  2.388e-03  6.783e-04 30/30  PASS  
adv:many_near_zero@200                              200     0.000     0.000     0.000   1.11e-01  4.253e-04  6.750e-04 30/30  PASS  
adv:random_dense_clusters@200                       200     0.100     7.700     7.700   0.00e+00  3.940e-03  4.576e-04 30/30  FAIL  
adv:constant_d_graded_e@200                         200     0.100     5.000     5.000   0.00e+00  9.489e-03  2.191e-03 21/30  PASS  
adv:random_clustered_5@200                          200     0.100     0.700     0.700   0.00e+00  8.249e-03  3.002e-04 25/30  PASS  
adv:alternating_sign@200                            200     0.200    13.600    13.600   0.00e+00  3.055e-03  7.457e-04 30/30  FAIL  
adv:step_function@200                               200     0.100    11.400    11.400   0.00e+00  2.810e-03  4.555e-04 30/30  FAIL  
adv:three_clusters@200                              200     0.000     3.500     3.500   0.00e+00  4.790e-03  3.009e-04 30/30  PASS  
adv:random_sparse_e@200                             200     0.000     0.000     0.000   3.50e-16  5.134e-04  1.650e-05 30/30  PASS  
adv:chkbd@200                                       200     0.000     0.000     0.000   1.00e+00  4.102e-04  4.319e-05 30/30  PASS  
adv:marques_graded@200                              200     0.000     0.600     0.600   0.00e+00  2.156e-03  4.671e-04 30/30  PASS  
adv:gl_abcon0@200                                   200     0.100     6.000     6.000   0.00e+00  2.978e-03  7.473e-04 30/30  FAIL  
adv:gl_abcon1@200                                   200     0.100     6.800     6.800   0.00e+00  2.918e-03  6.977e-04 30/30  FAIL  
adv:gl_abcon2@200                                   200     0.000     4.000     4.000   0.00e+00  2.432e-03  5.663e-04 30/30  PASS  
adv:gl_abcon3@200                                   200     0.000     5.800     5.800   0.00e+00  5.296e-03  1.715e-03 30/30  FAIL  INFO=199
adv:gl_random@200                                   200     0.000     0.700     0.700   0.00e+00  4.208e-03  1.257e-03 30/30  PASS  
adv:gl_gradp@200                                    200     0.000     0.000     0.000   1.00e+00  5.520e-04  1.011e-04 30/30  PASS  
adv:gl_gradm@200                                    200     0.000     0.000     0.000   1.00e+00  5.391e-04  1.006e-04 30/30  PASS  
adv:gl_wilkp@200                                    200     0.045     2.223 22517998136852.480   1.54e-15  1.427e-03  3.126e-04 30/30  FAIL  
adv:gl_wilkm@200                                    200 7498493379571.876 20761594282177.988 10921229096373.453   7.50e-16  1.793e-03  4.249e-04 30/30  FAIL  
adv:gl_wilkw@200                                    200     0.100     4.900     4.900   0.00e+00  3.227e-03  8.491e-04 30/30  PASS  
adv:gl_wilk2w@200                                   200     0.100     7.200     7.200   0.00e+00  2.532e-03  7.938e-04 30/30  FAIL  
adv:gl_clement@200                                  200     0.000     0.000     0.000   1.65e-16  4.803e-04  1.777e-05 30/30  PASS  
adv:gl_gro0@200                                     200     0.100     4.800     4.900   0.00e+00  2.861e-03  9.910e-04 30/30  PASS  
adv:gl_gro1@200                                     200     0.100     2.600     2.600   0.00e+00  2.485e-03  6.515e-04 30/30  PASS  
adv:gl_gro2@200                                     200     0.000     0.000     0.000   1.00e+00  4.191e-04  6.954e-04 30/30  PASS  
adv:gl_gro3@200                                     200     0.000     0.200     0.200   1.00e+00  2.008e-03  3.014e-04 30/30  PASS  
adv:gl_bwilkp@200                                   200 13600870874658.898 20761594282177.988 20761594282177.988   6.87e-16  1.892e-03  4.980e-04 30/30  FAIL  
adv:gl_ones@200                                     200     0.000     0.000     0.000   0.00e+00  4.786e-04  2.020e-06 30/30  PASS  
adv:gl_uniform_eps@200                              200     0.000     0.000     0.000   0.00e+00  4.745e-04  3.289e-06 30/30  PASS  
adv:gl_uniform_sqrteps@200                          200     0.000     0.000     0.000   0.00e+00  5.094e-04  2.955e-06 30/30  PASS  
adv:gl_uniform_eps_to_1@200                         200     0.000     0.000     0.000   0.00e+00  4.934e-04  3.387e-06 30/30  PASS  
adv:gl_geometric_eps_to_1@200                       200     0.000     0.000     0.000   1.00e+00  4.938e-04  2.272e-06 30/30  PASS  
adv:gl_random_spectrum@200                          200     0.000     0.300     0.300   0.00e+00  4.831e-03  1.207e-03 30/30  PASS  
adv:gl_clustered_at_1@200                           200     0.000     0.000     0.000   0.00e+00  5.686e-04  3.133e-06 30/30  PASS  
adv:gl_clustered_at_pm1@200                         200     0.000     0.000     0.000   0.00e+00  5.403e-04  2.648e-06 30/30  PASS  
adv:gl_clustered_at_eps@200                         200     0.000     0.000     0.000   0.00e+00  5.759e-04  3.315e-06 30/30  PASS  
adv:gl_clustered_at_pmeps@200                       200     0.000     0.000     0.000   0.00e+00  4.263e-04  2.737e-06 30/30  PASS  
adv:demmel_S1pe@200                                 200     0.000     0.000     0.000   1.00e+00  4.196e-04  6.971e-04 30/30  PASS  
adv:demmel_S1ps@200                                 200     0.000     5.900     5.900   0.00e+00  3.702e-03  6.990e-04 30/30  FAIL  
adv:demmel_S2pe@200                                 200 18419722475945.328     3.603 22517998136852.480   1.00e+00  1.141e-03  4.177e-04 30/30  FAIL  
adv:demmel_S2ps@200                                 200     0.000     3.600     3.600   0.00e+00  2.817e-03  4.079e-04 30/30  PASS  
adv:demmel_W1@200                                   200     0.000     3.700     3.700   1.00e+00  2.141e-03  6.054e-04 30/30  PASS  
adv:demmel_W2@200                                   200     0.000     4.000     4.000   0.00e+00  2.264e-03  6.039e-04 30/30  PASS  
adv:demmel_W3@200                                   200     0.000     2.200     2.200   0.00e+00  2.349e-03  5.896e-04 30/30  PASS  
adv:demmel_G1@200                                   200     0.000     0.100     0.100   1.00e+00  1.894e-03  2.933e-04 30/30  PASS  
adv:demmel_G1s@200                                  200     0.000     0.600     0.600   0.00e+00  2.173e-03  4.528e-04 30/30  PASS  
adv:demmel_U1@200                                   200     0.100     5.000     5.000   0.00e+00  2.331e-03  6.053e-04 30/30  PASS  
adv:demmel_U1s@200                                  200     0.100     3.700     3.800   0.00e+00  2.323e-03  6.056e-04 30/30  PASS  
adv:wilkinson_exact@200                             200     0.045     1.844 22517998136852.480   1.38e-15  1.377e-03  3.158e-04 30/30  FAIL  
adv:glued_wilkinson@200                             200     0.000     0.400     0.400   0.00e+00  1.230e-02  7.474e-04 17/30  PASS  
adv:glued_wilkinson_tight@200                       200     0.100     2.600     2.600   1.73e-15  1.366e-03  3.150e-04 30/30  PASS  
adv:wl_example48@200                                200     0.000     0.000     0.000   0.00e+00  4.714e-03  1.692e-04 30/30  PASS  
adv:pd_T0@200                                       200     0.000     3.000     3.100   0.00e+00  5.595e-03  1.809e-03 30/30  PASS  
adv:pd_T1@200                                       200     0.000     2.100     2.100   0.00e+00  2.460e-03  6.179e-04 30/30  PASS  
adv:zero_diagonal@200                               200     0.000     0.000     0.000   0.00e+00  4.255e-04  1.621e-05 30/30  PASS  
adv:near_overflow@200                               200     0.000     0.600     0.600   0.00e+00  2.138e-03  4.318e-04 30/30  PASS  
adv:near_underflow@200                              200     0.000     0.500     0.600   0.00e+00  2.145e-03  4.592e-04 30/30  PASS  
adv:mixed_signs@200                                 200     0.100     0.500     0.500   0.00e+00  4.562e-03  1.383e-03 30/30  PASS  
adv:checkerboard@200                                200     0.000     0.000     0.000   2.03e+01  3.781e-04  3.214e-04 30/30  PASS  
adv:exponential_graded_k4@200                       200     0.100     0.900     0.900   0.00e+00  2.395e-03  5.907e-04 30/30  PASS  
adv:exponential_graded_k8@200                       200     0.000     0.600     0.600   0.00e+00  2.183e-03  4.674e-04 30/30  PASS  
adv:exponential_graded_k12@200                      200     0.000     0.300     0.300   0.00e+00  2.036e-03  3.715e-04 30/30  PASS  
adv:stemr_killer_k5@200                             200     0.100     0.800     0.900   0.00e+00  2.285e-03  5.536e-04 30/30  PASS  
adv:stemr_killer_k10@200                            200     0.000     0.500     0.500   0.00e+00  2.111e-03  4.128e-04 30/30  PASS  
adv:huge_condition_k5@200                           200     0.100     0.900     0.900   0.00e+00  2.265e-03  5.587e-04 30/30  PASS  
adv:huge_condition_k10@200                          200     0.000     0.400     0.500   0.00e+00  2.073e-03  4.153e-04 30/30  PASS  
adv:demmel_G1_k4@200                                200     0.100     1.000     1.000   0.00e+00  2.387e-03  5.807e-04 30/30  PASS  
adv:demmel_G1_k8@200                                200     0.000     0.600     0.600   0.00e+00  2.151e-03  4.504e-04 30/30  PASS  
adv:demmel_G1_k12@200                               200     0.000     0.100     0.200   0.00e+00  1.954e-03  3.525e-04 30/30  PASS  
adv:demmel_S1pe_k4@200                              200     0.000     6.200     6.200   0.00e+00  3.666e-03  6.961e-04 30/30  FAIL  
adv:demmel_S1pe_k8@200                              200     0.000     9.500     9.500   0.00e+00  3.682e-03  7.004e-04 30/30  FAIL  
adv:chkbd_4@200                                       4     0.200     0.500     0.500   0.00e+00  5.836e-06  3.592e-06 30/30  PASS  
adv:chkbd_16@200                                     16     0.000     0.100     0.100   1.00e+00  1.338e-05  4.916e-06 30/30  PASS  
adv:marques_graded_k4@200                           200     0.100     0.900     1.000   0.00e+00  2.386e-03  5.849e-04 30/30  PASS  
adv:marques_graded_k8@200                           200     0.100     0.500     0.500   0.00e+00  2.166e-03  4.721e-04 30/30  PASS  
adv:exponential_graded@400                          400     0.000     0.300     0.300   1.00e+00  8.548e-03  1.127e-03 23/30  PASS  
adv:glued_repeated@400                              400     0.000     0.000     0.100   0.00e+00  3.145e-02  2.069e-04  7/30  PASS  
adv:saw_tooth@400                                   400     0.000 23178.600 23178.600   0.00e+00  2.191e-02  2.366e-03 10/30  FAIL  INFO=399
adv:stemr_killer@400                                400     0.000     0.300     0.300   1.00e+00  6.260e-03  9.533e-04 30/30  PASS  
adv:huge_condition@400                              400     0.000     0.400     0.400   0.00e+00  8.214e-03  1.197e-03 24/30  PASS  
adv:spike@400                                       400     0.800 120024.100 119977.900   0.00e+00  2.065e-02  4.276e-03 10/30  FAIL  
adv:wilkinson_like@400                              400     0.000     1.000     1.000   0.00e+00  5.226e-02  3.312e-03  4/30  PASS  
adv:two_clusters@400                                400     0.000     1.700     1.700   1.67e-16  1.278e-02  1.419e-03 16/30  PASS  
adv:random_uniform@400                              400     0.000     0.200     0.200   0.00e+00  2.292e-02  2.768e-03  9/30  PASS  
adv:diagonal_only@400                               400     0.000     0.000     0.000   0.00e+00  2.592e-03  3.364e-06 30/30  PASS  
adv:constant@400                                    400     0.000     0.000     0.000   0.00e+00  2.145e-03  3.496e-06 30/30  PASS  
adv:all_equal_nontrivial@400                        400     0.100     3.100     3.100   0.00e+00  1.239e-02  2.789e-03 16/30  PASS  
adv:one_big_cluster@400                             400     0.100     0.300     0.200   0.00e+00  4.813e-02  1.301e-03  5/30  PASS  
adv:arithmetic_progression@400                      400     0.100     4.000     4.000   0.00e+00  1.032e-02  2.546e-03 20/30  PASS  
adv:many_near_zero@400                              400     0.000     0.000     0.000   1.11e-01  2.875e-03  2.585e-03 30/30  PASS  
adv:random_dense_clusters@400                       400     0.000    10.200    10.200   0.00e+00  1.762e-02  1.549e-03 12/30  FAIL  
adv:constant_d_graded_e@400                         400     0.100     3.200     3.200   0.00e+00  3.897e-02  8.441e-03  6/24  PASS  
adv:random_clustered_5@400                          400     0.000     0.800     0.800   0.00e+00  3.507e-02  1.048e-03  6/30  PASS  
adv:alternating_sign@400                            400     0.100     6.100     6.100   0.00e+00  1.336e-02  2.637e-03 15/30  FAIL  
adv:step_function@400                               400     0.000     5.600     5.600   0.00e+00  1.393e-02  1.591e-03 15/30  FAIL  
adv:three_clusters@400                              400     0.000 332229.100 332229.100   0.00e+00  1.955e-02  1.037e-03 11/30  FAIL  
adv:random_sparse_e@400                             400     0.000     0.000     0.000   3.03e-16  3.104e-03  3.417e-05 30/30  PASS  
adv:chkbd@400                                       400     0.000     0.000     0.000   1.00e+00  2.074e-03  5.718e-05 30/30  PASS  
adv:marques_graded@400                              400     0.000     0.900     1.000   0.00e+00  9.034e-03  1.813e-03 22/30  PASS  
adv:gl_abcon0@400                                   400     0.100     4.700     4.700   0.00e+00  1.260e-02  2.647e-03 16/30  PASS  
adv:gl_abcon1@400                                   400     0.100     4.300     4.300   0.00e+00  1.279e-02  2.629e-03 16/30  PASS  
adv:gl_abcon2@400                                   400     0.000     4.700     4.700   0.00e+00  1.048e-02  2.226e-03 19/30  PASS  
adv:gl_abcon3@400                                   400     0.000    15.300    15.300   0.00e+00  2.238e-02  6.929e-03  9/29  FAIL  INFO=399
adv:gl_random@400                                   400     0.000     0.400     0.400   0.00e+00  2.020e-02  4.075e-03 10/30  PASS  
adv:gl_gradp@400                                    400     0.000     0.000     0.000   1.00e+00  2.366e-03  1.997e-04 30/30  PASS  
adv:gl_gradm@400                                    400     0.000     0.000     0.000   1.00e+00  2.432e-03  2.004e-04 30/30  PASS  
adv:gl_wilkp@400                                    400       inf       inf       inf        nan        nan        nan  0/0   FAIL  TIMEOUT
adv:gl_wilkm@400                                    400 3726728691649.085 10639754119662.797 5494391545392.005   1.03e-15  7.348e-03  1.536e-03 26/30  FAIL  
adv:gl_wilkw@400                                    400     0.000     3.400     3.400   0.00e+00  1.406e-02  3.201e-03 15/30  PASS  
adv:gl_wilk2w@400                                   400     0.100     7.600     7.600   0.00e+00  1.036e-02  2.936e-03 20/30  FAIL  
adv:gl_clement@400                                  400     0.000     0.000     0.000   1.65e-16  1.975e-03  3.423e-05 30/30  PASS  
adv:gl_gro0@400                                     400     0.100     4.500     4.500   0.00e+00  1.160e-02  3.604e-03 18/30  PASS  
adv:gl_gro1@400                                     400     0.100     4.300     4.300   0.00e+00  1.009e-02  2.382e-03 20/30  PASS  
adv:gl_gro2@400                                     400     0.000     0.000     0.000   1.00e+00  1.655e-03  2.711e-03 30/30  PASS  
adv:gl_gro3@400                                     400     0.000     0.300     0.300   1.00e+00  8.353e-03  1.139e-03 24/30  PASS  
adv:gl_bwilkp@400                                   400 6845471433603.153 10639754119662.797 10639754119662.797   1.63e-15  8.073e-03  1.738e-03 25/30  FAIL  
adv:gl_ones@400                                     400     0.000     0.000     0.000   0.00e+00  1.494e-03  3.080e-06 30/30  PASS  
adv:gl_uniform_eps@400                              400     0.000     0.000     0.000   0.00e+00  1.885e-03  5.669e-06 30/30  PASS  
adv:gl_uniform_sqrteps@400                          400     0.000     0.000     0.000   0.00e+00  1.850e-03  5.383e-06 30/30  PASS  
adv:gl_uniform_eps_to_1@400                         400     0.000     0.000     0.000   0.00e+00  1.946e-03  6.194e-06 30/30  PASS  
adv:gl_geometric_eps_to_1@400                       400     0.000     0.000     0.000   1.00e+00  2.051e-03  3.160e-06 30/30  PASS  
adv:gl_random_spectrum@400                          400     0.000     0.600     0.600   0.00e+00  2.206e-02  2.584e-03 10/30  PASS  
adv:gl_clustered_at_1@400                           400     0.000     0.000     0.000   0.00e+00  1.829e-03  5.646e-06 30/30  PASS  
adv:gl_clustered_at_pm1@400                         400     0.000     0.000     0.000   0.00e+00  1.747e-03  5.692e-06 30/30  PASS  
adv:gl_clustered_at_eps@400                         400     0.000     0.000     0.000   0.00e+00  1.921e-03  5.853e-06 30/30  PASS  
adv:gl_clustered_at_pmeps@400                       400     0.000     0.000     0.000   0.00e+00  1.947e-03  5.689e-06 30/30  PASS  
adv:demmel_S1pe@400                                 400     0.000     0.000     0.000   1.00e+00  1.553e-03  2.631e-03 30/30  PASS  
adv:demmel_S1ps@400                                 400     0.000     8.000     8.000   0.00e+00  1.829e-02  2.634e-03 11/30  FAIL  
adv:demmel_S2pe@400                                 400 9209861237972.664     3.614 11258999068426.240   1.00e+00  4.902e-03  1.407e-03 30/30  FAIL  
adv:demmel_S2ps@400                                 400     0.000  3795.500  3795.600   0.00e+00  1.547e-02  1.521e-03 13/30  FAIL  
adv:demmel_W1@400                                   400     0.000     4.700     4.700   1.00e+00  1.026e-02  2.221e-03 20/30  PASS  
adv:demmel_W2@400                                   400     0.000     4.100     4.100   0.00e+00  9.712e-03  2.228e-03 21/30  PASS  
adv:demmel_W3@400                                   400     0.000     3.600     3.600   0.00e+00  9.793e-03  2.194e-03 21/30  PASS  
adv:demmel_G1@400                                   400     0.000     0.300     0.300   1.00e+00  8.193e-03  1.104e-03 24/30  PASS  
adv:demmel_G1s@400                                  400     0.000     0.600     0.600   0.00e+00  9.068e-03  1.753e-03 22/30  PASS  
adv:demmel_U1@400                                   400     0.100     4.300     4.300   0.00e+00  9.777e-03  2.226e-03 21/30  PASS  
adv:demmel_U1s@400                                  400     0.100     4.300     4.400   0.00e+00  9.822e-03  2.226e-03 21/30  PASS  
adv:wilkinson_exact@400                             400       inf       inf       inf        nan        nan        nan  0/0   FAIL  TIMEOUT
adv:glued_wilkinson@400                             400     0.000     0.400     0.400   0.00e+00  5.108e-02  3.238e-03  4/30  PASS  
adv:glued_wilkinson_tight@400                       400     0.000     2.000     2.000   1.97e-15  6.264e-03  1.127e-03 30/30  PASS  
adv:wl_example48@400                                400     0.000     0.000     0.000   0.00e+00  2.539e-02  3.771e-04  8/30  PASS  
adv:pd_T0@400                                       400     0.100    14.700    14.700   0.00e+00  2.404e-02  7.132e-03  9/29  FAIL  
adv:pd_T1@400                                       400     0.000     2.500     2.500   0.00e+00  1.029e-02  2.354e-03 20/30  PASS  
adv:zero_diagonal@400                               400     0.000     0.000     0.000   0.00e+00  1.602e-03  2.987e-05 30/30  PASS  
adv:near_overflow@400                               400     0.000     0.300     0.300   1.00e+00  6.716e-03  1.020e-03 29/30  PASS  
adv:near_underflow@400                              400     0.000     0.200     0.300   1.00e+00  7.478e-03  1.097e-03 26/30  PASS  
adv:mixed_signs@400                                 400     0.000     0.500     0.500   0.00e+00  2.157e-02  4.218e-03 10/30  PASS  
adv:checkerboard@400                                400     0.000     0.000     0.000   4.15e+01  1.695e-03  1.179e-03 30/30  PASS  
adv:exponential_graded_k4@400                       400     0.100     1.000     1.000   0.00e+00  1.008e-02  2.243e-03 20/30  PASS  
adv:exponential_graded_k8@400                       400     0.000     0.900     1.000   0.00e+00  8.603e-03  1.800e-03 23/30  PASS  
adv:exponential_graded_k12@400                      400     0.000     0.500     0.500   0.00e+00  8.200e-03  1.415e-03 24/30  PASS  
adv:stemr_killer_k5@400                             400     0.100     1.000     1.000   0.00e+00  9.725e-03  2.140e-03 21/30  PASS  
adv:stemr_killer_k10@400                            400     0.000     0.600     0.700   0.00e+00  8.470e-03  1.584e-03 24/30  PASS  
adv:huge_condition_k5@400                           400     0.100     1.100     1.100   0.00e+00  9.755e-03  2.116e-03 21/30  PASS  
adv:huge_condition_k10@400                          400     0.000     0.600     0.700   0.00e+00  8.467e-03  1.592e-03 24/30  PASS  
adv:demmel_G1_k4@400                                400     0.000     1.200     1.200   0.00e+00  1.020e-02  2.240e-03 20/30  PASS  
adv:demmel_G1_k8@400                                400     0.100     0.800     0.800   0.00e+00  9.097e-03  1.743e-03 22/30  PASS  
adv:demmel_G1_k12@400                               400     0.000     0.600     0.600   0.00e+00  8.523e-03  1.361e-03 23/30  PASS  
adv:demmel_S1pe_k4@400                              400     0.000    13.500    13.500   0.00e+00  1.840e-02  2.633e-03 11/30  FAIL  
adv:demmel_S1pe_k8@400                              400     0.000     8.200     8.200   0.00e+00  1.858e-02  2.628e-03 11/30  FAIL  
adv:chkbd_4@400                                       4     0.200     0.500     0.500   0.00e+00  4.075e-06  2.424e-06 30/30  PASS  
adv:chkbd_16@400                                     16     0.000     0.100     0.100   1.00e+00  9.678e-06  5.157e-06 30/30  PASS  
adv:marques_graded_k4@400                           400     0.100     1.000     1.000   0.00e+00  1.016e-02  2.234e-03 20/30  PASS  
adv:marques_graded_k8@400                           400     0.000     0.700     0.700   0.00e+00  8.768e-03  1.779e-03 23/30  PASS  
stcoll:B_03                                           3     0.500     0.600     0.600   0.00e+00  4.712e-06  2.281e-06 30/30  PASS  
stcoll:B_05_2                                         5     0.100     0.400     0.400   4.02e-16  2.616e-06  1.920e-06 30/30  PASS  
stcoll:B_05_d3eq0                                     5     0.200     0.400     0.400   1.22e-16  3.928e-06  1.571e-06 30/30  PASS  
stcoll:B_05_d5eq0                                     5     0.200     0.400     0.400   0.00e+00  5.709e-06  3.498e-06 30/30  PASS  
stcoll:B_05_eye                                       5     0.000     0.400     0.400   0.00e+00  3.013e-06  4.650e-07 30/30  PASS  
stcoll:B_11_splits_a                                 11     0.200     0.200     0.300   2.62e-16  8.365e-06  3.328e-06 30/30  PASS  
stcoll:B_11_splits_b                                 11     0.200     0.400     0.300   4.15e-16  9.665e-06  3.340e-06 30/30  PASS  
stcoll:B_12_splits_a                                 12     0.100     0.300     0.300   4.44e-16  1.036e-05  5.716e-06 30/30  PASS  
stcoll:B_16                                          16     0.100     0.100     0.100   1.00e+00  7.301e-06  6.266e-06 30/30  PASS  
stcoll:B_16_smallsv                                  16     0.100     0.300     0.300   0.00e+00  1.581e-05  5.148e-06 30/30  PASS  
stcoll:B_20_graded                                   20     0.200     0.400     0.300   0.00e+00  1.090e-04  1.869e-05 30/30  PASS  
stcoll:B_40_graded                                   40     0.100     0.500     0.600   0.00e+00  4.602e-04  5.449e-05 30/30  PASS  
stcoll:B_Kimura_429                                 429    11.700  1017.300  1017.100   0.00e+00  5.573e-02  3.348e-03  4/30  FAIL  
stcoll:B_bug316_gesdd                                26     0.000     0.100     0.100   1.00e+00  9.884e-06  4.614e-06 30/30  PASS  
stcoll:B_bug414                                       4     0.100     0.400     0.200   1.00e+00  2.571e-06  1.840e-06 30/30  PASS  
stcoll:B_gg_30_1D-5                                 330     0.000     2.900     2.900   0.00e+00  2.837e-02  1.290e-03  8/30  PASS  
stcoll:B_glued_09b                                    9     0.200     2.300     0.500   0.00e+00  2.541e-05  5.921e-06 30/30  PASS  
stcoll:B_glued_09c                                    9     0.100     0.200     0.300   0.00e+00  2.499e-05  5.820e-06 30/30  PASS  
stcoll:B_glued_09d                                    9     0.100     2.500     0.600   0.00e+00  2.713e-05  5.691e-06 30/30  PASS  
-----------------------------------------------------------------------------------------------------------------------------------------
PASS: 317/375    (1457.0s wall)

Failing (58), sorted by max(ortU,ortV) desc:
  adv:gl_wilkp@400                                 n=   400  res=       inf  ortU=       inf  ortV=       inf  TIMEOUT
  adv:wilkinson_exact@400                          n=   400  res=       inf  ortU=       inf  ortV=       inf  TIMEOUT
  adv:demmel_S2pe@100                              n=   100  res=36884480948164.359  ortU=     4.684  ortV=45035996273704.961    drift=1.00e+00  t_eval=2.82e-04  t_dbdsqr=1.23e-04
  adv:gl_wilkm@100                                 n=   100  res=9547631210025.451  ortU=39991964691050.008  ortV=     8.782    drift=3.74e-16  t_eval=4.25e-04  t_dbdsqr=1.30e-04
  adv:gl_bwilkp@100                                n=   100  res=26841453779128.156  ortU=39991964691050.008  ortV=39991964691050.008    drift=6.18e-16  t_eval=4.58e-04  t_dbdsqr=1.54e-04
  adv:gl_wilkp@200                                 n=   200  res=     0.045  ortU=     2.223  ortV=22517998136852.480    drift=1.54e-15  t_eval=1.43e-03  t_dbdsqr=3.13e-04
  adv:demmel_S2pe@200                              n=   200  res=18419722475945.328  ortU=     3.603  ortV=22517998136852.480    drift=1.00e+00  t_eval=1.14e-03  t_dbdsqr=4.18e-04
  adv:wilkinson_exact@200                          n=   200  res=     0.045  ortU=     1.844  ortV=22517998136852.480    drift=1.38e-15  t_eval=1.38e-03  t_dbdsqr=3.16e-04
  adv:gl_wilkm@200                                 n=   200  res=7498493379571.876  ortU=20761594282177.988  ortV=10921229096373.453    drift=7.50e-16  t_eval=1.79e-03  t_dbdsqr=4.25e-04
  adv:gl_bwilkp@200                                n=   200  res=13600870874658.898  ortU=20761594282177.988  ortV=20761594282177.988    drift=6.87e-16  t_eval=1.89e-03  t_dbdsqr=4.98e-04
  adv:demmel_S2pe@400                              n=   400  res=9209861237972.664  ortU=     3.614  ortV=11258999068426.240    drift=1.00e+00  t_eval=4.90e-03  t_dbdsqr=1.41e-03
  adv:gl_wilkm@400                                 n=   400  res=3726728691649.085  ortU=10639754119662.797  ortV=5494391545392.005    drift=1.03e-15  t_eval=7.35e-03  t_dbdsqr=1.54e-03
  adv:gl_bwilkp@400                                n=   400  res=6845471433603.153  ortU=10639754119662.797  ortV=10639754119662.797    drift=1.63e-15  t_eval=8.07e-03  t_dbdsqr=1.74e-03
  adv:three_clusters@400                           n=   400  res=     0.000  ortU=332229.100  ortV=332229.100    drift=0.00e+00  t_eval=1.96e-02  t_dbdsqr=1.04e-03
  adv:spike@100                                    n=   100  res=     4.400  ortU=257601.600  ortV=263488.400    drift=0.00e+00  t_eval=1.15e-03  t_dbdsqr=3.38e-04
  adv:spike@200                                    n=   200  res=     1.800  ortU=143643.600  ortV=149271.500    drift=0.00e+00  t_eval=5.28e-03  t_dbdsqr=1.20e-03
  adv:spike@400                                    n=   400  res=     0.800  ortU=120024.100  ortV=119977.900    drift=0.00e+00  t_eval=2.06e-02  t_dbdsqr=4.28e-03
  adv:saw_tooth@400                                n=   400  res=     0.000  ortU= 23178.600  ortV= 23178.600  INFO=399  drift=0.00e+00  t_eval=2.19e-02  t_dbdsqr=2.37e-03
  adv:demmel_S2ps@400                              n=   400  res=     0.000  ortU=  3795.500  ortV=  3795.600    drift=0.00e+00  t_eval=1.55e-02  t_dbdsqr=1.52e-03
  stcoll:B_Kimura_429                              n=   429  res=    11.700  ortU=  1017.300  ortV=  1017.100    drift=0.00e+00  t_eval=5.57e-02  t_dbdsqr=3.35e-03
  adv:saw_tooth@200                                n=   200  res=     0.000  ortU=   522.000  ortV=   522.000  INFO=199  drift=0.00e+00  t_eval=5.52e-03  t_dbdsqr=6.40e-04
  adv:two_clusters@10                              n=    10  res=     0.100  ortU=    17.500  ortV=    17.400    drift=1.66e-16  t_eval=1.78e-05  t_dbdsqr=6.89e-06
  adv:gl_wilkw@100                                 n=   100  res=     0.100  ortU=    15.600  ortV=    15.600    drift=0.00e+00  t_eval=7.58e-04  t_dbdsqr=2.42e-04
  adv:gl_abcon3@400                                n=   400  res=     0.000  ortU=    15.300  ortV=    15.300  INFO=399  drift=0.00e+00  t_eval=2.24e-02  t_dbdsqr=6.93e-03
  adv:pd_T0@400                                    n=   400  res=     0.100  ortU=    14.700  ortV=    14.700    drift=0.00e+00  t_eval=2.40e-02  t_dbdsqr=7.13e-03
  adv:wilkinson_like@10                            n=    10  res=     0.200  ortU=    14.000  ortV=    14.000    drift=0.00e+00  t_eval=1.84e-05  t_dbdsqr=8.80e-06
  adv:alternating_sign@200                         n=   200  res=     0.200  ortU=    13.600  ortV=    13.600    drift=0.00e+00  t_eval=3.05e-03  t_dbdsqr=7.46e-04
  adv:demmel_S1pe_k4@400                           n=   400  res=     0.000  ortU=    13.500  ortV=    13.500    drift=0.00e+00  t_eval=1.84e-02  t_dbdsqr=2.63e-03
  adv:demmel_S1pe_k4@100                           n=   100  res=     0.000  ortU=    12.600  ortV=    12.600    drift=0.00e+00  t_eval=8.45e-04  t_dbdsqr=2.07e-04
  adv:three_clusters@10                            n=    10  res=     0.100  ortU=    11.800  ortV=    11.900    drift=0.00e+00  t_eval=2.24e-05  t_dbdsqr=5.54e-06
  adv:step_function@200                            n=   200  res=     0.100  ortU=    11.400  ortV=    11.400    drift=0.00e+00  t_eval=2.81e-03  t_dbdsqr=4.55e-04
  adv:two_clusters@200                             n=   200  res=     0.000  ortU=    11.100  ortV=    11.100    drift=1.67e-16  t_eval=3.09e-03  t_dbdsqr=4.04e-04
  adv:demmel_S2ps@100                              n=   100  res=     0.100  ortU=    10.800  ortV=    10.800    drift=0.00e+00  t_eval=7.15e-04  t_dbdsqr=1.33e-04
  adv:all_equal_nontrivial@200                     n=   200  res=     0.200  ortU=    10.600  ortV=    10.600    drift=0.00e+00  t_eval=2.84e-03  t_dbdsqr=7.31e-04
  adv:random_dense_clusters@400                    n=   400  res=     0.000  ortU=    10.200  ortV=    10.200    drift=0.00e+00  t_eval=1.76e-02  t_dbdsqr=1.55e-03
  adv:random_dense_clusters@100                    n=   100  res=     0.000  ortU=    10.000  ortV=    10.000    drift=0.00e+00  t_eval=9.40e-04  t_dbdsqr=1.41e-04
  adv:demmel_S1pe_k8@200                           n=   200  res=     0.000  ortU=     9.500  ortV=     9.500    drift=0.00e+00  t_eval=3.68e-03  t_dbdsqr=7.00e-04
  adv:all_equal_nontrivial@100                     n=   100  res=     0.200  ortU=     9.400  ortV=     9.400    drift=0.00e+00  t_eval=6.85e-04  t_dbdsqr=2.01e-04
  adv:step_function@100                            n=   100  res=     0.100  ortU=     9.400  ortV=     9.400    drift=0.00e+00  t_eval=6.25e-04  t_dbdsqr=1.43e-04
  adv:demmel_S1pe_k8@400                           n=   400  res=     0.000  ortU=     8.200  ortV=     8.200    drift=0.00e+00  t_eval=1.86e-02  t_dbdsqr=2.63e-03
  adv:demmel_S1ps@400                              n=   400  res=     0.000  ortU=     8.000  ortV=     8.000    drift=0.00e+00  t_eval=1.83e-02  t_dbdsqr=2.63e-03
  adv:demmel_S1ps@100                              n=   100  res=     0.000  ortU=     7.700  ortV=     7.700    drift=0.00e+00  t_eval=8.38e-04  t_dbdsqr=2.06e-04
  adv:random_dense_clusters@200                    n=   200  res=     0.100  ortU=     7.700  ortV=     7.700    drift=0.00e+00  t_eval=3.94e-03  t_dbdsqr=4.58e-04
  adv:gl_wilk2w@400                                n=   400  res=     0.100  ortU=     7.600  ortV=     7.600    drift=0.00e+00  t_eval=1.04e-02  t_dbdsqr=2.94e-03
  adv:gl_abcon3@100                                n=   100  res=     0.000  ortU=     7.400  ortV=     7.300    drift=0.00e+00  t_eval=1.20e-03  t_dbdsqr=3.90e-04
  adv:gl_wilk2w@200                                n=   200  res=     0.100  ortU=     7.200  ortV=     7.200    drift=0.00e+00  t_eval=2.53e-03  t_dbdsqr=7.94e-04
  adv:gl_wilkw@10                                  n=    10  res=     0.500  ortU=     6.500  ortV=     7.000    drift=0.00e+00  t_eval=1.52e-05  t_dbdsqr=8.04e-06
  adv:gl_abcon0@100                                n=   100  res=     0.200  ortU=     7.000  ortV=     7.000    drift=0.00e+00  t_eval=6.84e-04  t_dbdsqr=1.97e-04
  adv:gl_abcon1@200                                n=   200  res=     0.100  ortU=     6.800  ortV=     6.800    drift=0.00e+00  t_eval=2.92e-03  t_dbdsqr=6.98e-04
  adv:demmel_S1pe_k8@100                           n=   100  res=     0.000  ortU=     6.600  ortV=     6.600    drift=0.00e+00  t_eval=8.67e-04  t_dbdsqr=2.06e-04
  adv:demmel_S1pe_k4@200                           n=   200  res=     0.000  ortU=     6.200  ortV=     6.200    drift=0.00e+00  t_eval=3.67e-03  t_dbdsqr=6.96e-04
  adv:gl_wilk2w@100                                n=   100  res=     0.100  ortU=     6.100  ortV=     6.100    drift=0.00e+00  t_eval=6.26e-04  t_dbdsqr=2.21e-04
  adv:alternating_sign@400                         n=   400  res=     0.100  ortU=     6.100  ortV=     6.100    drift=0.00e+00  t_eval=1.34e-02  t_dbdsqr=2.64e-03
  adv:gl_abcon0@200                                n=   200  res=     0.100  ortU=     6.000  ortV=     6.000    drift=0.00e+00  t_eval=2.98e-03  t_dbdsqr=7.47e-04
  adv:demmel_S1ps@200                              n=   200  res=     0.000  ortU=     5.900  ortV=     5.900    drift=0.00e+00  t_eval=3.70e-03  t_dbdsqr=6.99e-04
  adv:gl_abcon3@200                                n=   200  res=     0.000  ortU=     5.800  ortV=     5.800  INFO=199  drift=0.00e+00  t_eval=5.30e-03  t_dbdsqr=1.71e-03
  adv:step_function@400                            n=   400  res=     0.000  ortU=     5.600  ortV=     5.600    drift=0.00e+00  t_eval=1.39e-02  t_dbdsqr=1.59e-03
  adv:saw_tooth@100                                n=   100  res=     0.000  ortU=     0.400  ortV=     0.400  INFO=99  drift=0.00e+00  t_eval=1.37e-03  t_dbdsqr=2.13e-04

Scaling (per-pattern timing across sizes, 67 patterns paired @200/@400):
     ratio  pattern                                      t@200       t@400
      6.76  adv:many_near_zero                       4.253e-04   2.875e-03
      6.05  adv:random_sparse_e                      5.134e-04   3.104e-03
      5.38  adv:wl_example48                         4.714e-03   2.539e-02
      5.06  adv:diagonal_only                        5.122e-04   2.592e-03
      5.06  adv:chkbd                                4.102e-04   2.074e-03
      5.04  adv:random_uniform                       4.545e-03   2.292e-02
      4.80  adv:gl_random                            4.208e-03   2.020e-02
      4.79  adv:demmel_W1                            2.141e-03   1.026e-02
      4.73  adv:mixed_signs                          4.562e-03   2.157e-02
      4.59  adv:glued_wilkinson_tight                1.366e-03   6.264e-03
      4.57  adv:gl_random_spectrum                   4.831e-03   2.206e-02
      4.57  adv:gl_clustered_at_pmeps                4.263e-04   1.947e-03
      4.53  adv:constant                             4.734e-04   2.145e-03
      4.51  adv:gl_gradm                             5.391e-04   2.432e-03
      4.48  adv:checkerboard                         3.781e-04   1.695e-03
  worst_ratio=6.76  (adv:many_near_zero)  (ideal MR^3 ~ 4.0, HARD GATE > 5.0)

