==================================================================================================================================
BidiagonalSVD evaluation -- suite=379  solver=dbdsqr  norms=paper
==================================================================================================================================
Solver:     LAPACK DBDSQR full SVD (reference, n^3)
Source:     BidiagonalSVD_TGK/dev/test_dbdsqr_full.f
Metric:     Willems-Lang 2012 paper-norm (res=per-triplet 2-norm)
Generator:  full_eval.{make,adv_names} + stcollection/B_*.dat  (lapack-dbdsvr/full_eval.py:23, evaluate.py:30)
Thresholds: res<=7 n.eps,  ortU/ortV<=5 n.eps
Timeout:    600.0s/matrix
Reference:  DBDSQR (singular values only)  -- min-of-N adaptive bench, cache-flushed (32 MiB scratch)
==================================================================================================================================

Matrix                                                n       res      ortU      ortV   sv_drift     t_eval   t_dbdsqr reps  status  note
-----------------------------------------------------------------------------------------------------------------------------------------
adv:exponential_graded@10                            10     0.100     0.200     0.400   4.27e-16  1.805e-05  7.906e-06 30/30  PASS  
adv:glued_repeated@10                                10     0.700     0.800     0.900   6.46e-16  3.442e-05  7.768e-06 30/30  PASS  
adv:saw_tooth@10                                     10     0.300     0.300     0.700   5.52e-16  2.783e-05  8.951e-06 30/30  PASS  
adv:stemr_killer@10                                  10     0.100     0.400     0.300   4.73e-16  1.295e-05  3.864e-06 30/30  PASS  
adv:huge_condition@10                                10     2.600     0.300     0.300   2.34e-16  1.272e-05  4.621e-06 30/30  PASS  
adv:spike@10                                         10     0.200     0.600     0.900   1.48e-15  4.540e-05  9.568e-06 30/30  PASS  
adv:wilkinson_like@10                                10     0.400     0.500     0.900   1.00e-15  4.140e-05  8.846e-06 30/30  PASS  
adv:two_clusters@10                                  10     0.500     0.600     0.500   4.44e-16  1.688e-05  5.954e-06 30/30  PASS  
adv:random_uniform@10                                10     0.800     0.600     0.800   1.40e-15  3.291e-05  1.045e-05 30/30  PASS  
adv:diagonal_only@10                                 10     0.000     0.000     0.000   0.00e+00  1.694e-06  1.008e-06 30/30  PASS  
adv:constant@10                                      10     0.000     0.000     0.000   0.00e+00  2.112e-06  7.870e-07 30/30  PASS  
adv:all_equal_nontrivial@10                          10     0.700     0.600     0.800   9.29e-16  3.789e-05  8.217e-06 30/30  PASS  
adv:one_big_cluster@10                               10     4.200     0.700     0.800   1.11e-15  2.046e-05  6.400e-06 30/30  PASS  
adv:arithmetic_progression@10                        10     0.300     0.600     0.500   6.87e-16  2.564e-05  6.931e-06 30/30  PASS  
adv:many_near_zero@10                                10     0.200     0.600     0.600   1.04e-15  2.319e-05  5.170e-06 30/30  PASS  
adv:random_dense_clusters@10                         10     1.500     0.500     1.000   8.49e-16  2.261e-05  6.509e-06 30/30  PASS  
adv:constant_d_graded_e@10                           10     2.500     0.600     0.300   6.66e-16  1.103e-05  1.274e-05 30/30  PASS  
adv:random_clustered_5@10                            10     2.700     0.200     0.100   4.24e-16  8.698e-06  4.167e-06 30/30  PASS  
adv:alternating_sign@10                              10     0.600     0.600     0.700   7.75e-16  3.704e-05  9.138e-06 30/30  PASS  
adv:step_function@10                                 10     0.500     0.500     0.600   7.71e-16  2.576e-05  7.081e-06 30/30  PASS  
adv:three_clusters@10                                10     0.200     0.300     0.400   6.64e-16  1.772e-05  5.376e-06 30/30  PASS  
adv:random_sparse_e@10                               10     0.100     0.100     0.000   2.32e-16  3.641e-06  3.828e-06 30/30  PASS  
adv:chkbd@10                                         10     0.100     0.300     0.300   4.34e-16  1.621e-05  4.802e-06 30/30  PASS  
adv:marques_graded@10                                10     0.100     0.500     0.700   7.55e-16  2.251e-05  4.698e-06 30/30  PASS  
adv:gl_abcon0@10                                     10     0.700     0.800     0.900   6.46e-16  3.364e-05  7.498e-06 30/30  PASS  
adv:gl_abcon1@10                                     10     0.600     0.700     0.600   1.23e-15  3.342e-05  7.037e-06 30/30  PASS  
adv:gl_abcon2@10                                     10     2.700     0.600     0.700   9.81e-16  2.883e-05  5.520e-06 30/30  PASS  
adv:gl_abcon3@10                                     10     2.400     0.400     0.800   1.13e-15  3.489e-05  7.871e-06 30/30  PASS  
adv:gl_random@10                                     10     0.300     0.800     0.700   1.35e-15  3.802e-05  6.855e-06 30/30  PASS  
adv:gl_gradp@10                                      10     0.300     0.300     0.700   1.50e-15  2.377e-05  5.410e-06 30/30  PASS  
adv:gl_gradm@10                                      10     0.300     0.600     0.400   1.50e-15  2.419e-05  5.645e-06 30/30  PASS  
adv:gl_wilkp@10                                      10     0.700     0.400     0.200   6.25e-16  1.523e-05  4.464e-06 30/30  PASS  
adv:gl_wilkm@10                                      10     0.300     0.300     0.600   4.95e-16  1.730e-05  4.565e-06 30/30  PASS  
adv:gl_wilkw@10                                      10     1.700     0.600     0.600   1.38e-15  3.600e-05  7.717e-06 30/30  PASS  
adv:gl_wilk2w@10                                     10     2.200     0.700     0.700   1.35e-15  3.121e-05  6.458e-06 30/30  PASS  
adv:gl_clement@10                                    10     0.000     0.000     0.000   1.48e-16  6.403e-06  2.858e-06 30/30  PASS  
adv:gl_gro0@10                                       10     0.400     0.400     0.800   8.16e-16  3.549e-05  7.797e-06 30/30  PASS  
adv:gl_gro1@10                                       10     1.300     0.500     0.700   8.26e-16  2.959e-05  5.905e-06 30/30  PASS  
adv:gl_gro2@10                                       10     0.200     0.400     0.300   3.90e-16  1.876e-05  5.977e-06 30/30  PASS  
adv:gl_gro3@10                                       10     0.400     0.300     0.400   3.81e-16  1.224e-05  3.166e-06 30/30  PASS  
adv:gl_bwilkp@10                                     10     0.500     0.700     0.600   6.28e-16  1.930e-05  5.227e-06 30/30  PASS  
adv:gl_ones@10                                       10     0.000     0.000     0.000   0.00e+00  2.032e-06  6.670e-07 30/30  PASS  
adv:gl_uniform_eps@10                                10     0.000     0.000     0.000   0.00e+00  3.232e-06  1.554e-06 30/30  PASS  
adv:gl_uniform_sqrteps@10                            10     0.000     0.000     0.000   0.00e+00  3.563e-06  8.760e-07 30/30  PASS  
adv:gl_uniform_eps_to_1@10                           10     0.000     0.000     0.000   0.00e+00  2.922e-06  8.700e-07 30/30  PASS  
adv:gl_geometric_eps_to_1@10                         10     0.000     0.000     0.000   0.00e+00  2.943e-06  1.062e-06 30/30  PASS  
adv:gl_random_spectrum@10                            10     0.500     0.600     1.000   1.04e-15  3.181e-05  8.696e-06 30/30  PASS  
adv:gl_clustered_at_1@10                             10     0.000     0.000     0.000   0.00e+00  2.544e-06  7.240e-07 30/30  PASS  
adv:gl_clustered_at_pm1@10                           10     0.000     0.000     0.000   0.00e+00  3.070e-06  8.750e-07 30/30  PASS  
adv:gl_clustered_at_eps@10                           10     0.000     0.000     0.000   0.00e+00  2.430e-06  6.630e-07 30/30  PASS  
adv:gl_clustered_at_pmeps@10                         10     0.000     0.000     0.000   0.00e+00  2.561e-06  7.760e-07 30/30  PASS  
adv:demmel_S1pe@10                                   10     0.000     0.600     0.700   6.16e-16  3.272e-05  6.742e-06 30/30  PASS  
adv:demmel_S1ps@10                                   10     0.100     1.000     0.700   8.59e-16  3.117e-05  7.480e-06 30/30  PASS  
adv:demmel_S2pe@10                                   10     0.400     0.500     0.300   2.21e-16  3.033e-05  6.082e-06 30/30  PASS  
adv:demmel_S2ps@10                                   10     0.300     0.500     0.600   8.85e-16  2.796e-05  6.789e-06 30/30  PASS  
adv:demmel_W1@10                                     10     0.000     0.800     0.800   1.02e-15  2.592e-05  5.930e-06 30/30  PASS  
adv:demmel_W2@10                                     10     0.000     0.700     0.600   8.90e-16  2.399e-05  6.264e-06 30/30  PASS  
adv:demmel_W3@10                                     10     0.400     0.600     0.500   8.86e-16  2.564e-05  5.613e-06 30/30  PASS  
adv:demmel_G1@10                                     10     0.200     0.100     0.300   5.71e-16  1.363e-05  3.666e-06 30/30  PASS  
adv:demmel_G1s@10                                    10     0.100     0.700     0.500   3.60e-16  2.214e-05  4.857e-06 30/30  PASS  
adv:demmel_U1@10                                     10     4.500     0.600     0.600   1.17e-15  2.495e-05  5.213e-06 30/30  PASS  
adv:demmel_U1s@10                                    10     4.400     0.400     0.500   6.68e-16  2.460e-05  6.745e-06 30/30  PASS  
adv:wilkinson_exact@10                               10     0.700     0.400     0.400   7.19e-16  1.858e-05  6.102e-06 30/30  PASS  
adv:glued_wilkinson@10                               10     0.300     0.600     0.400   6.47e-16  3.168e-05  8.861e-06 30/30  PASS  
adv:glued_wilkinson_tight@10                         10     0.300     0.300     0.300   4.35e-16  1.544e-05  4.919e-06 30/30  PASS  
adv:wl_example48@10                                  10     1.300     0.200     0.300   8.99e-16  1.347e-05  1.029e-05 30/30  PASS  
adv:pd_T0@10                                         10     1.000     0.900     0.800   1.02e-15  3.884e-05  8.376e-06 30/30  PASS  
adv:pd_T1@10                                         10     0.300     0.500     0.700   6.56e-16  3.318e-05  7.619e-06 30/30  PASS  
adv:zero_diagonal@10                                 10     0.000     0.000     0.000   0.00e+00  5.442e-06  3.510e-06 30/30  PASS  
adv:near_overflow@10                                 10     0.700     0.800     0.900   8.02e-16  3.423e-05  7.903e-06 30/30  PASS  
adv:near_underflow@10                                10     2.400     0.500     0.900   1.13e-15  3.337e-05  6.979e-06 30/30  PASS  
adv:mixed_signs@10                                   10     1.300     0.900     0.500   8.91e-16  3.254e-05  8.014e-06 30/30  PASS  
adv:checkerboard@10                                  10     0.100     0.400     0.400   6.60e-16  1.983e-05  5.096e-06 30/30  PASS  
adv:exponential_graded_k4@10                         10     1.500     0.700     0.600   1.23e-15  4.295e-05  6.132e-06 30/30  PASS  
adv:exponential_graded_k8@10                         10     0.100     0.300     0.400   4.12e-16  2.394e-05  5.831e-06 30/30  PASS  
adv:exponential_graded_k12@10                        10     0.300     0.700     0.300   4.31e-16  1.940e-05  5.297e-06 30/30  PASS  
adv:stemr_killer_k5@10                               10     1.400     0.500     0.600   6.85e-16  3.461e-05  5.203e-06 30/30  PASS  
adv:stemr_killer_k10@10                              10     0.800     0.300     0.300   4.36e-16  2.213e-05  4.397e-06 30/30  PASS  
adv:huge_condition_k5@10                             10     1.300     0.300     0.500   4.20e-16  3.203e-05  4.847e-06 30/30  PASS  
adv:huge_condition_k10@10                            10     3.600     0.400     0.300   4.57e-16  1.974e-05  5.045e-06 30/30  PASS  
adv:demmel_G1_k4@10                                  10     0.500     1.000     1.200   1.24e-15  3.731e-05  5.187e-06 30/30  PASS  
adv:demmel_G1_k8@10                                  10     0.300     0.400     0.400   5.30e-16  2.270e-05  7.971e-06 30/30  PASS  
adv:demmel_G1_k12@10                                 10     0.500     0.300     0.300   3.31e-16  1.712e-05  4.522e-06 30/30  PASS  
adv:demmel_S1pe_k4@10                                10     0.100     0.600     0.500   5.24e-16  3.952e-05  6.699e-06 30/30  PASS  
adv:demmel_S1pe_k8@10                                10     0.000     0.800     0.600   8.76e-16  3.164e-05  6.686e-06 30/30  PASS  
adv:chkbd_4@10                                        4     0.300     0.300     0.500   2.17e-16  6.294e-06  2.733e-06 30/30  PASS  
adv:chkbd_16@10                                      16     0.100     0.300     0.300   4.34e-16  1.960e-05  6.419e-06 30/30  PASS  
adv:marques_graded_k4@10                             10     2.200     0.400     0.600   6.45e-16  3.649e-05  5.782e-06 30/30  PASS  
adv:marques_graded_k8@10                             10     0.300     0.200     0.500   6.45e-16  2.440e-05  6.597e-06 30/30  PASS  
adv:exponential_graded@100                          100     0.400     0.200     0.200   2.37e-15  1.888e-03  8.298e-05 30/30  PASS  
adv:glued_repeated@100                              100     0.100     0.100     0.100   1.22e-15  5.763e-04  5.324e-05 30/30  PASS  
adv:saw_tooth@100                                   100     0.500     0.300     0.300   1.66e-15  3.444e-03  2.132e-04 30/30  PASS  
adv:stemr_killer@100                                100     0.200     0.100     0.100   1.71e-15  1.535e-03  6.951e-05 30/30  PASS  
adv:huge_condition@100                              100     0.300     0.100     0.100   1.77e-15  2.026e-03  8.644e-05 30/30  PASS  
adv:spike@100                                       100     0.000     0.300     0.300   3.75e-15  6.097e-03  3.410e-04 30/30  PASS  
adv:wilkinson_like@100                              100     0.400     0.300     0.300   5.93e-15  4.757e-03  2.296e-04 30/30  PASS  
adv:two_clusters@100                                100     0.500     0.700     0.200   1.78e-15  2.221e-03  1.232e-04 30/30  PASS  
adv:random_uniform@100                              100     0.500     0.400     0.500   4.83e-15  5.610e-03  4.124e-04 30/30  PASS  
adv:diagonal_only@100                               100     0.000     0.000     0.000   0.00e+00  6.431e-06  1.475e-06 30/30  PASS  
adv:constant@100                                    100     0.000     0.000     0.000   0.00e+00  6.517e-06  1.158e-06 30/30  PASS  
adv:all_equal_nontrivial@100                        100     0.200     0.200     0.300   2.96e-15  5.067e-03  2.018e-04 30/30  PASS  
adv:one_big_cluster@100                             100     0.600     0.200     0.900   9.77e-15  2.055e-03  3.245e-04 30/30  PASS  
adv:arithmetic_progression@100                      100     0.200     0.200     0.300   3.09e-15  3.874e-03  1.847e-04 30/30  PASS  
adv:many_near_zero@100                              100     0.000     0.300     0.300   2.16e-15  4.552e-03  1.925e-04 30/30  PASS  
adv:random_dense_clusters@100                       100     0.300     0.200     0.200   2.33e-15  2.033e-03  1.413e-04 30/30  PASS  
adv:constant_d_graded_e@100                         100     0.300     0.200     0.100   7.33e-15  1.042e-03  5.789e-04 30/30  PASS  
adv:random_clustered_5@100                          100     0.500     0.100     0.100   4.92e-15  8.727e-04  8.666e-05 30/30  PASS  
adv:alternating_sign@100                            100     0.200     0.300     0.200   1.61e-15  5.184e-03  2.091e-04 30/30  PASS  
adv:step_function@100                               100     0.200     0.200     0.200   2.58e-15  2.672e-03  1.428e-04 30/30  PASS  
adv:three_clusters@100                              100     0.400     0.400     0.200   1.78e-15  2.829e-03  9.748e-05 30/30  PASS  
adv:random_sparse_e@100                             100     0.000     0.000     0.000   3.06e-16  5.855e-05  9.511e-06 30/30  PASS  
adv:chkbd@100                                       100     0.000     0.000     0.000   6.53e-16  2.284e-04  1.788e-05 30/30  PASS  
adv:marques_graded@100                              100     0.400     0.300     0.200   2.89e-15  4.365e-03  1.284e-04 30/30  PASS  
adv:gl_abcon0@100                                   100     0.300     0.200     0.200   2.44e-15  4.956e-03  1.965e-04 30/30  PASS  
adv:gl_abcon1@100                                   100     0.200     0.300     0.300   2.25e-15  5.147e-03  1.949e-04 30/30  PASS  
adv:gl_abcon2@100                                   100     0.200     0.200     0.200   4.35e-15  2.941e-03  1.610e-04 30/30  PASS  
adv:gl_abcon3@100                                   100     0.500     0.300     0.300   9.01e-15  5.812e-03  3.914e-04 30/30  PASS  
adv:gl_random@100                                   100     0.400     0.400     0.300   5.41e-15  5.014e-03  3.525e-04 30/30  PASS  
adv:gl_gradp@100                                    100     0.300     0.100     0.200   1.78e-15  1.068e-03  5.177e-05 30/30  PASS  
adv:gl_gradm@100                                    100     0.300     0.100     0.100   1.78e-15  1.036e-03  5.187e-05 30/30  PASS  
adv:gl_wilkp@100                                    100     0.400     0.200     0.300   4.44e-15  2.083e-03  9.538e-05 30/30  PASS  
adv:gl_wilkm@100                                    100     0.300     0.200     0.200   2.55e-15  2.554e-03  1.303e-04 30/30  PASS  
adv:gl_wilkw@100                                    100     0.300     0.300     0.200   3.90e-15  5.864e-03  2.412e-04 30/30  PASS  
adv:gl_wilk2w@100                                   100     0.300     0.400     0.300   4.68e-15  6.106e-03  2.221e-04 30/30  PASS  
adv:gl_clement@100                                  100     0.000     0.000     0.000   1.39e-16  8.449e-05  1.046e-05 30/30  PASS  
adv:gl_gro0@100                                     100     0.300     0.300     0.300   4.20e-15  6.384e-03  2.776e-04 30/30  PASS  
adv:gl_gro1@100                                     100     0.200     0.200     0.300   3.81e-15  3.808e-03  1.833e-04 30/30  PASS  
adv:gl_gro2@100                                     100     0.000     0.200     0.200   1.69e-15  4.095e-03  1.860e-04 30/30  PASS  
adv:gl_gro3@100                                     100     0.300     0.200     0.200   2.70e-15  1.915e-03  8.612e-05 30/30  PASS  
adv:gl_bwilkp@100                                   100     0.300     0.200     0.200   2.18e-15  2.934e-03  1.553e-04 30/30  PASS  
adv:gl_ones@100                                     100     0.000     0.000     0.000   0.00e+00  6.513e-06  1.438e-06 30/30  PASS  
adv:gl_uniform_eps@100                              100     0.000     0.000     0.000   0.00e+00  5.310e-05  2.083e-06 30/30  PASS  
adv:gl_uniform_sqrteps@100                          100     0.000     0.000     0.000   0.00e+00  4.787e-05  1.814e-06 30/30  PASS  
adv:gl_uniform_eps_to_1@100                         100     0.000     0.000     0.000   0.00e+00  4.878e-05  1.820e-06 30/30  PASS  
adv:gl_geometric_eps_to_1@100                       100     0.000     0.000     0.000   0.00e+00  3.691e-05  1.868e-06 30/30  PASS  
adv:gl_random_spectrum@100                          100     0.600     0.400     0.300   4.95e-15  5.405e-03  4.149e-04 30/30  PASS  
adv:gl_clustered_at_1@100                           100     0.000     0.000     0.000   0.00e+00  4.618e-05  1.989e-06 30/30  PASS  
adv:gl_clustered_at_pm1@100                         100     0.000     0.000     0.000   0.00e+00  5.255e-05  2.232e-06 30/30  PASS  
adv:gl_clustered_at_eps@100                         100     0.000     0.000     0.000   0.00e+00  4.615e-05  1.709e-06 30/30  PASS  
adv:gl_clustered_at_pmeps@100                       100     0.000     0.000     0.000   0.00e+00  5.542e-05  2.181e-06 30/30  PASS  
adv:demmel_S1pe@100                                 100     0.000     0.300     0.300   2.84e-15  4.966e-03  2.059e-04 30/30  PASS  
adv:demmel_S1ps@100                                 100     0.000     0.300     0.300   1.95e-15  4.958e-03  2.073e-04 30/30  PASS  
adv:demmel_S2pe@100                                 100     0.300     0.200     0.200   2.05e-15  2.724e-03  1.215e-04 30/30  PASS  
adv:demmel_S2ps@100                                 100     0.400     0.200     0.300   1.97e-15  2.737e-03  1.341e-04 30/30  PASS  
adv:demmel_W1@100                                   100     0.000     0.200     0.300   2.61e-15  3.480e-03  1.732e-04 30/30  PASS  
adv:demmel_W2@100                                   100     0.000     0.300     0.200   3.52e-15  3.496e-03  1.732e-04 30/30  PASS  
adv:demmel_W3@100                                   100     0.200     0.200     0.300   4.82e-15  3.312e-03  1.660e-04 30/30  PASS  
adv:demmel_G1@100                                   100     0.300     0.200     0.100   2.20e-15  1.833e-03  7.916e-05 30/30  PASS  
adv:demmel_G1s@100                                  100     0.400     0.200     0.200   3.39e-15  4.300e-03  1.251e-04 30/30  PASS  
adv:demmel_U1@100                                   100     0.400     0.200     0.300   2.88e-15  3.436e-03  1.719e-04 30/30  PASS  
adv:demmel_U1s@100                                  100     0.400     0.200     0.300   3.20e-15  3.431e-03  1.724e-04 30/30  PASS  
adv:wilkinson_exact@100                             100     0.400     0.200     0.300   2.57e-15  1.737e-03  9.778e-05 30/30  PASS  
adv:glued_wilkinson@100                             100     0.400     0.300     0.300   3.76e-15  4.562e-03  1.441e-04 30/30  PASS  
adv:glued_wilkinson_tight@100                       100     0.400     0.300     0.200   3.23e-15  1.696e-03  9.558e-05 30/30  PASS  
adv:wl_example48@100                                100     0.300     0.100     0.100   1.94e-15  2.588e-03  8.813e-05 30/30  PASS  
adv:pd_T0@100                                       100     0.400     0.300     0.400   7.03e-15  5.891e-03  4.443e-04 30/30  PASS  
adv:pd_T1@100                                       100     0.300     0.200     0.200   4.74e-15  3.969e-03  1.713e-04 30/30  PASS  
adv:zero_diagonal@100                               100     0.000     0.000     0.000   0.00e+00  5.740e-05  1.033e-05 30/30  PASS  
adv:near_overflow@100                               100     0.400     0.300     0.400   3.46e-15  7.331e-03  1.596e-04 28/30  PASS  
adv:near_underflow@100                              100     0.400     0.400     0.400   4.73e-15  7.346e-03  1.581e-04 27/30  PASS  
adv:mixed_signs@100                                 100     0.400     0.300     0.300   4.38e-14  5.336e-03  3.942e-04 30/30  PASS  
adv:checkerboard@100                                100     0.300     0.200     0.200   1.63e-15  2.462e-03  9.416e-05 30/30  PASS  
adv:exponential_graded_k4@100                       100     0.300     0.400     0.300   6.03e-15  6.527e-03  1.625e-04 30/30  PASS  
adv:exponential_graded_k8@100                       100     0.300     0.300     0.300   4.42e-15  4.289e-03  1.282e-04 30/30  PASS  
adv:exponential_graded_k12@100                      100     0.400     0.200     0.200   1.73e-15  2.686e-03  9.925e-05 30/30  PASS  
adv:stemr_killer_k5@100                             100     0.500     0.300     0.200   4.11e-15  6.356e-03  1.516e-04 30/30  PASS  
adv:stemr_killer_k10@100                            100     0.400     0.200     0.200   2.79e-15  4.115e-03  1.148e-04 30/30  PASS  
adv:huge_condition_k5@100                           100     0.400     0.300     0.300   3.92e-15  6.367e-03  1.527e-04 30/30  PASS  
adv:huge_condition_k10@100                          100     0.400     0.200     0.200   2.35e-15  3.292e-03  1.131e-04 30/30  PASS  
adv:demmel_G1_k4@100                                100     0.500     0.300     0.400   4.64e-15  8.563e-03  1.592e-04 24/30  PASS  
adv:demmel_G1_k8@100                                100     0.400     0.300     0.200   2.37e-15  4.273e-03  1.238e-04 30/30  PASS  
adv:demmel_G1_k12@100                               100     0.400     0.200     0.300   2.98e-15  2.563e-03  9.730e-05 30/30  PASS  
adv:demmel_S1pe_k4@100                              100     0.000     0.200     0.300   1.66e-15  5.283e-03  2.053e-04 30/30  PASS  
adv:demmel_S1pe_k8@100                              100     0.000     0.300     0.300   2.57e-15  4.945e-03  2.057e-04 30/30  PASS  
adv:chkbd_4@100                                       4     0.300     0.300     0.500   2.17e-16  9.143e-06  4.012e-06 30/30  PASS  
adv:chkbd_16@100                                     16     0.100     0.300     0.300   4.34e-16  2.366e-05  5.719e-06 30/30  PASS  
adv:marques_graded_k4@100                           100     0.500     0.400     0.400   4.73e-15  7.247e-03  1.613e-04 28/30  PASS  
adv:marques_graded_k8@100                           100     0.400     0.300     0.300   3.27e-15  4.206e-03  1.253e-04 30/30  PASS  
adv:exponential_graded@200                          200     0.200     0.100     0.100   4.42e-15  1.382e-02  3.006e-04 15/30  PASS  
adv:glued_repeated@200                              200     0.100     0.100     0.000   1.46e-15  1.799e-03  1.030e-04 30/30  PASS  
adv:saw_tooth@200                                   200     0.300     0.200     0.200   2.39e-15  2.048e-02  6.420e-04 10/30  PASS  
adv:stemr_killer@200                                200     0.200     0.100     0.100   2.38e-15  1.058e-02  2.571e-04 19/30  PASS  
adv:huge_condition@200                              200     0.200     0.100     0.100   2.91e-15  1.526e-02  3.216e-04 14/30  PASS  
adv:spike@200                                       200     0.000     0.200     0.200   4.54e-15  3.623e-02  1.189e-03  6/30  PASS  
adv:wilkinson_like@200                              200     0.300     0.200     0.200   7.74e-15  3.528e-02  8.002e-04  6/30  PASS  
adv:two_clusters@200                                200     0.400     0.600     0.200   3.33e-15  1.316e-02  4.039e-04 16/30  PASS  
adv:random_uniform@200                              200     0.200     0.200     0.200   1.14e-14  3.143e-02  1.196e-03  7/30  PASS  
adv:diagonal_only@200                               200     0.000     0.000     0.000   0.00e+00  1.670e-05  1.844e-06 30/30  PASS  
adv:constant@200                                    200     0.000     0.000     0.000   0.00e+00  1.646e-05  1.975e-06 30/30  PASS  
adv:all_equal_nontrivial@200                        200     0.100     0.200     0.200   1.04e-14  2.990e-02  7.301e-04  7/30  PASS  
adv:one_big_cluster@200                             200     0.300     0.200     0.300   6.44e-15  4.409e-03  4.970e-04 30/30  PASS  
adv:arithmetic_progression@200                      200     0.200     0.200     0.200   8.20e-15  2.282e-02  6.779e-04  9/30  PASS  
adv:many_near_zero@200                              200     0.000     0.200     0.200   3.12e-15  2.816e-02  6.768e-04  8/30  PASS  
adv:random_dense_clusters@200                       200     0.200     0.200     0.100   3.21e-15  1.408e-02  4.564e-04 15/30  PASS  
adv:constant_d_graded_e@200                         200     0.200     0.200     0.100   9.77e-15  5.817e-03  2.198e-03 30/30  PASS  
adv:random_clustered_5@200                          200     0.300     0.100     0.100   5.73e-15  4.544e-03  3.004e-04 30/30  PASS  
adv:alternating_sign@200                            200     0.200     0.200     0.200   2.07e-15  2.954e-02  7.455e-04  7/30  PASS  
adv:step_function@200                               200     0.200     0.200     0.100   3.59e-15  1.547e-02  4.563e-04 13/30  PASS  
adv:three_clusters@200                              200     0.300     0.400     0.100   2.44e-15  1.588e-02  3.000e-04 13/30  PASS  
adv:random_sparse_e@200                             200     0.000     0.000     0.000   2.20e-16  2.379e-04  1.677e-05 30/30  PASS  
adv:chkbd@200                                       200     0.000     0.000     0.000   5.01e-03  6.978e-04  4.255e-05 30/30  PASS  
adv:marques_graded@200                              200     0.200     0.200     0.200   3.86e-15  3.179e-02  4.699e-04  7/30  PASS  
adv:gl_abcon0@200                                   200     0.200     0.200     0.200   2.54e-15  2.850e-02  7.460e-04  7/30  PASS  
adv:gl_abcon1@200                                   200     0.100     0.200     0.200   2.36e-15  2.965e-02  6.969e-04  7/30  PASS  
adv:gl_abcon2@200                                   200     0.100     0.200     0.200   5.61e-15  2.428e-02  5.656e-04  9/30  PASS  
adv:gl_abcon3@200                                   200     0.200     0.200     0.200   7.22e-15  3.233e-02  1.716e-03  7/30  PASS  
adv:gl_random@200                                   200     0.200     0.200     0.200   6.87e-15  3.314e-02  1.260e-03  6/30  PASS  
adv:gl_gradp@200                                    200     0.200     0.100     0.100   1.78e-15  3.366e-03  1.001e-04 30/30  PASS  
adv:gl_gradm@200                                    200     0.200     0.100     0.000   1.78e-15  3.257e-03  1.052e-04 30/30  PASS  
adv:gl_wilkp@200                                    200     0.300     0.200     0.200   4.26e-15  1.144e-02  3.117e-04 18/30  PASS  
adv:gl_wilkm@200                                    200     0.100     0.200     0.100   4.27e-15  1.430e-02  4.262e-04 14/30  PASS  
adv:gl_wilkw@200                                    200     0.200     0.200     0.200   3.21e-15  3.222e-02  8.507e-04  7/30  PASS  
adv:gl_wilk2w@200                                   200     0.200     0.200     0.200   5.90e-15  3.729e-02  7.937e-04  6/30  PASS  
adv:gl_clement@200                                  200     0.000     0.000     0.000   1.65e-16  3.101e-04  2.012e-05 30/30  PASS  
adv:gl_gro0@200                                     200     0.200     0.300     0.200   9.12e-15  3.885e-02  9.896e-04  6/30  PASS  
adv:gl_gro1@200                                     200     0.100     0.200     0.200   4.22e-15  2.240e-02  6.553e-04  9/30  PASS  
adv:gl_gro2@200                                     200     0.000     0.100     0.200   2.34e-15  2.616e-02  6.949e-04  8/30  PASS  
adv:gl_gro3@200                                     200     0.200     0.200     0.100   3.67e-15  1.436e-02  3.040e-04 14/30  PASS  
adv:gl_bwilkp@200                                   200     0.200     0.200     0.100   2.75e-15  1.627e-02  4.936e-04 13/30  PASS  
adv:gl_ones@200                                     200     0.000     0.000     0.000   0.00e+00  1.629e-05  2.125e-06 30/30  PASS  
adv:gl_uniform_eps@200                              200     0.000     0.000     0.000   0.00e+00  1.938e-04  2.887e-06 30/30  PASS  
adv:gl_uniform_sqrteps@200                          200     0.000     0.000     0.000   0.00e+00  2.086e-04  2.806e-06 30/30  PASS  
adv:gl_uniform_eps_to_1@200                         200     0.000     0.000     0.000   0.00e+00  2.061e-04  3.040e-06 30/30  PASS  
adv:gl_geometric_eps_to_1@200                       200     0.000     0.000     0.000   0.00e+00  1.565e-04  2.236e-06 30/30  PASS  
adv:gl_random_spectrum@200                          200     0.300     0.300     0.400   8.02e-15  2.954e-02  1.207e-03  7/30  PASS  
adv:gl_clustered_at_1@200                           200     0.000     0.000     0.000   0.00e+00  2.179e-04  3.151e-06 30/30  PASS  
adv:gl_clustered_at_pm1@200                         200     0.000     0.000     0.000   0.00e+00  2.194e-04  2.947e-06 30/30  PASS  
adv:gl_clustered_at_eps@200                         200     0.000     0.000     0.000   0.00e+00  2.206e-04  2.562e-06 30/30  PASS  
adv:gl_clustered_at_pmeps@200                       200     0.000     0.000     0.000   0.00e+00  2.087e-04  3.130e-06 30/30  PASS  
adv:demmel_S1pe@200                                 200     0.000     0.200     0.200   2.72e-15  2.869e-02  6.976e-04  7/30  PASS  
adv:demmel_S1ps@200                                 200     0.000     0.200     0.200   2.83e-15  2.869e-02  6.992e-04  7/30  PASS  
adv:demmel_S2pe@200                                 200     0.100     0.200     0.100   2.34e-15  1.687e-02  4.172e-04 12/30  PASS  
adv:demmel_S2ps@200                                 200     0.100     0.200     0.200   2.46e-15  1.682e-02  4.091e-04 12/30  PASS  
adv:demmel_W1@200                                   200     0.000     0.200     0.200   4.93e-15  2.109e-02  6.037e-04 10/30  PASS  
adv:demmel_W2@200                                   200     0.000     0.200     0.200   4.41e-15  2.119e-02  6.049e-04 10/30  PASS  
adv:demmel_W3@200                                   200     0.100     0.200     0.200   1.13e-14  2.315e-02  5.914e-04  9/30  PASS  
adv:demmel_G1@200                                   200     0.200     0.100     0.100   4.91e-15  1.353e-02  2.935e-04 15/30  PASS  
adv:demmel_G1s@200                                  200     0.200     0.200     0.200   5.09e-15  3.114e-02  4.527e-04  7/30  PASS  
adv:demmel_U1@200                                   200     0.200     0.200     0.200   6.58e-15  2.117e-02  6.079e-04 10/30  PASS  
adv:demmel_U1s@200                                  200     0.200     0.200     0.200   5.03e-15  2.103e-02  6.060e-04 10/30  PASS  
adv:wilkinson_exact@200                             200     0.100     0.100     0.100   3.89e-15  9.011e-03  3.180e-04 23/30  PASS  
adv:glued_wilkinson@200                             200     0.200     0.200     0.200   9.62e-15  4.248e-02  7.466e-04  5/30  PASS  
adv:glued_wilkinson_tight@200                       200     0.100     0.100     0.200   3.19e-15  8.820e-03  3.143e-04 23/30  PASS  
adv:wl_example48@200                                200     0.200     0.100     0.100   1.90e-15  8.060e-03  1.691e-04 25/30  PASS  
adv:pd_T0@200                                       200     0.200     0.200     0.200   7.92e-15  3.283e-02  1.810e-03  7/30  PASS  
adv:pd_T1@200                                       200     0.100     0.200     0.200   6.13e-15  2.227e-02  6.179e-04  9/30  PASS  
adv:zero_diagonal@200                               200     0.000     0.000     0.000   0.00e+00  1.808e-04  1.720e-05 30/30  PASS  
adv:near_overflow@200                               200     0.200     0.200     0.200   6.62e-15  2.704e-02  4.306e-04  8/30  PASS  
adv:near_underflow@200                              200     0.200     0.200     0.200   5.33e-15  3.066e-02  4.572e-04  7/30  PASS  
adv:mixed_signs@200                                 200     0.300     0.200     0.200   1.43e-14  3.326e-02  1.379e-03  6/30  PASS  
adv:checkerboard@200                                200     0.100     0.200     0.100   3.03e-15  1.476e-02  3.204e-04 14/30  PASS  
adv:exponential_graded_k4@200                       200     0.200     0.300     0.200   7.48e-15  3.767e-02  5.939e-04  6/30  PASS  
adv:exponential_graded_k8@200                       200     0.200     0.200     0.200   7.96e-15  3.173e-02  4.676e-04  7/30  PASS  
adv:exponential_graded_k12@200                      200     0.200     0.200     0.100   3.54e-15  1.968e-02  3.703e-04 11/30  PASS  
adv:stemr_killer_k5@200                             200     0.200     0.200     0.200   5.03e-15  4.791e-02  5.544e-04  5/30  PASS  
adv:stemr_killer_k10@200                            200     0.300     0.100     0.100   4.52e-15  2.396e-02  4.132e-04  9/30  PASS  
adv:huge_condition_k5@200                           200     0.200     0.200     0.200   4.53e-15  4.923e-02  5.604e-04  5/30  PASS  
adv:huge_condition_k10@200                          200     0.200     0.100     0.100   3.91e-15  2.407e-02  4.150e-04  8/30  PASS  
adv:demmel_G1_k4@200                                200     0.200     0.200     0.200   7.60e-15  2.827e-02  5.821e-04  8/30  PASS  
adv:demmel_G1_k8@200                                200     0.200     0.200     0.200   4.43e-15  3.068e-02  4.545e-04  7/30  PASS  
adv:demmel_G1_k12@200                               200     0.200     0.100     0.200   3.75e-15  1.876e-02  3.539e-04 11/30  PASS  
adv:demmel_S1pe_k4@200                              200     0.000     0.200     0.200   3.68e-15  3.160e-02  7.028e-04  7/30  PASS  
adv:demmel_S1pe_k8@200                              200     0.000     0.200     0.200   3.31e-15  2.864e-02  7.004e-04  7/30  PASS  
adv:chkbd_4@200                                       4     0.300     0.300     0.500   2.17e-16  6.545e-06  5.647e-06 30/30  PASS  
adv:chkbd_16@200                                     16     0.100     0.300     0.300   4.34e-16  1.982e-05  5.317e-06 30/30  PASS  
adv:marques_graded_k4@200                           200     0.200     0.200     0.200   7.79e-15  2.740e-02  5.881e-04  8/30  PASS  
adv:marques_graded_k8@200                           200     0.200     0.200     0.200   5.13e-15  3.048e-02  4.691e-04  7/30  PASS  
adv:exponential_graded@400                          400     0.100     0.100     0.100   7.30e-15  1.307e-01  1.132e-03  3/30  PASS  
adv:glued_repeated@400                              400     0.000     0.000     0.000   1.51e-15  7.483e-03  2.059e-04 27/30  PASS  
adv:saw_tooth@400                                   400     0.200     0.100     0.100   5.36e-15  1.742e-01  2.363e-03  3/30  PASS  
adv:stemr_killer@400                                400     0.100     0.100     0.100   5.20e-15  9.714e-02  9.521e-04  3/30  PASS  
adv:huge_condition@400                              400     0.100     0.100     0.100   6.84e-15  1.314e-01  1.201e-03  3/30  PASS  
adv:spike@400                                       400     0.000     0.100     0.100   5.58e-15  2.873e-01  4.288e-03  3/30  PASS  
adv:wilkinson_like@400                              400     0.100     0.200     0.200   1.04e-14  4.705e-01  3.313e-03  3/30  PASS  
adv:two_clusters@400                                400     0.300     0.700     0.100   6.00e-15  1.011e-01  1.418e-03  3/30  PASS  
adv:random_uniform@400                              400     0.100     0.200     0.200   1.19e-14  2.942e-01  2.764e-03  3/30  PASS  
adv:diagonal_only@400                               400     0.000     0.000     0.000   0.00e+00  5.349e-05  3.467e-06 30/30  PASS  
adv:constant@400                                    400     0.000     0.000     0.000   0.00e+00  5.336e-05  3.479e-06 30/30  PASS  
adv:all_equal_nontrivial@400                        400     0.100     0.100     0.100   5.31e-15  2.407e-01  2.777e-03  3/30  PASS  
adv:one_big_cluster@400                             400     0.200     0.200     0.100   3.89e-15  1.872e-02  1.306e-03 11/30  PASS  
adv:arithmetic_progression@400                      400     0.200     0.100     0.100   8.04e-15  2.134e-01  2.543e-03  3/30  PASS  
adv:many_near_zero@400                              400     0.000     0.100     0.100   4.77e-15  2.274e-01  2.594e-03  3/30  PASS  
adv:random_dense_clusters@400                       400     0.100     0.100     0.100   5.67e-15  1.983e-01  1.555e-03  3/30  PASS  
adv:constant_d_graded_e@400                         400     0.100     0.100     0.100   9.77e-15  4.778e-02  8.451e-03  5/24  PASS  
adv:random_clustered_5@400                          400     0.100     0.000     0.100   5.04e-15  2.383e-02  1.054e-03  9/30  PASS  
adv:alternating_sign@400                            400     0.100     0.100     0.100   2.90e-15  2.492e-01  2.647e-03  3/30  PASS  
adv:step_function@400                               400     0.200     0.100     0.100   5.41e-15  1.174e-01  1.597e-03  3/30  PASS  
adv:three_clusters@400                              400     0.200     0.500     0.100   4.66e-15  9.438e-02  1.033e-03  3/30  PASS  
adv:random_sparse_e@400                             400     0.000     0.000     0.000   4.21e-16  1.198e-03  3.756e-05 30/30  PASS  
adv:chkbd@400                                       400     0.000     0.000     0.000   5.01e-03  1.227e-03  5.585e-05 30/30  PASS  
adv:marques_graded@400                              400     0.100     0.200     0.100   9.78e-15  2.841e-01  1.810e-03  3/30  PASS  
adv:gl_abcon0@400                                   400     0.100     0.100     0.100   3.17e-15  2.343e-01  2.641e-03  3/30  PASS  
adv:gl_abcon1@400                                   400     0.100     0.100     0.100   3.36e-15  2.295e-01  2.621e-03  3/30  PASS  
adv:gl_abcon2@400                                   400     0.100     0.200     0.100   6.87e-15  2.802e-01  2.214e-03  3/30  PASS  
adv:gl_abcon3@400                                   400     0.200     0.200     0.200   1.64e-14  2.582e-01  6.894e-03  3/29  PASS  
adv:gl_random@400                                   400     0.100     0.100     0.200   1.08e-14  2.291e-01  4.065e-03  3/30  PASS  
adv:gl_gradp@400                                    400     0.100     0.000     0.000   1.78e-15  1.486e-02  1.982e-04 13/30  PASS  
adv:gl_gradm@400                                    400     0.100     0.000     0.000   1.78e-15  1.328e-02  1.993e-04 15/30  PASS  
adv:gl_wilkp@400                                    400     0.100     0.100     0.100   6.15e-15  1.136e-01  1.127e-03  3/30  PASS  
adv:gl_wilkm@400                                    400     0.100     0.100     0.100   6.56e-15  1.090e-01  1.539e-03  3/30  PASS  
adv:gl_wilkw@400                                    400     0.200     0.100     0.100   1.27e-14  2.470e-01  3.206e-03  3/30  PASS  
adv:gl_wilk2w@400                                   400     0.200     0.200     0.100   9.90e-15  3.222e-01  2.952e-03  3/30  PASS  
adv:gl_clement@400                                  400     0.000     0.000     0.000   1.65e-16  1.358e-03  3.529e-05 30/30  PASS  
adv:gl_gro0@400                                     400     0.100     0.200     0.200   1.02e-14  3.016e-01  3.615e-03  3/30  PASS  
adv:gl_gro1@400                                     400     0.100     0.100     0.100   6.72e-15  2.019e-01  2.398e-03  3/30  PASS  
adv:gl_gro2@400                                     400     0.000     0.100     0.100   3.25e-15  2.152e-01  2.722e-03  3/30  PASS  
adv:gl_gro3@400                                     400     0.100     0.100     0.100   7.40e-15  1.263e-01  1.145e-03  3/30  PASS  
adv:gl_bwilkp@400                                   400     0.100     0.100     0.100   3.17e-15  1.227e-01  1.745e-03  3/30  PASS  
adv:gl_ones@400                                     400     0.000     0.000     0.000   0.00e+00  5.361e-05  3.362e-06 30/30  PASS  
adv:gl_uniform_eps@400                              400     0.000     0.000     0.000   0.00e+00  9.113e-04  5.890e-06 30/30  PASS  
adv:gl_uniform_sqrteps@400                          400     0.000     0.000     0.000   0.00e+00  9.130e-04  6.004e-06 30/30  PASS  
adv:gl_uniform_eps_to_1@400                         400     0.000     0.000     0.000   0.00e+00  1.053e-03  6.133e-06 30/30  PASS  
adv:gl_geometric_eps_to_1@400                       400     0.000     0.000     0.000   0.00e+00  5.998e-04  3.511e-06 30/30  PASS  
adv:gl_random_spectrum@400                          400     0.200     0.300     0.200   1.78e-14  3.114e-01  2.588e-03  3/30  PASS  
adv:gl_clustered_at_1@400                           400     0.000     0.000     0.000   0.00e+00  9.134e-04  6.205e-06 30/30  PASS  
adv:gl_clustered_at_pm1@400                         400     0.000     0.000     0.000   0.00e+00  1.145e-03  5.831e-06 30/30  PASS  
adv:gl_clustered_at_eps@400                         400     0.000     0.000     0.000   0.00e+00  9.406e-04  6.271e-06 30/30  PASS  
adv:gl_clustered_at_pmeps@400                       400     0.000     0.000     0.000   0.00e+00  1.096e-03  6.390e-06 30/30  PASS  
adv:demmel_S1pe@400                                 400     0.000     0.100     0.100   3.37e-15  2.245e-01  2.639e-03  3/30  PASS  
adv:demmel_S1ps@400                                 400     0.000     0.100     0.100   2.87e-15  2.245e-01  2.634e-03  3/30  PASS  
adv:demmel_S2pe@400                                 400     0.100     0.100     0.100   2.63e-15  1.173e-01  1.412e-03  3/30  PASS  
adv:demmel_S2ps@400                                 400     0.100     0.100     0.100   2.98e-15  1.174e-01  1.524e-03  3/30  PASS  
adv:demmel_W1@400                                   400     0.000     0.100     0.100   6.82e-15  2.530e-01  2.231e-03  3/30  PASS  
adv:demmel_W2@400                                   400     0.100     0.100     0.100   6.41e-15  2.515e-01  2.229e-03  3/30  PASS  
adv:demmel_W3@400                                   400     0.000     0.100     0.200   1.17e-14  2.254e-01  2.200e-03  3/30  PASS  
adv:demmel_G1@400                                   400     0.100     0.100     0.100   7.58e-15  2.136e-01  1.106e-03  3/30  PASS  
adv:demmel_G1s@400                                  400     0.100     0.200     0.100   8.59e-15  4.357e-01  1.763e-03  3/30  PASS  
adv:demmel_U1@400                                   400     0.100     0.200     0.100   5.15e-15  2.447e-01  2.232e-03  3/30  PASS  
adv:demmel_U1s@400                                  400     0.100     0.100     0.100   7.13e-15  2.461e-01  2.231e-03  3/30  PASS  
adv:wilkinson_exact@400                             400     0.100     0.100     0.100   7.00e-15  9.233e-02  1.132e-03  3/30  PASS  
adv:glued_wilkinson@400                             400     0.100     0.200     0.200   8.81e-15  4.519e-01  3.240e-03  3/30  PASS  
adv:glued_wilkinson_tight@400                       400     0.100     0.100     0.100   6.47e-15  7.936e-02  1.128e-03  3/30  PASS  
adv:wl_example48@400                                400     0.100     0.000     0.000   2.26e-15  2.907e-02  3.757e-04  7/30  PASS  
adv:pd_T0@400                                       400     0.200     0.200     0.200   1.53e-14  2.534e-01  7.159e-03  3/28  PASS  
adv:pd_T1@400                                       400     0.100     0.100     0.100   1.19e-14  2.214e-01  2.364e-03  3/30  PASS  
adv:zero_diagonal@400                               400     0.000     0.000     0.000   0.00e+00  6.236e-04  2.988e-05 30/30  PASS  
adv:near_overflow@400                               400     0.100     0.100     0.100   6.88e-15  1.020e-01  1.024e-03  3/30  PASS  
adv:near_underflow@400                              400     0.100     0.100     0.100   6.19e-15  1.182e-01  1.099e-03  3/30  PASS  
adv:mixed_signs@400                                 400     0.200     0.200     0.200   9.24e-14  2.496e-01  4.232e-03  3/30  PASS  
adv:checkerboard@400                                400     0.100     0.100     0.100   5.79e-15  1.168e-01  1.181e-03  3/30  PASS  
adv:exponential_graded_k4@400                       400     0.100     0.200     0.100   9.95e-15  2.266e-01  2.247e-03  3/30  PASS  
adv:exponential_graded_k8@400                       400     0.100     0.100     0.100   1.14e-14  2.545e-01  1.800e-03  3/30  PASS  
adv:exponential_graded_k12@400                      400     0.100     0.100     0.100   8.43e-15  1.610e-01  1.420e-03  3/30  PASS  
adv:stemr_killer_k5@400                             400     0.100     0.200     0.200   9.12e-15  4.030e-01  2.142e-03  3/30  PASS  
adv:stemr_killer_k10@400                            400     0.100     0.100     0.100   8.62e-15  1.998e-01  1.586e-03  3/30  PASS  
adv:huge_condition_k5@400                           400     0.100     0.200     0.200   8.40e-15  4.128e-01  2.125e-03  3/30  PASS  
adv:huge_condition_k10@400                          400     0.100     0.100     0.100   7.12e-15  2.008e-01  1.593e-03  3/30  PASS  
adv:demmel_G1_k4@400                                400     0.100     0.300     0.100   1.53e-14  2.657e-01  2.245e-03  3/30  PASS  
adv:demmel_G1_k8@400                                400     0.100     0.200     0.200   1.55e-14  4.219e-01  1.753e-03  3/30  PASS  
adv:demmel_G1_k12@400                               400     0.100     0.100     0.100   1.34e-14  2.774e-01  1.365e-03  3/30  PASS  
adv:demmel_S1pe_k4@400                              400     0.000     0.100     0.200   5.68e-15  2.294e-01  2.641e-03  3/30  PASS  
adv:demmel_S1pe_k8@400                              400     0.000     0.200     0.100   3.34e-15  2.247e-01  2.639e-03  3/30  PASS  
adv:chkbd_4@400                                       4     0.300     0.300     0.500   2.17e-16  6.911e-06  3.362e-06 30/30  PASS  
adv:chkbd_16@400                                     16     0.100     0.300     0.300   4.34e-16  2.024e-05  7.057e-06 30/30  PASS  
adv:marques_graded_k4@400                           400     0.100     0.200     0.100   1.48e-14  2.293e-01  2.237e-03  3/30  PASS  
adv:marques_graded_k8@400                           400     0.100     0.200     0.300   1.57e-14  2.534e-01  1.786e-03  3/30  PASS  
stcoll:B_03                                           3     0.900     0.400     1.400   6.66e-16  7.895e-06  2.949e-06 30/30  PASS  
stcoll:B_05_2                                         5     0.100     0.000     0.100   4.02e-16  5.151e-06  2.858e-06 30/30  PASS  
stcoll:B_05_d3eq0                                     5     0.400     0.200     0.300   1.33e-16  7.100e-06  2.333e-06 30/30  PASS  
stcoll:B_05_d5eq0                                     5     0.400     0.600     0.600   6.96e-16  1.171e-05  4.420e-06 30/30  PASS  
stcoll:B_05_eye                                       5     0.000     0.000     0.000   0.00e+00  2.236e-06  8.390e-07 30/30  PASS  
stcoll:B_11_splits_a                                 11     0.200     0.200     0.200   2.83e-16  1.390e-05  5.109e-06 30/30  PASS  
stcoll:B_11_splits_b                                 11     0.200     0.200     0.300   3.76e-16  1.513e-05  3.643e-06 30/30  PASS  
stcoll:B_12_splits_a                                 12     0.300     0.400     0.400   7.39e-16  2.077e-05  6.601e-06 30/30  PASS  
stcoll:B_16                                          16     0.000     0.100     0.100   6.05e-16  1.906e-05  9.874e-06 30/30  PASS  
stcoll:B_16_smallsv                                  16     0.600     0.200     0.300   7.38e-16  3.502e-05  1.008e-05 30/30  PASS  
stcoll:B_20_graded                                   20     2.300     0.500     0.500   1.09e-15  1.294e-04  2.283e-05 30/30  PASS  
stcoll:B_40_graded                                   40     1.400     0.500     0.400   3.93e-15  5.857e-04  5.590e-05 30/30  PASS  
stcoll:B_Kimura_429                                 429     0.100     0.100     0.100   7.74e-15  1.917e-01  3.359e-03  3/30  PASS  
stcoll:B_bug316_gesdd                                26     0.000     0.000     0.000   5.07e-16  1.288e-05  8.023e-06 30/30  PASS  
stcoll:B_bug414                                       4     0.100     0.200     0.200   0.00e+00  3.245e-06  2.562e-06 30/30  PASS  
stcoll:B_gg_30_1D-5                                 330     0.200     0.100     0.100   7.25e-15  5.292e-02  1.291e-03  4/30  PASS  
stcoll:B_glued_09b                                    9     4.100     0.300     0.500   6.63e-16  2.104e-05  7.884e-06 30/30  PASS  
stcoll:B_glued_09c                                    9     0.200     0.500     0.600   7.31e-16  2.180e-05  7.049e-06 30/30  PASS  
stcoll:B_glued_09d                                    9     2.100     0.600     0.600   5.80e-15  2.175e-05  6.681e-06 30/30  PASS  
-----------------------------------------------------------------------------------------------------------------------------------------
PASS: 375/375    (304.9s wall)

Scaling (per-pattern timing across sizes, 89 patterns paired @200/@400):
     ratio  pattern                                      t@200       t@400
     15.79  adv:demmel_G1                            1.353e-02   2.136e-01
     14.79  adv:demmel_G1_k12                        1.876e-02   2.774e-01
     14.09  adv:random_dense_clusters                1.408e-02   1.983e-01
     13.99  adv:demmel_G1s                           3.114e-02   4.357e-01
     13.75  adv:demmel_G1_k8                         3.068e-02   4.219e-01
     13.34  adv:wilkinson_like                       3.528e-02   4.705e-01
     12.00  adv:demmel_W1                            2.109e-02   2.530e-01
     11.87  adv:demmel_W2                            2.119e-02   2.515e-01
     11.70  adv:demmel_U1s                           2.103e-02   2.461e-01
     11.56  adv:demmel_U1                            2.117e-02   2.447e-01
     11.54  adv:gl_abcon2                            2.428e-02   2.802e-01
     10.64  adv:glued_wilkinson                      4.248e-02   4.519e-01
     10.54  adv:gl_random_spectrum                   2.954e-02   3.114e-01
     10.25  adv:wilkinson_exact                      9.011e-03   9.233e-02
      9.94  adv:pd_T1                                2.227e-02   2.214e-01
  worst_ratio=15.79  (adv:demmel_G1)  (ideal MR^3 ~ 4.0, HARD GATE > 5.0)

