==================================================================================================================================
BidiagonalSVD evaluation -- suite=dense_to_bidiag  solver=dbdsqr  norms=paper
==================================================================================================================================
Solver:     LAPACK DBDSQR full SVD (reference, n^3)
Source:     BidiagonalSVD_TGK/dev/test_dbdsqr_full.f
Metric:     Willems-Lang 2012 paper-norm (res=per-triplet 2-norm)
Generator:  DENSE_TESTS+PAPER_TESTS  (self-contained-fortran-bidiagsvd/test_dense_to_bidiag.py:800)
Thresholds: res<=7 n.eps,  ortU/ortV<=5 n.eps
Timeout:    600.0s/matrix
Reference:  DBDSQR (singular values only)  -- min-of-N adaptive bench, cache-flushed (32 MiB scratch)
==================================================================================================================================

Matrix                                                n       res      ortU      ortV   sv_drift     t_eval   t_dbdsqr reps  status  note
-----------------------------------------------------------------------------------------------------------------------------------------

=== Adversarial Matrices (n=10) ===
  exponential_graded                  n=  10  res=180143985094819.906  ortU=   0.100  ortV=   0.450  t=0.0046s  FAIL
  glued_repeated                      n=  10  res=450359962737049.125  ortU=   0.400  ortV=   0.200  t=0.0043s  FAIL
  saw_tooth                           n=  10  res=400319962874177.625  ortU=   0.270  ortV=   0.300  t=0.0047s  FAIL
  stemr_killer                        n=  10  res=40532396646334.398  ortU=   0.150  ortV=   0.150  t=0.0046s  FAIL
  huge_condition                      n=  10  res=3286597021758958.000  ortU=   0.201  ortV=   0.300  t=0.0046s  FAIL
  spike                               n=  10  res=445856363109679.125  ortU=   0.150  ortV=   0.100  t=0.0045s  FAIL
  wilkinson_like                      n=  10  res=335983917032247.000  ortU=   0.200  ortV=   0.150  t=0.0043s  FAIL
  two_clusters                        n=  10  res=900719925474098.250  ortU=   1.135  ortV=   1.139  t=0.0047s  FAIL
  random_uniform                      n=  10  res=588686532720182.500  ortU=   0.986  ortV=   0.970  t=0.0045s  FAIL
  diagonal_only                       n=  10  res=442847505779299.188  ortU=   5.083  ortV=   5.078  t=0.0044s  FAIL
  constant                            n=  10  res=630174059818383.375  ortU=   0.200  ortV=   0.250  t=0.0048s  FAIL
  all_equal_nontrivial                n=  10  res=450359962737049.625  ortU=   0.000  ortV=   0.000  t=0.0041s  FAIL
  one_big_cluster                     n=  10  res=2942516868084799.000  ortU=   0.201  ortV=   0.300  t=0.0042s  FAIL
  arithmetic_progression              n=  10  res=450359958233449.438  ortU=   0.150  ortV=   0.100  t=0.0044s  FAIL
  many_near_zero                      n=  10  res=450359962737376.812  ortU=   0.728  ortV=   0.801  t=0.0043s  FAIL
  random_dense_clusters               n=  10  res=390580576054375.688  ortU=   0.270  ortV=   0.300  t=0.0043s  FAIL
  constant_d_graded_e                 n=  10  res=4053239664633440.000  ortU=   0.188  ortV=   0.154  t=0.0044s  FAIL
  random_clustered_5                  n=  10  res=394100600714010.000  ortU=   1.207  ortV=   1.204  t=0.0047s  FAIL
  alternating_sign                    n=  10  res=765050700001182.500  ortU=   0.103  ortV=   0.250  t=0.0046s  FAIL
  step_function                       n=  10  res=450272001806827.500  ortU=   0.200  ortV=   0.200  t=0.0046s  FAIL
  three_clusters                      n=  10  res=4053239664633453.500  ortU=   0.986  ortV=   0.970  t=0.0046s  FAIL
  random_sparse_e                     n=  10  res=967023417541112.250  ortU=   0.250  ortV=   0.200  t=0.0043s  FAIL
  chkbd                               n=  10  ERROR: mr3gk_run failed (rc=2): At line 34 of file mr3gk_run.f90 (unit = 10, file = '/tmp/_mr3gk_in.bin')
Fortran runtime error: End of file

  marques_graded                      n=  10  res=442151244380875.125  ortU=   5.083  ortV=   5.078  t=0.0046s  FAIL
  gl_abcon0                           n=  10  res=335983917032230.688  ortU=   0.150  ortV=   0.200  t=0.0043s  FAIL
  gl_abcon1                           n=  10  res=225179981368525.500  ortU=   0.484  ortV=   0.479  t=0.0050s  FAIL
  gl_abcon2                           n=  10  res=450359962065961.062  ortU=   0.100  ortV=   0.200  t=0.0046s  FAIL
  gl_abcon3                           n=  10  res=405323966463344.688  ortU=   0.300  ortV=   0.194  t=0.0044s  FAIL
  gl_random                           n=  10  res=491326440090360.812  ortU=   0.205  ortV=   0.383  t=0.0043s  FAIL
  gl_gradp                            n=  10  res=   0.725  ortU=   0.200  ortV=   0.200  t=0.0043s  PASS
  gl_gradm                            n=  10  res=   0.753  ortU=   0.200  ortV=   0.150  t=0.0042s  PASS
  gl_wilkp                            n=  10  res=450359962737049.625  ortU=   0.462  ortV=   0.510  t=0.0042s  FAIL
  gl_wilkm                            n=  10  res=450359962737049.625  ortU=   0.000  ortV=   0.000  t=0.0042s  FAIL
  gl_wilkw                            n=  10  res=   0.960  ortU=   0.664  ortV=   0.696  t=0.0043s  PASS
  gl_wilk2w                           n=  10  res=450359962208307.625  ortU=   0.000  ortV=   0.000  t=0.0042s  FAIL
  gl_clement                          n=  10  res=450359962737049.625  ortU=   0.000  ortV=   0.000  t=0.0041s  FAIL
  gl_gro0                             n=  10  res=450359962737049.500  ortU=   0.000  ortV=   0.000  t=0.0043s  FAIL
  gl_gro1                             n=  10  ERROR: mr3gk_run failed (rc=2): At line 34 of file mr3gk_run.f90 (unit = 10, file = '/tmp/_mr3gk_in.bin')
Fortran runtime error: End of file

  gl_gro2                             n=  10  res=450359962737050.188  ortU=   0.000  ortV=   0.000  t=0.0041s  FAIL
  gl_gro3                             n=  10  res=8556839292003930.000  ortU=   0.143  ortV=   0.150  t=0.0040s  FAIL
  gl_bwilkp                           n=  10  res=450359962737049.625  ortU=   0.000  ortV=   0.000  t=0.0044s  FAIL
  gl_ones                             n=  10  res=   0.000  ortU=   0.000  ortV=   0.000  t=0.0042s  PASS
  gl_uniform_eps                      n=  10  res=869827836784424795482963836928.000  ortU=   0.000  ortV=   0.000  t=0.0040s  FAIL
  gl_uniform_sqrteps                  n=  10  res=17261700298491580907520.000  ortU=   0.000  ortV=   0.000  t=0.0040s  FAIL
  gl_uniform_eps_to_1                 n=  10  res=599777184757112.875  ortU=   0.150  ortV=   0.102  t=0.0042s  FAIL
  gl_geometric_eps_to_1               n=  10  res=450359962737049.625  ortU=   0.150  ortV=   0.200  t=0.0049s  FAIL
  gl_random_spectrum                  n=  10  ERROR: mr3gk_run failed (rc=2): At line 34 of file mr3gk_run.f90 (unit = 10, file = '/tmp/_mr3gk_in.bin')
Fortran runtime error: End of file

  gl_clustered_at_1                   n=  10  ERROR: mr3gk_run failed (rc=2): At line 34 of file mr3gk_run.f90 (unit = 10, file = '/tmp/_mr3gk_in.bin')
Fortran runtime error: End of file

  gl_clustered_at_pm1                 n=  10  res=450359962737048.750  ortU=   0.000  ortV=   0.000  t=0.0038s  FAIL
  gl_clustered_at_eps                 n=  10  res=238370141574892622162687950848.000  ortU=   0.000  ortV=   0.000  t=0.0039s  FAIL
  gl_clustered_at_pmeps               n=  10  ERROR: mr3gk_run failed (rc=2): At line 34 of file mr3gk_run.f90 (unit = 10, file = '/tmp/_mr3gk_in.bin')
Fortran runtime error: End of file

  demmel_S1pe                         n=  10  res=8208718356174.060  ortU=   0.200  ortV=   0.250  t=0.0042s  FAIL
  demmel_S1ps                         n=  10  res=60801951259279.336  ortU=   0.200  ortV=   0.100  t=0.0044s  FAIL
  demmel_S2pe                         n=  10  res=5496887050.079  ortU=   0.829  ortV=   0.777  t=0.0044s  FAIL
  demmel_S2ps                         n=  10  res=   0.754  ortU=   0.829  ortV=   0.777  t=0.0044s  PASS
  demmel_W1                           n=  10  res=   0.702  ortU=   0.000  ortV=   0.000  t=0.0040s  PASS
  demmel_W2                           n=  10  res=   0.754  ortU=   0.190  ortV=   0.150  t=0.0043s  PASS
  demmel_W3                           n=  10  res=   0.684  ortU=   0.218  ortV=   0.248  t=0.0041s  PASS
  demmel_G1                           n=  10  res=450359962737048.812  ortU=   0.190  ortV=   0.150  t=0.0044s  FAIL
  demmel_G1s                          n=  10  res=450359956026162.562  ortU=   0.218  ortV=   0.248  t=0.0044s  FAIL
  demmel_U1                           n=  10  res=400319966877377.375  ortU=   0.000  ortV=   0.000  t=0.0042s  FAIL
  demmel_U1s                          n=  10  res=342071254152838.250  ortU=   0.200  ortV=   0.100  t=0.0046s  FAIL
  wilkinson_exact                     n=  10  res=450359962737049.625  ortU=   0.000  ortV=   0.000  t=0.0046s  FAIL
  glued_wilkinson                     n=  10  res=450359961618568.625  ortU=   0.150  ortV=   0.200  t=0.0045s  FAIL
  glued_wilkinson_tight               n=  10  res=75059993789508.594  ortU=   0.150  ortV=   0.250  t=0.0047s  FAIL
  wl_example48                        n=  10  res=257219381779661.750  ortU=   1.266  ortV=   1.293  t=0.0047s  FAIL
  pd_T0                               n=  10  res=3610834257925664.000  ortU=   0.274  ortV=   0.295  t=0.0048s  FAIL
  pd_T1                               n=  10  res=400319966877377.375  ortU=   0.200  ortV=   0.300  t=0.0047s  FAIL
  zero_diagonal                       n=  10  res=450359962737049.812  ortU=   0.104  ortV=   0.150  t=0.0047s  FAIL
  single_element                      n=   1  res=   0.000  ortU=   0.000  ortV=   0.000  t=0.0047s  PASS
  near_overflow                       n=  10  res=   0.573  ortU=   0.225  ortV=   0.233  t=0.0046s  PASS
  near_underflow                      n=  10  ERROR: mr3gk_run failed (rc=2): At line 34 of file mr3gk_run.f90 (unit = 10, file = '/tmp/_mr3gk_in.bin')
Fortran runtime error: End of file

  mixed_signs                         n=  10  res=642885587462383.750  ortU=   0.150  ortV=   0.250  t=0.0040s  FAIL
  checkerboard                        n=  10  res=2702159776422294.500  ortU=   0.104  ortV=   0.150  t=0.0044s  FAIL
  exponential_graded_k4               n=  10  res=53976195626662.703  ortU=   0.200  ortV=   0.200  t=0.0045s  FAIL
  exponential_graded_k8               n=  10  res=112396179986278.469  ortU=   0.150  ortV=   0.250  t=0.0045s  FAIL
  exponential_graded_k12              n=  10  res=114000532304886.594  ortU=   0.200  ortV=   0.100  t=0.0045s  FAIL
  stemr_killer_k5                     n=  10  res=237070920381079.844  ortU=   0.100  ortV=   0.100  t=0.0050s  FAIL
  stemr_killer_k10                    n=  10  res=132713613652542.625  ortU=   0.200  ortV=   0.100  t=0.0045s  FAIL
  huge_condition_k5                   n=  10  res=101024471911997.797  ortU=   0.150  ortV=   0.250  t=0.0042s  FAIL
  huge_condition_k10                  n=  10  res=126981242443402.656  ortU=   0.200  ortV=   0.526  t=0.0049s  FAIL
  demmel_G1_k4                        n=  10  ERROR: mr3gk_run failed (rc=2): At line 34 of file mr3gk_run.f90 (unit = 10, file = '/tmp/_mr3gk_in.bin')
Fortran runtime error: End of file

  demmel_G1_k8                        n=  10  res=   0.754  ortU=   0.100  ortV=   0.100  t=0.0044s  PASS
  demmel_G1_k12                       n=  10  res=3181378152930080.000  ortU=   0.274  ortV=   0.295  t=0.0045s  FAIL
  demmel_S1pe_k4                      n=  10  res=450314926740776.000  ortU=   0.200  ortV=   0.300  t=0.0044s  FAIL
  demmel_S1pe_k8                      n=  10  res=58166221397315.484  ortU=   0.200  ortV=   0.250  t=0.0043s  FAIL
  chkbd_4                             n=   4  res=1125899883974093.250  ortU=1125899906378483.375  ortV=1125899906840671.500  t=0.0156s  FAIL
  chkbd_16                            n=  10  ERROR: cannot reshape array of size 194 into shape (16,16)
  marques_graded_k4                   n=  10  ERROR: mr3gk_run failed (rc=2): At line 34 of file mr3gk_run.f90 (unit = 10, file = '/tmp/_mr3gk_in.bin')
Fortran runtime error: End of file

  marques_graded_k8                   n=  10  res=   0.754  ortU=   0.200  ortV=   0.250  t=0.0042s  PASS

=== Adversarial Matrices (n=100) ===
  exponential_graded                  n= 100  SKIPPED
  glued_repeated                      n= 100  SKIPPED
  saw_tooth                           n= 100  SKIPPED
  stemr_killer                        n= 100  SKIPPED
  huge_condition                      n= 100  SKIPPED
  spike                               n= 100  SKIPPED
  wilkinson_like                      n= 100  SKIPPED
  two_clusters                        n= 100  SKIPPED
  random_uniform                      n= 100  SKIPPED
  diagonal_only                       n= 100  SKIPPED
  constant                            n= 100  SKIPPED
  all_equal_nontrivial                n= 100  SKIPPED
  one_big_cluster                     n= 100  SKIPPED
  arithmetic_progression              n= 100  SKIPPED
  many_near_zero                      n= 100  SKIPPED
  random_dense_clusters               n= 100  SKIPPED
  constant_d_graded_e                 n= 100  SKIPPED
  random_clustered_5                  n= 100  SKIPPED
  alternating_sign                    n= 100  SKIPPED
  step_function                       n= 100  SKIPPED
  three_clusters                      n= 100  SKIPPED
  random_sparse_e                     n= 100  SKIPPED
  chkbd                               n= 100  SKIPPED
  marques_graded                      n= 100  SKIPPED
  gl_abcon0                           n= 100  SKIPPED
  gl_abcon1                           n= 100  SKIPPED
  gl_abcon2                           n= 100  SKIPPED
  gl_abcon3                           n= 100  SKIPPED
  gl_random                           n= 100  SKIPPED
  gl_gradp                            n= 100  res=   0.640  ortU=   0.084  ortV=   0.020  t=0.0094s  PASS
  gl_gradm                            n= 100  res=67553994410557.758  ortU=   0.000  ortV=   0.000  t=0.0092s  FAIL
  gl_wilkp                            n= 100  SKIPPED
  gl_wilkm                            n= 100  SKIPPED
  gl_wilkw                            n= 100  res=45035996273704.969  ortU=   0.000  ortV=   0.000  t=0.0061s  FAIL
  gl_wilk2w                           n= 100  SKIPPED
  gl_clement                          n= 100  SKIPPED
  gl_gro0                             n= 100  SKIPPED
  gl_gro1                             n= 100  SKIPPED
  gl_gro2                             n= 100  SKIPPED
  gl_gro3                             n= 100  SKIPPED
  gl_bwilkp                           n= 100  SKIPPED
  gl_ones                             n= 100  res=45035996273704.961  ortU=   0.060  ortV=   0.064  t=0.0241s  FAIL
  gl_uniform_eps                      n= 100  SKIPPED
  gl_uniform_sqrteps                  n= 100  SKIPPED
  gl_uniform_eps_to_1                 n= 100  SKIPPED
  gl_geometric_eps_to_1               n= 100  SKIPPED
  gl_random_spectrum                  n= 100  SKIPPED
  gl_clustered_at_1                   n= 100  SKIPPED
  gl_clustered_at_pm1                 n= 100  SKIPPED
  gl_clustered_at_eps                 n= 100  SKIPPED
  gl_clustered_at_pmeps               n= 100  SKIPPED
  demmel_S1pe                         n= 100  SKIPPED
  demmel_S1ps                         n= 100  SKIPPED
  demmel_S2pe                         n= 100  SKIPPED
  demmel_S2ps                         n= 100  ERROR: cannot reshape array of size 110 into shape (100,100)
  demmel_W1                           n= 100  res=2251799813685248.000  ortU=   0.000  ortV=   0.000  t=0.0069s  FAIL
  demmel_W2                           n= 100  res=45035995602616.344  ortU=   1.171  ortV=   1.165  t=0.0264s  FAIL
  demmel_W3                           n= 100  ERROR: cannot reshape array of size 0 into shape (100,100)
  demmel_G1                           n= 100  SKIPPED
  demmel_G1s                          n= 100  SKIPPED
  demmel_U1                           n= 100  SKIPPED
  demmel_U1s                          n= 100  SKIPPED
  wilkinson_exact                     n= 100  SKIPPED
  glued_wilkinson                     n= 100  SKIPPED
  glued_wilkinson_tight               n= 100  SKIPPED
  wl_example48                        n= 100  SKIPPED
  pd_T0                               n= 100  SKIPPED
  pd_T1                               n= 100  SKIPPED
  zero_diagonal                       n= 100  SKIPPED
  single_element                      n=   1  res=4503598476794178.000  ortU=4503204317480605.500  ortV=4502722379262983.500  t=0.0049s  FAIL
  near_overflow                       n= 100  ERROR: cannot reshape array of size 428 into shape (100,100)
  near_underflow                      n= 100  SKIPPED
  mixed_signs                         n= 100  SKIPPED
  checkerboard                        n= 100  SKIPPED
  exponential_graded_k4               n= 100  SKIPPED
  exponential_graded_k8               n= 100  SKIPPED
  exponential_graded_k12              n= 100  SKIPPED
  stemr_killer_k5                     n= 100  SKIPPED
  stemr_killer_k10                    n= 100  SKIPPED
  huge_condition_k5                   n= 100  SKIPPED
  huge_condition_k10                  n= 100  SKIPPED
  demmel_G1_k4                        n= 100  SKIPPED
  demmel_G1_k8                        n= 100  ERROR: cannot reshape array of size 110 into shape (100,100)
  demmel_G1_k12                       n= 100  SKIPPED
  demmel_S1pe_k4                      n= 100  SKIPPED
  demmel_S1pe_k8                      n= 100  SKIPPED
  chkbd_4                             n= 100  SKIPPED
  chkbd_16                            n= 100  SKIPPED
  marques_graded_k4                   n= 100  SKIPPED
  marques_graded_k8                   n= 100  ERROR: cannot reshape array of size 5019 into shape (100,100)

=== Adversarial Matrices (n=200) ===
  exponential_graded                  n= 200  SKIPPED
  glued_repeated                      n= 200  SKIPPED
  saw_tooth                           n= 200  SKIPPED
  stemr_killer                        n= 200  SKIPPED
  huge_condition                      n= 200  SKIPPED
  spike                               n= 200  SKIPPED
  wilkinson_like                      n= 200  SKIPPED
  two_clusters                        n= 200  SKIPPED
  random_uniform                      n= 200  SKIPPED
  diagonal_only                       n= 200  SKIPPED
  constant                            n= 200  SKIPPED
  all_equal_nontrivial                n= 200  SKIPPED
  one_big_cluster                     n= 200  SKIPPED
  arithmetic_progression              n= 200  SKIPPED
  many_near_zero                      n= 200  SKIPPED
  random_dense_clusters               n= 200  SKIPPED
  constant_d_graded_e                 n= 200  SKIPPED
  random_clustered_5                  n= 200  SKIPPED
  alternating_sign                    n= 200  SKIPPED
  step_function                       n= 200  SKIPPED
  three_clusters                      n= 200  SKIPPED
  random_sparse_e                     n= 200  SKIPPED
  chkbd                               n= 200  SKIPPED
  marques_graded                      n= 200  SKIPPED
  gl_abcon0                           n= 200  SKIPPED
  gl_abcon1                           n= 200  SKIPPED
  gl_abcon2                           n= 200  SKIPPED
  gl_abcon3                           n= 200  SKIPPED
  gl_random                           n= 200  SKIPPED
  gl_gradp                            n= 200  ERROR: cannot reshape array of size 0 into shape (200,200)
  gl_gradm                            n= 200  SKIPPED
  gl_wilkp                            n= 200  SKIPPED
  gl_wilkm                            n= 200  SKIPPED
  gl_wilkw                            n= 200  SKIPPED
  gl_wilk2w                           n= 200  SKIPPED
  gl_clement                          n= 200  SKIPPED
  gl_gro0                             n= 200  SKIPPED
  gl_gro1                             n= 200  SKIPPED
  gl_gro2                             n= 200  SKIPPED
  gl_gro3                             n= 200  SKIPPED
  gl_bwilkp                           n= 200  SKIPPED
  gl_ones                             n= 200  SKIPPED
  gl_uniform_eps                      n= 200  SKIPPED
  gl_uniform_sqrteps                  n= 200  SKIPPED
  gl_uniform_eps_to_1                 n= 200  SKIPPED
  gl_geometric_eps_to_1               n= 200  SKIPPED
  gl_random_spectrum                  n= 200  SKIPPED
  gl_clustered_at_1                   n= 200  SKIPPED
  gl_clustered_at_pm1                 n= 200  SKIPPED
  gl_clustered_at_eps                 n= 200  SKIPPED
  gl_clustered_at_pmeps               n= 200  SKIPPED
  demmel_S1pe                         n= 200  SKIPPED
  demmel_S1ps                         n= 200  SKIPPED
  demmel_S2pe                         n= 200  SKIPPED
  demmel_S2ps                         n= 200  SKIPPED
  demmel_W1                           n= 200  SKIPPED
  demmel_W2                           n= 200  SKIPPED
  demmel_W3                           n= 200  SKIPPED
  demmel_G1                           n= 200  SKIPPED
  demmel_G1s                          n= 200  SKIPPED
  demmel_U1                           n= 200  SKIPPED
  demmel_U1s                          n= 200  SKIPPED
  wilkinson_exact                     n= 200  SKIPPED
  glued_wilkinson                     n= 200  SKIPPED
  glued_wilkinson_tight               n= 200  SKIPPED
  wl_example48                        n= 200  SKIPPED
  pd_T0                               n= 200  SKIPPED
  pd_T1                               n= 200  SKIPPED
  zero_diagonal                       n= 200  SKIPPED
  single_element                      n= 200  SKIPPED
  near_overflow                       n= 200  SKIPPED
  near_underflow                      n= 200  SKIPPED
  mixed_signs                         n= 200  SKIPPED
  checkerboard                        n= 200  SKIPPED
  exponential_graded_k4               n= 200  SKIPPED
  exponential_graded_k8               n= 200  SKIPPED
  exponential_graded_k12              n= 200  SKIPPED
  stemr_killer_k5                     n= 200  SKIPPED
  stemr_killer_k10                    n= 200  SKIPPED
  huge_condition_k5                   n= 200  SKIPPED
  huge_condition_k10                  n= 200  SKIPPED
  demmel_G1_k4                        n= 200  SKIPPED
  demmel_G1_k8                        n= 200  SKIPPED
  demmel_G1_k12                       n= 200  SKIPPED
  demmel_S1pe_k4                      n= 200  SKIPPED
  demmel_S1pe_k8                      n= 200  SKIPPED
  chkbd_4                             n= 200  SKIPPED
  chkbd_16                            n= 200  SKIPPED
  marques_graded_k4                   n= 200  SKIPPED
  marques_graded_k8                   n= 200  SKIPPED

============================================================
TOTAL: 13/285 passed (4.6%)
dense:dlatms_mode1_eps@10                            10     0.100     0.700     0.800   7.64e-16  5.078e-05  9.990e-06 30/30  PASS  
dense:dlatms_mode1_eps@100                          100     0.000     0.300     0.400   6.43e-15  5.799e-03  5.061e-04 30/30  PASS  
dense:dlatms_mode1_eps@200                          200     0.000     0.200     0.200   7.19e-15  3.454e-02  1.641e-03  6/30  PASS  
dense:dlatms_mode1_eps@400                          400     0.000     0.200     0.200   1.29e-14  2.803e-01  3.816e-03  3/30  PASS  
dense:dlatms_mode2_eps@10                            10     3.500     0.000     0.000   0.00e+00  8.282e-06  3.315e-06 30/30  PASS  
dense:dlatms_mode2_eps@100                          100     0.100     0.000     0.000   4.44e-16  7.453e-05  9.987e-06 30/30  PASS  
dense:dlatms_mode2_eps@200                          200     0.000     0.000     0.000   4.44e-16  2.693e-04  1.652e-05 30/30  PASS  
dense:dlatms_mode2_eps@400                          400     0.000     0.000     0.000   8.88e-16  1.432e-03  2.771e-05 30/30  PASS  
dense:dlatms_mode3_eps@10                            10     0.100     0.300     0.400   4.20e-16  1.503e-05  3.513e-06 30/30  PASS  
dense:dlatms_mode3_eps@100                          100     0.100     0.200     0.100   1.50e-15  1.918e-03  8.838e-05 30/30  PASS  
dense:dlatms_mode3_eps@200                          200     0.100     0.100     0.100   3.15e-15  1.359e-02  3.265e-04 15/30  PASS  
dense:dlatms_mode3_eps@400                          400     0.100     0.100     0.100   4.35e-15  1.461e-01  1.416e-03  3/30  PASS  
dense:dlatms_mode4_eps@10                            10     0.400     0.500     0.500   5.55e-16  3.170e-05  6.580e-06 30/30  PASS  
dense:dlatms_mode4_eps@100                          100     0.300     0.200     0.300   3.59e-15  4.259e-03  2.561e-04 30/30  PASS  
dense:dlatms_mode4_eps@200                          200     0.200     0.200     0.200   4.74e-15  2.606e-02  9.160e-04  8/30  PASS  
dense:dlatms_mode4_eps@400                          400     0.100     0.100     0.100   5.88e-15  2.022e-01  4.031e-03  3/30  PASS  
dense:dlatms_mode5_random@10                         10     0.100     0.700     0.400   4.38e-16  1.415e-05  4.069e-06 30/30  PASS  
dense:dlatms_mode5_random@100                       100     0.100     0.100     0.100   1.86e-15  1.094e-03  7.063e-05 30/30  PASS  
dense:dlatms_mode5_random@200                       200     0.100     0.100     0.100   2.43e-15  5.528e-03  2.246e-04 30/30  PASS  
dense:dlatms_mode5_random@400                       400     0.100     0.100     0.100   3.47e-15  4.788e-02  8.310e-04  5/30  PASS  
dense:dense_three_clusters@10                        10     1.200     0.400     0.300   5.55e-16  1.512e-05  4.475e-06 30/30  PASS  
dense:dense_three_clusters@100                      100     0.200     0.400     0.200   4.11e-15  1.653e-03  8.459e-05 30/30  PASS  
dense:dense_three_clusters@200                      200     0.200     0.300     0.100   5.77e-15  1.047e-02  3.867e-04 19/30  PASS  
dense:dense_three_clusters@400                      400     0.100     0.300     0.200   7.99e-15  1.016e-01  1.637e-03  3/30  PASS  
dense:dense_one_tight_cluster@10                     10     0.700     0.000     0.000   0.00e+00  2.840e-06  3.146e-06 30/30  PASS  
dense:dense_one_tight_cluster@100                   100     0.500     0.000     0.000   8.22e-15  7.709e-05  8.856e-06 30/30  PASS  
dense:dense_one_tight_cluster@200                   200     0.300     0.100     0.300   1.40e-14  1.869e-03  1.973e-05 30/30  PASS  
dense:dense_one_tight_cluster@400                   400     0.200     0.000     0.400   7.55e-15  3.334e-02  1.845e-03  6/30  PASS  
dense:dense_half_rank@10                             10     0.100     0.400     0.300   5.12e-16  1.654e-05  5.023e-06 30/30  PASS  
dense:dense_half_rank@100                           100     0.200     0.200     0.200   1.88e-15  1.930e-03  1.013e-04 30/30  PASS  
dense:dense_half_rank@200                           200     0.100     0.100     0.100   3.79e-15  1.224e-02  3.756e-04 17/30  PASS  
dense:dense_half_rank@400                           400     0.100     0.100     0.100   6.72e-15  1.120e-01  1.612e-03  3/30  PASS  
dense:dense_repeated_sv@10                           10     0.200     0.200     0.500   2.22e-16  2.013e-05  7.759e-06 30/30  PASS  
dense:dense_repeated_sv@100                         100     0.100     0.200     0.200   4.50e-15  1.670e-03  9.615e-05 30/30  PASS  
dense:dense_repeated_sv@200                         200     0.000     0.100     0.200   3.20e-15  9.961e-03  3.534e-04 20/30  PASS  
dense:dense_repeated_sv@400                         400     0.100     0.100     0.100   5.19e-15  8.788e-02  1.416e-03  3/30  PASS  
dense:dense_hilbert@10                               10     0.100     0.200     0.400   6.85e-16  1.747e-05  5.168e-06 30/30  PASS  
dense:dense_hilbert@100                             100     0.000     0.200     0.300   2.93e-15  2.645e-03  1.622e-04 30/30  PASS  
dense:dense_hilbert@200                             200     0.000     0.200     0.100   7.44e-15  1.832e-02  6.758e-04 11/30  PASS  
dense:dense_hilbert@400                             400     0.000     0.100     0.100   1.23e-14  1.895e-01  3.178e-03  3/30  PASS  
dense:dense_kahan@10                                 10     0.700     1.400     1.300   1.84e-15  2.729e-05  8.157e-06 30/30  PASS  
dense:dense_kahan@100                               100     0.100     0.200     0.200   4.65e-15  3.270e-03  1.772e-04 30/30  PASS  
dense:dense_kahan@200                               200     0.000     0.200     0.200   7.92e-15  2.853e-02  6.188e-04  8/30  PASS  
dense:dense_kahan@400                               400     0.000     0.100     0.100   8.60e-15  2.585e-01  2.144e-03  3/30  PASS  
dense:dense_condition_1e20@10                        10     0.100     0.300     0.400   5.39e-16  1.447e-05  3.915e-06 30/30  PASS  
dense:dense_condition_1e20@100                      100     0.100     0.100     0.100   1.78e-15  1.525e-03  7.424e-05 30/30  PASS  
dense:dense_condition_1e20@200                      200     0.200     0.100     0.100   2.50e-15  1.011e-02  2.727e-04 20/30  PASS  
dense:dense_condition_1e20@400                      400     0.100     0.100     0.100   4.57e-15  9.610e-02  1.156e-03  3/30  PASS  
dense:dense_wilkinson_sv@10                           9     0.600     0.800     0.600   7.48e-16  2.956e-05  6.558e-06 30/30  PASS  
dense:dense_wilkinson_sv@100                         99     0.300     0.300     0.300   6.70e-15  4.100e-03  3.172e-04 30/30  PASS  
dense:dense_wilkinson_sv@200                        199     0.200     0.200     0.200   7.71e-15  2.234e-02  1.106e-03  9/30  PASS  
dense:dense_wilkinson_sv@400                        399     0.100     0.100     0.100   1.97e-14  1.972e-01  4.647e-03  3/30  PASS  
dense:dense_wl_example41@10                          10     4.000     0.400     0.300   4.30e-16  2.287e-05  4.938e-06 30/30  PASS  
dense:dense_wl_example41@100                        100     0.100     0.300     0.200   3.63e-15  2.441e-03  1.450e-04 30/30  PASS  
dense:dense_wl_example41@200                        200     0.000     0.200     0.200   5.58e-15  1.771e-02  6.871e-04 12/30  PASS  
dense:dense_wl_example41@400                        400     0.000     0.100     0.100   7.67e-15  1.963e-01  3.234e-03  3/30  PASS  
dense:dense_near_overflow@10                         10     0.200     0.500     0.400   4.87e-16  1.946e-05  4.007e-06 30/30  PASS  
dense:dense_near_overflow@100                       100     0.300     0.200     0.100   2.34e-15  3.207e-03  1.134e-04 30/30  PASS  
dense:dense_near_overflow@200                       200     0.200     0.200     0.100   4.15e-15  2.234e-02  4.386e-04  9/30  PASS  
dense:dense_near_overflow@400                       400     0.100     0.100     0.100   6.45e-15  2.089e-01  1.924e-03  3/30  PASS  
dense:dense_near_underflow@10                        10     0.200     0.500     0.400   6.57e-16  2.198e-05  4.245e-06 30/30  PASS  
dense:dense_near_underflow@100                      100     0.300     0.200     0.200   2.83e-15  3.244e-03  1.150e-04 30/30  PASS  
dense:dense_near_underflow@200                      200     0.200     0.100     0.100   4.02e-15  2.252e-02  4.385e-04  9/30  PASS  
dense:dense_near_underflow@400                      400     0.100     0.100     0.100   5.79e-15  1.964e-01  1.926e-03  3/30  PASS  
dense:dense_random@10                                10     0.300     0.400     0.600   1.04e-15  2.885e-05  6.167e-06 30/30  PASS  
dense:dense_random@100                              100     0.300     0.200     0.300   4.38e-15  4.176e-03  2.592e-04 30/30  PASS  
dense:dense_random@200                              200     0.100     0.200     0.200   3.89e-15  2.442e-02  9.456e-04  9/30  PASS  
dense:dense_random@400                              400     0.100     0.100     0.100   6.72e-15  2.004e-01  4.063e-03  3/30  PASS  
dense:dense_vandermonde@10                           10     2.600     0.600     0.800   4.34e-16  3.642e-05  7.944e-06 30/30  PASS  
dense:dense_vandermonde@100                         100     0.500     0.100     0.100   2.60e-15  1.219e-03  6.627e-05 30/30  PASS  
dense:dense_vandermonde@200                         200     0.100     0.100     0.100   4.08e-15  9.706e-03  3.487e-04 21/30  PASS  
dense:dense_vandermonde@400                         400     0.200     0.100     0.100   6.47e-15  1.236e-01  1.929e-03  3/30  PASS  
dense:dense_toeplitz@10                              10     0.300     0.900     0.400   5.87e-16  2.431e-05  6.493e-06 30/30  PASS  
dense:dense_toeplitz@100                            100     0.000     0.300     0.200   3.88e-15  3.399e-03  1.533e-04 30/30  PASS  
dense:dense_toeplitz@200                            200     0.000     0.200     0.200   1.15e-14  2.178e-02  5.490e-04 10/30  PASS  
dense:dense_toeplitz@400                            400     0.000     0.200     0.100   9.35e-15  2.064e-01  2.350e-03  3/30  PASS  
dense:dense_frank@10                                 10     0.900     0.600     0.400   1.06e-15  2.414e-05  6.077e-06 30/30  PASS  
dense:dense_frank@100                               100     0.100     0.200     0.200   3.88e-15  3.320e-03  1.517e-04 30/30  PASS  
dense:dense_frank@200                               200     0.000     0.200     0.200   4.88e-15  2.128e-02  5.506e-04 10/30  PASS  
dense:dense_frank@400                               400     0.000     0.100     0.100   1.14e-14  2.001e-01  2.350e-03  3/30  PASS  
dense:dense_companion_exp@10                         10     0.300     0.200     0.400   5.13e-16  9.228e-06  5.362e-06 30/30  PASS  
dense:dense_companion_exp@100                       100     0.000     0.000     0.000   6.84e-16  5.783e-05  1.022e-05 30/30  PASS  
dense:dense_companion_exp@200                       200     0.000     0.000     0.000   0.00e+00  1.568e-05  2.055e-06 30/30  PASS  
dense:dense_companion_exp@400                       400     0.000     0.000     0.000   0.00e+00  5.169e-05  3.821e-06 30/30  PASS  
dense:dense_moler_like@10                            10     0.600     1.100     0.600   7.31e-16  3.821e-05  9.555e-06 30/30  PASS  
dense:dense_moler_like@100                          100     0.400     0.300     0.300   2.66e-15  5.059e-03  5.433e-04 30/30  PASS  
dense:dense_moler_like@200                          200     0.200     0.200     0.200   8.25e-15  3.199e-02  2.362e-03  7/30  PASS  
dense:dense_moler_like@400                          400     0.200     0.200     0.200   9.89e-15  3.110e-01  9.258e-03  3/22  PASS  
paper:glued_wilk_3x21_sqrteps                        63     0.500     0.300     0.400   5.98e-15  1.267e-03  1.267e-04 30/30  PASS  
paper:glued_wilk_5x21_sqrteps                       105     0.300     0.200     0.300   3.58e-15  4.146e-03  2.982e-04 30/30  PASS  
paper:glued_wilk_3x21_1e14                           63     0.200     0.200     0.200   1.18e-15  6.691e-04  6.145e-05 30/30  PASS  
paper:glued_wilk_10x11_sqrteps                      110     0.400     0.200     0.200   3.68e-15  4.030e-03  2.691e-04 30/30  PASS  
paper:exponential_graded_glued_small@10               9     0.200     0.300     0.300   5.15e-16  1.692e-05  4.487e-06 30/30  PASS  
paper:exponential_graded_glued_small@100             99     0.500     0.200     0.200   2.54e-15  1.276e-03  8.820e-05 30/30  PASS  
paper:exponential_graded_glued_small@200            198     0.200     0.100     0.100   2.93e-15  7.057e-03  2.886e-04 28/30  PASS  
paper:exponential_graded_glued_small@400            399     0.100     0.100     0.100   7.16e-15  7.294e-02  9.141e-04  3/30  PASS  
paper:exponential_graded_glued_medium@10             10     0.300     0.400     0.300   6.17e-16  1.675e-05  4.226e-06 30/30  PASS  
paper:exponential_graded_glued_medium@100           100     0.300     0.200     0.200   2.82e-15  1.440e-03  9.142e-05 30/30  PASS  
paper:exponential_graded_glued_medium@200           200     0.200     0.100     0.100   3.31e-15  8.457e-03  2.952e-04 24/30  PASS  
paper:exponential_graded_glued_medium@400           400     0.100     0.100     0.100   6.55e-15  8.250e-02  1.074e-03  3/30  PASS  
paper:stemr_killer_glued_small@10                     9     0.100     0.300     0.400   2.72e-16  1.351e-05  4.578e-06 30/30  PASS  
paper:stemr_killer_glued_small@100                   99     0.100     0.200     0.100   2.44e-15  1.074e-03  6.850e-05 30/30  PASS  
paper:stemr_killer_glued_small@200                  198     0.200     0.100     0.100   2.62e-15  5.985e-03  2.313e-04 30/30  PASS  
paper:stemr_killer_glued_small@400                  399     0.100     0.100     0.100   4.29e-15  6.476e-02  9.046e-04  3/30  PASS  
paper:constant_glued_small@10                         9     0.300     0.000     0.000   0.00e+00  1.503e-06  2.727e-06 30/30  PASS  
paper:constant_glued_small@100                       99     0.000     0.000     0.000   3.54e-15  4.098e-05  7.965e-06 30/30  PASS  
paper:constant_glued_small@200                      198     0.000     0.000     0.000   7.35e-15  1.565e-04  1.424e-05 30/30  PASS  
paper:constant_glued_small@400                      399     0.000     0.000     0.000   0.00e+00  9.849e-04  2.839e-05 30/30  PASS  
paper:all_equal_nontrivial_glued_small@10             9     0.300     0.300     0.200   5.34e-16  1.077e-05  4.239e-06 30/30  PASS  
paper:all_equal_nontrivial_glued_small@100           99     0.400     0.200     0.200   4.29e-15  3.487e-03  2.560e-04 30/30  PASS  
paper:all_equal_nontrivial_glued_small@200          198     0.100     0.200     0.200   3.04e-15  2.248e-02  9.199e-04  9/30  PASS  
paper:all_equal_nontrivial_glued_small@400          399     0.100     0.100     0.100   1.43e-14  2.043e-01  3.565e-03  3/30  PASS  
paper:demmel_S1pe_glued_small@10                      9     0.100     0.500     0.700   4.22e-16  2.250e-05  6.416e-06 30/30  PASS  
paper:demmel_S1pe_glued_small@100                    99     0.100     0.500     0.500   2.53e-15  5.768e-03  3.234e-04 30/30  PASS  
paper:demmel_S1pe_glued_small@200                   198     0.000     0.700     0.700   2.43e-15  3.553e-02  1.128e-03  6/30  PASS  
paper:demmel_S1pe_glued_small@400                   399     0.100     0.800     0.800   2.78e-15  3.802e-01  4.144e-03  3/30  PASS  
paper:pd_T0_glued_medium@10                          10     0.500     0.600     0.500   6.56e-16  3.365e-05  1.112e-05 30/30  PASS  
paper:pd_T0_glued_medium@100                        100     0.400     0.300     0.300   5.82e-15  4.249e-03  3.836e-04 30/30  PASS  
paper:pd_T0_glued_medium@200                        200     0.200     0.200     0.200   7.26e-15  2.737e-02  1.492e-03  8/30  PASS  
paper:pd_T0_glued_medium@400                        400     0.200     0.200     0.100   1.19e-14  2.220e-01  6.008e-03  3/30  PASS  
paper:chkbd_glued_small@10                            9     0.200     0.400     0.400   8.51e-16  1.939e-05  4.362e-06 30/30  PASS  
paper:chkbd_glued_small@100                          99     0.000     0.100     0.100   3.37e-15  4.391e-04  2.779e-05 30/30  PASS  
paper:chkbd_glued_small@200                         198     0.000     0.000     0.000   1.79e-15  1.297e-03  5.141e-05 30/30  PASS  
paper:chkbd_glued_small@400                         399     0.000     0.000     0.000   9.00e+00  1.257e-02  5.102e-05 15/30  PASS  
paper:chkbd_lapack_general@10                        10     0.000     0.100     0.200   2.87e-16  5.486e-06  3.391e-06 30/30  PASS  
paper:chkbd_lapack_general@100                      100     0.000     0.000     0.000   5.15e-04  3.390e-04  1.753e-05 30/30  PASS  
paper:chkbd_lapack_general@200                      200     0.000     0.000     0.000   9.19e-05  5.341e-04  3.351e-05 30/30  PASS  
paper:chkbd_lapack_general@400                      400     0.000     0.000     0.000   2.18e-11  3.052e-03  8.483e-05 30/30  PASS  
paper:gl_gro0_proper@10                              10     0.100     0.700     0.600   1.01e-15  3.428e-05  6.711e-06 30/30  PASS  
paper:gl_gro0_proper@100                            100     0.000     0.200     0.300   7.03e-15  4.998e-03  1.985e-04 30/30  PASS  
paper:gl_gro0_proper@200                            200     0.000     0.200     0.200   1.21e-14  2.898e-02  7.220e-04  7/30  PASS  
paper:gl_gro0_proper@400                            400     0.000     0.100     0.100   3.26e-14  2.413e-01  2.772e-03  3/30  PASS  
paper:gl_gro1_proper@10                              10     0.100     0.600     0.900   7.14e-16  2.741e-05  7.482e-06 30/30  PASS  
paper:gl_gro1_proper@100                            100     0.000     0.200     0.200   8.70e-15  4.959e-03  1.934e-04 30/30  PASS  
paper:gl_gro1_proper@200                            200     0.000     0.200     0.200   7.01e-15  2.975e-02  7.164e-04  7/30  PASS  
paper:gl_gro1_proper@400                            400     0.000     0.100     0.100   3.59e-14  2.411e-01  2.759e-03  3/30  PASS  
paper:gl_gro2_proper@10                              10     0.100     0.400     0.400   5.86e-16  1.915e-05  5.026e-06 30/30  PASS  
paper:gl_gro2_proper@100                            100     0.000     0.200     0.200   3.41e-15  4.727e-03  1.872e-04 30/30  PASS  
paper:gl_gro2_proper@200                            200     0.000     0.200     0.200   1.37e-14  2.868e-02  7.024e-04  7/30  PASS  
paper:gl_gro2_proper@400                            400     0.000     0.100     0.100   1.40e-14  2.413e-01  2.737e-03  3/30  PASS  
paper:gl_gro3_proper@10                              10     0.400     0.500     0.400   5.67e-16  1.964e-05  5.296e-06 30/30  PASS  
paper:gl_gro3_proper@100                            100     0.000     0.200     0.300   2.00e-15  4.147e-03  1.770e-04 30/30  PASS  
paper:gl_gro3_proper@200                            200     0.000     0.100     0.200   2.95e-15  2.613e-02  7.031e-04  8/30  PASS  
paper:gl_gro3_proper@400                            400     0.000     0.100     0.100   3.66e-15  2.206e-01  2.730e-03  3/30  PASS  
paper:gl_abcon1_proper@10                            10     0.600     0.700     0.500   1.14e-15  3.446e-05  7.400e-06 30/30  PASS  
paper:gl_abcon1_proper@100                          100     0.200     0.200     0.300   2.36e-15  4.747e-03  2.052e-04 30/30  PASS  
paper:gl_abcon1_proper@200                          200     0.100     0.200     0.200   2.37e-15  2.882e-02  6.978e-04  7/30  PASS  
paper:gl_abcon1_proper@400                          400     0.100     0.100     0.100   4.47e-15  2.360e-01  2.626e-03  3/30  PASS  
paper:gl_abcon2_proper@10                            10     0.700     0.500     0.800   6.49e-16  3.329e-05  7.790e-06 30/30  PASS  
paper:gl_abcon2_proper@100                          100     0.400     0.300     0.300   1.52e-15  4.726e-03  2.044e-04 30/30  PASS  
paper:gl_abcon2_proper@200                          200     0.200     0.200     0.200   2.09e-15  2.848e-02  6.942e-04  8/30  PASS  
paper:gl_abcon2_proper@400                          400     0.100     0.100     0.100   2.82e-15  2.348e-01  2.618e-03  3/30  PASS  
paper:gl_abcon3_proper@10                            10     0.500     0.600     0.600   6.95e-16  4.136e-05  7.364e-06 30/30  PASS  
paper:gl_abcon3_proper@100                          100     0.400     0.300     0.200   1.93e-15  5.604e-03  1.983e-04 30/30  PASS  
paper:gl_abcon3_proper@200                          200     0.200     0.200     0.200   4.81e-15  3.212e-02  7.512e-04  7/30  PASS  
paper:gl_abcon3_proper@400                          400     0.100     0.100     0.100   3.33e-15  2.397e-01  2.830e-03  3/30  PASS  
paper:marques_stexr_10                               10     0.600     0.900     0.600   1.01e-15  1.905e-05  5.478e-06 30/30  PASS  
paper:marques_stexr_20                               20     0.300     0.500     0.300   1.69e-15  7.115e-05  1.198e-05 30/30  PASS  
paper:marques_stexr_50                               50     0.200     0.300     0.300   1.92e-15  5.040e-04  8.593e-05 30/30  PASS  
paper:wilkinson_cholesky_m10                         21     0.600     0.700     0.500   1.18e-15  1.649e-04  2.153e-05 30/30  PASS  
paper:wilkinson_cholesky_m50                        101     0.300     0.300     0.300   4.98e-15  5.866e-03  3.177e-04 30/30  PASS  
paper:legendre_bidiag@10                             10     0.700     0.900     0.700   6.67e-16  4.005e-05  7.824e-06 30/30  PASS  
paper:legendre_bidiag@100                           100     0.200     0.200     0.200   1.76e-15  5.008e-03  2.062e-04 30/30  PASS  
paper:legendre_bidiag@200                           200     0.100     0.200     0.200   3.03e-15  2.879e-02  7.001e-04  7/30  PASS  
paper:legendre_bidiag@400                           400     0.100     0.100     0.100   3.18e-15  2.395e-01  2.815e-03  3/30  PASS  
paper:laguerre_bidiag@10                             10     1.100     0.600     0.600   2.27e-15  3.555e-05  6.741e-06 30/30  PASS  
paper:laguerre_bidiag@100                           100     0.400     0.200     0.300   5.29e-15  4.437e-03  1.937e-04 30/30  PASS  
paper:laguerre_bidiag@200                           200     0.200     0.200     0.200   6.79e-15  2.592e-02  7.002e-04  8/30  PASS  
paper:laguerre_bidiag@400                           400     0.100     0.100     0.100   1.35e-14  2.104e-01  2.645e-03  3/30  PASS  
paper:hermite_bidiag@10                              10     1.500     0.700     0.600   7.68e-16  3.443e-05  7.092e-06 30/30  PASS  
paper:hermite_bidiag@100                            100     0.300     0.300     0.300   1.87e-15  4.990e-03  1.992e-04 30/30  PASS  
paper:hermite_bidiag@200                            200     0.200     0.200     0.200   2.50e-15  3.176e-02  7.416e-04  7/30  PASS  
paper:hermite_bidiag@400                            400     0.100     0.100     0.100   3.93e-15  2.505e-01  2.646e-03  3/30  PASS  
paper:demmel_S1pe_k16@10                             10     0.000     0.700     0.700   6.97e-16  3.318e-05  6.630e-06 30/30  PASS  
paper:demmel_S1pe_k16@100                           100     0.000     0.200     0.300   2.21e-15  4.944e-03  2.060e-04 30/30  PASS  
paper:demmel_S1pe_k16@200                           200     0.000     0.200     0.200   3.48e-15  2.883e-02  6.997e-04  7/30  PASS  
paper:demmel_S1pe_k16@400                           400     0.000     0.100     0.100   2.34e-15  2.271e-01  2.642e-03  3/30  PASS  
paper:wl_element_growth@10                           10     0.100     0.000     0.100   1.76e-16  6.704e-06  4.114e-06 30/30  PASS  
paper:wl_element_growth@100                         100     0.000     0.000     0.000   2.12e-16  2.753e-05  9.192e-06 30/30  PASS  
paper:wl_element_growth@200                         200     0.000     0.000     0.000   2.12e-16  5.015e-05  1.626e-05 30/30  PASS  
paper:wl_element_growth@400                         400     0.000     0.000     0.000   2.12e-16  1.097e-04  2.667e-05 30/30  PASS  
paper:random_zero_e_10pct@10                         10     0.600     0.600     0.600   8.82e-16  3.146e-05  1.093e-05 30/30  PASS  
paper:random_zero_e_10pct@100                       100     0.100     0.100     0.100   1.22e-15  6.273e-04  7.235e-05 30/30  PASS  
paper:random_zero_e_10pct@200                       200     0.100     0.100     0.000   1.52e-15  2.001e-03  1.524e-04 30/30  PASS  
paper:random_zero_e_10pct@400                       400     0.100     0.000     0.000   2.17e-15  7.807e-03  3.064e-04 26/30  PASS  
paper:random_zero_e_50pct@10                         10     0.100     0.100     0.100   1.72e-16  4.641e-06  3.449e-06 30/30  PASS  
paper:random_zero_e_50pct@100                       100     0.000     0.000     0.000   4.33e-16  7.280e-05  1.222e-05 30/30  PASS  
paper:random_zero_e_50pct@200                       200     0.000     0.000     0.000   4.23e-16  2.846e-04  1.619e-05 30/30  PASS  
paper:random_zero_e_50pct@400                       400     0.000     0.000     0.000   4.33e-16  1.490e-03  3.234e-05 30/30  PASS  
paper:bidiag_coupling_failure@10                     10     0.000     0.500     0.700   1.04e-15  2.930e-05  7.785e-06 30/30  PASS  
paper:bidiag_coupling_failure@100                   100     0.000     0.200     0.200   1.97e-15  4.404e-03  1.977e-04 30/30  PASS  
paper:bidiag_coupling_failure@200                   200     0.000     0.200     0.200   2.04e-15  2.734e-02  7.246e-04  8/30  PASS  
paper:bidiag_coupling_failure@400                   400     0.000     0.100     0.100   3.23e-15  2.188e-01  2.772e-03  3/30  PASS  
paper:dhillon_uniform_sqrteps_apart@10               10     3.400     0.600     0.500   7.71e-16  2.485e-05  1.126e-05 30/30  PASS  
paper:dhillon_uniform_sqrteps_apart@100             100     0.400     0.300     0.300   4.92e-15  5.826e-03  2.937e-04 30/30  PASS  
paper:dhillon_uniform_sqrteps_apart@200             200     0.200     0.200     0.300   8.19e-15  3.736e-02  9.969e-04  6/30  PASS  
paper:dhillon_uniform_sqrteps_apart@400             400     0.100     0.200     0.100   1.15e-14  3.043e-01  3.923e-03  3/30  PASS  
paper:dhillon_121_toeplitz@10                        10     0.800     0.600     1.200   8.81e-16  4.060e-05  8.237e-06 30/30  PASS  
paper:dhillon_121_toeplitz@100                      100     0.200     0.200     0.300   2.19e-15  5.103e-03  1.946e-04 30/30  PASS  
paper:dhillon_121_toeplitz@200                      200     0.100     0.200     0.200   4.52e-15  2.955e-02  6.871e-04  7/30  PASS  
paper:dhillon_121_toeplitz@400                      400     0.100     0.100     0.100   3.70e-15  2.408e-01  2.802e-03  3/30  PASS  
paper:glued_wilk201_5x_sqrteps                     1005     0.100     0.100     0.100   9.56e-15  2.549e+00  2.441e-02  1/9   PASS  
paper:stcoll_evdist_type7@10                         10     0.100     0.400     0.400   3.93e-16  3.153e-05  1.035e-05 30/30  PASS  
paper:stcoll_evdist_type7@100                       100     0.000     0.200     0.300   4.19e-15  4.409e-03  2.676e-04 30/30  PASS  
paper:stcoll_evdist_type7@200                       200     0.000     0.200     0.200   3.84e-15  2.533e-02  9.150e-04  8/30  PASS  
paper:stcoll_evdist_type7@400                       400     0.000     0.100     0.100   6.95e-15  1.970e-01  4.022e-03  3/30  PASS  
paper:stcoll_evdist_type8@10                         10     0.900     0.800     0.700   1.11e-15  3.257e-05  1.644e-05 30/30  PASS  
paper:stcoll_evdist_type8@100                       100     0.300     0.600     0.500   4.22e-15  7.205e-03  2.907e-04 28/30  PASS  
paper:stcoll_evdist_type8@200                       200     0.200     0.500     0.500   9.10e-15  4.636e-02  9.679e-04  5/30  PASS  
paper:stcoll_evdist_type8@400                       400     0.100     0.300     0.300   9.33e-15  4.296e-01  4.004e-03  3/30  PASS  
paper:stcoll_evdist_type9@10                         10     2.400     0.900     0.300   4.44e-16  2.155e-05  1.134e-05 30/30  PASS  
paper:stcoll_evdist_type9@100                       100     0.800     1.300     0.200   3.55e-15  3.662e-03  3.218e-04 30/30  PASS  
paper:stcoll_evdist_type9@200                       200     0.700     1.400     0.200   7.77e-15  2.331e-02  1.158e-03  9/30  PASS  
paper:stcoll_evdist_type9@400                       400     0.700     1.500     0.100   1.80e-14  1.993e-01  4.901e-03  3/30  PASS  
paper:skew_wilk21_g1                                 21     0.600     0.700     0.500   1.18e-15  1.692e-04  2.526e-05 30/30  PASS  
paper:skew_wilk21_g1e3                               21     0.400     0.400     0.400   1.27e-15  8.388e-05  3.626e-05 30/30  PASS  
paper:skew_wilk21_g1e6                               21     0.300     0.500     0.300   8.58e-16  6.385e-05  3.866e-05 30/30  PASS  
paper:wilk21_gamma_1e4                               21     0.400     0.500     0.400   2.00e-15  8.172e-05  2.076e-05 30/30  PASS  
paper:wilk21_gamma_1e8                               21     0.200     0.100     0.100   4.71e-16  4.039e-05  1.624e-05 30/30  PASS  
paper:wilk21_gamma_1e14                              21     0.700     0.000     0.000   0.00e+00  6.697e-06  3.331e-06 30/30  PASS  
paper:willems_block_ldl_edge@10                       8     0.100     0.400     0.200   1.57e-16  7.468e-06  5.786e-06 30/30  PASS  
paper:willems_block_ldl_edge@100                    100     0.000     0.000     0.000   1.11e-16  1.615e-04  1.339e-05 30/30  PASS  
paper:willems_block_ldl_edge@200                    200     0.000     0.000     0.000   1.11e-16  4.956e-04  2.374e-05 30/30  PASS  
paper:willems_block_ldl_edge@400                    400     0.000     0.000     0.000   1.11e-16  2.231e-03  4.446e-05 30/30  PASS  
-----------------------------------------------------------------------------------------------------------------------------------------
PASS: 224/224    (217.6s wall)

