==================================================================================================================================
BidiagonalSVD evaluation -- suite=pract  solver=advisor  norms=paper
==================================================================================================================================
Solver:     BidiagonalSVD_TGK / DBDSVDMR3 (advisor)
Source:     python_fortran/BidiagonalSVD_TGK/  (advisor, origin/main 15a946d)
Metric:     Willems-Lang 2012 paper-norm (res=per-triplet 2-norm)
Generator:  generate_pract  (self-contained-fortran-bidiagsvd/test_synth_pract.py:358)
Thresholds: res<=7 n.eps,  ortU/ortV<=5 n.eps
Timeout:    600.0s/matrix
Reference:  DBDSQR (singular values only)  -- min-of-N adaptive bench, cache-flushed (32 MiB scratch)
==================================================================================================================================

Matrix                                                n       res      ortU      ortV   sv_drift     t_eval   t_dbdsqr reps  status  note
-----------------------------------------------------------------------------------------------------------------------------------------

=== Adversarial Matrices (n=10) ===
  exponential_graded                  n=  10  res=389007436580833.375  ortU=   0.270  ortV=   0.300  t=0.0054s  FAIL
  glued_repeated                      n=  10  res=450359962737049.125  ortU=   0.400  ortV=   0.200  t=0.0047s  FAIL
  saw_tooth                           n=  10  res=45035996269201440.000  ortU=   0.296  ortV=   0.300  t=0.0047s  FAIL
  stemr_killer                        n=  10  res=2251799813685249.000  ortU=   0.337  ortV=   0.364  t=0.0048s  FAIL
  huge_condition                      n=  10  res=   0.778  ortU=   0.400  ortV=   0.200  t=0.0047s  PASS
  spike                               n=  10  res=445856363109679.125  ortU=   0.571  ortV=   0.552  t=0.0046s  FAIL
  wilkinson_like                      n=  10  res=375299968947540.812  ortU=   0.728  ortV=   0.801  t=0.0043s  FAIL
  two_clusters                        n=  10  res=450359958233777.625  ortU=   0.728  ortV=   0.801  t=0.0045s  FAIL
  random_uniform                      n=  10  res=450353984798381.312  ortU=   0.150  ortV=   0.150  t=0.0048s  FAIL
  diagonal_only                       n=  10  res=3238133507125264.500  ortU=   0.201  ortV=   0.300  t=0.0048s  FAIL
  constant                            n=  10  res=306933223011874.812  ortU=   0.150  ortV=   0.100  t=0.0050s  FAIL
  all_equal_nontrivial                n=  10  res=450359962737040.562  ortU=   0.728  ortV=   0.801  t=0.0050s  FAIL
  one_big_cluster                     n=  10  res=450359958233336.062  ortU=   0.270  ortV=   0.300  t=0.0048s  FAIL
  arithmetic_progression              n=  10  res=4503599622866889.500  ortU=   0.188  ortV=   0.154  t=0.0048s  FAIL
  many_near_zero                      n=  10  res=450359962737050.188  ortU=   1.207  ortV=   1.204  t=0.0047s  FAIL
  random_dense_clusters               n=  10  res=450043862187727.500  ortU=   0.103  ortV=   0.250  t=0.0048s  FAIL
  constant_d_graded_e                 n=  10  res=449480353434829.500  ortU=   0.200  ortV=   0.200  t=0.0046s  FAIL
  random_clustered_5                  n=  10  res=737907936275224.875  ortU=   0.986  ortV=   0.970  t=0.0046s  FAIL
  alternating_sign                    n=  10  res=900719925474100.000  ortU=   1.186  ortV=   1.095  t=0.0046s  FAIL
  step_function                       n=  10  res=382805968326492.312  ortU=   0.667  ortV=   0.698  t=0.0045s  FAIL
  three_clusters                      n=  10  res=   0.795  ortU=   5.083  ortV=   5.078  t=0.0050s  FAIL
  random_sparse_e                     n=  10  res=242426640663468.219  ortU=   0.103  ortV=   0.250  t=0.0049s  FAIL
  chkbd                               n=  10  res=4503599627370489.500  ortU=   0.200  ortV=   0.200  t=0.0050s  FAIL
  marques_graded                      n=  10  res=450359956026162.688  ortU=   0.300  ortV=   0.194  t=0.0050s  FAIL
  gl_abcon0                           n=  10  res=427841964600197.125  ortU=   0.205  ortV=   0.383  t=0.0052s  FAIL
  gl_abcon1                           n=  10  res=449920158085939.562  ortU=   0.200  ortV=   0.200  t=0.0050s  FAIL
  gl_abcon2                           n=  10  res=270215977642229.906  ortU=   0.250  ortV=   0.200  t=0.0048s  FAIL
  gl_abcon3                           n=  10  res=3602879701896398.500  ortU=   0.667  ortV=   0.698  t=0.0050s  FAIL
  gl_random                           n=  10  res=2170275600155806.000  ortU=   0.000  ortV=   0.000  t=0.0051s  FAIL
  gl_gradp                            n=  10  res=449480353434828.812  ortU=   0.205  ortV=   0.383  t=0.0052s  FAIL
  gl_gradm                            n=  10  res=447978556042974.125  ortU=   0.000  ortV=   0.000  t=0.0049s  FAIL
  gl_wilkp                            n=  10  res=450359962737049.625  ortU=   0.000  ortV=   0.000  t=0.0048s  FAIL
  gl_wilkm                            n=  10  res=400319966877377.438  ortU=   0.150  ortV=   0.102  t=0.0049s  FAIL
  gl_wilkw                            n=  10  res=405323966463344.625  ortU=   0.000  ortV=   0.000  t=0.0051s  FAIL
  gl_wilk2w                           n=  10  res=450359962737049.625  ortU=   0.000  ortV=   0.000  t=0.0051s  FAIL
  gl_clement                          n=  10  res=450359962737049.625  ortU=   0.000  ortV=   0.000  t=0.0048s  FAIL
  gl_gro0                             n=  10  res=447978556042974.125  ortU=   0.000  ortV=   0.000  t=0.0047s  FAIL
  gl_gro1                             n=  10  res=450359962737049.500  ortU=   0.000  ortV=   0.000  t=0.0047s  FAIL
  gl_gro2                             n=  10  res=   0.600  ortU=   0.150  ortV=   0.102  t=0.0051s  PASS
  gl_gro3                             n=  10  res=3381657358929205.500  ortU=   0.250  ortV=   0.300  t=0.0052s  FAIL
  gl_bwilkp                           n=  10  res=450359962737049.625  ortU=   0.000  ortV=   0.000  t=0.0051s  FAIL
  gl_ones                             n=  10  res=450359956026163.062  ortU=   0.190  ortV=   0.150  t=0.0048s  FAIL
  gl_uniform_eps                      n=  10  res=2491502025729145.500  ortU=   0.000  ortV=   0.000  t=0.0053s  FAIL
  gl_uniform_sqrteps                  n=  10  res=17261700424965690490880.000  ortU=   0.200  ortV=   0.250  t=0.0054s  FAIL
  gl_uniform_eps_to_1                 n=  10  res=596605691904920.375  ortU=   0.200  ortV=   0.100  t=0.0054s  FAIL
  gl_geometric_eps_to_1               n=  10  res=450359962737049.500  ortU=   1.473  ortV=   1.489  t=0.0051s  FAIL
  gl_random_spectrum                  n=  10  res=437368168827186.000  ortU=   1.010  ortV=   0.942  t=0.0051s  FAIL
  gl_clustered_at_1                   n=  10  res=450359956026163.875  ortU=   0.829  ortV=   0.777  t=0.0053s  FAIL
  gl_clustered_at_pm1                 n=  10  res=900719925474097.375  ortU=   0.218  ortV=   0.248  t=0.0052s  FAIL
  gl_clustered_at_eps                 n=  10  res=238370141574891988843990351872.000  ortU=   0.190  ortV=   0.150  t=0.0052s  FAIL
  gl_clustered_at_pmeps               n=  10  res=238370141574892657347060039680.000  ortU=   0.218  ortV=   0.248  t=0.0052s  FAIL
  demmel_S1pe                         n=  10  res=400319967623030.625  ortU=   0.150  ortV=   0.200  t=0.0055s  FAIL
  demmel_S1ps                         n=  10  res=450359962737049.625  ortU=   0.000  ortV=   0.000  t=0.0051s  FAIL
  demmel_S2pe                         n=  10  res=200159987166959.125  ortU=   0.150  ortV=   0.200  t=0.0052s  FAIL
  demmel_S2ps                         n=  10  res=2251799806974362.750  ortU=   0.150  ortV=   0.250  t=0.0052s  FAIL
  demmel_W1                           n=  10  res=450359962737050.500  ortU=   1.266  ortV=   1.293  t=0.0052s  FAIL
  demmel_W2                           n=  10  ERROR: mr3gk_run failed (rc=2): At line 34 of file mr3gk_run.f90 (unit = 10, file = '/tmp/_mr3gk_in.bin')
Fortran runtime error: End of file

  demmel_W3                           n=  10  res=450359962737049.562  ortU=   0.200  ortV=   0.300  t=0.0048s  FAIL
  demmel_G1                           n=  10  ERROR: cannot reshape array of size 0 into shape (10,10)
  demmel_G1s                          n=  10  ERROR: cannot reshape array of size 0 into shape (10,10)
  demmel_U1                           n=  10  res=450359962737049570910428506990238605064338249599721014243450912987908593263828798348259725736698630925359001807544521940844704481453099361503400298596807833661997056.000  ortU=   0.225  ortV=   0.233  t=0.0051s  FAIL
  demmel_U1s                          n=  10  res=305243976235308.375  ortU=   0.200  ortV=   0.100  t=0.0053s  FAIL
  wilkinson_exact                     n=  10  res=450337337675455.812  ortU=   0.104  ortV=   0.150  t=0.0049s  FAIL
  glued_wilkinson                     n=  10  res=450341108519054.812  ortU=   0.104  ortV=   0.150  t=0.0053s  FAIL
  glued_wilkinson_tight               n=  10  res=450359962729543.688  ortU=   0.150  ortV=   0.250  t=0.0054s  FAIL
  wl_example48                        n=  10  res=445215575049740.250  ortU=   0.200  ortV=   0.100  t=0.0053s  FAIL
  pd_T0                               n=  10  res=450359962286690.125  ortU=   0.150  ortV=   0.150  t=0.0052s  FAIL
  pd_T1                               n=  10  res=105083991305311.531  ortU=   0.200  ortV=   0.100  t=0.0052s  FAIL
  zero_diagonal                       n=  10  res=450359962737049.812  ortU=   0.150  ortV=   0.150  t=0.0052s  FAIL
  single_element                      n=  10  ERROR: mr3gk_run failed (rc=2): At line 34 of file mr3gk_run.f90 (unit = 10, file = '/tmp/_mr3gk_in.bin')
Fortran runtime error: End of file

  near_overflow                       n=  10  ERROR: cannot reshape array of size 26 into shape (10,10)
  near_underflow                      n=  10  ERROR: unpack requires a buffer of 4 bytes
  mixed_signs                         n=  10  ERROR: mr3gk_run failed (rc=2): At line 34 of file mr3gk_run.f90 (unit = 10, file = '/tmp/_mr3gk_in.bin')
Fortran runtime error: End of file

  checkerboard                        n=  10  res=450314926740776.625  ortU=   1.744  ortV=   1.765  t=0.0040s  FAIL
  exponential_graded_k4               n=  10  ERROR: cannot reshape array of size 26 into shape (10,10)
  exponential_graded_k8               n=  10  res=144184869977999.031  ortU=   0.200  ortV=   0.200  t=0.0154s  FAIL
  exponential_graded_k12              n=  10  res=176624687737076.312  ortU=   0.200  ortV=   0.250  t=0.0047s  FAIL
  stemr_killer_k5                     n=  10  res=204700724626780.219  ortU=   0.200  ortV=   0.250  t=0.0044s  FAIL
  stemr_killer_k10                    n=  10  res=450359962737049.625  ortU=450359962737049.625  ortV=450359962737049.625  t=0.0262s  FAIL
  huge_condition_k5                   n=  10  res=465557791235662.688  ortU=5516909543529622.000  ortV=450359962737049.625  t=0.0090s  FAIL
  huge_condition_k10                  n=  10  res=450359962737049.188  ortU=768783566623698.000  ortV=450359962737049.625  t=0.0128s  FAIL
  demmel_G1_k4                        n=  10  res=450359962737049.688  ortU=956905711077360.375  ortV=450359962737049.625  t=0.0168s  FAIL
  demmel_G1_k8                        n=  10  res=   0.754  ortU=   0.100  ortV=   0.100  t=0.0046s  PASS
  demmel_G1_k12                       n=  10  res=   0.754  ortU=   0.200  ortV=   0.100  t=0.0043s  PASS
  demmel_S1pe_k4                      n=  10  res=13510348522148750.000  ortU=11130196119083444224.000  ortV=450359962737049.625  t=0.0064s  FAIL
  demmel_S1pe_k8                      n=  10  res=450359962737049.625  ortU=4503599627370605.000  ortV=450359962737049.625  t=0.0721s  FAIL
  chkbd_4                             n=   4  res=   1.567  ortU=   0.250  ortV=   0.250  t=0.0046s  PASS
  chkbd_16                            n=  16  res=   0.471  ortU=   0.062  ortV=   0.281  t=0.0050s  PASS
  marques_graded_k4                   n=  10  res=   0.754  ortU=   0.200  ortV=   0.200  t=0.0049s  PASS
  marques_graded_k8                   n=  10  res=450359962737049.625  ortU=975917207668343.625  ortV=450359962737049.625  t=0.0109s  FAIL

=== Adversarial Matrices (n=100) ===
  exponential_graded                  n= 100  SKIPPED
  glued_repeated                      n= 100  SKIPPED
  saw_tooth                           n= 100  SKIPPED
  stemr_killer                        n= 100  SKIPPED
  huge_condition                      n= 100  ERROR: cannot reshape array of size 0 into shape (100,100)
  spike                               n= 100  SKIPPED
  wilkinson_like                      n= 100  SKIPPED
  two_clusters                        n= 100  SKIPPED
  random_uniform                      n= 100  SKIPPED
  diagonal_only                       n= 100  SKIPPED
  constant                            n= 100  SKIPPED
  all_equal_nontrivial                n= 100  SKIPPED
  one_big_cluster                     n= 100  SKIPPED
  arithmetic_progression              n= 100  SKIPPED
  many_near_zero                      n= 100  SKIPPED
  random_dense_clusters               n= 100  SKIPPED
  constant_d_graded_e                 n= 100  SKIPPED
  random_clustered_5                  n= 100  SKIPPED
  alternating_sign                    n= 100  SKIPPED
  step_function                       n= 100  SKIPPED
  three_clusters                      n= 100  ERROR: cannot reshape array of size 0 into shape (100,100)
  random_sparse_e                     n= 100  SKIPPED
  chkbd                               n= 100  SKIPPED
  marques_graded                      n= 100  SKIPPED
  gl_abcon0                           n= 100  SKIPPED
  gl_abcon1                           n= 100  SKIPPED
  gl_abcon2                           n= 100  SKIPPED
  gl_abcon3                           n= 100  SKIPPED
  gl_random                           n= 100  SKIPPED
  gl_gradp                            n= 100  SKIPPED
  gl_gradm                            n= 100  SKIPPED
  gl_wilkp                            n= 100  SKIPPED
  gl_wilkm                            n= 100  SKIPPED
  gl_wilkw                            n= 100  SKIPPED
  gl_wilk2w                           n= 100  SKIPPED
  gl_clement                          n= 100  SKIPPED
  gl_gro0                             n= 100  SKIPPED
  gl_gro1                             n= 100  SKIPPED
  gl_gro2                             n= 100  res=   0.060  ortU=   0.015  ortV=   0.010  t=0.0064s  PASS
  gl_gro3                             n= 100  SKIPPED
  gl_bwilkp                           n= 100  SKIPPED
  gl_ones                             n= 100  SKIPPED
  gl_uniform_eps                      n= 100  SKIPPED
  gl_uniform_sqrteps                  n= 100  SKIPPED
  gl_uniform_eps_to_1                 n= 100  SKIPPED
  gl_geometric_eps_to_1               n= 100  SKIPPED
  gl_random_spectrum                  n= 100  SKIPPED
  gl_clustered_at_1                   n= 100  SKIPPED
  gl_clustered_at_pm1                 n= 100  SKIPPED
  gl_clustered_at_eps                 n= 100  SKIPPED
  gl_clustered_at_pmeps               n= 100  SKIPPED
  demmel_S1pe                         n= 100  SKIPPED
  demmel_S1ps                         n= 100  SKIPPED
  demmel_S2pe                         n= 100  SKIPPED
  demmel_S2ps                         n= 100  SKIPPED
  demmel_W1                           n= 100  SKIPPED
  demmel_W2                           n= 100  SKIPPED
  demmel_W3                           n= 100  SKIPPED
  demmel_G1                           n= 100  SKIPPED
  demmel_G1s                          n= 100  SKIPPED
  demmel_U1                           n= 100  SKIPPED
  demmel_U1s                          n= 100  SKIPPED
  wilkinson_exact                     n= 100  SKIPPED
  glued_wilkinson                     n= 100  SKIPPED
  glued_wilkinson_tight               n= 100  SKIPPED
  wl_example48                        n= 100  SKIPPED
  pd_T0                               n= 100  SKIPPED
  pd_T1                               n= 100  SKIPPED
  zero_diagonal                       n= 100  SKIPPED
  single_element                      n= 100  SKIPPED
  near_overflow                       n= 100  SKIPPED
  near_underflow                      n= 100  SKIPPED
  mixed_signs                         n= 100  SKIPPED
  checkerboard                        n= 100  SKIPPED
  exponential_graded_k4               n= 100  SKIPPED
  exponential_graded_k8               n= 100  SKIPPED
  exponential_graded_k12              n= 100  SKIPPED
  stemr_killer_k5                     n= 100  SKIPPED
  stemr_killer_k10                    n= 100  SKIPPED
  huge_condition_k5                   n= 100  SKIPPED
  huge_condition_k10                  n= 100  SKIPPED
  demmel_G1_k4                        n= 100  SKIPPED
  demmel_G1_k8                        n= 100  ERROR: cannot reshape array of size 0 into shape (100,100)
  demmel_G1_k12                       n= 100  res=36221372644632.023  ortU=   1.193  ortV=   0.734  t=0.0224s  FAIL
  demmel_S1pe_k4                      n= 100  SKIPPED
  demmel_S1pe_k8                      n= 100  SKIPPED
  chkbd_4                             n= 100  ERROR: cannot reshape array of size 1 into shape (4,4)
  chkbd_16                            n=  16  res=281474976710656.000  ortU=846118765313666.750  ortV=281474976710656.000  t=0.0352s  FAIL
  marques_graded_k4                   n= 100  res=   0.082  ortU=   0.333  ortV=   0.307  t=0.0249s  PASS
  marques_graded_k8                   n= 100  SKIPPED

=== Adversarial Matrices (n=200) ===
  exponential_graded                  n= 200  SKIPPED
  glued_repeated                      n= 200  SKIPPED
  saw_tooth                           n= 200  SKIPPED
  stemr_killer                        n= 200  SKIPPED
  huge_condition                      n= 200  SKIPPED
  spike                               n= 200  SKIPPED
  wilkinson_like                      n= 200  SKIPPED
  two_clusters                        n= 200  SKIPPED
  random_uniform                      n= 200  SKIPPED
  diagonal_only                       n= 200  SKIPPED
  constant                            n= 200  SKIPPED
  all_equal_nontrivial                n= 200  SKIPPED
  one_big_cluster                     n= 200  SKIPPED
  arithmetic_progression              n= 200  SKIPPED
  many_near_zero                      n= 200  SKIPPED
  random_dense_clusters               n= 200  SKIPPED
  constant_d_graded_e                 n= 200  SKIPPED
  random_clustered_5                  n= 200  SKIPPED
  alternating_sign                    n= 200  SKIPPED
  step_function                       n= 200  SKIPPED
  three_clusters                      n= 200  SKIPPED
  random_sparse_e                     n= 200  SKIPPED
  chkbd                               n= 200  SKIPPED
  marques_graded                      n= 200  SKIPPED
  gl_abcon0                           n= 200  SKIPPED
  gl_abcon1                           n= 200  SKIPPED
  gl_abcon2                           n= 200  SKIPPED
  gl_abcon3                           n= 200  SKIPPED
  gl_random                           n= 200  SKIPPED
  gl_gradp                            n= 200  SKIPPED
  gl_gradm                            n= 200  SKIPPED
  gl_wilkp                            n= 200  SKIPPED
  gl_wilkm                            n= 200  SKIPPED
  gl_wilkw                            n= 200  SKIPPED
  gl_wilk2w                           n= 200  SKIPPED
  gl_clement                          n= 200  SKIPPED
  gl_gro0                             n= 200  SKIPPED
  gl_gro1                             n= 200  SKIPPED
  gl_gro2                             n= 200  res=   0.030  ortU=   0.007  ortV=   0.005  t=0.0131s  PASS
  gl_gro3                             n= 200  SKIPPED
  gl_bwilkp                           n= 200  SKIPPED
  gl_ones                             n= 200  SKIPPED
  gl_uniform_eps                      n= 200  SKIPPED
  gl_uniform_sqrteps                  n= 200  SKIPPED
  gl_uniform_eps_to_1                 n= 200  SKIPPED
  gl_geometric_eps_to_1               n= 200  SKIPPED
  gl_random_spectrum                  n= 200  SKIPPED
  gl_clustered_at_1                   n= 200  SKIPPED
  gl_clustered_at_pm1                 n= 200  SKIPPED
  gl_clustered_at_eps                 n= 200  SKIPPED
  gl_clustered_at_pmeps               n= 200  SKIPPED
  demmel_S1pe                         n= 200  SKIPPED
  demmel_S1ps                         n= 200  SKIPPED
  demmel_S2pe                         n= 200  SKIPPED
  demmel_S2ps                         n= 200  SKIPPED
  demmel_W1                           n= 200  SKIPPED
  demmel_W2                           n= 200  SKIPPED
  demmel_W3                           n= 200  SKIPPED
  demmel_G1                           n= 200  SKIPPED
  demmel_G1s                          n= 200  SKIPPED
  demmel_U1                           n= 200  SKIPPED
  demmel_U1s                          n= 200  SKIPPED
  wilkinson_exact                     n= 200  SKIPPED
  glued_wilkinson                     n= 200  SKIPPED
  glued_wilkinson_tight               n= 200  SKIPPED
  wl_example48                        n= 200  SKIPPED
  pd_T0                               n= 200  SKIPPED
  pd_T1                               n= 200  SKIPPED
  zero_diagonal                       n= 200  SKIPPED
  single_element                      n= 200  SKIPPED
  near_overflow                       n= 200  SKIPPED
  near_underflow                      n= 200  SKIPPED
  mixed_signs                         n= 200  SKIPPED
  checkerboard                        n= 200  SKIPPED
  exponential_graded_k4               n= 200  SKIPPED
  exponential_graded_k8               n= 200  SKIPPED
  exponential_graded_k12              n= 200  SKIPPED
  stemr_killer_k5                     n= 200  SKIPPED
  stemr_killer_k10                    n= 200  SKIPPED
  huge_condition_k5                   n= 200  SKIPPED
  huge_condition_k10                  n= 200  SKIPPED
  demmel_G1_k4                        n= 200  SKIPPED
  demmel_G1_k8                        n= 200  SKIPPED
  demmel_G1_k12                       n= 200  SKIPPED
  demmel_S1pe_k4                      n= 200  SKIPPED
  demmel_S1pe_k8                      n= 200  SKIPPED
  chkbd_4                             n= 200  SKIPPED
  chkbd_16                            n= 200  SKIPPED
  marques_graded_k4                   n= 200  res=   0.040  ortU=   0.399  ortV=   0.417  t=0.0817s  PASS
  marques_graded_k8                   n= 200  SKIPPED

============================================================
TOTAL: 11/282 passed (3.9%)
STColl_B_03                                           3     0.500     0.600     0.600   0.00e+00  5.537e-06  3.584e-06 30/30  PASS  
STColl_B_05_2                                         5     0.100     0.400     0.400   4.02e-16  4.192e-06  2.666e-06 30/30  PASS  
STColl_B_05_d3eq0                                     5     0.200     0.400     0.400   1.22e-16  7.063e-06  3.000e-06 30/30  PASS  
STColl_B_05_d5eq0                                     5     0.200     0.400     0.400   0.00e+00  9.905e-06  4.631e-06 30/30  PASS  
STColl_B_05_eye                                       5     0.000     0.400     0.400   0.00e+00  4.461e-06  8.950e-07 30/30  PASS  
STColl_B_11_splits_a                                 11     0.200     0.200     0.300   2.62e-16  1.321e-05  6.823e-06 30/30  PASS  
STColl_B_11_splits_b                                 11     0.200     0.400     0.300   4.15e-16  1.239e-05  4.651e-06 30/30  PASS  
STColl_B_12_splits_a                                 12     0.100     0.300     0.300   4.44e-16  1.258e-05  8.073e-06 30/30  PASS  
STColl_B_16                                          16     0.100     0.100     0.100   1.00e+00  1.010e-05  9.043e-06 30/30  PASS  
STColl_B_16_smallsv                                  16     0.100     0.300     0.300   0.00e+00  2.112e-05  6.029e-06 30/30  PASS  
STColl_B_20_graded                                   20     0.200     0.400     0.300   0.00e+00  1.149e-04  1.886e-05 30/30  PASS  
STColl_B_40_graded                                   40     0.100     0.500     0.600   0.00e+00  4.708e-04  5.585e-05 30/30  PASS  
STColl_B_Kimura_429                                 429    11.700  1017.300  1017.100   0.00e+00  5.620e-02  3.362e-03  4/30  FAIL  
STColl_B_bug316_gesdd                                26     0.000     0.100     0.100   1.00e+00  1.209e-05  5.282e-06 30/30  PASS  
STColl_B_bug414                                       4     0.100     0.400     0.200   1.00e+00  5.811e-06  1.731e-06 30/30  PASS  
STColl_B_gg_30_1D-5                                 330     0.000     2.900     2.900   0.00e+00  2.891e-02  1.293e-03  7/30  PASS  
STColl_B_glued_09b                                    9     0.200     2.300     0.500   0.00e+00  2.930e-05  6.408e-06 30/30  PASS  
STColl_B_glued_09c                                    9     0.100     0.200     0.300   0.00e+00  2.751e-05  6.782e-06 30/30  PASS  
STColl_B_glued_09d                                    9     0.100     2.500     0.600   0.00e+00  3.063e-05  7.930e-06 30/30  PASS  
Barlow_4                                              4     0.200     0.500     0.300   0.00e+00  1.014e-05  3.974e-06 30/30  PASS  
Fann04                                              300     0.200     7.100     7.100   0.00e+00  2.823e-02  2.773e-03  8/30  FAIL  
Fann06                                              180     0.000     0.900     0.800   0.00e+00  1.079e-02  9.083e-04 19/30  PASS  
Fann07                                              120     0.000     2.600     2.600   0.00e+00  4.254e-03  4.217e-04 30/30  PASS  
Fann08                                              180     0.000     2.000     2.000   0.00e+00  1.086e-02  9.106e-04 19/30  PASS  
Fann09                                              120     0.100     0.900     1.000   0.00e+00  4.353e-03  4.419e-04 30/30  PASS  
Fann11                                              120     0.100     1.600     1.600   0.00e+00  4.405e-03  4.412e-04 30/30  PASS  
Fournier_100                                        100     0.200    12.200    12.200   0.00e+00  6.855e-04  1.953e-04 30/30  FAIL  
Julien_30                                            30     0.100     1.100     1.100   3.17e-16  3.902e-05  8.796e-06 30/30  PASS  
Lipshitz_3                                         1087     0.100     7.800     7.800   0.00e+00  2.823e-01  2.542e-02  3/8   FAIL  
Lipshitz_4                                         1088     0.100   206.000   206.000   0.00e+00  5.757e-01  8.441e-02  1/3   FAIL  
Moler_200                                           200     0.000     3.400     3.400   0.00e+00  6.809e-03  6.626e-04 30/30  PASS  
Moler_200_flipped                                   200     0.000     3.300     3.300   0.00e+00  6.999e-03  6.662e-04 29/30  PASS  
Orti                                                 10     0.300     0.400     0.400   0.00e+00  2.657e-05  1.066e-05 30/30  PASS  
Parlett_560b                                        560     0.000     0.000     0.000   6.71e-16  2.090e-01  1.620e-04  3/30  PASS  
T_0003c                                               3     0.700     0.300     0.900   0.00e+00  8.123e-06  2.698e-06 30/30  PASS  
T_0007a                                               7     0.100   288.100   288.200   0.00e+00  1.981e-05  6.943e-06 30/30  FAIL  
T_0010                                               10     0.200     3.800     3.800   0.00e+00  1.735e-05  9.048e-06 30/30  PASS  
T_0010_stexrfailure_TGK                              20     0.200    37.100    37.300   0.00e+00  8.678e-05  3.136e-05 30/30  FAIL  
T_0016_smalleig                                      16     0.500    73.000    73.200   0.00e+00  8.066e-05  1.613e-05 30/30  FAIL  
T_0125b                                             125     0.000     9.300     9.300   0.00e+00  2.004e-03  3.651e-04 30/30  FAIL  
T_1000                                             1000     0.000     8.300     8.300   2.01e-16  2.228e-01  1.188e-02  3/17  FAIL  
T_339                                               339     0.100     6.500     6.500   0.00e+00  2.456e-02  1.581e-03  9/30  FAIL  
T_494_bus                                           494     0.000     4.300     4.300   0.00e+00  3.350e-02  5.084e-03  6/30  PASS  
T_685_bus                                           685     0.000     4.100     4.100   0.00e+00  6.660e-02  9.395e-03  3/22  PASS  
T_Alemdar_1                                        6245       inf       inf       inf        nan        nan        nan  0/0   FAIL  TIMEOUT
T_Godunov_073                                        73     0.000     3.100     3.100   7.09e-15  7.711e-05  6.675e-06 30/30  PASS  
T_Godunov_113                                       113     0.000     2.000     2.000   7.09e-15  1.262e-04  9.362e-06 30/30  PASS  
T_Godunov_147                                       147     0.000     1.500     1.500   7.09e-15  2.781e-04  1.043e-05 30/30  PASS  
T_Godunov_169                                       169     0.000     1.300     1.300   7.09e-15  3.382e-04  1.235e-05 30/30  PASS  
T_Godunov_1e-2                                     2500     0.000     5.600     5.600   0.00e+00  9.567e-01  8.406e-02  1/3   FAIL  
T_Godunov_1e-4                                     2500     0.000     9.000     9.000   0.00e+00  9.759e-01  7.842e-02  1/3   FAIL  
T_Godunov_1e-5                                     2500     0.000     6.300     6.300   0.00e+00  1.203e+00  7.730e-02  1/3   FAIL  
T_Godunov_1e-6                                     2500     0.000     7.400     7.400   0.00e+00  1.329e+00  7.616e-02  1/3   FAIL  
T_Godunov_1e-7                                     2500     0.000    13.900    13.900   0.00e+00  1.449e+00  7.751e-02  1/3   FAIL  
T_Laguerre_064b                                      64     0.200     2.400     2.400   0.00e+00  2.436e-04  8.216e-05 30/30  PASS  
T_Laguerre_128a                                     128     0.200     3.800     3.700   0.00e+00  9.899e-04  2.746e-04 30/30  PASS  
T_Laguerre_128b                                     128     0.200     3.300     3.200   0.00e+00  9.965e-04  3.022e-04 30/30  PASS  
T_MathWorks_202                                     202     0.000     2.000     2.000   1.40e-16  4.650e-03  6.518e-04 30/30  PASS  
T_SkewW21gve+3                                     2100     0.700   661.300   660.900   0.00e+00  1.312e+00  4.669e-02  1/5   FAIL  
T_SkewW21gve+6                                     2100     0.000    11.400    11.400   0.00e+00  1.469e+00  4.199e-02  1/5   FAIL  
T_TSC_OPF_300                                      9774       inf       inf       inf        nan        nan        nan  0/0   FAIL  TIMEOUT
T_W21_g_1e+00                                      2100     0.000     5.800     5.800   0.00e+00  7.861e-01  4.767e-02  1/5   FAIL  
T_W21_g_1e+02                                      2100     0.000 72265.300 72265.300   0.00e+00  1.047e+00  4.818e-02  1/5   FAIL  
T_W21_g_1e+04                                      2100     0.000   713.100   713.100   0.00e+00  1.478e+00  4.846e-02  1/5   FAIL  
T_W21_g_1e+06                                      2100     0.000  8783.000  8783.000   0.00e+00  1.560e+00  4.796e-02  1/5   FAIL  
T_W21_g_1e+12                                      2100     0.000 8306929.600 8306929.600   0.00e+00  1.383e+00  2.110e-03  1/30  FAIL  
T_W21_g_1e+14                                      2100     0.000  8580.800  8580.800   0.00e+00  1.305e+00  1.780e-04  1/30  FAIL  
T_W21_g_1e-04                                      2100     0.100    30.600    30.600   0.00e+00  1.004e+00  4.774e-02  1/5   FAIL  
T_W21_g_1e-07                                      2100     0.000     5.900     5.900   0.00e+00  1.154e+00  4.775e-02  1/5   FAIL  
T_W21_g_1e-08                                      2100     0.000     8.400     8.400   0.00e+00  1.205e+00  4.812e-02  1/5   FAIL  
T_W21_g_1e-09                                      2100     0.000     6.100     6.100   0.00e+00  1.268e+00  4.838e-02  1/5   FAIL  
T_W21_g_1e-13                                      2100     0.000    10.300    10.300   0.00e+00  1.286e+00  1.847e-03  1/30  FAIL  
T_W21_g_1e-14                                      2100     0.000    79.800    79.800   0.00e+00  1.334e+00  1.773e-03  1/30  FAIL  
T_bcsstkm01_3                                       144     0.100    13.700    13.700   0.00e+00  6.315e-03  5.198e-04 30/30  FAIL  
T_bcsstkm02_1                                        66     0.100     0.800     0.700   0.00e+00  1.065e-03  1.375e-04 30/30  PASS  
T_bcsstkm03_1                                       112     0.100     1.000     0.900   0.00e+00  3.715e-03  3.336e-04 30/30  PASS  
T_bcsstkm03_2                                       224     0.000     2.800     2.900   0.00e+00  1.494e-02  1.153e-03 14/30  PASS  
T_bcsstkm03_3                                       336     0.100     0.900     0.900   0.00e+00  3.530e-02  2.298e-03  6/30  PASS  
T_bcsstkm04_2                                       264     0.100     2.300     2.300   0.00e+00  1.986e-02  1.677e-03 11/30  PASS  
T_bcsstkm04_3                                       396     0.000     1.800     1.700   0.00e+00  4.807e-02  3.438e-03  5/30  PASS  
T_bcsstkm05_2                                       306     0.100     1.700     1.700   0.00e+00  2.484e-02  1.978e-03  9/30  PASS  
T_bcsstkm07_1                                       420     0.100     3.000     3.000   0.00e+00  4.541e-02  3.465e-03  5/30  PASS  
T_bcsstkm07_3                                      1260     0.000     4.800     4.800   0.00e+00  4.337e-01  2.637e-02  3/8   PASS  
T_bcsstkm09_1                                      1083     0.000     0.500     0.500   0.00e+00  3.549e-01  1.415e-02  3/15  PASS  
T_bcsstkm10_2                                      2172     0.000   151.300   151.300   0.00e+00  1.441e+00  7.151e-02  1/3   FAIL  
T_bcsstkm10_3                                      3258       inf       inf       inf        nan        nan        nan  0/0   FAIL  TIMEOUT
T_bcsstkm10_4                                      4344       inf       inf       inf        nan        nan        nan  0/0   FAIL  TIMEOUT
T_bcsstkm11_3                                      4419       inf       inf       inf        nan        nan        nan  0/0   FAIL  TIMEOUT
T_bcsstkm11_4                                      5892       inf       inf       inf        nan        nan        nan  0/0   FAIL  TIMEOUT
T_bcsstkm12_1                                      1473     0.000    15.000    15.000   0.00e+00  5.162e-01  3.152e-02  1/7   FAIL  
T_bcsstkm12_3                                      4419       inf       inf       inf        nan        nan        nan  0/0   FAIL  TIMEOUT
T_bcsstkm13_3                                      6009       inf       inf       inf        nan        nan        nan  0/0   FAIL  TIMEOUT
T_bug032_4                                           60     0.000     6.400     6.400   3.49e-16  9.123e-05  3.225e-05 30/30  FAIL  
T_bug056                                             75     0.100     6.000     6.000   1.27e-16  5.079e-04  1.432e-04 30/30  FAIL  
T_bug113_38-47                                       10     0.300     1.200     1.700   0.00e+00  3.582e-05  1.079e-05 30/30  PASS  
T_bug113_49-74                                       26     1.000     1.200     1.000   0.00e+00  1.802e-04  9.729e-06 30/30  PASS  
T_bug126_U                                            9     0.300     0.800     0.500   0.00e+00  2.532e-05  6.744e-06 30/30  PASS  
T_bug414                                              8     0.200     0.800     1.000   0.00e+00  1.067e-05  5.913e-06 30/30  PASS  
T_bug999_stemr                                      600     0.000     0.700     0.800   0.00e+00  6.481e-02  1.180e-02  4/17  PASS  
T_c-40                                             9941       inf       inf       inf        nan        nan        nan  0/0   FAIL  TIMEOUT
T_intel_57                                           57     0.000     5.000     5.000   0.00e+00  4.225e-04  8.980e-05 30/30  PASS  
T_matlab_nd_0500                                    500     0.100     5.700     5.700   0.00e+00  3.520e-02  5.083e-03  6/30  FAIL  
T_matlab_nd_0750                                    750     0.100    12.100    12.100   0.00e+00  7.863e-02  1.073e-02  3/19  FAIL  
T_matlab_nd_1250                                   1250     0.000    16.900    16.900   0.00e+00  2.165e-01  2.854e-02  3/7   FAIL  
T_matlab_nd_1500                                   1500     0.000    12.600    12.600   0.00e+00  3.147e-01  4.071e-02  3/5   FAIL  
T_matlab_nd_1750                                   1750     0.000    10.300    10.300   0.00e+00  4.409e-01  5.443e-02  3/4   FAIL  
T_matlab_ud_0250                                    250     0.100     9.100     9.200   0.00e+00  5.673e-03  1.394e-03 30/30  FAIL  
T_matlab_ud_0500                                    500     0.000     3.800     3.800   0.00e+00  3.337e-02  5.063e-03  6/30  PASS  
T_matlab_ud_1000                                   1000     0.000     9.500     9.500   0.00e+00  1.444e-01  1.862e-02  3/11  FAIL  
T_matlab_ud_1250                                   1250     0.100    20.800    20.800   0.00e+00  2.350e-01  2.856e-02  3/7   FAIL  
T_matlab_ud_1750                                   1750     0.100    20.700    20.700   0.00e+00  4.668e-01  5.515e-02  3/4   FAIL  
T_matlab_ud_2000                                   2000     0.100    32.500    32.600   0.00e+00  6.146e-01  7.029e-02  1/3   FAIL  
T_matlab_ud_2250                                   2250     0.000    25.900    25.900   0.00e+00  7.272e-01  8.787e-02  1/3   FAIL  
T_nasa1824                                         1824     0.000    11.100    11.100   0.00e+00  4.546e-01  5.174e-02  3/4   FAIL  
T_nasa1824_1                                       1824     0.000    83.500    83.500   0.00e+00  8.758e-01  5.443e-02  1/4   FAIL  
T_nasa1824_3                                       5472       inf       inf       inf        nan        nan        nan  0/0   FAIL  TIMEOUT
T_nasa2146                                         2146     0.000    10.500    10.500   0.00e+00  7.388e-01  8.414e-02  1/3   FAIL  
T_nasa2910                                         2910       inf       inf       inf        nan        nan        nan  0/0   FAIL  TIMEOUT
T_nasa4704_1                                       4704       inf       inf       inf        nan        nan        nan  0/0   FAIL  TIMEOUT
T_nos6                                              675     0.000     3.100     3.100   0.00e+00  5.489e-02  6.944e-03  4/29  PASS  
T_nos7                                              729     0.000     2.500     2.500   0.00e+00  1.462e-01  8.996e-03  3/23  PASS  
T_plat1919                                         1919     0.100     4.800     4.800   0.00e+00  1.398e+00  6.425e-02  1/4   PASS  
T_sts4098_1                                        4098       inf       inf       inf        nan        nan        nan  0/0   FAIL  TIMEOUT
T_zenios                                           2873       inf       inf       inf        nan        nan        nan  0/0   FAIL  TIMEOUT
Z_297                                               297     0.000     0.400     0.400   0.00e+00  5.264e-03  5.253e-04 30/30  PASS  
Z_297_flipped                                       297     0.000     1.200     1.200   1.94e-16  5.521e-03  5.393e-04 30/30  PASS  
  SKIP plot_eig (tridiag): invalid literal for int() with base 10: 'T_bug414.eig'
sinc41                                               41     0.300     1.300     1.300   0.00e+00  2.729e-04  2.632e-05 30/30  PASS  
-----------------------------------------------------------------------------------------------------------------------------------------
PASS: 64/127    (15898.4s wall)

Failing (63), sorted by max(ortU,ortV) desc:
  T_Alemdar_1                                      n=  6245  res=       inf  ortU=       inf  ortV=       inf  TIMEOUT
  T_TSC_OPF_300                                    n=  9774  res=       inf  ortU=       inf  ortV=       inf  TIMEOUT
  T_bcsstkm10_3                                    n=  3258  res=       inf  ortU=       inf  ortV=       inf  TIMEOUT
  T_bcsstkm10_4                                    n=  4344  res=       inf  ortU=       inf  ortV=       inf  TIMEOUT
  T_bcsstkm11_3                                    n=  4419  res=       inf  ortU=       inf  ortV=       inf  TIMEOUT
  T_bcsstkm11_4                                    n=  5892  res=       inf  ortU=       inf  ortV=       inf  TIMEOUT
  T_bcsstkm12_3                                    n=  4419  res=       inf  ortU=       inf  ortV=       inf  TIMEOUT
  T_bcsstkm13_3                                    n=  6009  res=       inf  ortU=       inf  ortV=       inf  TIMEOUT
  T_c-40                                           n=  9941  res=       inf  ortU=       inf  ortV=       inf  TIMEOUT
  T_nasa1824_3                                     n=  5472  res=       inf  ortU=       inf  ortV=       inf  TIMEOUT
  T_nasa2910                                       n=  2910  res=       inf  ortU=       inf  ortV=       inf  TIMEOUT
  T_nasa4704_1                                     n=  4704  res=       inf  ortU=       inf  ortV=       inf  TIMEOUT
  T_sts4098_1                                      n=  4098  res=       inf  ortU=       inf  ortV=       inf  TIMEOUT
  T_zenios                                         n=  2873  res=       inf  ortU=       inf  ortV=       inf  TIMEOUT
  T_W21_g_1e+12                                    n=  2100  res=     0.000  ortU=8306929.600  ortV=8306929.600    drift=0.00e+00  t_eval=1.38e+00  t_dbdsqr=2.11e-03
  T_W21_g_1e+02                                    n=  2100  res=     0.000  ortU= 72265.300  ortV= 72265.300    drift=0.00e+00  t_eval=1.05e+00  t_dbdsqr=4.82e-02
  T_W21_g_1e+06                                    n=  2100  res=     0.000  ortU=  8783.000  ortV=  8783.000    drift=0.00e+00  t_eval=1.56e+00  t_dbdsqr=4.80e-02
  T_W21_g_1e+14                                    n=  2100  res=     0.000  ortU=  8580.800  ortV=  8580.800    drift=0.00e+00  t_eval=1.30e+00  t_dbdsqr=1.78e-04
  STColl_B_Kimura_429                              n=   429  res=    11.700  ortU=  1017.300  ortV=  1017.100    drift=0.00e+00  t_eval=5.62e-02  t_dbdsqr=3.36e-03
  T_W21_g_1e+04                                    n=  2100  res=     0.000  ortU=   713.100  ortV=   713.100    drift=0.00e+00  t_eval=1.48e+00  t_dbdsqr=4.85e-02
  T_SkewW21gve+3                                   n=  2100  res=     0.700  ortU=   661.300  ortV=   660.900    drift=0.00e+00  t_eval=1.31e+00  t_dbdsqr=4.67e-02
  T_0007a                                          n=     7  res=     0.100  ortU=   288.100  ortV=   288.200    drift=0.00e+00  t_eval=1.98e-05  t_dbdsqr=6.94e-06
  Lipshitz_4                                       n=  1088  res=     0.100  ortU=   206.000  ortV=   206.000    drift=0.00e+00  t_eval=5.76e-01  t_dbdsqr=8.44e-02
  T_bcsstkm10_2                                    n=  2172  res=     0.000  ortU=   151.300  ortV=   151.300    drift=0.00e+00  t_eval=1.44e+00  t_dbdsqr=7.15e-02
  T_nasa1824_1                                     n=  1824  res=     0.000  ortU=    83.500  ortV=    83.500    drift=0.00e+00  t_eval=8.76e-01  t_dbdsqr=5.44e-02
  T_W21_g_1e-14                                    n=  2100  res=     0.000  ortU=    79.800  ortV=    79.800    drift=0.00e+00  t_eval=1.33e+00  t_dbdsqr=1.77e-03
  T_0016_smalleig                                  n=    16  res=     0.500  ortU=    73.000  ortV=    73.200    drift=0.00e+00  t_eval=8.07e-05  t_dbdsqr=1.61e-05
  T_0010_stexrfailure_TGK                          n=    20  res=     0.200  ortU=    37.100  ortV=    37.300    drift=0.00e+00  t_eval=8.68e-05  t_dbdsqr=3.14e-05
  T_matlab_ud_2000                                 n=  2000  res=     0.100  ortU=    32.500  ortV=    32.600    drift=0.00e+00  t_eval=6.15e-01  t_dbdsqr=7.03e-02
  T_W21_g_1e-04                                    n=  2100  res=     0.100  ortU=    30.600  ortV=    30.600    drift=0.00e+00  t_eval=1.00e+00  t_dbdsqr=4.77e-02
  T_matlab_ud_2250                                 n=  2250  res=     0.000  ortU=    25.900  ortV=    25.900    drift=0.00e+00  t_eval=7.27e-01  t_dbdsqr=8.79e-02
  T_matlab_ud_1250                                 n=  1250  res=     0.100  ortU=    20.800  ortV=    20.800    drift=0.00e+00  t_eval=2.35e-01  t_dbdsqr=2.86e-02
  T_matlab_ud_1750                                 n=  1750  res=     0.100  ortU=    20.700  ortV=    20.700    drift=0.00e+00  t_eval=4.67e-01  t_dbdsqr=5.52e-02
  T_matlab_nd_1250                                 n=  1250  res=     0.000  ortU=    16.900  ortV=    16.900    drift=0.00e+00  t_eval=2.16e-01  t_dbdsqr=2.85e-02
  T_bcsstkm12_1                                    n=  1473  res=     0.000  ortU=    15.000  ortV=    15.000    drift=0.00e+00  t_eval=5.16e-01  t_dbdsqr=3.15e-02
  T_Godunov_1e-7                                   n=  2500  res=     0.000  ortU=    13.900  ortV=    13.900    drift=0.00e+00  t_eval=1.45e+00  t_dbdsqr=7.75e-02
  T_bcsstkm01_3                                    n=   144  res=     0.100  ortU=    13.700  ortV=    13.700    drift=0.00e+00  t_eval=6.32e-03  t_dbdsqr=5.20e-04
  T_matlab_nd_1500                                 n=  1500  res=     0.000  ortU=    12.600  ortV=    12.600    drift=0.00e+00  t_eval=3.15e-01  t_dbdsqr=4.07e-02
  Fournier_100                                     n=   100  res=     0.200  ortU=    12.200  ortV=    12.200    drift=0.00e+00  t_eval=6.86e-04  t_dbdsqr=1.95e-04
  T_matlab_nd_0750                                 n=   750  res=     0.100  ortU=    12.100  ortV=    12.100    drift=0.00e+00  t_eval=7.86e-02  t_dbdsqr=1.07e-02
  T_SkewW21gve+6                                   n=  2100  res=     0.000  ortU=    11.400  ortV=    11.400    drift=0.00e+00  t_eval=1.47e+00  t_dbdsqr=4.20e-02
  T_nasa1824                                       n=  1824  res=     0.000  ortU=    11.100  ortV=    11.100    drift=0.00e+00  t_eval=4.55e-01  t_dbdsqr=5.17e-02
  T_nasa2146                                       n=  2146  res=     0.000  ortU=    10.500  ortV=    10.500    drift=0.00e+00  t_eval=7.39e-01  t_dbdsqr=8.41e-02
  T_W21_g_1e-13                                    n=  2100  res=     0.000  ortU=    10.300  ortV=    10.300    drift=0.00e+00  t_eval=1.29e+00  t_dbdsqr=1.85e-03
  T_matlab_nd_1750                                 n=  1750  res=     0.000  ortU=    10.300  ortV=    10.300    drift=0.00e+00  t_eval=4.41e-01  t_dbdsqr=5.44e-02
  T_matlab_ud_1000                                 n=  1000  res=     0.000  ortU=     9.500  ortV=     9.500    drift=0.00e+00  t_eval=1.44e-01  t_dbdsqr=1.86e-02
  T_0125b                                          n=   125  res=     0.000  ortU=     9.300  ortV=     9.300    drift=0.00e+00  t_eval=2.00e-03  t_dbdsqr=3.65e-04
  T_matlab_ud_0250                                 n=   250  res=     0.100  ortU=     9.100  ortV=     9.200    drift=0.00e+00  t_eval=5.67e-03  t_dbdsqr=1.39e-03
  T_Godunov_1e-4                                   n=  2500  res=     0.000  ortU=     9.000  ortV=     9.000    drift=0.00e+00  t_eval=9.76e-01  t_dbdsqr=7.84e-02
  T_W21_g_1e-08                                    n=  2100  res=     0.000  ortU=     8.400  ortV=     8.400    drift=0.00e+00  t_eval=1.21e+00  t_dbdsqr=4.81e-02
  T_1000                                           n=  1000  res=     0.000  ortU=     8.300  ortV=     8.300    drift=2.01e-16  t_eval=2.23e-01  t_dbdsqr=1.19e-02
  Lipshitz_3                                       n=  1087  res=     0.100  ortU=     7.800  ortV=     7.800    drift=0.00e+00  t_eval=2.82e-01  t_dbdsqr=2.54e-02
  T_Godunov_1e-6                                   n=  2500  res=     0.000  ortU=     7.400  ortV=     7.400    drift=0.00e+00  t_eval=1.33e+00  t_dbdsqr=7.62e-02
  Fann04                                           n=   300  res=     0.200  ortU=     7.100  ortV=     7.100    drift=0.00e+00  t_eval=2.82e-02  t_dbdsqr=2.77e-03
  T_339                                            n=   339  res=     0.100  ortU=     6.500  ortV=     6.500    drift=0.00e+00  t_eval=2.46e-02  t_dbdsqr=1.58e-03
  T_bug032_4                                       n=    60  res=     0.000  ortU=     6.400  ortV=     6.400    drift=3.49e-16  t_eval=9.12e-05  t_dbdsqr=3.22e-05
  T_Godunov_1e-5                                   n=  2500  res=     0.000  ortU=     6.300  ortV=     6.300    drift=0.00e+00  t_eval=1.20e+00  t_dbdsqr=7.73e-02
  T_W21_g_1e-09                                    n=  2100  res=     0.000  ortU=     6.100  ortV=     6.100    drift=0.00e+00  t_eval=1.27e+00  t_dbdsqr=4.84e-02
  T_bug056                                         n=    75  res=     0.100  ortU=     6.000  ortV=     6.000    drift=1.27e-16  t_eval=5.08e-04  t_dbdsqr=1.43e-04
  T_W21_g_1e-07                                    n=  2100  res=     0.000  ortU=     5.900  ortV=     5.900    drift=0.00e+00  t_eval=1.15e+00  t_dbdsqr=4.78e-02
  T_W21_g_1e+00                                    n=  2100  res=     0.000  ortU=     5.800  ortV=     5.800    drift=0.00e+00  t_eval=7.86e-01  t_dbdsqr=4.77e-02
  T_matlab_nd_0500                                 n=   500  res=     0.100  ortU=     5.700  ortV=     5.700    drift=0.00e+00  t_eval=3.52e-02  t_dbdsqr=5.08e-03
  T_Godunov_1e-2                                   n=  2500  res=     0.000  ortU=     5.600  ortV=     5.600    drift=0.00e+00  t_eval=9.57e-01  t_dbdsqr=8.41e-02

