==================================================================================================================================
BidiagonalSVD evaluation -- suite=synth  solver=dbdsqr  norms=paper  synth-mode=paper
==================================================================================================================================
Solver:     LAPACK DBDSQR full SVD (reference, n^3)
Source:     BidiagonalSVD_TGK/dev/test_dbdsqr_full.f
Metric:     Willems-Lang 2012 paper-norm (res=per-triplet 2-norm)
Generator:  generate_synth  (self-contained-fortran-bidiagsvd/test_synth_pract.py:268)
Thresholds: res<=7 n.eps,  ortU/ortV<=5 n.eps
Timeout:    600.0s/matrix
Reference:  DBDSQR (singular values only)  -- min-of-N adaptive bench, cache-flushed (32 MiB scratch)
==================================================================================================================================

Matrix                                                n       res      ortU      ortV   sv_drift     t_eval   t_dbdsqr reps  status  note
-----------------------------------------------------------------------------------------------------------------------------------------

=== Adversarial Matrices (n=10) ===
  exponential_graded                  n=  10  ERROR: unpack requires a buffer of 4 bytes
  glued_repeated                      n=  10  res=450359962737049.125  ortU=   0.400  ortV=   0.200  t=0.0042s  FAIL
  saw_tooth                           n=  10  res=400319962874177.625  ortU=   0.270  ortV=   0.300  t=0.0046s  FAIL
  stemr_killer                        n=  10  res=40532396646334.398  ortU=   0.150  ortV=   0.150  t=0.0046s  FAIL
  huge_condition                      n=  10  res=3286597021758958.000  ortU=   0.201  ortV=   0.300  t=0.0046s  FAIL
  spike                               n=  10  res=445856363109679.125  ortU=   0.150  ortV=   0.100  t=0.0044s  FAIL
  wilkinson_like                      n=  10  res=335983917032247.000  ortU=   0.200  ortV=   0.150  t=0.0044s  FAIL
  two_clusters                        n=  10  res=900719925474098.250  ortU=   1.135  ortV=   1.139  t=0.0044s  FAIL
  random_uniform                      n=  10  res=588686532720182.500  ortU=   0.986  ortV=   0.970  t=0.0044s  FAIL
  diagonal_only                       n=  10  res=442847505779299.188  ortU=   5.083  ortV=   5.078  t=0.0044s  FAIL
  constant                            n=  10  res=630174059818383.375  ortU=   0.200  ortV=   0.250  t=0.0048s  FAIL
  all_equal_nontrivial                n=  10  ERROR: mr3gk_run failed (rc=2): At line 34 of file mr3gk_run.f90 (unit = 10, file = '/tmp/_mr3gk_in.bin')
Fortran runtime error: End of file

  one_big_cluster                     n=  10  res=2942516868084799.000  ortU=   0.201  ortV=   0.300  t=0.0042s  FAIL
  arithmetic_progression              n=  10  res=450359958233449.438  ortU=   0.150  ortV=   0.100  t=0.0045s  FAIL
  many_near_zero                      n=  10  res=450359962737376.812  ortU=   0.728  ortV=   0.801  t=0.0044s  FAIL
  random_dense_clusters               n=  10  res=390580576054375.688  ortU=   0.270  ortV=   0.300  t=0.0044s  FAIL
  constant_d_graded_e                 n=  10  res=4053239664633440.000  ortU=   0.188  ortV=   0.154  t=0.0045s  FAIL
  random_clustered_5                  n=  10  res=394100600714010.000  ortU=   1.207  ortV=   1.204  t=0.0049s  FAIL
  alternating_sign                    n=  10  res=765050700001182.500  ortU=   0.103  ortV=   0.250  t=0.0048s  FAIL
  step_function                       n=  10  res=450272001806827.500  ortU=   0.200  ortV=   0.200  t=0.0043s  FAIL
  three_clusters                      n=  10  res=4053239664633453.500  ortU=   0.986  ortV=   0.970  t=0.0045s  FAIL
  random_sparse_e                     n=  10  res=967023417541112.250  ortU=   0.250  ortV=   0.200  t=0.0043s  FAIL
  chkbd                               n=  10  res=7324285922136733.000  ortU=   0.150  ortV=   0.200  t=0.0042s  FAIL
  marques_graded                      n=  10  res=442151244380875.125  ortU=   5.083  ortV=   5.078  t=0.0045s  FAIL
  gl_abcon0                           n=  10  res=335983917032230.688  ortU=   0.150  ortV=   0.200  t=0.0041s  FAIL
  gl_abcon1                           n=  10  res=225179981368525.500  ortU=   0.484  ortV=   0.479  t=0.0044s  FAIL
  gl_abcon2                           n=  10  res=450359962065961.062  ortU=   0.100  ortV=   0.200  t=0.0047s  FAIL
  gl_abcon3                           n=  10  res=405323966463344.688  ortU=   0.300  ortV=   0.194  t=0.0046s  FAIL
  gl_random                           n=  10  res=491326440090360.812  ortU=   0.205  ortV=   0.383  t=0.0045s  FAIL
  gl_gradp                            n=  10  ERROR: unpack requires a buffer of 4 bytes
  gl_gradm                            n=  10  res=   0.753  ortU=   0.200  ortV=   0.150  t=0.0043s  PASS
  gl_wilkp                            n=  10  res=   0.550  ortU=   0.250  ortV=   0.200  t=0.0044s  PASS
  gl_wilkm                            n=  10  ERROR: unpack requires a buffer of 4 bytes
  gl_wilkw                            n=  10  res=   0.960  ortU=   0.664  ortV=   0.696  t=0.0044s  PASS
  gl_wilk2w                           n=  10  res=450359962208307.625  ortU=   0.000  ortV=   0.000  t=0.0045s  FAIL
  gl_clement                          n=  10  res=450359962737049.625  ortU=   0.000  ortV=   0.000  t=0.0044s  FAIL
  gl_gro0                             n=  10  res=450359962737049.500  ortU=   0.000  ortV=   0.000  t=0.0043s  FAIL
  gl_gro1                             n=  10  res=225179981368524.688  ortU=   0.150  ortV=   0.102  t=0.0046s  FAIL
  gl_gro2                             n=  10  res=450359913029529.375  ortU=   0.150  ortV=   0.200  t=0.0048s  FAIL
  gl_gro3                             n=  10  res=2251799810329804.750  ortU=   0.462  ortV=   0.510  t=0.0048s  FAIL
  gl_bwilkp                           n=  10  res=450359962737049.625  ortU=   0.000  ortV=   0.000  t=0.0046s  FAIL
  gl_ones                             n=  10  res=447978556042974.125  ortU=   0.000  ortV=   0.000  t=0.0044s  FAIL
  gl_uniform_eps                      n=  10  res=1158413123580741233601845133312.000  ortU=   0.000  ortV=   0.000  t=0.0045s  FAIL
  gl_uniform_sqrteps                  n=  10  res=17261700683545201082368.000  ortU=   0.150  ortV=   0.102  t=0.0046s  FAIL
  gl_uniform_eps_to_1                 n=  10  res=596605691904920.250  ortU=   0.150  ortV=   0.200  t=0.0049s  FAIL
  gl_geometric_eps_to_1               n=  10  res=2251799813685248.000  ortU=   0.462  ortV=   0.510  t=0.0047s  FAIL
  gl_random_spectrum                  n=  10  res=479074308053376.562  ortU=   0.000  ortV=   0.000  t=0.0046s  FAIL
  gl_clustered_at_1                   n=  10  res=450359962737049.375  ortU=   0.000  ortV=   0.000  t=0.0044s  FAIL
  gl_clustered_at_pm1                 n=  10  res=450359962737048.750  ortU=   0.000  ortV=   0.000  t=0.0044s  FAIL
  gl_clustered_at_eps                 n=  10  res=238370141574892622162687950848.000  ortU=   0.200  ortV=   0.250  t=0.0048s  FAIL
  gl_clustered_at_pmeps               n=  10  res=238370141574892727715804217344.000  ortU=   0.200  ortV=   0.100  t=0.0049s  FAIL
  demmel_S1pe                         n=  10  res=450359962737049.625  ortU=   0.829  ortV=   0.777  t=0.0047s  FAIL
  demmel_S1ps                         n=  10  res=450359962737049.500  ortU=   0.000  ortV=   0.000  t=0.0047s  FAIL
  demmel_S2pe                         n=  10  ERROR: mr3gk_run failed (rc=2): At line 34 of file mr3gk_run.f90 (unit = 10, file = '/tmp/_mr3gk_in.bin')
Fortran runtime error: End of file

  demmel_S2ps                         n=  10  res=450359956026163.062  ortU=   0.190  ortV=   0.150  t=0.0046s  FAIL
  demmel_W1                           n=  10  res=225179981368524.188  ortU=   0.218  ortV=   0.248  t=0.0047s  FAIL
  demmel_W2                           n=  10  ERROR: mr3gk_run failed (rc=2): At line 34 of file mr3gk_run.f90 (unit = 10, file = '/tmp/_mr3gk_in.bin')
Fortran runtime error: End of file

  demmel_W3                           n=  10  res=   0.684  ortU=   0.218  ortV=   0.248  t=0.0047s  PASS
  demmel_G1                           n=  10  res=392111249266855.875  ortU=   0.150  ortV=   0.200  t=0.0047s  FAIL
  demmel_G1s                          n=  10  ERROR: unpack requires a buffer of 4 bytes
  demmel_U1                           n=  10  res=2702159776422294.500  ortU=   0.104  ortV=   0.150  t=0.0048s  FAIL
  demmel_U1s                          n=  10  ERROR: mr3gk_run failed (rc=2): At line 34 of file mr3gk_run.f90 (unit = 10, file = '/tmp/_mr3gk_in.bin')
Fortran runtime error: End of file

  wilkinson_exact                     n=  10  res=382941741816280.875  ortU=   0.273  ortV=   0.224  t=0.0048s  FAIL
  glued_wilkinson                     n=  10  res=375299968947541.438  ortU=   0.190  ortV=   0.150  t=0.0050s  FAIL
  glued_wilkinson_tight               n=  10  res=450359962737049.625  ortU=   0.000  ortV=   0.000  t=0.0049s  FAIL
  wl_example48                        n=  10  ERROR: cannot reshape array of size 0 into shape (10,10)
  pd_T0                               n=  10  ERROR: cannot reshape array of size 0 into shape (10,10)
  pd_T1                               n=  10  ERROR: cannot reshape array of size 0 into shape (10,10)
  zero_diagonal                       n=  10  res=450359962737049570910428506990238605064338249599721014243450912987908593263828798348259725736698630925359001807544521940844704481453099361503400298596807833661997056.000  ortU=   0.225  ortV=   0.233  t=0.0045s  FAIL
  single_element                      n=   1  res=4503599627370496.000  ortU=4503599627370496.000  ortV=4503599627370496.000  t=0.0043s  FAIL
  near_overflow                       n=  10  res=450359962737049.562  ortU=   0.150  ortV=   0.250  t=0.0041s  FAIL
  near_underflow                      n=  10  res=1145979525642620403563948303185191123911646105481939876378417790496481022722322145591304696006731550963633543834606785796192536325283421071642505752815035554589573120.000  ortU=   0.104  ortV=   0.150  t=0.0044s  FAIL
  mixed_signs                         n=  10  res=707060795704161.625  ortU=   0.104  ortV=   0.147  t=0.0047s  FAIL
  checkerboard                        n=  10  res=450359962155386.688  ortU=   0.150  ortV=   0.250  t=0.0045s  FAIL
  exponential_graded_k4               n=  10  res=36875205576061.875  ortU=   0.200  ortV=   0.100  t=0.0046s  FAIL
  exponential_graded_k8               n=  10  res=208994883491375.938  ortU=   0.100  ortV=   0.100  t=0.0046s  FAIL
  exponential_graded_k12              n=  10  res=215477270101303.844  ortU=   0.200  ortV=   0.100  t=0.0045s  FAIL
  stemr_killer_k5                     n=  10  res=140472216875982.375  ortU=   0.150  ortV=   0.250  t=0.0043s  FAIL
  stemr_killer_k10                    n=  10  res=116814982497790.000  ortU=   0.200  ortV=   0.526  t=0.0049s  FAIL
  huge_condition_k5                   n=  10  ERROR: unpack requires a buffer of 4 bytes
  huge_condition_k10                  n=  10  res=103081090115025.516  ortU=   0.200  ortV=   0.100  t=0.0044s  FAIL
  demmel_G1_k4                        n=  10  res=3322325273960109.500  ortU=   0.274  ortV=   0.295  t=0.0048s  FAIL
  demmel_G1_k8                        n=  10  res=58121189904642.125  ortU=   1.744  ortV=   1.765  t=0.0043s  FAIL
  demmel_G1_k12                       n=  10  ERROR: cannot reshape array of size 26 into shape (10,10)
  demmel_S1pe_k4                      n=  10  res=161805942775221.250  ortU=   0.200  ortV=   0.200  t=0.0161s  FAIL
  demmel_S1pe_k8                      n=  10  res=161850974267895.312  ortU=   0.200  ortV=   0.200  t=0.0047s  FAIL
  chkbd_4                             n=   4  res=1125899906842619.625  ortU=1125899906842622.375  ortV=1125899906842624.000  t=0.0046s  FAIL
  chkbd_16                            n=  16  res=281474976710656.000  ortU=467657425706475.500  ortV=281474976710656.000  t=0.0093s  FAIL
  marques_graded_k4                   n=  10  res=450359962737049.625  ortU=4503599627370496.000  ortV=450359962737049.625  t=0.0061s  FAIL
  marques_graded_k8                   n=  10  ERROR: unpack requires a buffer of 4 bytes

=== Adversarial Matrices (n=100) ===
  exponential_graded                  n= 100  SKIPPED
  glued_repeated                      n= 100  SKIPPED
  saw_tooth                           n= 100  SKIPPED
  stemr_killer                        n= 100  SKIPPED
  huge_condition                      n= 100  SKIPPED
  spike                               n= 100  SKIPPED
  wilkinson_like                      n= 100  SKIPPED
  two_clusters                        n= 100  SKIPPED
  random_uniform                      n= 100  SKIPPED
  diagonal_only                       n= 100  SKIPPED
  constant                            n= 100  SKIPPED
  all_equal_nontrivial                n= 100  SKIPPED
  one_big_cluster                     n= 100  SKIPPED
  arithmetic_progression              n= 100  SKIPPED
  many_near_zero                      n= 100  SKIPPED
  random_dense_clusters               n= 100  SKIPPED
  constant_d_graded_e                 n= 100  SKIPPED
  random_clustered_5                  n= 100  SKIPPED
  alternating_sign                    n= 100  SKIPPED
  step_function                       n= 100  SKIPPED
  three_clusters                      n= 100  SKIPPED
  random_sparse_e                     n= 100  SKIPPED
  chkbd                               n= 100  SKIPPED
  marques_graded                      n= 100  SKIPPED
  gl_abcon0                           n= 100  SKIPPED
  gl_abcon1                           n= 100  SKIPPED
  gl_abcon2                           n= 100  SKIPPED
  gl_abcon3                           n= 100  SKIPPED
  gl_random                           n= 100  SKIPPED
  gl_gradp                            n= 100  SKIPPED
  gl_gradm                            n= 100  res=45035996273704.945  ortU=   0.000  ortV=   0.000  t=0.0061s  FAIL
  gl_wilkp                            n= 100  res=45035996273704.961  ortU=   0.060  ortV=   0.064  t=0.0250s  FAIL
  gl_wilkm                            n= 100  SKIPPED
  gl_wilkw                            n= 100  ERROR: mr3gk_run failed (rc=2): At line 34 of file mr3gk_run.f90 (unit = 10, file = '/tmp/_mr3gk_in.bin')
Fortran runtime error: End of file

  gl_wilk2w                           n= 100  SKIPPED
  gl_clement                          n= 100  SKIPPED
  gl_gro0                             n= 100  SKIPPED
  gl_gro1                             n= 100  SKIPPED
  gl_gro2                             n= 100  SKIPPED
  gl_gro3                             n= 100  SKIPPED
  gl_bwilkp                           n= 100  SKIPPED
  gl_ones                             n= 100  SKIPPED
  gl_uniform_eps                      n= 100  SKIPPED
  gl_uniform_sqrteps                  n= 100  SKIPPED
  gl_uniform_eps_to_1                 n= 100  SKIPPED
  gl_geometric_eps_to_1               n= 100  SKIPPED
  gl_random_spectrum                  n= 100  SKIPPED
  gl_clustered_at_1                   n= 100  SKIPPED
  gl_clustered_at_pm1                 n= 100  SKIPPED
  gl_clustered_at_eps                 n= 100  SKIPPED
  gl_clustered_at_pmeps               n= 100  SKIPPED
  demmel_S1pe                         n= 100  SKIPPED
  demmel_S1ps                         n= 100  SKIPPED
  demmel_S2pe                         n= 100  SKIPPED
  demmel_S2ps                         n= 100  SKIPPED
  demmel_W1                           n= 100  SKIPPED
  demmel_W2                           n= 100  SKIPPED
  demmel_W3                           n= 100  res=45035995823345.023  ortU=   0.257  ortV=   0.256  t=0.0271s  FAIL
  demmel_G1                           n= 100  SKIPPED
  demmel_G1s                          n= 100  SKIPPED
  demmel_U1                           n= 100  SKIPPED
  demmel_U1s                          n= 100  SKIPPED
  wilkinson_exact                     n= 100  SKIPPED
  glued_wilkinson                     n= 100  SKIPPED
  glued_wilkinson_tight               n= 100  SKIPPED
  wl_example48                        n= 100  SKIPPED
  pd_T0                               n= 100  SKIPPED
  pd_T1                               n= 100  SKIPPED
  zero_diagonal                       n= 100  SKIPPED
  single_element                      n= 100  SKIPPED
  near_overflow                       n= 100  SKIPPED
  near_underflow                      n= 100  SKIPPED
  mixed_signs                         n= 100  SKIPPED
  checkerboard                        n= 100  SKIPPED
  exponential_graded_k4               n= 100  SKIPPED
  exponential_graded_k8               n= 100  SKIPPED
  exponential_graded_k12              n= 100  SKIPPED
  stemr_killer_k5                     n= 100  SKIPPED
  stemr_killer_k10                    n= 100  SKIPPED
  huge_condition_k5                   n= 100  SKIPPED
  huge_condition_k10                  n= 100  SKIPPED
  demmel_G1_k4                        n= 100  SKIPPED
  demmel_G1_k8                        n= 100  SKIPPED
  demmel_G1_k12                       n= 100  SKIPPED
  demmel_S1pe_k4                      n= 100  SKIPPED
  demmel_S1pe_k8                      n= 100  SKIPPED
  chkbd_4                             n= 100  SKIPPED
  chkbd_16                            n= 100  SKIPPED
  marques_graded_k4                   n= 100  SKIPPED
  marques_graded_k8                   n= 100  SKIPPED

=== Adversarial Matrices (n=200) ===
  exponential_graded                  n= 200  SKIPPED
  glued_repeated                      n= 200  SKIPPED
  saw_tooth                           n= 200  SKIPPED
  stemr_killer                        n= 200  SKIPPED
  huge_condition                      n= 200  SKIPPED
  spike                               n= 200  SKIPPED
  wilkinson_like                      n= 200  SKIPPED
  two_clusters                        n= 200  SKIPPED
  random_uniform                      n= 200  SKIPPED
  diagonal_only                       n= 200  SKIPPED
  constant                            n= 200  SKIPPED
  all_equal_nontrivial                n= 200  SKIPPED
  one_big_cluster                     n= 200  SKIPPED
  arithmetic_progression              n= 200  SKIPPED
  many_near_zero                      n= 200  SKIPPED
  random_dense_clusters               n= 200  SKIPPED
  constant_d_graded_e                 n= 200  SKIPPED
  random_clustered_5                  n= 200  SKIPPED
  alternating_sign                    n= 200  SKIPPED
  step_function                       n= 200  SKIPPED
  three_clusters                      n= 200  SKIPPED
  random_sparse_e                     n= 200  SKIPPED
  chkbd                               n= 200  SKIPPED
  marques_graded                      n= 200  SKIPPED
  gl_abcon0                           n= 200  SKIPPED
  gl_abcon1                           n= 200  SKIPPED
  gl_abcon2                           n= 200  SKIPPED
  gl_abcon3                           n= 200  SKIPPED
  gl_random                           n= 200  SKIPPED
  gl_gradp                            n= 200  SKIPPED
  gl_gradm                            n= 200  SKIPPED
  gl_wilkp                            n= 200  SKIPPED
  gl_wilkm                            n= 200  SKIPPED
  gl_wilkw                            n= 200  SKIPPED
  gl_wilk2w                           n= 200  SKIPPED
  gl_clement                          n= 200  SKIPPED
  gl_gro0                             n= 200  SKIPPED
  gl_gro1                             n= 200  SKIPPED
  gl_gro2                             n= 200  SKIPPED
  gl_gro3                             n= 200  SKIPPED
  gl_bwilkp                           n= 200  SKIPPED
  gl_ones                             n= 200  SKIPPED
  gl_uniform_eps                      n= 200  SKIPPED
  gl_uniform_sqrteps                  n= 200  SKIPPED
  gl_uniform_eps_to_1                 n= 200  SKIPPED
  gl_geometric_eps_to_1               n= 200  SKIPPED
  gl_random_spectrum                  n= 200  SKIPPED
  gl_clustered_at_1                   n= 200  SKIPPED
  gl_clustered_at_pm1                 n= 200  SKIPPED
  gl_clustered_at_eps                 n= 200  SKIPPED
  gl_clustered_at_pmeps               n= 200  SKIPPED
  demmel_S1pe                         n= 200  SKIPPED
  demmel_S1ps                         n= 200  SKIPPED
  demmel_S2pe                         n= 200  SKIPPED
  demmel_S2ps                         n= 200  SKIPPED
  demmel_W1                           n= 200  SKIPPED
  demmel_W2                           n= 200  SKIPPED
  demmel_W3                           n= 200  SKIPPED
  demmel_G1                           n= 200  SKIPPED
  demmel_G1s                          n= 200  SKIPPED
  demmel_U1                           n= 200  SKIPPED
  demmel_U1s                          n= 200  SKIPPED
  wilkinson_exact                     n= 200  SKIPPED
  glued_wilkinson                     n= 200  SKIPPED
  glued_wilkinson_tight               n= 200  SKIPPED
  wl_example48                        n= 200  SKIPPED
  pd_T0                               n= 200  SKIPPED
  pd_T1                               n= 200  SKIPPED
  zero_diagonal                       n= 200  SKIPPED
  single_element                      n= 200  SKIPPED
  near_overflow                       n= 200  SKIPPED
  near_underflow                      n= 200  SKIPPED
  mixed_signs                         n= 200  SKIPPED
  checkerboard                        n= 200  SKIPPED
  exponential_graded_k4               n= 200  SKIPPED
  exponential_graded_k8               n= 200  SKIPPED
  exponential_graded_k12              n= 200  SKIPPED
  stemr_killer_k5                     n= 200  SKIPPED
  stemr_killer_k10                    n= 200  SKIPPED
  huge_condition_k5                   n= 200  SKIPPED
  huge_condition_k10                  n= 200  SKIPPED
  demmel_G1_k4                        n= 200  SKIPPED
  demmel_G1_k8                        n= 200  SKIPPED
  demmel_G1_k12                       n= 200  SKIPPED
  demmel_S1pe_k4                      n= 200  SKIPPED
  demmel_S1pe_k8                      n= 200  SKIPPED
  chkbd_4                             n= 200  SKIPPED
  chkbd_16                            n= 200  SKIPPED
  marques_graded_k4                   n= 200  SKIPPED
  marques_graded_k8                   n= 200  SKIPPED

============================================================
TOTAL: 4/285 passed (1.4%)
ev1_ec1_n10_s1                                       10     0.200     0.000     0.000   2.02e-16  3.179e-06  2.406e-06 30/30  PASS  
ev1_ec1_n18_s2_gs                                    36     0.100     0.000     0.000   2.14e-16  1.345e-05  7.260e-06 30/30  PASS  
ev1_ec1_n26_s3_gm                                    78     0.000     0.000     0.000   9.45e-16  4.370e-05  8.282e-06 30/30  PASS  
ev1_ec1_n35_s1                                       35     0.000     0.000     0.100   2.07e-16  6.569e-06  6.093e-06 30/30  PASS  
ev1_ec1_n43_s2_gs                                    86     0.100     0.000     0.000   7.24e-16  4.252e-05  1.093e-05 30/30  PASS  
ev1_ec1_n51_s3_gm                                   153     0.000     0.000     0.000   2.20e-16  1.451e-04  1.404e-05 30/30  PASS  
ev1_ec1_n60_s1                                       60     0.000     0.000     0.000   2.11e-16  1.248e-05  6.305e-06 30/30  PASS  
ev1_ec1_n68_s2_gs                                   136     0.100     0.000     0.000   2.80e-16  9.269e-05  1.379e-05 30/30  PASS  
ev1_ec1_n76_s3_gm                                   228     0.000     0.000     0.000   4.15e-16  2.835e-04  1.972e-05 30/30  PASS  
ev1_ec1_n85_s1                                       85     0.000     0.000     0.000   1.74e-16  2.432e-05  8.275e-06 30/30  PASS  
ev1_ec1_n93_s2_gs                                   186     0.100     0.000     0.000   5.89e-16  1.963e-04  1.666e-05 30/30  PASS  
ev1_ec4_n2_s3_gm                                      6     3.100     0.900     1.000   6.07e-16  1.107e-05  6.164e-06 30/30  PASS  
ev1_ec4_n11_s1                                       11     0.000     0.100     0.100   1.23e-16  2.879e-06  4.110e-06 30/30  PASS  
ev1_ec4_n19_s2_gs                                    38     0.100     0.000     0.000   2.38e-16  1.277e-05  7.484e-06 30/30  PASS  
ev1_ec4_n27_s3_gm                                    81     0.000     0.000     0.000   2.10e-16  3.790e-05  1.018e-05 30/30  PASS  
ev1_ec4_n36_s1                                       36     0.000     0.000     0.000   1.40e-16  6.698e-06  4.744e-06 30/30  PASS  
ev1_ec4_n44_s2_gs                                    88     0.100     0.000     0.000   7.15e-16  3.735e-05  1.162e-05 30/30  PASS  
ev1_ec4_n52_s3_gm                                   156     0.000     0.000     0.000   3.95e-16  9.953e-05  1.282e-05 30/30  PASS  
ev1_ec4_n61_s1                                       61     0.000     0.000     0.000   0.00e+00  1.251e-05  5.400e-06 30/30  PASS  
ev1_ec4_n69_s2_gs                                   138     0.100     0.000     0.000   4.62e-16  8.265e-05  1.092e-05 30/30  PASS  
ev1_ec4_n77_s3_gm                                   231     0.000     0.000     0.000   4.33e-16  2.406e-04  1.681e-05 30/30  PASS  
ev1_ec4_n86_s1                                       86     0.000     0.000     0.000   0.00e+00  2.033e-05  7.803e-06 30/30  PASS  
ev1_ec4_n94_s2_gs                                   188     0.100     0.000     0.000   3.32e-16  1.202e-04  1.386e-05 30/30  PASS  
ev2_ec1_n3_s3_gm                                      9     0.300     0.100     0.200   2.04e-16  5.857e-06  3.835e-06 30/30  PASS  
ev2_ec1_n12_s1                                       12     0.700     0.000     0.000   1.27e-16  4.211e-06  2.313e-06 30/30  PASS  
ev2_ec1_n20_s2_gs                                    40     0.400     0.000     0.000   2.02e-16  9.125e-06  4.264e-06 30/30  PASS  
ev2_ec1_n28_s3_gm                                    84     0.200     0.000     0.000   4.12e-16  3.598e-05  8.144e-06 30/30  PASS  
ev2_ec1_n37_s1                                       37     0.100     0.100     0.000   2.15e-16  1.290e-05  4.747e-06 30/30  PASS  
ev2_ec1_n45_s2_gs                                    90     0.500     0.000     0.000   2.11e-16  4.357e-05  7.328e-06 30/30  PASS  
ev2_ec1_n53_s3_gm                                   159     0.000     0.000     0.000   6.73e-16  1.144e-04  1.390e-05 30/30  PASS  
ev2_ec1_n62_s1                                       62     0.100     0.000     0.000   2.09e-16  2.217e-05  6.021e-06 30/30  PASS  
ev2_ec1_n70_s2_gs                                   140     0.100     0.000     0.000   6.75e-15  8.622e-05  1.015e-05 30/30  PASS  
ev2_ec1_n78_s3_gm                                   234     0.000     0.000     0.000   5.02e-16  2.810e-04  1.735e-05 30/30  PASS  
ev2_ec1_n87_s1                                       87     0.000     0.000     0.000   2.17e-16  4.108e-05  8.275e-06 30/30  PASS  
ev2_ec1_n95_s2_gs                                   190     0.000     0.000     0.000   1.03e-14  1.608e-04  1.415e-05 30/30  PASS  
ev2_ec4_n4_s3_gm                                     12     0.400     0.100     0.100   1.29e-16  7.301e-06  3.820e-06 30/30  PASS  
ev2_ec4_n13_s1                                       13     2.000     0.100     0.100   2.12e-16  3.624e-06  2.906e-06 30/30  PASS  
ev2_ec4_n21_s2_gs                                    42     1.100     0.000     0.000   2.10e-16  1.172e-05  4.070e-06 30/30  PASS  
ev2_ec4_n29_s3_gm                                    87     0.100     0.000     0.000   2.03e-16  3.620e-05  8.103e-06 30/30  PASS  
ev2_ec4_n38_s1                                       38     0.100     0.100     0.000   2.14e-16  1.266e-05  4.827e-06 30/30  PASS  
ev2_ec4_n46_s2_gs                                    92     0.500     0.000     0.000   2.13e-16  4.077e-05  8.204e-06 30/30  PASS  
ev2_ec4_n54_s3_gm                                   162     0.000     0.000     0.000   3.44e-16  1.210e-04  1.312e-05 30/30  PASS  
ev2_ec4_n63_s1                                       63     0.100     0.000     0.000   4.32e-16  2.380e-05  6.411e-06 30/30  PASS  
ev2_ec4_n71_s2_gs                                   142     0.000     0.000     0.000   7.48e-15  1.109e-04  1.157e-05 30/30  PASS  
ev2_ec4_n79_s3_gm                                   237     0.000     0.000     0.000   2.20e-16  2.593e-04  1.826e-05 30/30  PASS  
ev2_ec4_n88_s1                                       88     0.000     0.000     0.000   2.16e-16  4.462e-05  8.424e-06 30/30  PASS  
ev2_ec4_n96_s2_gs                                   192     0.000     0.000     0.000   9.75e-15  2.001e-04  1.495e-05 30/30  PASS  
ev3_ec1_n5_s3_gm                                     15     0.300     0.700     0.600   7.78e-16  4.881e-05  9.303e-06 30/30  PASS  
ev3_ec1_n14_s1                                       14     0.200     0.500     0.400   8.06e-16  3.903e-05  7.611e-06 30/30  PASS  
ev3_ec1_n22_s2_gs                                    44     0.400     0.300     0.400   5.34e-15  4.081e-04  5.220e-05 30/30  PASS  
ev3_ec1_n30_s3_gm                                    90     0.300     0.200     0.200   2.98e-15  2.135e-03  2.162e-04 30/30  PASS  
ev3_ec1_n39_s1                                       39     0.300     0.300     0.300   2.35e-15  3.033e-04  3.165e-05 30/30  PASS  
ev3_ec1_n47_s2_gs                                    94     0.400     0.200     0.300   4.27e-15  2.631e-03  2.512e-04 30/30  PASS  
ev3_ec1_n55_s3_gm                                   165     0.300     0.100     0.200   3.51e-15  9.924e-03  5.833e-04 21/30  PASS  
ev3_ec1_n64_s1                                       64     0.100     0.300     0.200   1.67e-15  8.936e-04  7.427e-05 30/30  PASS  
ev3_ec1_n72_s2_gs                                   144     0.200     0.200     0.200   5.31e-15  7.839e-03  4.294e-04 26/30  PASS  
ev3_ec1_n80_s3_gm                                   240     0.200     0.200     0.200   6.42e-15  2.970e-02  1.119e-03  7/30  PASS  
ev3_ec1_n89_s1                                       89     0.200     0.200     0.200   4.05e-15  2.052e-03  1.358e-04 30/30  PASS  
ev3_ec1_n97_s2_gs                                   194     0.200     0.200     0.200   5.27e-15  1.978e-02  6.937e-04 11/30  PASS  
ev3_ec4_n6_s3_gm                                     18     0.700     0.300     0.300   3.92e-15  3.951e-05  2.250e-05 30/30  PASS  
ev3_ec4_n15_s1                                       15     0.900     0.200     0.300   3.33e-15  2.923e-05  6.671e-06 30/30  PASS  
ev3_ec4_n23_s2_gs                                    46     0.300     0.200     0.200   1.09e-15  1.839e-04  3.227e-05 30/30  PASS  
ev3_ec4_n31_s3_gm                                    93     0.200     0.100     0.100   1.60e-15  8.569e-04  9.245e-05 30/30  PASS  
ev3_ec4_n40_s1                                       40     0.300     0.300     0.300   1.70e-15  2.070e-04  2.321e-05 30/30  PASS  
ev3_ec4_n48_s2_gs                                    96     0.100     0.100     0.100   6.68e-15  1.003e-03  8.582e-05 30/30  PASS  
ev3_ec4_n56_s3_gm                                   168     0.200     0.100     0.100   1.64e-15  3.776e-03  1.845e-04 30/30  PASS  
ev3_ec4_n65_s1                                       65     0.200     0.200     0.300   2.17e-15  5.848e-04  5.246e-05 30/30  PASS  
ev3_ec4_n73_s2_gs                                   146     0.100     0.100     0.100   3.00e-15  2.815e-03  2.568e-04 30/30  PASS  
ev3_ec4_n81_s3_gm                                   243     0.100     0.100     0.100   2.70e-15  9.719e-03  3.429e-04 21/30  PASS  
ev3_ec4_n90_s1                                       90     0.200     0.300     0.100   2.48e-15  1.400e-03  1.908e-04 30/30  PASS  
ev3_ec4_n98_s2_gs                                   196     0.100     0.100     0.100   3.47e-15  5.741e-03  4.038e-04 30/30  PASS  
ev4_ec1_n7_s3_gm                                     21     0.300     0.400     0.400   7.75e-16  1.123e-04  2.157e-05 30/30  PASS  
ev4_ec1_n16_s1                                       16     2.500     0.600     0.600   9.68e-16  1.109e-04  1.353e-05 30/30  PASS  
ev4_ec1_n24_s2_gs                                    48     0.600     0.400     0.400   2.29e-15  8.025e-04  4.207e-05 30/30  PASS  
ev4_ec1_n32_s3_gm                                    96     0.400     0.200     0.300   3.23e-15  3.358e-03  3.025e-04 30/30  PASS  
ev4_ec1_n41_s1                                       41     0.300     0.400     0.400   1.73e-15  6.598e-04  5.160e-05 30/30  PASS  
ev4_ec1_n49_s2_gs                                    98     0.400     0.200     0.200   3.24e-15  4.216e-03  1.512e-04 30/30  PASS  
ev4_ec1_n57_s3_gm                                   171     0.300     0.200     0.200   6.36e-15  1.952e-02  8.995e-04 11/30  PASS  
ev4_ec1_n66_s1                                       66     0.500     0.400     0.400   3.32e-15  2.372e-03  1.351e-04 30/30  PASS  
ev4_ec1_n74_s2_gs                                   148     0.300     0.200     0.200   6.84e-15  1.504e-02  3.259e-04 14/30  PASS  
ev4_ec1_n82_s3_gm                                   246     0.200     0.100     0.100   5.41e-15  4.258e-02  1.727e-03  5/30  PASS  
ev4_ec1_n91_s1                                       91     0.300     0.300     0.300   3.10e-15  3.983e-03  2.299e-04 30/30  PASS  
ev4_ec1_n99_s2_gs                                   198     0.200     0.200     0.200   4.95e-15  3.077e-02  1.147e-03  7/30  PASS  
ev4_ec4_n8_s3_gm                                     24     0.700     0.400     0.500   1.09e-15  1.463e-04  2.519e-05 30/30  PASS  
ev4_ec4_n17_s1                                       17     2.400     0.800     0.500   1.39e-15  1.294e-04  1.423e-05 30/30  PASS  
ev4_ec4_n25_s2_gs                                    50     0.300     0.200     0.200   1.04e-15  5.410e-04  4.677e-05 30/30  PASS  
ev4_ec4_n33_s3_gm                                    99     0.500     0.300     0.300   2.52e-15  3.824e-03  3.335e-04 30/30  PASS  
ev4_ec4_n42_s1                                       42     0.400     0.400     0.400   2.12e-15  6.813e-04  5.519e-05 30/30  PASS  
ev4_ec4_n50_s2_gs                                   100     0.400     0.300     0.300   6.83e-15  5.434e-03  1.524e-04 30/30  PASS  
ev4_ec4_n58_s3_gm                                   174     0.300     0.200     0.200   3.11e-15  1.450e-02  9.083e-04 14/30  PASS  
ev4_ec4_n67_s1                                       67     0.500     0.500     0.500   3.87e-15  2.679e-03  1.541e-04 30/30  PASS  
ev4_ec4_n75_s2_gs                                   150     0.300     0.200     0.200   3.93e-15  1.411e-02  3.352e-04 15/30  PASS  
ev4_ec4_n83_s3_gm                                   249     0.200     0.100     0.200   6.65e-15  4.433e-02  1.728e-03  5/30  PASS  
ev4_ec4_n92_s1                                       92     0.400     0.300     0.400   4.74e-15  5.736e-03  2.432e-04 30/30  PASS  
ev4_ec4_n100_s2_gs                                  200     0.200     0.200     0.200   4.64e-15  3.118e-02  1.209e-03  7/30  PASS  
ev5_ec1_n9_s3_gm                                     27     1.200     0.300     0.300   1.36e-15  1.693e-04  2.715e-05 30/30  PASS  
ev5_ec1_n18_s1                                       18     0.700     0.500     0.500   1.15e-15  5.821e-05  1.068e-05 30/30  PASS  
ev5_ec1_n26_s2_gs                                    52     0.500     0.200     0.200   1.25e-15  3.719e-04  5.459e-05 30/30  PASS  
ev5_ec1_n34_s3_gm                                   102     0.200     0.200     0.200   3.14e-15  2.734e-03  2.773e-04 30/30  PASS  
ev5_ec1_n43_s1                                       43     0.400     0.300     0.300   2.15e-15  3.633e-04  6.301e-05 30/30  PASS  
ev5_ec1_n51_s2_gs                                   102     0.300     0.200     0.200   2.17e-15  1.966e-03  1.646e-04 30/30  PASS  
ev5_ec1_n59_s3_gm                                   177     0.200     0.200     0.200   1.19e-14  9.819e-03  6.337e-04 21/30  PASS  
ev5_ec1_n68_s1                                       68     0.200     0.200     0.200   2.23e-15  9.143e-04  7.261e-05 30/30  PASS  
ev5_ec1_n76_s2_gs                                   152     0.100     0.200     0.100   3.03e-15  5.223e-03  4.244e-04 30/30  PASS  
ev5_ec1_n84_s3_gm                                   252     0.100     0.100     0.100   6.29e-15  2.419e-02  1.083e-03  9/30  PASS  
ev5_ec1_n93_s1                                       93     0.300     0.200     0.200   2.88e-15  1.969e-03  1.976e-04 30/30  PASS  
ev5_ec4_n2_s2_gs                                      4     0.100     0.000     0.100   0.00e+00  2.265e-06  1.755e-06 30/30  PASS  
ev5_ec4_n10_s3_gm                                    30     0.600     0.200     0.300   9.16e-16  7.134e-05  2.506e-05 30/30  PASS  
ev5_ec4_n19_s1                                       19     0.900     0.600     0.700   1.38e-15  5.229e-05  9.906e-06 30/30  PASS  
ev5_ec4_n27_s2_gs                                    54     0.300     0.100     0.200   2.57e-15  1.969e-04  2.541e-05 30/30  PASS  
ev5_ec4_n35_s3_gm                                   105     0.200     0.100     0.100   1.31e-15  9.692e-04  9.429e-05 30/30  PASS  
ev5_ec4_n44_s1                                       44     0.200     0.200     0.200   1.22e-15  2.195e-04  7.393e-05 30/30  PASS  
ev5_ec4_n52_s2_gs                                   104     0.200     0.100     0.200   4.87e-15  1.053e-03  5.773e-05 30/30  PASS  
ev5_ec4_n60_s3_gm                                   180     0.100     0.100     0.100   2.08e-15  3.782e-03  2.013e-04 30/30  PASS  
ev5_ec4_n69_s1                                       69     0.200     0.200     0.200   1.78e-15  4.629e-04  5.126e-05 30/30  PASS  
ev5_ec4_n77_s2_gs                                   154     0.100     0.100     0.100   5.73e-15  2.713e-03  2.386e-04 30/30  PASS  
ev5_ec4_n85_s3_gm                                   255     0.100     0.100     0.100   2.53e-15  9.923e-03  3.450e-04 20/30  PASS  
ev5_ec4_n94_s1                                       94     0.200     0.200     0.200   2.41e-15  1.038e-03  9.339e-05 30/30  PASS  
ev6_ec1_n3_s2_gs                                      6     1.400     0.400     0.700   3.20e-16  8.964e-06  3.282e-06 30/30  PASS  
ev6_ec1_n11_s3_gm                                    33     1.000     0.400     0.400   9.53e-16  3.091e-04  4.192e-05 30/30  PASS  
ev6_ec1_n20_s1                                       20     0.800     0.600     0.600   1.46e-15  1.526e-04  2.159e-05 30/30  PASS  
ev6_ec1_n28_s2_gs                                    56     0.700     0.300     0.400   2.29e-15  1.341e-03  5.381e-05 30/30  PASS  
ev6_ec1_n36_s3_gm                                   108     0.500     0.200     0.300   2.12e-15  5.018e-03  3.884e-04 30/30  PASS  
ev6_ec1_n45_s1                                       45     0.400     0.400     0.400   1.73e-15  8.326e-04  8.885e-05 30/30  PASS  
ev6_ec1_n53_s2_gs                                   106     0.400     0.200     0.300   3.01e-15  5.812e-03  1.759e-04 30/30  PASS  
ev6_ec1_n61_s3_gm                                   183     0.300     0.200     0.200   5.52e-15  1.939e-02  9.903e-04 11/30  PASS  
ev6_ec1_n70_s1                                       70     0.400     0.300     0.300   2.09e-15  2.221e-03  2.196e-04 30/30  PASS  
ev6_ec1_n78_s2_gs                                   156     0.200     0.200     0.200   3.94e-15  1.635e-02  3.575e-04 13/30  PASS  
ev6_ec1_n86_s3_gm                                   258     0.200     0.200     0.200   6.58e-15  5.896e-02  1.927e-03  4/30  PASS  
ev6_ec1_n95_s1                                       95     0.400     0.300     0.300   2.32e-15  4.449e-03  3.297e-04 30/30  PASS  
ev7_ec1_n4_s2_gs                                      8     0.900     0.000     0.100   2.44e-16  2.125e-06  2.010e-06 30/30  PASS  
ev7_ec1_n12_s3_gm                                    36     0.400     0.000     0.100   9.95e-16  1.401e-05  5.242e-06 30/30  PASS  
ev7_ec1_n21_s1                                       21     0.700     0.100     0.100   3.41e-15  9.494e-06  3.254e-06 30/30  PASS  
ev7_ec1_n29_s2_gs                                    58     0.400     0.000     0.000   4.91e-16  2.679e-05  7.322e-06 30/30  PASS  
ev7_ec1_n37_s3_gm                                   111     0.100     0.100     0.100   1.35e-14  3.554e-04  1.061e-05 30/30  PASS  
ev7_ec1_n46_s1                                       46     0.400     0.200     0.200   1.39e-14  1.062e-04  5.542e-06 30/30  PASS  
ev7_ec1_n54_s2_gs                                   108     0.200     0.100     0.100   6.83e-15  8.054e-04  9.888e-05 30/30  PASS  
ev7_ec1_n62_s3_gm                                   186     0.100     0.100     0.000   7.19e-15  1.713e-03  1.976e-04 30/30  PASS  
ev7_ec1_n71_s1                                       71     0.100     0.200     0.200   4.43e-15  1.026e-03  1.695e-04 30/30  PASS  
ev7_ec1_n79_s2_gs                                   158     0.100     0.100     0.100   8.69e-15  1.781e-03  1.503e-04 30/30  PASS  
ev7_ec1_n87_s3_gm                                   261     0.100     0.100     0.100   3.72e-15  7.171e-03  7.038e-04 28/30  PASS  
ev7_ec1_n96_s1                                       96     0.200     0.100     0.100   3.82e-15  1.165e-03  2.181e-04 30/30  PASS  
ev8_ec1_n5_s2_gs                                     10     0.500     0.200     0.500   7.80e-16  1.549e-05  5.250e-06 30/30  PASS  
ev8_ec1_n13_s3_gm                                    39     0.900     0.600     0.400   1.35e-15  3.742e-04  6.657e-05 30/30  PASS  
ev8_ec1_n22_s1                                       22     1.100     0.600     0.600   1.24e-15  1.782e-04  2.124e-05 30/30  PASS  
ev8_ec1_n30_s2_gs                                    60     0.500     0.300     0.200   1.88e-15  9.143e-04  6.538e-05 30/30  PASS  
ev8_ec1_n38_s3_gm                                   114     0.400     0.200     0.200   4.18e-15  5.683e-03  5.035e-04 30/30  PASS  
ev8_ec1_n47_s1                                       47     0.400     0.500     0.500   3.91e-15  9.334e-04  7.296e-05 30/30  PASS  
ev8_ec1_n55_s2_gs                                   110     0.400     0.200     0.300   4.68e-15  5.692e-03  1.914e-04 30/30  PASS  
ev8_ec1_n63_s3_gm                                   189     0.200     0.200     0.200   5.25e-15  2.343e-02  1.312e-03  9/30  PASS  
ev8_ec1_n72_s1                                       72     0.500     0.300     0.300   1.73e-15  2.534e-03  1.598e-04 30/30  PASS  
ev8_ec1_n80_s2_gs                                   160     0.300     0.200     0.200   5.20e-15  1.759e-02  3.694e-04 12/30  PASS  
ev8_ec1_n88_s3_gm                                   264     0.200     0.200     0.200   7.31e-15  5.588e-02  2.462e-03  4/30  PASS  
ev8_ec1_n97_s1                                       97     0.300     0.300     0.300   2.90e-15  5.351e-03  2.618e-04 30/30  PASS  
ev9_ec1_n6_s2_gs                                     12     3.200     0.600     0.500   2.41e-15  3.274e-05  8.825e-06 30/30  PASS  
ev9_ec1_n14_s3_gm                                    42     0.900     0.300     0.200   1.32e-15  2.398e-04  8.914e-05 30/30  PASS  
ev9_ec1_n23_s1                                       23     2.000     0.500     0.500   1.97e-15  1.639e-04  2.039e-05 30/30  PASS  
ev9_ec1_n31_s2_gs                                    62     0.900     0.400     0.400   5.27e-15  1.329e-03  1.420e-04 30/30  PASS  
ev9_ec1_n39_s3_gm                                   117     0.500     0.200     0.100   4.17e-15  2.534e-03  2.009e-04 30/30  PASS  
ev9_ec1_n48_s1                                       48     1.100     0.300     0.400   2.63e-15  6.800e-04  7.548e-05 30/30  PASS  
ev9_ec1_n56_s2_gs                                   112     0.500     0.200     0.200   5.49e-15  5.113e-03  4.100e-04 30/30  PASS  
ev9_ec1_n64_s3_gm                                   192     0.200     0.100     0.100   3.73e-15  1.089e-02  1.384e-03 19/30  PASS  
ev9_ec1_n73_s1                                       73     0.700     0.200     0.400   3.73e-15  1.832e-03  1.730e-04 30/30  PASS  
ev9_ec1_n81_s2_gs                                   162     0.300     0.200     0.300   5.49e-15  1.381e-02  8.167e-04 15/30  PASS  
ev9_ec1_n89_s3_gm                                   267     0.200     0.200     0.100   4.17e-15  2.525e-02  2.539e-03  8/30  PASS  
ev9_ec1_n98_s1                                       98     0.600     0.300     0.300   5.71e-15  5.117e-03  3.026e-04 30/30  PASS  
tri2_n24_gs                                          48     0.200     0.300     0.300   2.36e-15  7.231e-04  3.755e-05 30/30  PASS  
tri2_n57_gm                                         171     0.300     0.200     0.200   7.97e-15  1.609e-02  7.988e-04 13/30  PASS  
tri2_n91                                             91     0.200     0.300     0.300   3.88e-15  4.090e-03  1.600e-04 30/30  PASS  
tri3_n25_gs                                          50     0.800     0.300     0.300   2.13e-15  5.567e-04  5.303e-05 30/30  PASS  
tri3_n58_gm                                         174     0.200     0.200     0.200   2.75e-15  8.171e-03  3.558e-04 25/30  PASS  
tri3_n92                                             92     0.600     0.400     0.200   4.86e-15  4.285e-03  2.479e-04 30/30  PASS  
tri4_n26_gs                                          52     0.200     0.200     0.300   1.90e-15  7.200e-04  4.316e-05 30/30  PASS  
tri4_n59_gm                                         177     0.200     0.200     0.200   5.49e-15  1.852e-02  8.705e-04 11/30  PASS  
tri4_n93                                             93     0.500     0.300     0.300   4.13e-15  6.241e-03  1.918e-04 30/30  PASS  
tri5_n27_gs                                          54     0.300     0.400     0.300   1.92e-15  8.872e-04  4.703e-05 30/30  PASS  
tri5_n60_gm                                         180     0.300     0.200     0.200   2.11e-15  1.582e-02  8.801e-04 13/30  PASS  
tri5_n94                                             94     0.200     0.300     0.200   2.34e-15  4.267e-03  1.805e-04 30/30  PASS  
tri6_n28_gs                                          56     0.300     0.300     0.300   5.79e-15  8.931e-04  8.310e-05 30/30  PASS  
tri6_n61_gm                                         183     0.200     0.200     0.200   6.65e-15  1.699e-02  9.224e-04 12/30  PASS  
tri6_n95                                             95     0.400     0.300     0.400   2.78e-15  3.905e-03  1.711e-04 30/30  PASS  
tri7_n29_gs                                          58     0.900     0.300     0.400   2.08e-15  1.086e-03  5.084e-05 30/30  PASS  
tri7_n62_gm                                         186     0.200     0.200     0.200   3.97e-15  1.851e-02  9.105e-04 11/30  PASS  
tri7_n96                                             96     0.200     0.200     0.200   1.83e-15  4.291e-03  1.812e-04 30/30  PASS  
-----------------------------------------------------------------------------------------------------------------------------------------
PASS: 18435/18438    (9102.7s wall)

Failing (3), sorted by max(ortU,ortV) desc:
  tri7_n4                                          n=     4  res=    10.000  ortU=     0.900  ortV=     0.500    drift=3.79e-16  t_eval=9.10e-06  t_dbdsqr=3.29e-06
  ev4_ec4_n3_s2                                    n=     3  res=     9.500  ortU=     0.700  ortV=     0.400    drift=4.15e-16  t_eval=7.07e-06  t_dbdsqr=2.67e-06
  ev9_ec1_n3_s0_gs                                 n=     6  res=     7.200  ortU=     0.500  ortV=     0.400    drift=2.19e-16  t_eval=1.28e-05  t_dbdsqr=4.79e-06

